---
version: 2
interactions:
- request:
    body: '{"name":"tf_tests_project_basic","organization_id":"ee7bd9e1-9cbd-4724-b2f4-19e50f3cf38b","description":"a
      description"}'
    form: {}
    headers:
      Content-Type:
      - application/json
      User-Agent:
      - scaleway-sdk-go/v1.0.0-beta.7+dev (go1.20.1; linux; amd64) terraform-provider/develop
        terraform/terraform-tests
    url: https://api.scaleway.com/account/v3/projects
    method: POST
  response:
    body: '{"created_at":"2023-07-19T13:39:31.113571Z","description":"a description","id":"d24b6d35-5f11-46be-b3a8-0e97bd08be17","name":"tf_tests_project_basic","organization_id":"ee7bd9e1-9cbd-4724-b2f4-19e50f3cf38b","updated_at":"2023-07-19T13:39:31.113571Z"}'
    headers:
      Content-Length:
      - "250"
      Content-Security-Policy:
      - default-src 'none'; frame-ancestors 'none'
      Content-Type:
      - application/json
      Date:
      - Wed, 19 Jul 2023 13:39:31 GMT
      Server:
      - Scaleway API-Gateway
      Strict-Transport-Security:
      - max-age=63072000
      X-Content-Type-Options:
      - nosniff
      X-Frame-Options:
      - DENY
      X-Request-Id:
      - c2c045e3-33ca-4bcc-ace0-d871f44fbf5b
    status: 200 OK
    code: 200
- request:
    body: ""
    form: {}
    headers:
      User-Agent:
      - scaleway-sdk-go/v1.0.0-beta.7+dev (go1.20.1; linux; amd64) terraform-provider/develop
        terraform/terraform-tests
    url: https://api.scaleway.com/account/v3/projects/d24b6d35-5f11-46be-b3a8-0e97bd08be17
    method: GET
  response:
    body: '{"created_at":"2023-07-19T13:39:31.113571Z","description":"a description","id":"d24b6d35-5f11-46be-b3a8-0e97bd08be17","name":"tf_tests_project_basic","organization_id":"ee7bd9e1-9cbd-4724-b2f4-19e50f3cf38b","updated_at":"2023-07-19T13:39:31.113571Z"}'
    headers:
      Content-Length:
      - "250"
      Content-Security-Policy:
      - default-src 'none'; frame-ancestors 'none'
      Content-Type:
      - application/json
      Date:
      - Wed, 19 Jul 2023 13:39:31 GMT
      Server:
      - Scaleway API-Gateway
      Strict-Transport-Security:
      - max-age=63072000
      X-Content-Type-Options:
      - nosniff
      X-Frame-Options:
      - DENY
      X-Request-Id:
      - 47e77065-ba13-4789-8f0d-f3f58064c450
    status: 200 OK
    code: 200
- request:
    body: ""
    form: {}
    headers:
      User-Agent:
      - scaleway-sdk-go/v1.0.0-beta.7+dev (go1.20.1; linux; amd64) terraform-provider/develop
        terraform/terraform-tests
    url: https://api.scaleway.com/account/v3/projects/d24b6d35-5f11-46be-b3a8-0e97bd08be17
    method: GET
  response:
    body: '{"created_at":"2023-07-19T13:39:31.113571Z","description":"a description","id":"d24b6d35-5f11-46be-b3a8-0e97bd08be17","name":"tf_tests_project_basic","organization_id":"ee7bd9e1-9cbd-4724-b2f4-19e50f3cf38b","updated_at":"2023-07-19T13:39:31.113571Z"}'
    headers:
      Content-Length:
      - "250"
      Content-Security-Policy:
      - default-src 'none'; frame-ancestors 'none'
      Content-Type:
      - application/json
      Date:
      - Wed, 19 Jul 2023 13:39:32 GMT
      Server:
      - Scaleway API-Gateway
      Strict-Transport-Security:
      - max-age=63072000
      X-Content-Type-Options:
      - nosniff
      X-Frame-Options:
      - DENY
      X-Request-Id:
      - fc50603e-8a55-43f3-b3e4-90f76abdfba6
    status: 200 OK
    code: 200
- request:
    body: ""
    form: {}
    headers:
      User-Agent:
      - scaleway-sdk-go/v1.0.0-beta.7+dev (go1.20.1; linux; amd64) terraform-provider/develop
        terraform/terraform-tests
    url: https://api.scaleway.com/account/v3/projects/d24b6d35-5f11-46be-b3a8-0e97bd08be17
    method: GET
  response:
    body: '{"created_at":"2023-07-19T13:39:31.113571Z","description":"a description","id":"d24b6d35-5f11-46be-b3a8-0e97bd08be17","name":"tf_tests_project_basic","organization_id":"ee7bd9e1-9cbd-4724-b2f4-19e50f3cf38b","updated_at":"2023-07-19T13:39:31.113571Z"}'
    headers:
      Content-Length:
      - "250"
      Content-Security-Policy:
      - default-src 'none'; frame-ancestors 'none'
      Content-Type:
      - application/json
      Date:
      - Wed, 19 Jul 2023 13:39:32 GMT
      Server:
      - Scaleway API-Gateway
      Strict-Transport-Security:
      - max-age=63072000
      X-Content-Type-Options:
      - nosniff
      X-Frame-Options:
      - DENY
      X-Request-Id:
      - ec865323-84e2-4938-9c41-e91248370cdf
    status: 200 OK
    code: 200
- request:
    body: ""
    form: {}
    headers:
      User-Agent:
      - scaleway-sdk-go/v1.0.0-beta.7+dev (go1.20.1; linux; amd64) terraform-provider/develop
        terraform/terraform-tests
    url: https://api.scaleway.com/account/v3/projects/d24b6d35-5f11-46be-b3a8-0e97bd08be17
    method: GET
  response:
    body: '{"created_at":"2023-07-19T13:39:31.113571Z","description":"a description","id":"d24b6d35-5f11-46be-b3a8-0e97bd08be17","name":"tf_tests_project_basic","organization_id":"ee7bd9e1-9cbd-4724-b2f4-19e50f3cf38b","updated_at":"2023-07-19T13:39:31.113571Z"}'
    headers:
      Content-Length:
      - "250"
      Content-Security-Policy:
      - default-src 'none'; frame-ancestors 'none'
      Content-Type:
      - application/json
      Date:
      - Wed, 19 Jul 2023 13:39:32 GMT
      Server:
      - Scaleway API-Gateway
      Strict-Transport-Security:
      - max-age=63072000
      X-Content-Type-Options:
      - nosniff
      X-Frame-Options:
      - DENY
      X-Request-Id:
      - 6bf64467-b4f9-4b0c-8e3e-164fa96edd6c
    status: 200 OK
    code: 200
- request:
    body: '{"name":"tf_tests_project_basic_rename","description":"another description"}'
    form: {}
    headers:
      Content-Type:
      - application/json
      User-Agent:
      - scaleway-sdk-go/v1.0.0-beta.7+dev (go1.20.1; linux; amd64) terraform-provider/develop
        terraform/terraform-tests
    url: https://api.scaleway.com/account/v3/projects/d24b6d35-5f11-46be-b3a8-0e97bd08be17
    method: PATCH
  response:
    body: '{"created_at":"2023-07-19T13:39:31.113571Z","description":"another description","id":"d24b6d35-5f11-46be-b3a8-0e97bd08be17","name":"tf_tests_project_basic_rename","organization_id":"ee7bd9e1-9cbd-4724-b2f4-19e50f3cf38b","updated_at":"2023-07-19T13:39:34.153319Z"}'
    headers:
      Content-Length:
      - "263"
      Content-Security-Policy:
      - default-src 'none'; frame-ancestors 'none'
      Content-Type:
      - application/json
      Date:
      - Wed, 19 Jul 2023 13:39:34 GMT
      Server:
      - Scaleway API-Gateway
      Strict-Transport-Security:
      - max-age=63072000
      X-Content-Type-Options:
      - nosniff
      X-Frame-Options:
      - DENY
      X-Request-Id:
      - 02593e1b-3e7b-4ecf-825d-b2585c55e61d
    status: 200 OK
    code: 200
- request:
    body: ""
    form: {}
    headers:
      User-Agent:
      - scaleway-sdk-go/v1.0.0-beta.7+dev (go1.20.1; linux; amd64) terraform-provider/develop
        terraform/terraform-tests
    url: https://api.scaleway.com/account/v3/projects/d24b6d35-5f11-46be-b3a8-0e97bd08be17
    method: GET
  response:
    body: '{"created_at":"2023-07-19T13:39:31.113571Z","description":"another description","id":"d24b6d35-5f11-46be-b3a8-0e97bd08be17","name":"tf_tests_project_basic_rename","organization_id":"ee7bd9e1-9cbd-4724-b2f4-19e50f3cf38b","updated_at":"2023-07-19T13:39:34.153319Z"}'
    headers:
      Content-Length:
      - "263"
      Content-Security-Policy:
      - default-src 'none'; frame-ancestors 'none'
      Content-Type:
      - application/json
      Date:
      - Wed, 19 Jul 2023 13:39:34 GMT
      Server:
      - Scaleway API-Gateway
      Strict-Transport-Security:
      - max-age=63072000
      X-Content-Type-Options:
      - nosniff
      X-Frame-Options:
      - DENY
      X-Request-Id:
      - 93b06042-3354-4b7e-833d-622b452022ac
    status: 200 OK
    code: 200
- request:
    body: ""
    form: {}
    headers:
      User-Agent:
      - scaleway-sdk-go/v1.0.0-beta.7+dev (go1.20.1; linux; amd64) terraform-provider/develop
        terraform/terraform-tests
    url: https://api.scaleway.com/account/v3/projects/d24b6d35-5f11-46be-b3a8-0e97bd08be17
    method: GET
  response:
    body: '{"created_at":"2023-07-19T13:39:31.113571Z","description":"another description","id":"d24b6d35-5f11-46be-b3a8-0e97bd08be17","name":"tf_tests_project_basic_rename","organization_id":"ee7bd9e1-9cbd-4724-b2f4-19e50f3cf38b","updated_at":"2023-07-19T13:39:34.153319Z"}'
    headers:
      Content-Length:
      - "263"
      Content-Security-Policy:
      - default-src 'none'; frame-ancestors 'none'
      Content-Type:
      - application/json
      Date:
      - Wed, 19 Jul 2023 13:39:34 GMT
      Server:
      - Scaleway API-Gateway
      Strict-Transport-Security:
      - max-age=63072000
      X-Content-Type-Options:
      - nosniff
      X-Frame-Options:
      - DENY
      X-Request-Id:
      - 508e6381-5fba-4f8d-b1ea-8b6afccc09f9
    status: 200 OK
    code: 200
- request:
    body: ""
    form: {}
    headers:
      User-Agent:
      - scaleway-sdk-go/v1.0.0-beta.7+dev (go1.20.1; linux; amd64) terraform-provider/develop
        terraform/terraform-tests
    url: https://api.scaleway.com/account/v3/projects/d24b6d35-5f11-46be-b3a8-0e97bd08be17
    method: GET
  response:
    body: '{"created_at":"2023-07-19T13:39:31.113571Z","description":"another description","id":"d24b6d35-5f11-46be-b3a8-0e97bd08be17","name":"tf_tests_project_basic_rename","organization_id":"ee7bd9e1-9cbd-4724-b2f4-19e50f3cf38b","updated_at":"2023-07-19T13:39:34.153319Z"}'
    headers:
      Content-Length:
      - "263"
      Content-Security-Policy:
      - default-src 'none'; frame-ancestors 'none'
      Content-Type:
      - application/json
      Date:
      - Wed, 19 Jul 2023 13:39:35 GMT
      Server:
      - Scaleway API-Gateway
      Strict-Transport-Security:
      - max-age=63072000
      X-Content-Type-Options:
      - nosniff
      X-Frame-Options:
      - DENY
      X-Request-Id:
      - 0ef8aac6-8e1e-46ed-a248-80998b71e274
    status: 200 OK
    code: 200
- request:
    body: ""
    form: {}
    headers:
      User-Agent:
      - scaleway-sdk-go/v1.0.0-beta.7+dev (go1.20.1; linux; amd64) terraform-provider/develop
        terraform/terraform-tests
    url: https://api.scaleway.com/account/v3/projects/d24b6d35-5f11-46be-b3a8-0e97bd08be17
    method: DELETE
  response:
    body: ""
    headers:
      Content-Security-Policy:
      - default-src 'none'; frame-ancestors 'none'
      Content-Type:
      - application/json
      Date:
      - Wed, 19 Jul 2023 13:39:37 GMT
      Server:
      - Scaleway API-Gateway
      Strict-Transport-Security:
      - max-age=63072000
      X-Content-Type-Options:
      - nosniff
      X-Frame-Options:
      - DENY
      X-Request-Id:
      - a59aebd5-0b57-4a68-b243-c1c7cf71a13c
    status: 204 No Content
    code: 204
- request:
    body: ""
    form: {}
    headers:
      User-Agent:
      - scaleway-sdk-go/v1.0.0-beta.7+dev (go1.20.1; linux; amd64) terraform-provider/develop
        terraform/terraform-tests
    url: https://api.scaleway.com/account/v3/projects/d24b6d35-5f11-46be-b3a8-0e97bd08be17
    method: GET
  response:
    body: '{"message":"resource is not found","resource":"project_id","resource_id":"d24b6d35-5f11-46be-b3a8-0e97bd08be17","type":"not_found"}'
    headers:
      Content-Length:
      - "131"
      Content-Security-Policy:
      - default-src 'none'; frame-ancestors 'none'
      Content-Type:
      - application/json
      Date:
      - Wed, 19 Jul 2023 13:39:37 GMT
      Server:
      - Scaleway API-Gateway
      Strict-Transport-Security:
      - max-age=63072000
      X-Content-Type-Options:
      - nosniff
      X-Frame-Options:
      - DENY
      X-Request-Id:
      - 53cd4e53-4faf-4624-9ad1-abb9dc2ac467
    status: 404 Not Found
    code: 404
