---
version: 2
interactions:
- request:
    body: '{"organization_id":"105bdce1-64c0-48ab-899d-868455867ecf","name":"tf_test_data_source_basic","description":""}'
    form: {}
    headers:
      Content-Type:
      - application/json
      User-Agent:
      - scaleway-sdk-go/v1.0.0-beta.7+dev (go1.20.1; linux; amd64) terraform-provider/develop
        terraform/terraform-tests
    url: https://api.scaleway.com/iam/v1alpha1/groups
    method: POST
  response:
    body: '{"application_ids":[],"created_at":"2023-06-21T12:16:34.595529Z","description":"","id":"00b7e320-a7fc-4fb2-ae96-3aedd66c7f55","name":"tf_test_data_source_basic","organization_id":"105bdce1-64c0-48ab-899d-868455867ecf","updated_at":"2023-06-21T12:16:34.595529Z","user_ids":[]}'
    headers:
      Content-Length:
      - "275"
      Content-Security-Policy:
      - default-src 'none'; frame-ancestors 'none'
      Content-Type:
      - application/json
      Date:
      - Wed, 21 Jun 2023 12:16:34 GMT
      Server:
      - Scaleway API-Gateway
      Strict-Transport-Security:
      - max-age=63072000
      X-Content-Type-Options:
      - nosniff
      X-Frame-Options:
      - DENY
      X-Request-Id:
      - 8e6fb3bb-c2f7-4763-9426-d10b396dcc2c
    status: 200 OK
    code: 200
- request:
    body: ""
    form: {}
    headers:
      User-Agent:
      - scaleway-sdk-go/v1.0.0-beta.7+dev (go1.20.1; linux; amd64) terraform-provider/develop
        terraform/terraform-tests
    url: https://api.scaleway.com/iam/v1alpha1/groups/00b7e320-a7fc-4fb2-ae96-3aedd66c7f55
    method: GET
  response:
    body: '{"application_ids":[],"created_at":"2023-06-21T12:16:34.595529Z","description":"","id":"00b7e320-a7fc-4fb2-ae96-3aedd66c7f55","name":"tf_test_data_source_basic","organization_id":"105bdce1-64c0-48ab-899d-868455867ecf","updated_at":"2023-06-21T12:16:34.595529Z","user_ids":[]}'
    headers:
      Content-Length:
      - "275"
      Content-Security-Policy:
      - default-src 'none'; frame-ancestors 'none'
      Content-Type:
      - application/json
      Date:
      - Wed, 21 Jun 2023 12:16:34 GMT
      Server:
      - Scaleway API-Gateway
      Strict-Transport-Security:
      - max-age=63072000
      X-Content-Type-Options:
      - nosniff
      X-Frame-Options:
      - DENY
      X-Request-Id:
      - 23b62b50-9676-4d1f-af2f-9543ef6ec4f6
    status: 200 OK
    code: 200
- request:
    body: ""
    form: {}
    headers:
      User-Agent:
      - scaleway-sdk-go/v1.0.0-beta.7+dev (go1.20.1; linux; amd64) terraform-provider/develop
        terraform/terraform-tests
    url: https://api.scaleway.com/iam/v1alpha1/groups/00b7e320-a7fc-4fb2-ae96-3aedd66c7f55
    method: GET
  response:
    body: '{"application_ids":[],"created_at":"2023-06-21T12:16:34.595529Z","description":"","id":"00b7e320-a7fc-4fb2-ae96-3aedd66c7f55","name":"tf_test_data_source_basic","organization_id":"105bdce1-64c0-48ab-899d-868455867ecf","updated_at":"2023-06-21T12:16:34.595529Z","user_ids":[]}'
    headers:
      Content-Length:
      - "275"
      Content-Security-Policy:
      - default-src 'none'; frame-ancestors 'none'
      Content-Type:
      - application/json
      Date:
      - Wed, 21 Jun 2023 12:16:34 GMT
      Server:
      - Scaleway API-Gateway
      Strict-Transport-Security:
      - max-age=63072000
      X-Content-Type-Options:
      - nosniff
      X-Frame-Options:
      - DENY
      X-Request-Id:
      - 83700cf5-59d2-4b95-8e15-232b4279561e
    status: 200 OK
    code: 200
- request:
    body: ""
    form: {}
    headers:
      User-Agent:
      - scaleway-sdk-go/v1.0.0-beta.7+dev (go1.20.1; linux; amd64) terraform-provider/develop
        terraform/terraform-tests
    url: https://api.scaleway.com/iam/v1alpha1/groups?name=tf_test_data_source_basic&order_by=created_at_asc&organization_id=105bdce1-64c0-48ab-899d-868455867ecf
    method: GET
  response:
    body: '{"groups":[{"application_ids":[],"created_at":"2023-06-21T12:16:34.595529Z","description":"","id":"00b7e320-a7fc-4fb2-ae96-3aedd66c7f55","name":"tf_test_data_source_basic","organization_id":"105bdce1-64c0-48ab-899d-868455867ecf","updated_at":"2023-06-21T12:16:34.595529Z","user_ids":[]}],"total_count":1}'
    headers:
      Content-Length:
      - "304"
      Content-Security-Policy:
      - default-src 'none'; frame-ancestors 'none'
      Content-Type:
      - application/json
      Date:
      - Wed, 21 Jun 2023 12:16:34 GMT
      Server:
      - Scaleway API-Gateway
      Strict-Transport-Security:
      - max-age=63072000
      X-Content-Type-Options:
      - nosniff
      X-Frame-Options:
      - DENY
      X-Request-Id:
      - b877f6ce-38b7-477f-ad73-13238271992e
    status: 200 OK
    code: 200
- request:
    body: ""
    form: {}
    headers:
      User-Agent:
      - scaleway-sdk-go/v1.0.0-beta.7+dev (go1.20.1; linux; amd64) terraform-provider/develop
        terraform/terraform-tests
    url: https://api.scaleway.com/iam/v1alpha1/groups/00b7e320-a7fc-4fb2-ae96-3aedd66c7f55
    method: GET
  response:
    body: '{"application_ids":[],"created_at":"2023-06-21T12:16:34.595529Z","description":"","id":"00b7e320-a7fc-4fb2-ae96-3aedd66c7f55","name":"tf_test_data_source_basic","organization_id":"105bdce1-64c0-48ab-899d-868455867ecf","updated_at":"2023-06-21T12:16:34.595529Z","user_ids":[]}'
    headers:
      Content-Length:
      - "275"
      Content-Security-Policy:
      - default-src 'none'; frame-ancestors 'none'
      Content-Type:
      - application/json
      Date:
      - Wed, 21 Jun 2023 12:16:34 GMT
      Server:
      - Scaleway API-Gateway
      Strict-Transport-Security:
      - max-age=63072000
      X-Content-Type-Options:
      - nosniff
      X-Frame-Options:
      - DENY
      X-Request-Id:
      - 20074757-0c10-414b-8688-c4178ef6e74a
    status: 200 OK
    code: 200
- request:
    body: ""
    form: {}
    headers:
      User-Agent:
      - scaleway-sdk-go/v1.0.0-beta.7+dev (go1.20.1; linux; amd64) terraform-provider/develop
        terraform/terraform-tests
    url: https://api.scaleway.com/iam/v1alpha1/groups/00b7e320-a7fc-4fb2-ae96-3aedd66c7f55
    method: GET
  response:
    body: '{"application_ids":[],"created_at":"2023-06-21T12:16:34.595529Z","description":"","id":"00b7e320-a7fc-4fb2-ae96-3aedd66c7f55","name":"tf_test_data_source_basic","organization_id":"105bdce1-64c0-48ab-899d-868455867ecf","updated_at":"2023-06-21T12:16:34.595529Z","user_ids":[]}'
    headers:
      Content-Length:
      - "275"
      Content-Security-Policy:
      - default-src 'none'; frame-ancestors 'none'
      Content-Type:
      - application/json
      Date:
      - Wed, 21 Jun 2023 12:16:34 GMT
      Server:
      - Scaleway API-Gateway
      Strict-Transport-Security:
      - max-age=63072000
      X-Content-Type-Options:
      - nosniff
      X-Frame-Options:
      - DENY
      X-Request-Id:
      - 68b60de2-de0a-4432-bd27-7149811741fa
    status: 200 OK
    code: 200
- request:
    body: ""
    form: {}
    headers:
      User-Agent:
      - scaleway-sdk-go/v1.0.0-beta.7+dev (go1.20.1; linux; amd64) terraform-provider/develop
        terraform/terraform-tests
    url: https://api.scaleway.com/iam/v1alpha1/groups/00b7e320-a7fc-4fb2-ae96-3aedd66c7f55
    method: GET
  response:
    body: '{"application_ids":[],"created_at":"2023-06-21T12:16:34.595529Z","description":"","id":"00b7e320-a7fc-4fb2-ae96-3aedd66c7f55","name":"tf_test_data_source_basic","organization_id":"105bdce1-64c0-48ab-899d-868455867ecf","updated_at":"2023-06-21T12:16:34.595529Z","user_ids":[]}'
    headers:
      Content-Length:
      - "275"
      Content-Security-Policy:
      - default-src 'none'; frame-ancestors 'none'
      Content-Type:
      - application/json
      Date:
      - Wed, 21 Jun 2023 12:16:35 GMT
      Server:
      - Scaleway API-Gateway
      Strict-Transport-Security:
      - max-age=63072000
      X-Content-Type-Options:
      - nosniff
      X-Frame-Options:
      - DENY
      X-Request-Id:
      - 61d6fc1e-405e-49d0-99cf-c945176da934
    status: 200 OK
    code: 200
- request:
    body: ""
    form: {}
    headers:
      User-Agent:
      - scaleway-sdk-go/v1.0.0-beta.7+dev (go1.20.1; linux; amd64) terraform-provider/develop
        terraform/terraform-tests
    url: https://api.scaleway.com/iam/v1alpha1/groups?name=tf_test_data_source_basic&order_by=created_at_asc&organization_id=105bdce1-64c0-48ab-899d-868455867ecf
    method: GET
  response:
    body: '{"groups":[{"application_ids":[],"created_at":"2023-06-21T12:16:34.595529Z","description":"","id":"00b7e320-a7fc-4fb2-ae96-3aedd66c7f55","name":"tf_test_data_source_basic","organization_id":"105bdce1-64c0-48ab-899d-868455867ecf","updated_at":"2023-06-21T12:16:34.595529Z","user_ids":[]}],"total_count":1}'
    headers:
      Content-Length:
      - "304"
      Content-Security-Policy:
      - default-src 'none'; frame-ancestors 'none'
      Content-Type:
      - application/json
      Date:
      - Wed, 21 Jun 2023 12:16:35 GMT
      Server:
      - Scaleway API-Gateway
      Strict-Transport-Security:
      - max-age=63072000
      X-Content-Type-Options:
      - nosniff
      X-Frame-Options:
      - DENY
      X-Request-Id:
      - 64d7ac58-eb9c-480c-9928-419062c1fbc2
    status: 200 OK
    code: 200
- request:
    body: ""
    form: {}
    headers:
      User-Agent:
      - scaleway-sdk-go/v1.0.0-beta.7+dev (go1.20.1; linux; amd64) terraform-provider/develop
        terraform/terraform-tests
    url: https://api.scaleway.com/iam/v1alpha1/groups/00b7e320-a7fc-4fb2-ae96-3aedd66c7f55
    method: GET
  response:
    body: '{"application_ids":[],"created_at":"2023-06-21T12:16:34.595529Z","description":"","id":"00b7e320-a7fc-4fb2-ae96-3aedd66c7f55","name":"tf_test_data_source_basic","organization_id":"105bdce1-64c0-48ab-899d-868455867ecf","updated_at":"2023-06-21T12:16:34.595529Z","user_ids":[]}'
    headers:
      Content-Length:
      - "275"
      Content-Security-Policy:
      - default-src 'none'; frame-ancestors 'none'
      Content-Type:
      - application/json
      Date:
      - Wed, 21 Jun 2023 12:16:35 GMT
      Server:
      - Scaleway API-Gateway
      Strict-Transport-Security:
      - max-age=63072000
      X-Content-Type-Options:
      - nosniff
      X-Frame-Options:
      - DENY
      X-Request-Id:
      - 7d6d3cc1-d779-411b-8a46-9b1272a5f379
    status: 200 OK
    code: 200
- request:
    body: ""
    form: {}
    headers:
      User-Agent:
      - scaleway-sdk-go/v1.0.0-beta.7+dev (go1.20.1; linux; amd64) terraform-provider/develop
        terraform/terraform-tests
    url: https://api.scaleway.com/iam/v1alpha1/groups/00b7e320-a7fc-4fb2-ae96-3aedd66c7f55
    method: GET
  response:
    body: '{"application_ids":[],"created_at":"2023-06-21T12:16:34.595529Z","description":"","id":"00b7e320-a7fc-4fb2-ae96-3aedd66c7f55","name":"tf_test_data_source_basic","organization_id":"105bdce1-64c0-48ab-899d-868455867ecf","updated_at":"2023-06-21T12:16:34.595529Z","user_ids":[]}'
    headers:
      Content-Length:
      - "275"
      Content-Security-Policy:
      - default-src 'none'; frame-ancestors 'none'
      Content-Type:
      - application/json
      Date:
      - Wed, 21 Jun 2023 12:16:35 GMT
      Server:
      - Scaleway API-Gateway
      Strict-Transport-Security:
      - max-age=63072000
      X-Content-Type-Options:
      - nosniff
      X-Frame-Options:
      - DENY
      X-Request-Id:
      - e42ebd98-f9be-4912-b39f-3412e59ef0f2
    status: 200 OK
    code: 200
- request:
    body: ""
    form: {}
    headers:
      User-Agent:
      - scaleway-sdk-go/v1.0.0-beta.7+dev (go1.20.1; linux; amd64) terraform-provider/develop
        terraform/terraform-tests
    url: https://api.scaleway.com/iam/v1alpha1/groups/00b7e320-a7fc-4fb2-ae96-3aedd66c7f55
    method: GET
  response:
    body: '{"application_ids":[],"created_at":"2023-06-21T12:16:34.595529Z","description":"","id":"00b7e320-a7fc-4fb2-ae96-3aedd66c7f55","name":"tf_test_data_source_basic","organization_id":"105bdce1-64c0-48ab-899d-868455867ecf","updated_at":"2023-06-21T12:16:34.595529Z","user_ids":[]}'
    headers:
      Content-Length:
      - "275"
      Content-Security-Policy:
      - default-src 'none'; frame-ancestors 'none'
      Content-Type:
      - application/json
      Date:
      - Wed, 21 Jun 2023 12:16:35 GMT
      Server:
      - Scaleway API-Gateway
      Strict-Transport-Security:
      - max-age=63072000
      X-Content-Type-Options:
      - nosniff
      X-Frame-Options:
      - DENY
      X-Request-Id:
      - 20d3eb56-aef4-434d-bdb0-482ceeddad56
    status: 200 OK
    code: 200
- request:
    body: ""
    form: {}
    headers:
      User-Agent:
      - scaleway-sdk-go/v1.0.0-beta.7+dev (go1.20.1; linux; amd64) terraform-provider/develop
        terraform/terraform-tests
    url: https://api.scaleway.com/iam/v1alpha1/groups?name=tf_test_data_source_basic&order_by=created_at_asc&organization_id=105bdce1-64c0-48ab-899d-868455867ecf
    method: GET
  response:
    body: '{"groups":[{"application_ids":[],"created_at":"2023-06-21T12:16:34.595529Z","description":"","id":"00b7e320-a7fc-4fb2-ae96-3aedd66c7f55","name":"tf_test_data_source_basic","organization_id":"105bdce1-64c0-48ab-899d-868455867ecf","updated_at":"2023-06-21T12:16:34.595529Z","user_ids":[]}],"total_count":1}'
    headers:
      Content-Length:
      - "304"
      Content-Security-Policy:
      - default-src 'none'; frame-ancestors 'none'
      Content-Type:
      - application/json
      Date:
      - Wed, 21 Jun 2023 12:16:35 GMT
      Server:
      - Scaleway API-Gateway
      Strict-Transport-Security:
      - max-age=63072000
      X-Content-Type-Options:
      - nosniff
      X-Frame-Options:
      - DENY
      X-Request-Id:
      - 0ba9347f-9471-4723-892f-efb8d89b1945
    status: 200 OK
    code: 200
- request:
    body: ""
    form: {}
    headers:
      User-Agent:
      - scaleway-sdk-go/v1.0.0-beta.7+dev (go1.20.1; linux; amd64) terraform-provider/develop
        terraform/terraform-tests
    url: https://api.scaleway.com/iam/v1alpha1/groups/00b7e320-a7fc-4fb2-ae96-3aedd66c7f55
    method: GET
  response:
    body: '{"application_ids":[],"created_at":"2023-06-21T12:16:34.595529Z","description":"","id":"00b7e320-a7fc-4fb2-ae96-3aedd66c7f55","name":"tf_test_data_source_basic","organization_id":"105bdce1-64c0-48ab-899d-868455867ecf","updated_at":"2023-06-21T12:16:34.595529Z","user_ids":[]}'
    headers:
      Content-Length:
      - "275"
      Content-Security-Policy:
      - default-src 'none'; frame-ancestors 'none'
      Content-Type:
      - application/json
      Date:
      - Wed, 21 Jun 2023 12:16:35 GMT
      Server:
      - Scaleway API-Gateway
      Strict-Transport-Security:
      - max-age=63072000
      X-Content-Type-Options:
      - nosniff
      X-Frame-Options:
      - DENY
      X-Request-Id:
      - f1bf1045-163e-4374-a592-63d400ff62a5
    status: 200 OK
    code: 200
- request:
    body: ""
    form: {}
    headers:
      User-Agent:
      - scaleway-sdk-go/v1.0.0-beta.7+dev (go1.20.1; linux; amd64) terraform-provider/develop
        terraform/terraform-tests
    url: https://api.scaleway.com/iam/v1alpha1/groups?name=tf_test_data_source_basic&order_by=created_at_asc&organization_id=105bdce1-64c0-48ab-899d-868455867ecf
    method: GET
  response:
    body: '{"groups":[{"application_ids":[],"created_at":"2023-06-21T12:16:34.595529Z","description":"","id":"00b7e320-a7fc-4fb2-ae96-3aedd66c7f55","name":"tf_test_data_source_basic","organization_id":"105bdce1-64c0-48ab-899d-868455867ecf","updated_at":"2023-06-21T12:16:34.595529Z","user_ids":[]}],"total_count":1}'
    headers:
      Content-Length:
      - "304"
      Content-Security-Policy:
      - default-src 'none'; frame-ancestors 'none'
      Content-Type:
      - application/json
      Date:
      - Wed, 21 Jun 2023 12:16:35 GMT
      Server:
      - Scaleway API-Gateway
      Strict-Transport-Security:
      - max-age=63072000
      X-Content-Type-Options:
      - nosniff
      X-Frame-Options:
      - DENY
      X-Request-Id:
      - a00ec2d9-dcc4-489d-8030-2584d002c866
    status: 200 OK
    code: 200
- request:
    body: ""
    form: {}
    headers:
      User-Agent:
      - scaleway-sdk-go/v1.0.0-beta.7+dev (go1.20.1; linux; amd64) terraform-provider/develop
        terraform/terraform-tests
    url: https://api.scaleway.com/iam/v1alpha1/groups/00b7e320-a7fc-4fb2-ae96-3aedd66c7f55
    method: GET
  response:
    body: '{"application_ids":[],"created_at":"2023-06-21T12:16:34.595529Z","description":"","id":"00b7e320-a7fc-4fb2-ae96-3aedd66c7f55","name":"tf_test_data_source_basic","organization_id":"105bdce1-64c0-48ab-899d-868455867ecf","updated_at":"2023-06-21T12:16:34.595529Z","user_ids":[]}'
    headers:
      Content-Length:
      - "275"
      Content-Security-Policy:
      - default-src 'none'; frame-ancestors 'none'
      Content-Type:
      - application/json
      Date:
      - Wed, 21 Jun 2023 12:16:35 GMT
      Server:
      - Scaleway API-Gateway
      Strict-Transport-Security:
      - max-age=63072000
      X-Content-Type-Options:
      - nosniff
      X-Frame-Options:
      - DENY
      X-Request-Id:
      - 0479d639-f89f-4e1d-a165-71df4077eb2e
    status: 200 OK
    code: 200
- request:
    body: ""
    form: {}
    headers:
      User-Agent:
      - scaleway-sdk-go/v1.0.0-beta.7+dev (go1.20.1; linux; amd64) terraform-provider/develop
        terraform/terraform-tests
    url: https://api.scaleway.com/iam/v1alpha1/groups/00b7e320-a7fc-4fb2-ae96-3aedd66c7f55
    method: GET
  response:
    body: '{"application_ids":[],"created_at":"2023-06-21T12:16:34.595529Z","description":"","id":"00b7e320-a7fc-4fb2-ae96-3aedd66c7f55","name":"tf_test_data_source_basic","organization_id":"105bdce1-64c0-48ab-899d-868455867ecf","updated_at":"2023-06-21T12:16:34.595529Z","user_ids":[]}'
    headers:
      Content-Length:
      - "275"
      Content-Security-Policy:
      - default-src 'none'; frame-ancestors 'none'
      Content-Type:
      - application/json
      Date:
      - Wed, 21 Jun 2023 12:16:35 GMT
      Server:
      - Scaleway API-Gateway
      Strict-Transport-Security:
      - max-age=63072000
      X-Content-Type-Options:
      - nosniff
      X-Frame-Options:
      - DENY
      X-Request-Id:
      - ccc21d0a-725f-4a98-9f38-4ab53e65132e
    status: 200 OK
    code: 200
- request:
    body: ""
    form: {}
    headers:
      User-Agent:
      - scaleway-sdk-go/v1.0.0-beta.7+dev (go1.20.1; linux; amd64) terraform-provider/develop
        terraform/terraform-tests
    url: https://api.scaleway.com/iam/v1alpha1/groups/00b7e320-a7fc-4fb2-ae96-3aedd66c7f55
    method: DELETE
  response:
    body: ""
    headers:
      Content-Security-Policy:
      - default-src 'none'; frame-ancestors 'none'
      Content-Type:
      - application/json
      Date:
      - Wed, 21 Jun 2023 12:16:36 GMT
      Server:
      - Scaleway API-Gateway
      Strict-Transport-Security:
      - max-age=63072000
      X-Content-Type-Options:
      - nosniff
      X-Frame-Options:
      - DENY
      X-Request-Id:
      - 3ea897dc-8705-40b8-a736-148345b23afc
    status: 204 No Content
    code: 204
- request:
    body: ""
    form: {}
    headers:
      User-Agent:
      - scaleway-sdk-go/v1.0.0-beta.7+dev (go1.20.1; linux; amd64) terraform-provider/develop
        terraform/terraform-tests
    url: https://api.scaleway.com/iam/v1alpha1/groups/00b7e320-a7fc-4fb2-ae96-3aedd66c7f55
    method: GET
  response:
    body: '{"message":"resource is not found","resource":"iam_group","resource_id":"00b7e320-a7fc-4fb2-ae96-3aedd66c7f55","type":"not_found"}'
    headers:
      Content-Length:
      - "130"
      Content-Security-Policy:
      - default-src 'none'; frame-ancestors 'none'
      Content-Type:
      - application/json
      Date:
      - Wed, 21 Jun 2023 12:16:36 GMT
      Server:
      - Scaleway API-Gateway
      Strict-Transport-Security:
      - max-age=63072000
      X-Content-Type-Options:
      - nosniff
      X-Frame-Options:
      - DENY
      X-Request-Id:
      - 975034e6-885c-4b0d-b2ff-e78292d78de6
    status: 404 Not Found
    code: 404
- request:
    body: ""
    form: {}
    headers:
      User-Agent:
      - scaleway-sdk-go/v1.0.0-beta.7+dev (go1.20.1; linux; amd64) terraform-provider/develop
        terraform/terraform-tests
    url: https://api.scaleway.com/iam/v1alpha1/groups/00b7e320-a7fc-4fb2-ae96-3aedd66c7f55
    method: GET
  response:
    body: '{"message":"resource is not found","resource":"iam_group","resource_id":"00b7e320-a7fc-4fb2-ae96-3aedd66c7f55","type":"not_found"}'
    headers:
      Content-Length:
      - "130"
      Content-Security-Policy:
      - default-src 'none'; frame-ancestors 'none'
      Content-Type:
      - application/json
      Date:
      - Wed, 21 Jun 2023 12:16:36 GMT
      Server:
      - Scaleway API-Gateway
      Strict-Transport-Security:
      - max-age=63072000
      X-Content-Type-Options:
      - nosniff
      X-Frame-Options:
      - DENY
      X-Request-Id:
      - 290081d8-0ea4-40da-a13a-2133b8fac7ba
    status: 404 Not Found
    code: 404
- request:
    body: ""
    form: {}
    headers:
      User-Agent:
      - scaleway-sdk-go/v1.0.0-beta.7+dev (go1.20.1; linux; amd64) terraform-provider/develop
        terraform/terraform-tests
    url: https://api.scaleway.com/iam/v1alpha1/groups/00b7e320-a7fc-4fb2-ae96-3aedd66c7f55
    method: GET
  response:
    body: '{"message":"resource is not found","resource":"iam_group","resource_id":"00b7e320-a7fc-4fb2-ae96-3aedd66c7f55","type":"not_found"}'
    headers:
      Content-Length:
      - "130"
      Content-Security-Policy:
      - default-src 'none'; frame-ancestors 'none'
      Content-Type:
      - application/json
      Date:
      - Wed, 21 Jun 2023 12:16:36 GMT
      Server:
      - Scaleway API-Gateway
      Strict-Transport-Security:
      - max-age=63072000
      X-Content-Type-Options:
      - nosniff
      X-Frame-Options:
      - DENY
      X-Request-Id:
      - c7210db5-d4ce-4fb1-b36c-ca014cfbb731
    status: 404 Not Found
    code: 404
