---
version: 2
interactions:
- request:
    body: '{"changes":[{"add":{"records":[{"data":"127.0.0.1","name":"","priority":0,"ttl":3600,"type":"A","comment":null,"id":""}]}}],"return_all_records":false,"disallow_new_zone_creation":false}'
    form: {}
    headers:
      Content-Type:
      - application/json
      User-Agent:
      - scaleway-sdk-go/v1.0.0-beta.7+dev (go1.20.4; linux; amd64) terraform-provider/develop
        terraform/terraform-tests
    url: https://api.scaleway.com/domain/v2beta1/dns-zones/test-basic.scaleway-terraform.com/records
    method: PATCH
  response:
    body: '{"records":[{"comment":null,"data":"127.0.0.1","id":"426811cc-37b1-4cb9-a2b3-a4dcf76a5a4e","name":"","priority":0,"ttl":3600,"type":"A"}]}'
    headers:
      Content-Length:
      - "138"
      Content-Security-Policy:
      - default-src 'none'; frame-ancestors 'none'
      Content-Type:
      - application/json
      Date:
      - Thu, 14 Dec 2023 12:43:16 GMT
      Server:
      - Scaleway API-Gateway
      Strict-Transport-Security:
      - max-age=63072000
      X-Content-Type-Options:
      - nosniff
      X-Frame-Options:
      - DENY
      X-Request-Id:
      - 2431f1c0-41f1-4b28-88d3-30d41f0442e8
    status: 200 OK
    code: 200
- request:
    body: ""
    form: {}
    headers:
      User-Agent:
      - scaleway-sdk-go/v1.0.0-beta.7+dev (go1.20.4; linux; amd64) terraform-provider/develop
        terraform/terraform-tests
    url: https://api.scaleway.com/domain/v2beta1/dns-zones/test-basic.scaleway-terraform.com/records?name=&order_by=name_asc&type=A
    method: GET
  response:
    body: '{"records":[{"comment":null,"data":"127.0.0.1","id":"426811cc-37b1-4cb9-a2b3-a4dcf76a5a4e","name":"","priority":0,"ttl":3600,"type":"A"}],"total_count":1}'
    headers:
      Content-Length:
      - "154"
      Content-Security-Policy:
      - default-src 'none'; frame-ancestors 'none'
      Content-Type:
      - application/json
      Date:
      - Thu, 14 Dec 2023 12:43:16 GMT
      Server:
      - Scaleway API-Gateway
      Strict-Transport-Security:
      - max-age=63072000
      X-Content-Type-Options:
      - nosniff
      X-Frame-Options:
      - DENY
      X-Request-Id:
      - 755cbc99-4416-49f8-b40f-e1faee747149
    status: 200 OK
    code: 200
- request:
    body: ""
    form: {}
    headers:
      User-Agent:
      - scaleway-sdk-go/v1.0.0-beta.7+dev (go1.20.4; linux; amd64) terraform-provider/develop
        terraform/terraform-tests
    url: https://api.scaleway.com/domain/v2beta1/dns-zones/test-basic.scaleway-terraform.com/records?name=&order_by=name_asc&page=1&type=A
    method: GET
  response:
    body: '{"records":[{"comment":null,"data":"127.0.0.1","id":"426811cc-37b1-4cb9-a2b3-a4dcf76a5a4e","name":"","priority":0,"ttl":3600,"type":"A"}],"total_count":1}'
    headers:
      Content-Length:
      - "154"
      Content-Security-Policy:
      - default-src 'none'; frame-ancestors 'none'
      Content-Type:
      - application/json
      Date:
      - Thu, 14 Dec 2023 12:43:16 GMT
      Server:
      - Scaleway API-Gateway
      Strict-Transport-Security:
      - max-age=63072000
      X-Content-Type-Options:
      - nosniff
      X-Frame-Options:
      - DENY
      X-Request-Id:
      - 09e32c82-a233-491f-98b5-0d552206408e
    status: 200 OK
    code: 200
- request:
    body: ""
    form: {}
    headers:
      User-Agent:
      - scaleway-sdk-go/v1.0.0-beta.7+dev (go1.20.4; linux; amd64) terraform-provider/develop
        terraform/terraform-tests
    url: https://api.scaleway.com/domain/v2beta1/dns-zones/test-basic.scaleway-terraform.com/records?id=426811cc-37b1-4cb9-a2b3-a4dcf76a5a4e&name=&order_by=name_asc&page=1&type=unknown
    method: GET
  response:
    body: '{"records":[{"comment":null,"data":"127.0.0.1","id":"426811cc-37b1-4cb9-a2b3-a4dcf76a5a4e","name":"","priority":0,"ttl":3600,"type":"A"}],"total_count":1}'
    headers:
      Content-Length:
      - "154"
      Content-Security-Policy:
      - default-src 'none'; frame-ancestors 'none'
      Content-Type:
      - application/json
      Date:
      - Thu, 14 Dec 2023 12:43:16 GMT
      Server:
      - Scaleway API-Gateway
      Strict-Transport-Security:
      - max-age=63072000
      X-Content-Type-Options:
      - nosniff
      X-Frame-Options:
      - DENY
      X-Request-Id:
      - f1b60e33-81b3-4d50-9d93-7cc0e4bc09a1
    status: 200 OK
    code: 200
- request:
    body: ""
    form: {}
    headers:
      User-Agent:
      - scaleway-sdk-go/v1.0.0-beta.7+dev (go1.20.4; linux; amd64) terraform-provider/develop
        terraform/terraform-tests
    url: https://api.scaleway.com/domain/v2beta1/dns-zones?dns_zone=test-basic.scaleway-terraform.com&domain=&order_by=domain_asc&page=1
    method: GET
  response:
    body: '{"dns_zones":[{"domain":"scaleway-terraform.com","linked_products":[],"message":null,"ns":["ns0.dom.scw.cloud","ns1.dom.scw.cloud"],"ns_default":["ns0.dom.scw.cloud","ns1.dom.scw.cloud"],"ns_master":[],"project_id":"105bdce1-64c0-48ab-899d-868455867ecf","status":"pending","subdomain":"test-basic","updated_at":"2023-12-14T12:43:16Z"}],"total_count":1}'
    headers:
      Content-Length:
      - "352"
      Content-Security-Policy:
      - default-src 'none'; frame-ancestors 'none'
      Content-Type:
      - application/json
      Date:
      - Thu, 14 Dec 2023 12:43:16 GMT
      Server:
      - Scaleway API-Gateway
      Strict-Transport-Security:
      - max-age=63072000
      X-Content-Type-Options:
      - nosniff
      X-Frame-Options:
      - DENY
      X-Request-Id:
      - bd08da4f-cc99-46be-b8f9-d8c3632630c3
    status: 200 OK
    code: 200
- request:
    body: ""
    form: {}
    headers:
      User-Agent:
      - scaleway-sdk-go/v1.0.0-beta.7+dev (go1.20.4; linux; amd64) terraform-provider/develop
        terraform/terraform-tests
    url: https://api.scaleway.com/domain/v2beta1/dns-zones/test-basic.scaleway-terraform.com/records?name=&order_by=name_asc&type=unknown
    method: GET
  response:
    body: '{"records":[{"comment":null,"data":"ns0.dom.scw.cloud.","id":"4e52abba-785d-4a67-9e92-39005f8edcf5","name":"","priority":0,"ttl":1800,"type":"NS"},{"comment":null,"data":"ns1.dom.scw.cloud.","id":"63637c54-d7a2-41ea-a26d-029668a81f07","name":"","priority":0,"ttl":1800,"type":"NS"},{"comment":null,"data":"127.0.0.1","id":"426811cc-37b1-4cb9-a2b3-a4dcf76a5a4e","name":"","priority":0,"ttl":3600,"type":"A"}],"total_count":3}'
    headers:
      Content-Length:
      - "424"
      Content-Security-Policy:
      - default-src 'none'; frame-ancestors 'none'
      Content-Type:
      - application/json
      Date:
      - Thu, 14 Dec 2023 12:43:16 GMT
      Server:
      - Scaleway API-Gateway
      Strict-Transport-Security:
      - max-age=63072000
      X-Content-Type-Options:
      - nosniff
      X-Frame-Options:
      - DENY
      X-Request-Id:
      - 4d654d06-b545-41fb-a414-d83f4b36cee4
    status: 200 OK
    code: 200
- request:
    body: ""
    form: {}
    headers:
      User-Agent:
      - scaleway-sdk-go/v1.0.0-beta.7+dev (go1.20.4; linux; amd64) terraform-provider/develop
        terraform/terraform-tests
    url: https://api.scaleway.com/domain/v2beta1/dns-zones/test-basic.scaleway-terraform.com/records?id=426811cc-37b1-4cb9-a2b3-a4dcf76a5a4e&name=&order_by=name_asc&page=1&type=A
    method: GET
  response:
    body: '{"records":[{"comment":null,"data":"127.0.0.1","id":"426811cc-37b1-4cb9-a2b3-a4dcf76a5a4e","name":"","priority":0,"ttl":3600,"type":"A"}],"total_count":1}'
    headers:
      Content-Length:
      - "154"
      Content-Security-Policy:
      - default-src 'none'; frame-ancestors 'none'
      Content-Type:
      - application/json
      Date:
      - Thu, 14 Dec 2023 12:43:16 GMT
      Server:
      - Scaleway API-Gateway
      Strict-Transport-Security:
      - max-age=63072000
      X-Content-Type-Options:
      - nosniff
      X-Frame-Options:
      - DENY
      X-Request-Id:
      - a9034027-1563-4444-af13-5928b6ca4652
    status: 200 OK
    code: 200
- request:
    body: ""
    form: {}
    headers:
      User-Agent:
      - scaleway-sdk-go/v1.0.0-beta.7+dev (go1.20.4; linux; amd64) terraform-provider/develop
        terraform/terraform-tests
    url: https://api.scaleway.com/domain/v2beta1/dns-zones?dns_zone=test-basic.scaleway-terraform.com&domain=&order_by=domain_asc&page=1
    method: GET
  response:
    body: '{"dns_zones":[{"domain":"scaleway-terraform.com","linked_products":[],"message":null,"ns":["ns0.dom.scw.cloud","ns1.dom.scw.cloud"],"ns_default":["ns0.dom.scw.cloud","ns1.dom.scw.cloud"],"ns_master":[],"project_id":"105bdce1-64c0-48ab-899d-868455867ecf","status":"pending","subdomain":"test-basic","updated_at":"2023-12-14T12:43:16Z"}],"total_count":1}'
    headers:
      Content-Length:
      - "352"
      Content-Security-Policy:
      - default-src 'none'; frame-ancestors 'none'
      Content-Type:
      - application/json
      Date:
      - Thu, 14 Dec 2023 12:43:16 GMT
      Server:
      - Scaleway API-Gateway
      Strict-Transport-Security:
      - max-age=63072000
      X-Content-Type-Options:
      - nosniff
      X-Frame-Options:
      - DENY
      X-Request-Id:
      - 7e9e49df-e288-4432-a737-5371a138e1b8
    status: 200 OK
    code: 200
- request:
    body: ""
    form: {}
    headers:
      User-Agent:
      - scaleway-sdk-go/v1.0.0-beta.7+dev (go1.20.4; linux; amd64) terraform-provider/develop
        terraform/terraform-tests
    url: https://api.scaleway.com/domain/v2beta1/dns-zones/test-basic.scaleway-terraform.com/records?id=426811cc-37b1-4cb9-a2b3-a4dcf76a5a4e&name=&order_by=name_asc&page=1&type=A
    method: GET
  response:
    body: '{"records":[{"comment":null,"data":"127.0.0.1","id":"426811cc-37b1-4cb9-a2b3-a4dcf76a5a4e","name":"","priority":0,"ttl":3600,"type":"A"}],"total_count":1}'
    headers:
      Content-Length:
      - "154"
      Content-Security-Policy:
      - default-src 'none'; frame-ancestors 'none'
      Content-Type:
      - application/json
      Date:
      - Thu, 14 Dec 2023 12:43:17 GMT
      Server:
      - Scaleway API-Gateway
      Strict-Transport-Security:
      - max-age=63072000
      X-Content-Type-Options:
      - nosniff
      X-Frame-Options:
      - DENY
      X-Request-Id:
      - 2024e761-e53e-4547-8c3c-651256b97bfc
    status: 200 OK
    code: 200
- request:
    body: ""
    form: {}
    headers:
      User-Agent:
      - scaleway-sdk-go/v1.0.0-beta.7+dev (go1.20.4; linux; amd64) terraform-provider/develop
        terraform/terraform-tests
    url: https://api.scaleway.com/domain/v2beta1/dns-zones?dns_zone=test-basic.scaleway-terraform.com&domain=&order_by=domain_asc&page=1
    method: GET
  response:
    body: '{"dns_zones":[{"domain":"scaleway-terraform.com","linked_products":[],"message":null,"ns":["ns0.dom.scw.cloud","ns1.dom.scw.cloud"],"ns_default":["ns0.dom.scw.cloud","ns1.dom.scw.cloud"],"ns_master":[],"project_id":"105bdce1-64c0-48ab-899d-868455867ecf","status":"pending","subdomain":"test-basic","updated_at":"2023-12-14T12:43:16Z"}],"total_count":1}'
    headers:
      Content-Length:
      - "352"
      Content-Security-Policy:
      - default-src 'none'; frame-ancestors 'none'
      Content-Type:
      - application/json
      Date:
      - Thu, 14 Dec 2023 12:43:17 GMT
      Server:
      - Scaleway API-Gateway
      Strict-Transport-Security:
      - max-age=63072000
      X-Content-Type-Options:
      - nosniff
      X-Frame-Options:
      - DENY
      X-Request-Id:
      - 9cdc1f83-1640-47c6-be57-dcc7ba961205
    status: 200 OK
    code: 200
- request:
    body: '{"changes":[{"delete":{"id":"426811cc-37b1-4cb9-a2b3-a4dcf76a5a4e"}}],"return_all_records":false,"disallow_new_zone_creation":false}'
    form: {}
    headers:
      Content-Type:
      - application/json
      User-Agent:
      - scaleway-sdk-go/v1.0.0-beta.7+dev (go1.20.4; linux; amd64) terraform-provider/develop
        terraform/terraform-tests
    url: https://api.scaleway.com/domain/v2beta1/dns-zones/test-basic.scaleway-terraform.com/records
    method: PATCH
  response:
    body: '{"records":[]}'
    headers:
      Content-Length:
      - "14"
      Content-Security-Policy:
      - default-src 'none'; frame-ancestors 'none'
      Content-Type:
      - application/json
      Date:
      - Thu, 14 Dec 2023 12:43:17 GMT
      Server:
      - Scaleway API-Gateway
      Strict-Transport-Security:
      - max-age=63072000
      X-Content-Type-Options:
      - nosniff
      X-Frame-Options:
      - DENY
      X-Request-Id:
      - 382748c1-3b52-42af-8a09-0f6b0ee3b22a
    status: 200 OK
    code: 200
- request:
    body: ""
    form: {}
    headers:
      User-Agent:
      - scaleway-sdk-go/v1.0.0-beta.7+dev (go1.20.4; linux; amd64) terraform-provider/develop
        terraform/terraform-tests
    url: https://api.scaleway.com/domain/v2beta1/dns-zones/test-basic.scaleway-terraform.com/records?name=&order_by=name_asc&type=unknown
    method: GET
  response:
    body: '{"records":[{"comment":null,"data":"ns0.dom.scw.cloud.","id":"4e52abba-785d-4a67-9e92-39005f8edcf5","name":"","priority":0,"ttl":1800,"type":"NS"},{"comment":null,"data":"ns1.dom.scw.cloud.","id":"63637c54-d7a2-41ea-a26d-029668a81f07","name":"","priority":0,"ttl":1800,"type":"NS"}],"total_count":2}'
    headers:
      Content-Length:
      - "299"
      Content-Security-Policy:
      - default-src 'none'; frame-ancestors 'none'
      Content-Type:
      - application/json
      Date:
      - Thu, 14 Dec 2023 12:43:17 GMT
      Server:
      - Scaleway API-Gateway
      Strict-Transport-Security:
      - max-age=63072000
      X-Content-Type-Options:
      - nosniff
      X-Frame-Options:
      - DENY
      X-Request-Id:
      - 4bfb23eb-ee34-497b-9435-66f3c8908103
    status: 200 OK
    code: 200
- request:
    body: ""
    form: {}
    headers:
      User-Agent:
      - scaleway-sdk-go/v1.0.0-beta.7+dev (go1.20.4; linux; amd64) terraform-provider/develop
        terraform/terraform-tests
    url: https://api.scaleway.com/domain/v2beta1/dns-zones?dns_zone=test-basic.scaleway-terraform.com&domain=&order_by=domain_asc
    method: GET
  response:
    body: '{"dns_zones":[{"domain":"scaleway-terraform.com","linked_products":[],"message":null,"ns":["ns0.dom.scw.cloud","ns1.dom.scw.cloud"],"ns_default":["ns0.dom.scw.cloud","ns1.dom.scw.cloud"],"ns_master":[],"project_id":"105bdce1-64c0-48ab-899d-868455867ecf","status":"pending","subdomain":"test-basic","updated_at":"2023-12-14T12:43:17Z"}],"total_count":1}'
    headers:
      Content-Length:
      - "352"
      Content-Security-Policy:
      - default-src 'none'; frame-ancestors 'none'
      Content-Type:
      - application/json
      Date:
      - Thu, 14 Dec 2023 12:43:17 GMT
      Server:
      - Scaleway API-Gateway
      Strict-Transport-Security:
      - max-age=63072000
      X-Content-Type-Options:
      - nosniff
      X-Frame-Options:
      - DENY
      X-Request-Id:
      - 878659aa-9f51-41fe-9329-caa5e08b46d3
    status: 200 OK
    code: 200
- request:
    body: ""
    form: {}
    headers:
      User-Agent:
      - scaleway-sdk-go/v1.0.0-beta.7+dev (go1.20.4; linux; amd64) terraform-provider/develop
        terraform/terraform-tests
    url: https://api.scaleway.com/domain/v2beta1/dns-zones?dns_zone=test-basic.scaleway-terraform.com&domain=&order_by=domain_asc
    method: GET
  response:
    body: '{"dns_zones":[{"domain":"scaleway-terraform.com","linked_products":[],"message":null,"ns":["ns0.dom.scw.cloud","ns1.dom.scw.cloud"],"ns_default":["ns0.dom.scw.cloud","ns1.dom.scw.cloud"],"ns_master":[],"project_id":"105bdce1-64c0-48ab-899d-868455867ecf","status":"pending","subdomain":"test-basic","updated_at":"2023-12-14T12:43:17Z"}],"total_count":1}'
    headers:
      Content-Length:
      - "352"
      Content-Security-Policy:
      - default-src 'none'; frame-ancestors 'none'
      Content-Type:
      - application/json
      Date:
      - Thu, 14 Dec 2023 12:43:22 GMT
      Server:
      - Scaleway API-Gateway
      Strict-Transport-Security:
      - max-age=63072000
      X-Content-Type-Options:
      - nosniff
      X-Frame-Options:
      - DENY
      X-Request-Id:
      - 71306f21-50ba-4abc-92e5-ec3b784ec966
    status: 200 OK
    code: 200
- request:
    body: ""
    form: {}
    headers:
      User-Agent:
      - scaleway-sdk-go/v1.0.0-beta.7+dev (go1.20.4; linux; amd64) terraform-provider/develop
        terraform/terraform-tests
    url: https://api.scaleway.com/domain/v2beta1/dns-zones?dns_zone=test-basic.scaleway-terraform.com&domain=&order_by=domain_asc
    method: GET
  response:
    body: '{"dns_zones":[{"domain":"scaleway-terraform.com","linked_products":[],"message":null,"ns":["ns0.dom.scw.cloud","ns1.dom.scw.cloud"],"ns_default":["ns0.dom.scw.cloud","ns1.dom.scw.cloud"],"ns_master":[],"project_id":"105bdce1-64c0-48ab-899d-868455867ecf","status":"active","subdomain":"test-basic","updated_at":"2023-12-14T12:43:25Z"}],"total_count":1}'
    headers:
      Content-Length:
      - "351"
      Content-Security-Policy:
      - default-src 'none'; frame-ancestors 'none'
      Content-Type:
      - application/json
      Date:
      - Thu, 14 Dec 2023 12:43:27 GMT
      Server:
      - Scaleway API-Gateway
      Strict-Transport-Security:
      - max-age=63072000
      X-Content-Type-Options:
      - nosniff
      X-Frame-Options:
      - DENY
      X-Request-Id:
      - e28e3326-c777-442d-8751-3b5f78913417
    status: 200 OK
    code: 200
- request:
    body: ""
    form: {}
    headers:
      User-Agent:
      - scaleway-sdk-go/v1.0.0-beta.7+dev (go1.20.4; linux; amd64) terraform-provider/develop
        terraform/terraform-tests
    url: https://api.scaleway.com/domain/v2beta1/dns-zones/test-basic.scaleway-terraform.com?project_id=105bdce1-64c0-48ab-899d-868455867ecf
    method: DELETE
  response:
    body: '{}'
    headers:
      Content-Length:
      - "2"
      Content-Security-Policy:
      - default-src 'none'; frame-ancestors 'none'
      Content-Type:
      - application/json
      Date:
      - Thu, 14 Dec 2023 12:43:28 GMT
      Server:
      - Scaleway API-Gateway
      Strict-Transport-Security:
      - max-age=63072000
      X-Content-Type-Options:
      - nosniff
      X-Frame-Options:
      - DENY
      X-Request-Id:
      - a7bcd98c-df61-4c9e-a3e1-f55dd303c39b
    status: 200 OK
    code: 200
- request:
    body: '{"changes":[{"add":{"records":[{"data":"127.0.0.1","name":"tf","priority":0,"ttl":3600,"type":"A","comment":null,"id":""}]}}],"return_all_records":false,"disallow_new_zone_creation":false}'
    form: {}
    headers:
      Content-Type:
      - application/json
      User-Agent:
      - scaleway-sdk-go/v1.0.0-beta.7+dev (go1.20.4; linux; amd64) terraform-provider/develop
        terraform/terraform-tests
    url: https://api.scaleway.com/domain/v2beta1/dns-zones/test-basic.scaleway-terraform.com/records
    method: PATCH
  response:
    body: '{"records":[{"comment":null,"data":"127.0.0.1","id":"7d30906e-c6fa-4b23-84e1-a6adedf72dc5","name":"tf","priority":0,"ttl":3600,"type":"A"}]}'
    headers:
      Content-Length:
      - "140"
      Content-Security-Policy:
      - default-src 'none'; frame-ancestors 'none'
      Content-Type:
      - application/json
      Date:
      - Thu, 14 Dec 2023 12:43:28 GMT
      Server:
      - Scaleway API-Gateway
      Strict-Transport-Security:
      - max-age=63072000
      X-Content-Type-Options:
      - nosniff
      X-Frame-Options:
      - DENY
      X-Request-Id:
      - 1a48cc08-fead-4848-b3c0-5efe07803cbc
    status: 200 OK
    code: 200
- request:
    body: ""
    form: {}
    headers:
      User-Agent:
      - scaleway-sdk-go/v1.0.0-beta.7+dev (go1.20.4; linux; amd64) terraform-provider/develop
        terraform/terraform-tests
    url: https://api.scaleway.com/domain/v2beta1/dns-zones/test-basic.scaleway-terraform.com/records?name=tf&order_by=name_asc&type=A
    method: GET
  response:
    body: '{"records":[{"comment":null,"data":"127.0.0.1","id":"7d30906e-c6fa-4b23-84e1-a6adedf72dc5","name":"tf","priority":0,"ttl":3600,"type":"A"}],"total_count":1}'
    headers:
      Content-Length:
      - "156"
      Content-Security-Policy:
      - default-src 'none'; frame-ancestors 'none'
      Content-Type:
      - application/json
      Date:
      - Thu, 14 Dec 2023 12:43:28 GMT
      Server:
      - Scaleway API-Gateway
      Strict-Transport-Security:
      - max-age=63072000
      X-Content-Type-Options:
      - nosniff
      X-Frame-Options:
      - DENY
      X-Request-Id:
      - 996528ff-2fe5-457e-88af-00aa4e4f82a6
    status: 200 OK
    code: 200
- request:
    body: ""
    form: {}
    headers:
      User-Agent:
      - scaleway-sdk-go/v1.0.0-beta.7+dev (go1.20.4; linux; amd64) terraform-provider/develop
        terraform/terraform-tests
    url: https://api.scaleway.com/domain/v2beta1/dns-zones/test-basic.scaleway-terraform.com/records?name=tf&order_by=name_asc&page=1&type=A
    method: GET
  response:
    body: '{"records":[{"comment":null,"data":"127.0.0.1","id":"7d30906e-c6fa-4b23-84e1-a6adedf72dc5","name":"tf","priority":0,"ttl":3600,"type":"A"}],"total_count":1}'
    headers:
      Content-Length:
      - "156"
      Content-Security-Policy:
      - default-src 'none'; frame-ancestors 'none'
      Content-Type:
      - application/json
      Date:
      - Thu, 14 Dec 2023 12:43:28 GMT
      Server:
      - Scaleway API-Gateway
      Strict-Transport-Security:
      - max-age=63072000
      X-Content-Type-Options:
      - nosniff
      X-Frame-Options:
      - DENY
      X-Request-Id:
      - 0f781079-e5ea-4133-ad81-a6a9737aa03d
    status: 200 OK
    code: 200
- request:
    body: ""
    form: {}
    headers:
      User-Agent:
      - scaleway-sdk-go/v1.0.0-beta.7+dev (go1.20.4; linux; amd64) terraform-provider/develop
        terraform/terraform-tests
    url: https://api.scaleway.com/domain/v2beta1/dns-zones/test-basic.scaleway-terraform.com/records?id=7d30906e-c6fa-4b23-84e1-a6adedf72dc5&name=&order_by=name_asc&page=1&type=unknown
    method: GET
  response:
    body: '{"records":[{"comment":null,"data":"127.0.0.1","id":"7d30906e-c6fa-4b23-84e1-a6adedf72dc5","name":"tf","priority":0,"ttl":3600,"type":"A"}],"total_count":1}'
    headers:
      Content-Length:
      - "156"
      Content-Security-Policy:
      - default-src 'none'; frame-ancestors 'none'
      Content-Type:
      - application/json
      Date:
      - Thu, 14 Dec 2023 12:43:28 GMT
      Server:
      - Scaleway API-Gateway
      Strict-Transport-Security:
      - max-age=63072000
      X-Content-Type-Options:
      - nosniff
      X-Frame-Options:
      - DENY
      X-Request-Id:
      - 941307d0-c0fb-41bf-bacb-fb39167238aa
    status: 200 OK
    code: 200
- request:
    body: ""
    form: {}
    headers:
      User-Agent:
      - scaleway-sdk-go/v1.0.0-beta.7+dev (go1.20.4; linux; amd64) terraform-provider/develop
        terraform/terraform-tests
    url: https://api.scaleway.com/domain/v2beta1/dns-zones?dns_zone=test-basic.scaleway-terraform.com&domain=&order_by=domain_asc&page=1
    method: GET
  response:
    body: '{"dns_zones":[{"domain":"scaleway-terraform.com","linked_products":[],"message":null,"ns":["ns0.dom.scw.cloud","ns1.dom.scw.cloud"],"ns_default":["ns0.dom.scw.cloud","ns1.dom.scw.cloud"],"ns_master":[],"project_id":"105bdce1-64c0-48ab-899d-868455867ecf","status":"pending","subdomain":"test-basic","updated_at":"2023-12-14T12:43:28Z"}],"total_count":1}'
    headers:
      Content-Length:
      - "352"
      Content-Security-Policy:
      - default-src 'none'; frame-ancestors 'none'
      Content-Type:
      - application/json
      Date:
      - Thu, 14 Dec 2023 12:43:28 GMT
      Server:
      - Scaleway API-Gateway
      Strict-Transport-Security:
      - max-age=63072000
      X-Content-Type-Options:
      - nosniff
      X-Frame-Options:
      - DENY
      X-Request-Id:
      - 9d7cb0b6-4ac4-4615-9c34-9f4f913674f0
    status: 200 OK
    code: 200
- request:
    body: ""
    form: {}
    headers:
      User-Agent:
      - scaleway-sdk-go/v1.0.0-beta.7+dev (go1.20.4; linux; amd64) terraform-provider/develop
        terraform/terraform-tests
    url: https://api.scaleway.com/domain/v2beta1/dns-zones/test-basic.scaleway-terraform.com/records?name=&order_by=name_asc&type=unknown
    method: GET
  response:
    body: '{"records":[{"comment":null,"data":"ns0.dom.scw.cloud.","id":"dafc9fdc-5336-4ba9-b4e0-15a07571674e","name":"","priority":0,"ttl":1800,"type":"NS"},{"comment":null,"data":"ns1.dom.scw.cloud.","id":"8d664466-3534-42fe-913b-13a09d657af3","name":"","priority":0,"ttl":1800,"type":"NS"},{"comment":null,"data":"127.0.0.1","id":"7d30906e-c6fa-4b23-84e1-a6adedf72dc5","name":"tf","priority":0,"ttl":3600,"type":"A"}],"total_count":3}'
    headers:
      Content-Length:
      - "426"
      Content-Security-Policy:
      - default-src 'none'; frame-ancestors 'none'
      Content-Type:
      - application/json
      Date:
      - Thu, 14 Dec 2023 12:43:28 GMT
      Server:
      - Scaleway API-Gateway
      Strict-Transport-Security:
      - max-age=63072000
      X-Content-Type-Options:
      - nosniff
      X-Frame-Options:
      - DENY
      X-Request-Id:
      - 6cf938eb-c81a-4912-a44b-de6e082578bc
    status: 200 OK
    code: 200
- request:
    body: ""
    form: {}
    headers:
      User-Agent:
      - scaleway-sdk-go/v1.0.0-beta.7+dev (go1.20.4; linux; amd64) terraform-provider/develop
        terraform/terraform-tests
    url: https://api.scaleway.com/domain/v2beta1/dns-zones/test-basic.scaleway-terraform.com/records?id=7d30906e-c6fa-4b23-84e1-a6adedf72dc5&name=tf&order_by=name_asc&page=1&type=A
    method: GET
  response:
    body: '{"records":[{"comment":null,"data":"127.0.0.1","id":"7d30906e-c6fa-4b23-84e1-a6adedf72dc5","name":"tf","priority":0,"ttl":3600,"type":"A"}],"total_count":1}'
    headers:
      Content-Length:
      - "156"
      Content-Security-Policy:
      - default-src 'none'; frame-ancestors 'none'
      Content-Type:
      - application/json
      Date:
      - Thu, 14 Dec 2023 12:43:29 GMT
      Server:
      - Scaleway API-Gateway
      Strict-Transport-Security:
      - max-age=63072000
      X-Content-Type-Options:
      - nosniff
      X-Frame-Options:
      - DENY
      X-Request-Id:
      - 77e0aade-e6a1-4cff-b9cd-7b993f9ede7e
    status: 200 OK
    code: 200
- request:
    body: ""
    form: {}
    headers:
      User-Agent:
      - scaleway-sdk-go/v1.0.0-beta.7+dev (go1.20.4; linux; amd64) terraform-provider/develop
        terraform/terraform-tests
    url: https://api.scaleway.com/domain/v2beta1/dns-zones?dns_zone=test-basic.scaleway-terraform.com&domain=&order_by=domain_asc&page=1
    method: GET
  response:
    body: '{"dns_zones":[{"domain":"scaleway-terraform.com","linked_products":[],"message":null,"ns":["ns0.dom.scw.cloud","ns1.dom.scw.cloud"],"ns_default":["ns0.dom.scw.cloud","ns1.dom.scw.cloud"],"ns_master":[],"project_id":"105bdce1-64c0-48ab-899d-868455867ecf","status":"pending","subdomain":"test-basic","updated_at":"2023-12-14T12:43:28Z"}],"total_count":1}'
    headers:
      Content-Length:
      - "352"
      Content-Security-Policy:
      - default-src 'none'; frame-ancestors 'none'
      Content-Type:
      - application/json
      Date:
      - Thu, 14 Dec 2023 12:43:29 GMT
      Server:
      - Scaleway API-Gateway
      Strict-Transport-Security:
      - max-age=63072000
      X-Content-Type-Options:
      - nosniff
      X-Frame-Options:
      - DENY
      X-Request-Id:
      - 30418c51-c9de-49e1-bd3d-60bb9a6c8205
    status: 200 OK
    code: 200
- request:
    body: ""
    form: {}
    headers:
      User-Agent:
      - scaleway-sdk-go/v1.0.0-beta.7+dev (go1.20.4; linux; amd64) terraform-provider/develop
        terraform/terraform-tests
    url: https://api.scaleway.com/domain/v2beta1/dns-zones/test-basic.scaleway-terraform.com/records?id=7d30906e-c6fa-4b23-84e1-a6adedf72dc5&name=tf&order_by=name_asc&page=1&type=A
    method: GET
  response:
    body: '{"records":[{"comment":null,"data":"127.0.0.1","id":"7d30906e-c6fa-4b23-84e1-a6adedf72dc5","name":"tf","priority":0,"ttl":3600,"type":"A"}],"total_count":1}'
    headers:
      Content-Length:
      - "156"
      Content-Security-Policy:
      - default-src 'none'; frame-ancestors 'none'
      Content-Type:
      - application/json
      Date:
      - Thu, 14 Dec 2023 12:43:29 GMT
      Server:
      - Scaleway API-Gateway
      Strict-Transport-Security:
      - max-age=63072000
      X-Content-Type-Options:
      - nosniff
      X-Frame-Options:
      - DENY
      X-Request-Id:
      - 5fdaa88b-eee7-4a55-b2a5-f668a0efe859
    status: 200 OK
    code: 200
- request:
    body: ""
    form: {}
    headers:
      User-Agent:
      - scaleway-sdk-go/v1.0.0-beta.7+dev (go1.20.4; linux; amd64) terraform-provider/develop
        terraform/terraform-tests
    url: https://api.scaleway.com/domain/v2beta1/dns-zones?dns_zone=test-basic.scaleway-terraform.com&domain=&order_by=domain_asc&page=1
    method: GET
  response:
    body: '{"dns_zones":[{"domain":"scaleway-terraform.com","linked_products":[],"message":null,"ns":["ns0.dom.scw.cloud","ns1.dom.scw.cloud"],"ns_default":["ns0.dom.scw.cloud","ns1.dom.scw.cloud"],"ns_master":[],"project_id":"105bdce1-64c0-48ab-899d-868455867ecf","status":"pending","subdomain":"test-basic","updated_at":"2023-12-14T12:43:28Z"}],"total_count":1}'
    headers:
      Content-Length:
      - "352"
      Content-Security-Policy:
      - default-src 'none'; frame-ancestors 'none'
      Content-Type:
      - application/json
      Date:
      - Thu, 14 Dec 2023 12:43:29 GMT
      Server:
      - Scaleway API-Gateway
      Strict-Transport-Security:
      - max-age=63072000
      X-Content-Type-Options:
      - nosniff
      X-Frame-Options:
      - DENY
      X-Request-Id:
      - 854aa450-6d36-4353-9d66-69439f392b82
    status: 200 OK
    code: 200
- request:
    body: '{"changes":[{"set":{"id":"7d30906e-c6fa-4b23-84e1-a6adedf72dc5","records":[{"data":"127.0.0.2","name":"tf","priority":0,"ttl":3600,"type":"A","comment":null,"id":""}]}}],"return_all_records":false,"disallow_new_zone_creation":false}'
    form: {}
    headers:
      Content-Type:
      - application/json
      User-Agent:
      - scaleway-sdk-go/v1.0.0-beta.7+dev (go1.20.4; linux; amd64) terraform-provider/develop
        terraform/terraform-tests
    url: https://api.scaleway.com/domain/v2beta1/dns-zones/test-basic.scaleway-terraform.com/records
    method: PATCH
  response:
    body: '{"records":[{"comment":null,"data":"127.0.0.2","id":"7d30906e-c6fa-4b23-84e1-a6adedf72dc5","name":"tf","priority":0,"ttl":3600,"type":"A"}]}'
    headers:
      Content-Length:
      - "140"
      Content-Security-Policy:
      - default-src 'none'; frame-ancestors 'none'
      Content-Type:
      - application/json
      Date:
      - Thu, 14 Dec 2023 12:43:30 GMT
      Server:
      - Scaleway API-Gateway
      Strict-Transport-Security:
      - max-age=63072000
      X-Content-Type-Options:
      - nosniff
      X-Frame-Options:
      - DENY
      X-Request-Id:
      - 6bce6717-0db9-4568-9d6d-d31a3d6acb69
    status: 200 OK
    code: 200
- request:
    body: ""
    form: {}
    headers:
      User-Agent:
      - scaleway-sdk-go/v1.0.0-beta.7+dev (go1.20.4; linux; amd64) terraform-provider/develop
        terraform/terraform-tests
    url: https://api.scaleway.com/domain/v2beta1/dns-zones/test-basic.scaleway-terraform.com/records?name=tf&order_by=name_asc&type=A
    method: GET
  response:
    body: '{"records":[{"comment":null,"data":"127.0.0.2","id":"7d30906e-c6fa-4b23-84e1-a6adedf72dc5","name":"tf","priority":0,"ttl":3600,"type":"A"}],"total_count":1}'
    headers:
      Content-Length:
      - "156"
      Content-Security-Policy:
      - default-src 'none'; frame-ancestors 'none'
      Content-Type:
      - application/json
      Date:
      - Thu, 14 Dec 2023 12:43:30 GMT
      Server:
      - Scaleway API-Gateway
      Strict-Transport-Security:
      - max-age=63072000
      X-Content-Type-Options:
      - nosniff
      X-Frame-Options:
      - DENY
      X-Request-Id:
      - e2f33b75-acb7-4fb2-ac5c-fbbb2a9e13b7
    status: 200 OK
    code: 200
- request:
    body: ""
    form: {}
    headers:
      User-Agent:
      - scaleway-sdk-go/v1.0.0-beta.7+dev (go1.20.4; linux; amd64) terraform-provider/develop
        terraform/terraform-tests
    url: https://api.scaleway.com/domain/v2beta1/dns-zones/test-basic.scaleway-terraform.com/records?id=7d30906e-c6fa-4b23-84e1-a6adedf72dc5&name=tf&order_by=name_asc&page=1&type=A
    method: GET
  response:
    body: '{"records":[{"comment":null,"data":"127.0.0.2","id":"7d30906e-c6fa-4b23-84e1-a6adedf72dc5","name":"tf","priority":0,"ttl":3600,"type":"A"}],"total_count":1}'
    headers:
      Content-Length:
      - "156"
      Content-Security-Policy:
      - default-src 'none'; frame-ancestors 'none'
      Content-Type:
      - application/json
      Date:
      - Thu, 14 Dec 2023 12:43:30 GMT
      Server:
      - Scaleway API-Gateway
      Strict-Transport-Security:
      - max-age=63072000
      X-Content-Type-Options:
      - nosniff
      X-Frame-Options:
      - DENY
      X-Request-Id:
      - c1f218b8-55b6-4afb-a882-c778bf06fa5a
    status: 200 OK
    code: 200
- request:
    body: ""
    form: {}
    headers:
      User-Agent:
      - scaleway-sdk-go/v1.0.0-beta.7+dev (go1.20.4; linux; amd64) terraform-provider/develop
        terraform/terraform-tests
    url: https://api.scaleway.com/domain/v2beta1/dns-zones?dns_zone=test-basic.scaleway-terraform.com&domain=&order_by=domain_asc&page=1
    method: GET
  response:
    body: '{"dns_zones":[{"domain":"scaleway-terraform.com","linked_products":[],"message":null,"ns":["ns0.dom.scw.cloud","ns1.dom.scw.cloud"],"ns_default":["ns0.dom.scw.cloud","ns1.dom.scw.cloud"],"ns_master":[],"project_id":"105bdce1-64c0-48ab-899d-868455867ecf","status":"pending","subdomain":"test-basic","updated_at":"2023-12-14T12:43:30Z"}],"total_count":1}'
    headers:
      Content-Length:
      - "352"
      Content-Security-Policy:
      - default-src 'none'; frame-ancestors 'none'
      Content-Type:
      - application/json
      Date:
      - Thu, 14 Dec 2023 12:43:30 GMT
      Server:
      - Scaleway API-Gateway
      Strict-Transport-Security:
      - max-age=63072000
      X-Content-Type-Options:
      - nosniff
      X-Frame-Options:
      - DENY
      X-Request-Id:
      - 9f0e4430-432e-4826-b847-f90de6189dcf
    status: 200 OK
    code: 200
- request:
    body: ""
    form: {}
    headers:
      User-Agent:
      - scaleway-sdk-go/v1.0.0-beta.7+dev (go1.20.4; linux; amd64) terraform-provider/develop
        terraform/terraform-tests
    url: https://api.scaleway.com/domain/v2beta1/dns-zones/test-basic.scaleway-terraform.com/records?name=&order_by=name_asc&type=unknown
    method: GET
  response:
    body: '{"records":[{"comment":null,"data":"ns0.dom.scw.cloud.","id":"dafc9fdc-5336-4ba9-b4e0-15a07571674e","name":"","priority":0,"ttl":1800,"type":"NS"},{"comment":null,"data":"ns1.dom.scw.cloud.","id":"8d664466-3534-42fe-913b-13a09d657af3","name":"","priority":0,"ttl":1800,"type":"NS"},{"comment":null,"data":"127.0.0.2","id":"7d30906e-c6fa-4b23-84e1-a6adedf72dc5","name":"tf","priority":0,"ttl":3600,"type":"A"}],"total_count":3}'
    headers:
      Content-Length:
      - "426"
      Content-Security-Policy:
      - default-src 'none'; frame-ancestors 'none'
      Content-Type:
      - application/json
      Date:
      - Thu, 14 Dec 2023 12:43:30 GMT
      Server:
      - Scaleway API-Gateway
      Strict-Transport-Security:
      - max-age=63072000
      X-Content-Type-Options:
      - nosniff
      X-Frame-Options:
      - DENY
      X-Request-Id:
      - ef0207f3-219a-40b5-84d5-d0ba1c9ea389
    status: 200 OK
    code: 200
- request:
    body: ""
    form: {}
    headers:
      User-Agent:
      - scaleway-sdk-go/v1.0.0-beta.7+dev (go1.20.4; linux; amd64) terraform-provider/develop
        terraform/terraform-tests
    url: https://api.scaleway.com/domain/v2beta1/dns-zones/test-basic.scaleway-terraform.com/records?id=7d30906e-c6fa-4b23-84e1-a6adedf72dc5&name=tf&order_by=name_asc&page=1&type=A
    method: GET
  response:
    body: '{"records":[{"comment":null,"data":"127.0.0.2","id":"7d30906e-c6fa-4b23-84e1-a6adedf72dc5","name":"tf","priority":0,"ttl":3600,"type":"A"}],"total_count":1}'
    headers:
      Content-Length:
      - "156"
      Content-Security-Policy:
      - default-src 'none'; frame-ancestors 'none'
      Content-Type:
      - application/json
      Date:
      - Thu, 14 Dec 2023 12:43:30 GMT
      Server:
      - Scaleway API-Gateway
      Strict-Transport-Security:
      - max-age=63072000
      X-Content-Type-Options:
      - nosniff
      X-Frame-Options:
      - DENY
      X-Request-Id:
      - 36b4147c-d38e-429f-8723-8bb268fe7b2f
    status: 200 OK
    code: 200
- request:
    body: ""
    form: {}
    headers:
      User-Agent:
      - scaleway-sdk-go/v1.0.0-beta.7+dev (go1.20.4; linux; amd64) terraform-provider/develop
        terraform/terraform-tests
    url: https://api.scaleway.com/domain/v2beta1/dns-zones?dns_zone=test-basic.scaleway-terraform.com&domain=&order_by=domain_asc&page=1
    method: GET
  response:
    body: '{"dns_zones":[{"domain":"scaleway-terraform.com","linked_products":[],"message":null,"ns":["ns0.dom.scw.cloud","ns1.dom.scw.cloud"],"ns_default":["ns0.dom.scw.cloud","ns1.dom.scw.cloud"],"ns_master":[],"project_id":"105bdce1-64c0-48ab-899d-868455867ecf","status":"pending","subdomain":"test-basic","updated_at":"2023-12-14T12:43:30Z"}],"total_count":1}'
    headers:
      Content-Length:
      - "352"
      Content-Security-Policy:
      - default-src 'none'; frame-ancestors 'none'
      Content-Type:
      - application/json
      Date:
      - Thu, 14 Dec 2023 12:43:30 GMT
      Server:
      - Scaleway API-Gateway
      Strict-Transport-Security:
      - max-age=63072000
      X-Content-Type-Options:
      - nosniff
      X-Frame-Options:
      - DENY
      X-Request-Id:
      - 3bebb0b3-7283-417c-8120-a55793dec7c4
    status: 200 OK
    code: 200
- request:
    body: ""
    form: {}
    headers:
      User-Agent:
      - scaleway-sdk-go/v1.0.0-beta.7+dev (go1.20.4; linux; amd64) terraform-provider/develop
        terraform/terraform-tests
    url: https://api.scaleway.com/domain/v2beta1/dns-zones/test-basic.scaleway-terraform.com/records?id=7d30906e-c6fa-4b23-84e1-a6adedf72dc5&name=tf&order_by=name_asc&page=1&type=A
    method: GET
  response:
    body: '{"records":[{"comment":null,"data":"127.0.0.2","id":"7d30906e-c6fa-4b23-84e1-a6adedf72dc5","name":"tf","priority":0,"ttl":3600,"type":"A"}],"total_count":1}'
    headers:
      Content-Length:
      - "156"
      Content-Security-Policy:
      - default-src 'none'; frame-ancestors 'none'
      Content-Type:
      - application/json
      Date:
      - Thu, 14 Dec 2023 12:43:31 GMT
      Server:
      - Scaleway API-Gateway
      Strict-Transport-Security:
      - max-age=63072000
      X-Content-Type-Options:
      - nosniff
      X-Frame-Options:
      - DENY
      X-Request-Id:
      - a7e5e475-1cdf-40f8-aef0-d8474bec29b5
    status: 200 OK
    code: 200
- request:
    body: ""
    form: {}
    headers:
      User-Agent:
      - scaleway-sdk-go/v1.0.0-beta.7+dev (go1.20.4; linux; amd64) terraform-provider/develop
        terraform/terraform-tests
    url: https://api.scaleway.com/domain/v2beta1/dns-zones?dns_zone=test-basic.scaleway-terraform.com&domain=&order_by=domain_asc&page=1
    method: GET
  response:
    body: '{"dns_zones":[{"domain":"scaleway-terraform.com","linked_products":[],"message":null,"ns":["ns0.dom.scw.cloud","ns1.dom.scw.cloud"],"ns_default":["ns0.dom.scw.cloud","ns1.dom.scw.cloud"],"ns_master":[],"project_id":"105bdce1-64c0-48ab-899d-868455867ecf","status":"pending","subdomain":"test-basic","updated_at":"2023-12-14T12:43:30Z"}],"total_count":1}'
    headers:
      Content-Length:
      - "352"
      Content-Security-Policy:
      - default-src 'none'; frame-ancestors 'none'
      Content-Type:
      - application/json
      Date:
      - Thu, 14 Dec 2023 12:43:31 GMT
      Server:
      - Scaleway API-Gateway
      Strict-Transport-Security:
      - max-age=63072000
      X-Content-Type-Options:
      - nosniff
      X-Frame-Options:
      - DENY
      X-Request-Id:
      - 08a0092a-155f-4d10-ab83-0750e7a0174a
    status: 200 OK
    code: 200
- request:
    body: '{"changes":[{"set":{"id":"7d30906e-c6fa-4b23-84e1-a6adedf72dc5","records":[{"data":"127.0.0.2","name":"tf","priority":10,"ttl":43200,"type":"A","comment":null,"id":""}]}}],"return_all_records":false,"disallow_new_zone_creation":false}'
    form: {}
    headers:
      Content-Type:
      - application/json
      User-Agent:
      - scaleway-sdk-go/v1.0.0-beta.7+dev (go1.20.4; linux; amd64) terraform-provider/develop
        terraform/terraform-tests
    url: https://api.scaleway.com/domain/v2beta1/dns-zones/test-basic.scaleway-terraform.com/records
    method: PATCH
  response:
    body: '{"records":[{"comment":null,"data":"127.0.0.2","id":"7d30906e-c6fa-4b23-84e1-a6adedf72dc5","name":"tf","priority":10,"ttl":43200,"type":"A"}]}'
    headers:
      Content-Length:
      - "142"
      Content-Security-Policy:
      - default-src 'none'; frame-ancestors 'none'
      Content-Type:
      - application/json
      Date:
      - Thu, 14 Dec 2023 12:43:31 GMT
      Server:
      - Scaleway API-Gateway
      Strict-Transport-Security:
      - max-age=63072000
      X-Content-Type-Options:
      - nosniff
      X-Frame-Options:
      - DENY
      X-Request-Id:
      - 89ea3503-025e-450b-a556-6cdc6b964801
    status: 200 OK
    code: 200
- request:
    body: ""
    form: {}
    headers:
      User-Agent:
      - scaleway-sdk-go/v1.0.0-beta.7+dev (go1.20.4; linux; amd64) terraform-provider/develop
        terraform/terraform-tests
    url: https://api.scaleway.com/domain/v2beta1/dns-zones/test-basic.scaleway-terraform.com/records?name=tf&order_by=name_asc&type=A
    method: GET
  response:
    body: '{"records":[{"comment":null,"data":"127.0.0.2","id":"7d30906e-c6fa-4b23-84e1-a6adedf72dc5","name":"tf","priority":10,"ttl":43200,"type":"A"}],"total_count":1}'
    headers:
      Content-Length:
      - "158"
      Content-Security-Policy:
      - default-src 'none'; frame-ancestors 'none'
      Content-Type:
      - application/json
      Date:
      - Thu, 14 Dec 2023 12:43:31 GMT
      Server:
      - Scaleway API-Gateway
      Strict-Transport-Security:
      - max-age=63072000
      X-Content-Type-Options:
      - nosniff
      X-Frame-Options:
      - DENY
      X-Request-Id:
      - f3e14a32-dbae-4988-bb98-412546a6c489
    status: 200 OK
    code: 200
- request:
    body: ""
    form: {}
    headers:
      User-Agent:
      - scaleway-sdk-go/v1.0.0-beta.7+dev (go1.20.4; linux; amd64) terraform-provider/develop
        terraform/terraform-tests
    url: https://api.scaleway.com/domain/v2beta1/dns-zones/test-basic.scaleway-terraform.com/records?id=7d30906e-c6fa-4b23-84e1-a6adedf72dc5&name=tf&order_by=name_asc&page=1&type=A
    method: GET
  response:
    body: '{"records":[{"comment":null,"data":"127.0.0.2","id":"7d30906e-c6fa-4b23-84e1-a6adedf72dc5","name":"tf","priority":10,"ttl":43200,"type":"A"}],"total_count":1}'
    headers:
      Content-Length:
      - "158"
      Content-Security-Policy:
      - default-src 'none'; frame-ancestors 'none'
      Content-Type:
      - application/json
      Date:
      - Thu, 14 Dec 2023 12:43:31 GMT
      Server:
      - Scaleway API-Gateway
      Strict-Transport-Security:
      - max-age=63072000
      X-Content-Type-Options:
      - nosniff
      X-Frame-Options:
      - DENY
      X-Request-Id:
      - 9d65580c-d7b1-47ae-ba6d-bd1df0d87fdd
    status: 200 OK
    code: 200
- request:
    body: ""
    form: {}
    headers:
      User-Agent:
      - scaleway-sdk-go/v1.0.0-beta.7+dev (go1.20.4; linux; amd64) terraform-provider/develop
        terraform/terraform-tests
    url: https://api.scaleway.com/domain/v2beta1/dns-zones?dns_zone=test-basic.scaleway-terraform.com&domain=&order_by=domain_asc&page=1
    method: GET
  response:
    body: '{"dns_zones":[{"domain":"scaleway-terraform.com","linked_products":[],"message":null,"ns":["ns0.dom.scw.cloud","ns1.dom.scw.cloud"],"ns_default":["ns0.dom.scw.cloud","ns1.dom.scw.cloud"],"ns_master":[],"project_id":"105bdce1-64c0-48ab-899d-868455867ecf","status":"pending","subdomain":"test-basic","updated_at":"2023-12-14T12:43:31Z"}],"total_count":1}'
    headers:
      Content-Length:
      - "352"
      Content-Security-Policy:
      - default-src 'none'; frame-ancestors 'none'
      Content-Type:
      - application/json
      Date:
      - Thu, 14 Dec 2023 12:43:31 GMT
      Server:
      - Scaleway API-Gateway
      Strict-Transport-Security:
      - max-age=63072000
      X-Content-Type-Options:
      - nosniff
      X-Frame-Options:
      - DENY
      X-Request-Id:
      - 1570f379-e0b2-4c31-ba4d-32af45a1e93b
    status: 200 OK
    code: 200
- request:
    body: ""
    form: {}
    headers:
      User-Agent:
      - scaleway-sdk-go/v1.0.0-beta.7+dev (go1.20.4; linux; amd64) terraform-provider/develop
        terraform/terraform-tests
    url: https://api.scaleway.com/domain/v2beta1/dns-zones/test-basic.scaleway-terraform.com/records?name=&order_by=name_asc&type=unknown
    method: GET
  response:
    body: '{"records":[{"comment":null,"data":"ns0.dom.scw.cloud.","id":"dafc9fdc-5336-4ba9-b4e0-15a07571674e","name":"","priority":0,"ttl":1800,"type":"NS"},{"comment":null,"data":"ns1.dom.scw.cloud.","id":"8d664466-3534-42fe-913b-13a09d657af3","name":"","priority":0,"ttl":1800,"type":"NS"},{"comment":null,"data":"127.0.0.2","id":"7d30906e-c6fa-4b23-84e1-a6adedf72dc5","name":"tf","priority":10,"ttl":43200,"type":"A"}],"total_count":3}'
    headers:
      Content-Length:
      - "428"
      Content-Security-Policy:
      - default-src 'none'; frame-ancestors 'none'
      Content-Type:
      - application/json
      Date:
      - Thu, 14 Dec 2023 12:43:31 GMT
      Server:
      - Scaleway API-Gateway
      Strict-Transport-Security:
      - max-age=63072000
      X-Content-Type-Options:
      - nosniff
      X-Frame-Options:
      - DENY
      X-Request-Id:
      - f673991d-3047-46cb-81a4-e9fdf56d3860
    status: 200 OK
    code: 200
- request:
    body: ""
    form: {}
    headers:
      User-Agent:
      - scaleway-sdk-go/v1.0.0-beta.7+dev (go1.20.4; linux; amd64) terraform-provider/develop
        terraform/terraform-tests
    url: https://api.scaleway.com/domain/v2beta1/dns-zones/test-basic.scaleway-terraform.com/records?id=7d30906e-c6fa-4b23-84e1-a6adedf72dc5&name=tf&order_by=name_asc&page=1&type=A
    method: GET
  response:
    body: '{"records":[{"comment":null,"data":"127.0.0.2","id":"7d30906e-c6fa-4b23-84e1-a6adedf72dc5","name":"tf","priority":10,"ttl":43200,"type":"A"}],"total_count":1}'
    headers:
      Content-Length:
      - "158"
      Content-Security-Policy:
      - default-src 'none'; frame-ancestors 'none'
      Content-Type:
      - application/json
      Date:
      - Thu, 14 Dec 2023 12:43:32 GMT
      Server:
      - Scaleway API-Gateway
      Strict-Transport-Security:
      - max-age=63072000
      X-Content-Type-Options:
      - nosniff
      X-Frame-Options:
      - DENY
      X-Request-Id:
      - 36390ed5-14f1-48e7-bf69-b2a15de8a0a8
    status: 200 OK
    code: 200
- request:
    body: ""
    form: {}
    headers:
      User-Agent:
      - scaleway-sdk-go/v1.0.0-beta.7+dev (go1.20.4; linux; amd64) terraform-provider/develop
        terraform/terraform-tests
    url: https://api.scaleway.com/domain/v2beta1/dns-zones?dns_zone=test-basic.scaleway-terraform.com&domain=&order_by=domain_asc&page=1
    method: GET
  response:
    body: '{"dns_zones":[{"domain":"scaleway-terraform.com","linked_products":[],"message":null,"ns":["ns0.dom.scw.cloud","ns1.dom.scw.cloud"],"ns_default":["ns0.dom.scw.cloud","ns1.dom.scw.cloud"],"ns_master":[],"project_id":"105bdce1-64c0-48ab-899d-868455867ecf","status":"pending","subdomain":"test-basic","updated_at":"2023-12-14T12:43:31Z"}],"total_count":1}'
    headers:
      Content-Length:
      - "352"
      Content-Security-Policy:
      - default-src 'none'; frame-ancestors 'none'
      Content-Type:
      - application/json
      Date:
      - Thu, 14 Dec 2023 12:43:32 GMT
      Server:
      - Scaleway API-Gateway
      Strict-Transport-Security:
      - max-age=63072000
      X-Content-Type-Options:
      - nosniff
      X-Frame-Options:
      - DENY
      X-Request-Id:
      - d2540328-4c9f-4ca3-bb03-945175c3f660
    status: 200 OK
    code: 200
- request:
    body: ""
    form: {}
    headers:
      User-Agent:
      - scaleway-sdk-go/v1.0.0-beta.7+dev (go1.20.4; linux; amd64) terraform-provider/develop
        terraform/terraform-tests
    url: https://api.scaleway.com/domain/v2beta1/dns-zones/test-basic.scaleway-terraform.com/records?id=7d30906e-c6fa-4b23-84e1-a6adedf72dc5&name=tf&order_by=name_asc&page=1&type=A
    method: GET
  response:
    body: '{"records":[{"comment":null,"data":"127.0.0.2","id":"7d30906e-c6fa-4b23-84e1-a6adedf72dc5","name":"tf","priority":10,"ttl":43200,"type":"A"}],"total_count":1}'
    headers:
      Content-Length:
      - "158"
      Content-Security-Policy:
      - default-src 'none'; frame-ancestors 'none'
      Content-Type:
      - application/json
      Date:
      - Thu, 14 Dec 2023 12:43:32 GMT
      Server:
      - Scaleway API-Gateway
      Strict-Transport-Security:
      - max-age=63072000
      X-Content-Type-Options:
      - nosniff
      X-Frame-Options:
      - DENY
      X-Request-Id:
      - 717b941a-cd75-47d3-849c-0c87264e05b7
    status: 200 OK
    code: 200
- request:
    body: ""
    form: {}
    headers:
      User-Agent:
      - scaleway-sdk-go/v1.0.0-beta.7+dev (go1.20.4; linux; amd64) terraform-provider/develop
        terraform/terraform-tests
    url: https://api.scaleway.com/domain/v2beta1/dns-zones?dns_zone=test-basic.scaleway-terraform.com&domain=&order_by=domain_asc&page=1
    method: GET
  response:
    body: '{"dns_zones":[{"domain":"scaleway-terraform.com","linked_products":[],"message":null,"ns":["ns0.dom.scw.cloud","ns1.dom.scw.cloud"],"ns_default":["ns0.dom.scw.cloud","ns1.dom.scw.cloud"],"ns_master":[],"project_id":"105bdce1-64c0-48ab-899d-868455867ecf","status":"pending","subdomain":"test-basic","updated_at":"2023-12-14T12:43:31Z"}],"total_count":1}'
    headers:
      Content-Length:
      - "352"
      Content-Security-Policy:
      - default-src 'none'; frame-ancestors 'none'
      Content-Type:
      - application/json
      Date:
      - Thu, 14 Dec 2023 12:43:32 GMT
      Server:
      - Scaleway API-Gateway
      Strict-Transport-Security:
      - max-age=63072000
      X-Content-Type-Options:
      - nosniff
      X-Frame-Options:
      - DENY
      X-Request-Id:
      - 1edc1075-3d85-4fe0-90bf-e9f94674db90
    status: 200 OK
    code: 200
- request:
    body: '{"changes":[{"add":{"records":[{"data":"ASPMX.L.GOOGLE.COM.","name":"record_mx","priority":1,"ttl":600,"type":"MX","comment":null,"id":""}]}}],"return_all_records":false,"disallow_new_zone_creation":false}'
    form: {}
    headers:
      Content-Type:
      - application/json
      User-Agent:
      - scaleway-sdk-go/v1.0.0-beta.7+dev (go1.20.4; linux; amd64) terraform-provider/develop
        terraform/terraform-tests
    url: https://api.scaleway.com/domain/v2beta1/dns-zones/test-basic.scaleway-terraform.com/records
    method: PATCH
  response:
    body: '{"records":[{"comment":null,"data":"1 aspmx.l.google.com.","id":"5580a359-32f4-4791-b3d1-7bcef3b9163a","name":"record_mx","priority":1,"ttl":600,"type":"MX"}]}'
    headers:
      Content-Length:
      - "159"
      Content-Security-Policy:
      - default-src 'none'; frame-ancestors 'none'
      Content-Type:
      - application/json
      Date:
      - Thu, 14 Dec 2023 12:43:32 GMT
      Server:
      - Scaleway API-Gateway
      Strict-Transport-Security:
      - max-age=63072000
      X-Content-Type-Options:
      - nosniff
      X-Frame-Options:
      - DENY
      X-Request-Id:
      - 054ba8e7-124f-4b2f-8555-e11822e019a9
    status: 200 OK
    code: 200
- request:
    body: ""
    form: {}
    headers:
      User-Agent:
      - scaleway-sdk-go/v1.0.0-beta.7+dev (go1.20.4; linux; amd64) terraform-provider/develop
        terraform/terraform-tests
    url: https://api.scaleway.com/domain/v2beta1/dns-zones/test-basic.scaleway-terraform.com/records?name=record_mx&order_by=name_asc&type=MX
    method: GET
  response:
    body: '{"records":[{"comment":null,"data":"1 aspmx.l.google.com.","id":"5580a359-32f4-4791-b3d1-7bcef3b9163a","name":"record_mx","priority":1,"ttl":600,"type":"MX"}],"total_count":1}'
    headers:
      Content-Length:
      - "175"
      Content-Security-Policy:
      - default-src 'none'; frame-ancestors 'none'
      Content-Type:
      - application/json
      Date:
      - Thu, 14 Dec 2023 12:43:33 GMT
      Server:
      - Scaleway API-Gateway
      Strict-Transport-Security:
      - max-age=63072000
      X-Content-Type-Options:
      - nosniff
      X-Frame-Options:
      - DENY
      X-Request-Id:
      - 7ab67f20-3725-40df-b85b-3aaa64d91773
    status: 200 OK
    code: 200
- request:
    body: ""
    form: {}
    headers:
      User-Agent:
      - scaleway-sdk-go/v1.0.0-beta.7+dev (go1.20.4; linux; amd64) terraform-provider/develop
        terraform/terraform-tests
    url: https://api.scaleway.com/domain/v2beta1/dns-zones/test-basic.scaleway-terraform.com/records?name=record_mx&order_by=name_asc&page=1&type=MX
    method: GET
  response:
    body: '{"records":[{"comment":null,"data":"1 aspmx.l.google.com.","id":"5580a359-32f4-4791-b3d1-7bcef3b9163a","name":"record_mx","priority":1,"ttl":600,"type":"MX"}],"total_count":1}'
    headers:
      Content-Length:
      - "175"
      Content-Security-Policy:
      - default-src 'none'; frame-ancestors 'none'
      Content-Type:
      - application/json
      Date:
      - Thu, 14 Dec 2023 12:43:33 GMT
      Server:
      - Scaleway API-Gateway
      Strict-Transport-Security:
      - max-age=63072000
      X-Content-Type-Options:
      - nosniff
      X-Frame-Options:
      - DENY
      X-Request-Id:
      - 4302d127-9226-4ef0-8b54-be1971e57353
    status: 200 OK
    code: 200
- request:
    body: ""
    form: {}
    headers:
      User-Agent:
      - scaleway-sdk-go/v1.0.0-beta.7+dev (go1.20.4; linux; amd64) terraform-provider/develop
        terraform/terraform-tests
    url: https://api.scaleway.com/domain/v2beta1/dns-zones/test-basic.scaleway-terraform.com/records?id=5580a359-32f4-4791-b3d1-7bcef3b9163a&name=&order_by=name_asc&page=1&type=unknown
    method: GET
  response:
    body: '{"records":[{"comment":null,"data":"1 aspmx.l.google.com.","id":"5580a359-32f4-4791-b3d1-7bcef3b9163a","name":"record_mx","priority":1,"ttl":600,"type":"MX"}],"total_count":1}'
    headers:
      Content-Length:
      - "175"
      Content-Security-Policy:
      - default-src 'none'; frame-ancestors 'none'
      Content-Type:
      - application/json
      Date:
      - Thu, 14 Dec 2023 12:43:33 GMT
      Server:
      - Scaleway API-Gateway
      Strict-Transport-Security:
      - max-age=63072000
      X-Content-Type-Options:
      - nosniff
      X-Frame-Options:
      - DENY
      X-Request-Id:
      - 16f3b9e1-4612-43df-a241-8a1821f868e3
    status: 200 OK
    code: 200
- request:
    body: ""
    form: {}
    headers:
      User-Agent:
      - scaleway-sdk-go/v1.0.0-beta.7+dev (go1.20.4; linux; amd64) terraform-provider/develop
        terraform/terraform-tests
    url: https://api.scaleway.com/domain/v2beta1/dns-zones?dns_zone=test-basic.scaleway-terraform.com&domain=&order_by=domain_asc&page=1
    method: GET
  response:
    body: '{"dns_zones":[{"domain":"scaleway-terraform.com","linked_products":[],"message":null,"ns":["ns0.dom.scw.cloud","ns1.dom.scw.cloud"],"ns_default":["ns0.dom.scw.cloud","ns1.dom.scw.cloud"],"ns_master":[],"project_id":"105bdce1-64c0-48ab-899d-868455867ecf","status":"pending","subdomain":"test-basic","updated_at":"2023-12-14T12:43:32Z"}],"total_count":1}'
    headers:
      Content-Length:
      - "352"
      Content-Security-Policy:
      - default-src 'none'; frame-ancestors 'none'
      Content-Type:
      - application/json
      Date:
      - Thu, 14 Dec 2023 12:43:33 GMT
      Server:
      - Scaleway API-Gateway
      Strict-Transport-Security:
      - max-age=63072000
      X-Content-Type-Options:
      - nosniff
      X-Frame-Options:
      - DENY
      X-Request-Id:
      - 9bdb473f-809c-4e7f-8acd-6a33e8f26d44
    status: 200 OK
    code: 200
- request:
    body: ""
    form: {}
    headers:
      User-Agent:
      - scaleway-sdk-go/v1.0.0-beta.7+dev (go1.20.4; linux; amd64) terraform-provider/develop
        terraform/terraform-tests
    url: https://api.scaleway.com/domain/v2beta1/dns-zones/test-basic.scaleway-terraform.com/records?name=&order_by=name_asc&type=unknown
    method: GET
  response:
    body: '{"records":[{"comment":null,"data":"ns0.dom.scw.cloud.","id":"dafc9fdc-5336-4ba9-b4e0-15a07571674e","name":"","priority":0,"ttl":1800,"type":"NS"},{"comment":null,"data":"ns1.dom.scw.cloud.","id":"8d664466-3534-42fe-913b-13a09d657af3","name":"","priority":0,"ttl":1800,"type":"NS"},{"comment":null,"data":"1
      aspmx.l.google.com.","id":"5580a359-32f4-4791-b3d1-7bcef3b9163a","name":"record_mx","priority":1,"ttl":600,"type":"MX"},{"comment":null,"data":"127.0.0.2","id":"7d30906e-c6fa-4b23-84e1-a6adedf72dc5","name":"tf","priority":10,"ttl":43200,"type":"A"}],"total_count":4}'
    headers:
      Content-Length:
      - "574"
      Content-Security-Policy:
      - default-src 'none'; frame-ancestors 'none'
      Content-Type:
      - application/json
      Date:
      - Thu, 14 Dec 2023 12:43:33 GMT
      Server:
      - Scaleway API-Gateway
      Strict-Transport-Security:
      - max-age=63072000
      X-Content-Type-Options:
      - nosniff
      X-Frame-Options:
      - DENY
      X-Request-Id:
      - 1fdd1bd2-c4c9-405f-a801-0c62202183fc
    status: 200 OK
    code: 200
- request:
    body: ""
    form: {}
    headers:
      User-Agent:
      - scaleway-sdk-go/v1.0.0-beta.7+dev (go1.20.4; linux; amd64) terraform-provider/develop
        terraform/terraform-tests
    url: https://api.scaleway.com/domain/v2beta1/dns-zones/test-basic.scaleway-terraform.com/records?id=5580a359-32f4-4791-b3d1-7bcef3b9163a&name=record_mx&order_by=name_asc&page=1&type=MX
    method: GET
  response:
    body: '{"records":[{"comment":null,"data":"1 aspmx.l.google.com.","id":"5580a359-32f4-4791-b3d1-7bcef3b9163a","name":"record_mx","priority":1,"ttl":600,"type":"MX"}],"total_count":1}'
    headers:
      Content-Length:
      - "175"
      Content-Security-Policy:
      - default-src 'none'; frame-ancestors 'none'
      Content-Type:
      - application/json
      Date:
      - Thu, 14 Dec 2023 12:43:33 GMT
      Server:
      - Scaleway API-Gateway
      Strict-Transport-Security:
      - max-age=63072000
      X-Content-Type-Options:
      - nosniff
      X-Frame-Options:
      - DENY
      X-Request-Id:
      - 41a3491c-41dd-40df-a088-cb11b9dd6f31
    status: 200 OK
    code: 200
- request:
    body: ""
    form: {}
    headers:
      User-Agent:
      - scaleway-sdk-go/v1.0.0-beta.7+dev (go1.20.4; linux; amd64) terraform-provider/develop
        terraform/terraform-tests
    url: https://api.scaleway.com/domain/v2beta1/dns-zones/test-basic.scaleway-terraform.com/records?id=7d30906e-c6fa-4b23-84e1-a6adedf72dc5&name=tf&order_by=name_asc&page=1&type=A
    method: GET
  response:
    body: '{"records":[{"comment":null,"data":"127.0.0.2","id":"7d30906e-c6fa-4b23-84e1-a6adedf72dc5","name":"tf","priority":10,"ttl":43200,"type":"A"}],"total_count":1}'
    headers:
      Content-Length:
      - "158"
      Content-Security-Policy:
      - default-src 'none'; frame-ancestors 'none'
      Content-Type:
      - application/json
      Date:
      - Thu, 14 Dec 2023 12:43:33 GMT
      Server:
      - Scaleway API-Gateway
      Strict-Transport-Security:
      - max-age=63072000
      X-Content-Type-Options:
      - nosniff
      X-Frame-Options:
      - DENY
      X-Request-Id:
      - fc1708da-b4eb-446e-bd19-27d3af4cf02a
    status: 200 OK
    code: 200
- request:
    body: ""
    form: {}
    headers:
      User-Agent:
      - scaleway-sdk-go/v1.0.0-beta.7+dev (go1.20.4; linux; amd64) terraform-provider/develop
        terraform/terraform-tests
    url: https://api.scaleway.com/domain/v2beta1/dns-zones?dns_zone=test-basic.scaleway-terraform.com&domain=&order_by=domain_asc&page=1
    method: GET
  response:
    body: '{"dns_zones":[{"domain":"scaleway-terraform.com","linked_products":[],"message":null,"ns":["ns0.dom.scw.cloud","ns1.dom.scw.cloud"],"ns_default":["ns0.dom.scw.cloud","ns1.dom.scw.cloud"],"ns_master":[],"project_id":"105bdce1-64c0-48ab-899d-868455867ecf","status":"pending","subdomain":"test-basic","updated_at":"2023-12-14T12:43:32Z"}],"total_count":1}'
    headers:
      Content-Length:
      - "352"
      Content-Security-Policy:
      - default-src 'none'; frame-ancestors 'none'
      Content-Type:
      - application/json
      Date:
      - Thu, 14 Dec 2023 12:43:33 GMT
      Server:
      - Scaleway API-Gateway
      Strict-Transport-Security:
      - max-age=63072000
      X-Content-Type-Options:
      - nosniff
      X-Frame-Options:
      - DENY
      X-Request-Id:
      - 5af1b027-811e-4b7f-b5d2-73d3818f6f50
    status: 200 OK
    code: 200
- request:
    body: ""
    form: {}
    headers:
      User-Agent:
      - scaleway-sdk-go/v1.0.0-beta.7+dev (go1.20.4; linux; amd64) terraform-provider/develop
        terraform/terraform-tests
    url: https://api.scaleway.com/domain/v2beta1/dns-zones?dns_zone=test-basic.scaleway-terraform.com&domain=&order_by=domain_asc&page=1
    method: GET
  response:
    body: '{"dns_zones":[{"domain":"scaleway-terraform.com","linked_products":[],"message":null,"ns":["ns0.dom.scw.cloud","ns1.dom.scw.cloud"],"ns_default":["ns0.dom.scw.cloud","ns1.dom.scw.cloud"],"ns_master":[],"project_id":"105bdce1-64c0-48ab-899d-868455867ecf","status":"pending","subdomain":"test-basic","updated_at":"2023-12-14T12:43:32Z"}],"total_count":1}'
    headers:
      Content-Length:
      - "352"
      Content-Security-Policy:
      - default-src 'none'; frame-ancestors 'none'
      Content-Type:
      - application/json
      Date:
      - Thu, 14 Dec 2023 12:43:33 GMT
      Server:
      - Scaleway API-Gateway
      Strict-Transport-Security:
      - max-age=63072000
      X-Content-Type-Options:
      - nosniff
      X-Frame-Options:
      - DENY
      X-Request-Id:
      - 8697f11f-ab93-4491-9cfe-3a92f3c5823e
    status: 200 OK
    code: 200
- request:
    body: '{"changes":[{"delete":{"id":"5580a359-32f4-4791-b3d1-7bcef3b9163a"}}],"return_all_records":false,"disallow_new_zone_creation":false}'
    form: {}
    headers:
      Content-Type:
      - application/json
      User-Agent:
      - scaleway-sdk-go/v1.0.0-beta.7+dev (go1.20.4; linux; amd64) terraform-provider/develop
        terraform/terraform-tests
    url: https://api.scaleway.com/domain/v2beta1/dns-zones/test-basic.scaleway-terraform.com/records
    method: PATCH
  response:
    body: '{"records":[]}'
    headers:
      Content-Length:
      - "14"
      Content-Security-Policy:
      - default-src 'none'; frame-ancestors 'none'
      Content-Type:
      - application/json
      Date:
      - Thu, 14 Dec 2023 12:43:34 GMT
      Server:
      - Scaleway API-Gateway
      Strict-Transport-Security:
      - max-age=63072000
      X-Content-Type-Options:
      - nosniff
      X-Frame-Options:
      - DENY
      X-Request-Id:
      - b99d8b83-42d0-4c1d-b928-2b64a79222f8
    status: 200 OK
    code: 200
- request:
    body: '{"changes":[{"delete":{"id":"7d30906e-c6fa-4b23-84e1-a6adedf72dc5"}}],"return_all_records":false,"disallow_new_zone_creation":false}'
    form: {}
    headers:
      Content-Type:
      - application/json
      User-Agent:
      - scaleway-sdk-go/v1.0.0-beta.7+dev (go1.20.4; linux; amd64) terraform-provider/develop
        terraform/terraform-tests
    url: https://api.scaleway.com/domain/v2beta1/dns-zones/test-basic.scaleway-terraform.com/records
    method: PATCH
  response:
    body: '{"records":[]}'
    headers:
      Content-Length:
      - "14"
      Content-Security-Policy:
      - default-src 'none'; frame-ancestors 'none'
      Content-Type:
      - application/json
      Date:
      - Thu, 14 Dec 2023 12:43:34 GMT
      Server:
      - Scaleway API-Gateway
      Strict-Transport-Security:
      - max-age=63072000
      X-Content-Type-Options:
      - nosniff
      X-Frame-Options:
      - DENY
      X-Request-Id:
      - 451c6d82-5cd2-44f6-9ac6-08b02a5e3419
    status: 200 OK
    code: 200
- request:
    body: ""
    form: {}
    headers:
      User-Agent:
      - scaleway-sdk-go/v1.0.0-beta.7+dev (go1.20.4; linux; amd64) terraform-provider/develop
        terraform/terraform-tests
    url: https://api.scaleway.com/domain/v2beta1/dns-zones/test-basic.scaleway-terraform.com/records?name=&order_by=name_asc&type=unknown
    method: GET
  response:
    body: '{"records":[{"comment":null,"data":"ns0.dom.scw.cloud.","id":"dafc9fdc-5336-4ba9-b4e0-15a07571674e","name":"","priority":0,"ttl":1800,"type":"NS"},{"comment":null,"data":"ns1.dom.scw.cloud.","id":"8d664466-3534-42fe-913b-13a09d657af3","name":"","priority":0,"ttl":1800,"type":"NS"}],"total_count":2}'
    headers:
      Content-Length:
      - "299"
      Content-Security-Policy:
      - default-src 'none'; frame-ancestors 'none'
      Content-Type:
      - application/json
      Date:
      - Thu, 14 Dec 2023 12:43:34 GMT
      Server:
      - Scaleway API-Gateway
      Strict-Transport-Security:
      - max-age=63072000
      X-Content-Type-Options:
      - nosniff
      X-Frame-Options:
      - DENY
      X-Request-Id:
      - 80fa4045-9ca7-40b3-a17a-603718b5fc21
    status: 200 OK
    code: 200
- request:
    body: ""
    form: {}
    headers:
      User-Agent:
      - scaleway-sdk-go/v1.0.0-beta.7+dev (go1.20.4; linux; amd64) terraform-provider/develop
        terraform/terraform-tests
    url: https://api.scaleway.com/domain/v2beta1/dns-zones/test-basic.scaleway-terraform.com/records?name=&order_by=name_asc&type=unknown
    method: GET
  response:
    body: '{"records":[{"comment":null,"data":"ns0.dom.scw.cloud.","id":"dafc9fdc-5336-4ba9-b4e0-15a07571674e","name":"","priority":0,"ttl":1800,"type":"NS"},{"comment":null,"data":"ns1.dom.scw.cloud.","id":"8d664466-3534-42fe-913b-13a09d657af3","name":"","priority":0,"ttl":1800,"type":"NS"}],"total_count":2}'
    headers:
      Content-Length:
      - "299"
      Content-Security-Policy:
      - default-src 'none'; frame-ancestors 'none'
      Content-Type:
      - application/json
      Date:
      - Thu, 14 Dec 2023 12:43:34 GMT
      Server:
      - Scaleway API-Gateway
      Strict-Transport-Security:
      - max-age=63072000
      X-Content-Type-Options:
      - nosniff
      X-Frame-Options:
      - DENY
      X-Request-Id:
      - 6306b9f3-8a14-432c-bb21-13dfce3280e7
    status: 200 OK
    code: 200
- request:
    body: ""
    form: {}
    headers:
      User-Agent:
      - scaleway-sdk-go/v1.0.0-beta.7+dev (go1.20.4; linux; amd64) terraform-provider/develop
        terraform/terraform-tests
    url: https://api.scaleway.com/domain/v2beta1/dns-zones?dns_zone=test-basic.scaleway-terraform.com&domain=&order_by=domain_asc
    method: GET
  response:
    body: '{"dns_zones":[{"domain":"scaleway-terraform.com","linked_products":[],"message":null,"ns":["ns0.dom.scw.cloud","ns1.dom.scw.cloud"],"ns_default":["ns0.dom.scw.cloud","ns1.dom.scw.cloud"],"ns_master":[],"project_id":"105bdce1-64c0-48ab-899d-868455867ecf","status":"pending","subdomain":"test-basic","updated_at":"2023-12-14T12:43:34Z"}],"total_count":1}'
    headers:
      Content-Length:
      - "352"
      Content-Security-Policy:
      - default-src 'none'; frame-ancestors 'none'
      Content-Type:
      - application/json
      Date:
      - Thu, 14 Dec 2023 12:43:34 GMT
      Server:
      - Scaleway API-Gateway
      Strict-Transport-Security:
      - max-age=63072000
      X-Content-Type-Options:
      - nosniff
      X-Frame-Options:
      - DENY
      X-Request-Id:
      - 8e22b806-2a98-49fa-a2dd-dbc913af862b
    status: 200 OK
    code: 200
- request:
    body: ""
    form: {}
    headers:
      User-Agent:
      - scaleway-sdk-go/v1.0.0-beta.7+dev (go1.20.4; linux; amd64) terraform-provider/develop
        terraform/terraform-tests
    url: https://api.scaleway.com/domain/v2beta1/dns-zones?dns_zone=test-basic.scaleway-terraform.com&domain=&order_by=domain_asc
    method: GET
  response:
    body: '{"dns_zones":[{"domain":"scaleway-terraform.com","linked_products":[],"message":null,"ns":["ns0.dom.scw.cloud","ns1.dom.scw.cloud"],"ns_default":["ns0.dom.scw.cloud","ns1.dom.scw.cloud"],"ns_master":[],"project_id":"105bdce1-64c0-48ab-899d-868455867ecf","status":"pending","subdomain":"test-basic","updated_at":"2023-12-14T12:43:34Z"}],"total_count":1}'
    headers:
      Content-Length:
      - "352"
      Content-Security-Policy:
      - default-src 'none'; frame-ancestors 'none'
      Content-Type:
      - application/json
      Date:
      - Thu, 14 Dec 2023 12:43:34 GMT
      Server:
      - Scaleway API-Gateway
      Strict-Transport-Security:
      - max-age=63072000
      X-Content-Type-Options:
      - nosniff
      X-Frame-Options:
      - DENY
      X-Request-Id:
      - 0d221c4a-3fee-4471-ad42-e35ca1ebf815
    status: 200 OK
    code: 200
- request:
    body: ""
    form: {}
    headers:
      User-Agent:
      - scaleway-sdk-go/v1.0.0-beta.7+dev (go1.20.4; linux; amd64) terraform-provider/develop
        terraform/terraform-tests
    url: https://api.scaleway.com/domain/v2beta1/dns-zones?dns_zone=test-basic.scaleway-terraform.com&domain=&order_by=domain_asc
    method: GET
  response:
    body: '{"dns_zones":[{"domain":"scaleway-terraform.com","linked_products":[],"message":null,"ns":["ns0.dom.scw.cloud","ns1.dom.scw.cloud"],"ns_default":["ns0.dom.scw.cloud","ns1.dom.scw.cloud"],"ns_master":[],"project_id":"105bdce1-64c0-48ab-899d-868455867ecf","status":"active","subdomain":"test-basic","updated_at":"2023-12-14T12:43:36Z"}],"total_count":1}'
    headers:
      Content-Length:
      - "351"
      Content-Security-Policy:
      - default-src 'none'; frame-ancestors 'none'
      Content-Type:
      - application/json
      Date:
      - Thu, 14 Dec 2023 12:43:39 GMT
      Server:
      - Scaleway API-Gateway
      Strict-Transport-Security:
      - max-age=63072000
      X-Content-Type-Options:
      - nosniff
      X-Frame-Options:
      - DENY
      X-Request-Id:
      - ed4894e0-d623-439b-88b1-e67e447e4b55
    status: 200 OK
    code: 200
- request:
    body: ""
    form: {}
    headers:
      User-Agent:
      - scaleway-sdk-go/v1.0.0-beta.7+dev (go1.20.4; linux; amd64) terraform-provider/develop
        terraform/terraform-tests
    url: https://api.scaleway.com/domain/v2beta1/dns-zones?dns_zone=test-basic.scaleway-terraform.com&domain=&order_by=domain_asc
    method: GET
  response:
    body: '{"dns_zones":[{"domain":"scaleway-terraform.com","linked_products":[],"message":null,"ns":["ns0.dom.scw.cloud","ns1.dom.scw.cloud"],"ns_default":["ns0.dom.scw.cloud","ns1.dom.scw.cloud"],"ns_master":[],"project_id":"105bdce1-64c0-48ab-899d-868455867ecf","status":"active","subdomain":"test-basic","updated_at":"2023-12-14T12:43:36Z"}],"total_count":1}'
    headers:
      Content-Length:
      - "351"
      Content-Security-Policy:
      - default-src 'none'; frame-ancestors 'none'
      Content-Type:
      - application/json
      Date:
      - Thu, 14 Dec 2023 12:43:39 GMT
      Server:
      - Scaleway API-Gateway
      Strict-Transport-Security:
      - max-age=63072000
      X-Content-Type-Options:
      - nosniff
      X-Frame-Options:
      - DENY
      X-Request-Id:
      - 8b90f525-ac93-4087-99d9-401f6c60db6d
    status: 200 OK
    code: 200
- request:
    body: ""
    form: {}
    headers:
      User-Agent:
      - scaleway-sdk-go/v1.0.0-beta.7+dev (go1.20.4; linux; amd64) terraform-provider/develop
        terraform/terraform-tests
    url: https://api.scaleway.com/domain/v2beta1/dns-zones/test-basic.scaleway-terraform.com?project_id=105bdce1-64c0-48ab-899d-868455867ecf
    method: DELETE
  response:
    body: '{}'
    headers:
      Content-Length:
      - "2"
      Content-Security-Policy:
      - default-src 'none'; frame-ancestors 'none'
      Content-Type:
      - application/json
      Date:
      - Thu, 14 Dec 2023 12:43:39 GMT
      Server:
      - Scaleway API-Gateway
      Strict-Transport-Security:
      - max-age=63072000
      X-Content-Type-Options:
      - nosniff
      X-Frame-Options:
      - DENY
      X-Request-Id:
      - 929b055d-bb43-46a2-93ba-9cad94509f67
    status: 200 OK
    code: 200
- request:
    body: ""
    form: {}
    headers:
      User-Agent:
      - scaleway-sdk-go/v1.0.0-beta.7+dev (go1.20.4; linux; amd64) terraform-provider/develop
        terraform/terraform-tests
    url: https://api.scaleway.com/domain/v2beta1/dns-zones/test-basic.scaleway-terraform.com?project_id=105bdce1-64c0-48ab-899d-868455867ecf
    method: DELETE
  response:
    body: '{"message":"subdomain not found"}'
    headers:
      Content-Length:
      - "33"
      Content-Security-Policy:
      - default-src 'none'; frame-ancestors 'none'
      Content-Type:
      - application/json
      Date:
      - Thu, 14 Dec 2023 12:43:40 GMT
      Server:
      - Scaleway API-Gateway
      Strict-Transport-Security:
      - max-age=63072000
      X-Content-Type-Options:
      - nosniff
      X-Frame-Options:
      - DENY
      X-Request-Id:
      - 851f9786-95f5-41ed-a6f0-232469ab9416
    status: 403 Forbidden
    code: 403
- request:
    body: ""
    form: {}
    headers:
      User-Agent:
      - scaleway-sdk-go/v1.0.0-beta.7+dev (go1.20.4; linux; amd64) terraform-provider/develop
        terraform/terraform-tests
    url: https://api.scaleway.com/domain/v2beta1/dns-zones/test-basic.scaleway-terraform.com/records?name=&order_by=name_asc&type=unknown
    method: GET
  response:
    body: '{"message":"subdomain not found"}'
    headers:
      Content-Length:
      - "33"
      Content-Security-Policy:
      - default-src 'none'; frame-ancestors 'none'
      Content-Type:
      - application/json
      Date:
      - Thu, 14 Dec 2023 12:43:40 GMT
      Server:
      - Scaleway API-Gateway
      Strict-Transport-Security:
      - max-age=63072000
      X-Content-Type-Options:
      - nosniff
      X-Frame-Options:
      - DENY
      X-Request-Id:
      - 987c6c0c-e879-48e4-8413-987931addce0
    status: 403 Forbidden
    code: 403
