---
version: 2
interactions:
- request:
    body: '{"name":"tf-func-priceless-gauss","environment_variables":{},"project_id":"ee7bd9e1-9cbd-4724-b2f4-19e50f3cf38b","description":null,"secret_environment_variables":[]}'
    form: {}
    headers:
      Content-Type:
      - application/json
      User-Agent:
      - scaleway-sdk-go/v1.0.0-beta.7+dev (go1.19.1; linux; amd64) terraform-provider/develop
        terraform/terraform-tests
    url: https://api.scaleway.com/functions/v1beta1/regions/fr-par/namespaces
    method: POST
  response:
    body: '{"description":"","environment_variables":{},"error_message":null,"id":"86a56709-566d-4a59-967b-dd762e15a7b6","name":"tf-func-priceless-gauss","organization_id":"ee7bd9e1-9cbd-4724-b2f4-19e50f3cf38b","project_id":"ee7bd9e1-9cbd-4724-b2f4-19e50f3cf38b","region":"fr-par","registry_endpoint":"","registry_namespace_id":"","secret_environment_variables":[],"status":"pending"}'
    headers:
      Content-Length:
      - "373"
      Content-Security-Policy:
      - default-src 'none'; frame-ancestors 'none'
      Content-Type:
      - application/json
      Date:
      - Wed, 04 Jan 2023 10:46:38 GMT
      Server:
      - Scaleway API-Gateway
      Strict-Transport-Security:
      - max-age=63072000
      X-Content-Type-Options:
      - nosniff
      X-Frame-Options:
      - DENY
      X-Request-Id:
      - af222ae6-2ae7-4848-800f-8a92676ae14f
    status: 200 OK
    code: 200
- request:
    body: ""
    form: {}
    headers:
      User-Agent:
      - scaleway-sdk-go/v1.0.0-beta.7+dev (go1.19.1; linux; amd64) terraform-provider/develop
        terraform/terraform-tests
    url: https://api.scaleway.com/functions/v1beta1/regions/fr-par/namespaces/86a56709-566d-4a59-967b-dd762e15a7b6
    method: GET
  response:
    body: '{"description":"","environment_variables":{},"error_message":null,"id":"86a56709-566d-4a59-967b-dd762e15a7b6","name":"tf-func-priceless-gauss","organization_id":"ee7bd9e1-9cbd-4724-b2f4-19e50f3cf38b","project_id":"ee7bd9e1-9cbd-4724-b2f4-19e50f3cf38b","region":"fr-par","registry_endpoint":"","registry_namespace_id":"","secret_environment_variables":[],"status":"pending"}'
    headers:
      Content-Length:
      - "373"
      Content-Security-Policy:
      - default-src 'none'; frame-ancestors 'none'
      Content-Type:
      - application/json
      Date:
      - Wed, 04 Jan 2023 10:46:38 GMT
      Server:
      - Scaleway API-Gateway
      Strict-Transport-Security:
      - max-age=63072000
      X-Content-Type-Options:
      - nosniff
      X-Frame-Options:
      - DENY
      X-Request-Id:
      - 9b6ce964-e312-4bb1-a155-edd79485ab20
    status: 200 OK
    code: 200
- request:
    body: ""
    form: {}
    headers:
      User-Agent:
      - scaleway-sdk-go/v1.0.0-beta.7+dev (go1.19.1; linux; amd64) terraform-provider/develop
        terraform/terraform-tests
    url: https://api.scaleway.com/functions/v1beta1/regions/fr-par/namespaces/86a56709-566d-4a59-967b-dd762e15a7b6
    method: GET
  response:
    body: '{"description":"","environment_variables":{},"error_message":null,"id":"86a56709-566d-4a59-967b-dd762e15a7b6","name":"tf-func-priceless-gauss","organization_id":"ee7bd9e1-9cbd-4724-b2f4-19e50f3cf38b","project_id":"ee7bd9e1-9cbd-4724-b2f4-19e50f3cf38b","region":"fr-par","registry_endpoint":"","registry_namespace_id":"","secret_environment_variables":[],"status":"pending"}'
    headers:
      Content-Length:
      - "373"
      Content-Security-Policy:
      - default-src 'none'; frame-ancestors 'none'
      Content-Type:
      - application/json
      Date:
      - Wed, 04 Jan 2023 10:46:43 GMT
      Server:
      - Scaleway API-Gateway
      Strict-Transport-Security:
      - max-age=63072000
      X-Content-Type-Options:
      - nosniff
      X-Frame-Options:
      - DENY
      X-Request-Id:
      - e25a6069-b6d4-4cea-84d4-21a656b375b3
    status: 200 OK
    code: 200
- request:
    body: ""
    form: {}
    headers:
      User-Agent:
      - scaleway-sdk-go/v1.0.0-beta.7+dev (go1.19.1; linux; amd64) terraform-provider/develop
        terraform/terraform-tests
    url: https://api.scaleway.com/functions/v1beta1/regions/fr-par/namespaces/86a56709-566d-4a59-967b-dd762e15a7b6
    method: GET
  response:
    body: '{"description":"","environment_variables":{},"error_message":null,"id":"86a56709-566d-4a59-967b-dd762e15a7b6","name":"tf-func-priceless-gauss","organization_id":"ee7bd9e1-9cbd-4724-b2f4-19e50f3cf38b","project_id":"ee7bd9e1-9cbd-4724-b2f4-19e50f3cf38b","region":"fr-par","registry_endpoint":"","registry_namespace_id":"","secret_environment_variables":[],"status":"pending"}'
    headers:
      Content-Length:
      - "373"
      Content-Security-Policy:
      - default-src 'none'; frame-ancestors 'none'
      Content-Type:
      - application/json
      Date:
      - Wed, 04 Jan 2023 10:46:48 GMT
      Server:
      - Scaleway API-Gateway
      Strict-Transport-Security:
      - max-age=63072000
      X-Content-Type-Options:
      - nosniff
      X-Frame-Options:
      - DENY
      X-Request-Id:
      - 66eacfc2-1c16-46d6-a8a0-622d1f4ee047
    status: 200 OK
    code: 200
- request:
    body: ""
    form: {}
    headers:
      User-Agent:
      - scaleway-sdk-go/v1.0.0-beta.7+dev (go1.19.1; linux; amd64) terraform-provider/develop
        terraform/terraform-tests
    url: https://api.scaleway.com/functions/v1beta1/regions/fr-par/namespaces/86a56709-566d-4a59-967b-dd762e15a7b6
    method: GET
  response:
    body: '{"description":"","environment_variables":{},"error_message":null,"id":"86a56709-566d-4a59-967b-dd762e15a7b6","name":"tf-func-priceless-gauss","organization_id":"ee7bd9e1-9cbd-4724-b2f4-19e50f3cf38b","project_id":"ee7bd9e1-9cbd-4724-b2f4-19e50f3cf38b","region":"fr-par","registry_endpoint":"","registry_namespace_id":"","secret_environment_variables":[],"status":"pending"}'
    headers:
      Content-Length:
      - "373"
      Content-Security-Policy:
      - default-src 'none'; frame-ancestors 'none'
      Content-Type:
      - application/json
      Date:
      - Wed, 04 Jan 2023 10:46:53 GMT
      Server:
      - Scaleway API-Gateway
      Strict-Transport-Security:
      - max-age=63072000
      X-Content-Type-Options:
      - nosniff
      X-Frame-Options:
      - DENY
      X-Request-Id:
      - 37130c3a-f5ad-4a07-95d2-31ebc891dc34
    status: 200 OK
    code: 200
- request:
    body: ""
    form: {}
    headers:
      User-Agent:
      - scaleway-sdk-go/v1.0.0-beta.7+dev (go1.19.1; linux; amd64) terraform-provider/develop
        terraform/terraform-tests
    url: https://api.scaleway.com/functions/v1beta1/regions/fr-par/namespaces/86a56709-566d-4a59-967b-dd762e15a7b6
    method: GET
  response:
    body: '{"description":"","environment_variables":{},"error_message":null,"id":"86a56709-566d-4a59-967b-dd762e15a7b6","name":"tf-func-priceless-gauss","organization_id":"ee7bd9e1-9cbd-4724-b2f4-19e50f3cf38b","project_id":"ee7bd9e1-9cbd-4724-b2f4-19e50f3cf38b","region":"fr-par","registry_endpoint":"","registry_namespace_id":"","secret_environment_variables":[],"status":"pending"}'
    headers:
      Content-Length:
      - "373"
      Content-Security-Policy:
      - default-src 'none'; frame-ancestors 'none'
      Content-Type:
      - application/json
      Date:
      - Wed, 04 Jan 2023 10:46:58 GMT
      Server:
      - Scaleway API-Gateway
      Strict-Transport-Security:
      - max-age=63072000
      X-Content-Type-Options:
      - nosniff
      X-Frame-Options:
      - DENY
      X-Request-Id:
      - 14f2b13a-f82a-49df-8569-f8152d9219b8
    status: 200 OK
    code: 200
- request:
    body: ""
    form: {}
    headers:
      User-Agent:
      - scaleway-sdk-go/v1.0.0-beta.7+dev (go1.19.1; linux; amd64) terraform-provider/develop
        terraform/terraform-tests
    url: https://api.scaleway.com/functions/v1beta1/regions/fr-par/namespaces/86a56709-566d-4a59-967b-dd762e15a7b6
    method: GET
  response:
    body: '{"description":"","environment_variables":{},"error_message":null,"id":"86a56709-566d-4a59-967b-dd762e15a7b6","name":"tf-func-priceless-gauss","organization_id":"ee7bd9e1-9cbd-4724-b2f4-19e50f3cf38b","project_id":"ee7bd9e1-9cbd-4724-b2f4-19e50f3cf38b","region":"fr-par","registry_endpoint":"","registry_namespace_id":"","secret_environment_variables":[],"status":"pending"}'
    headers:
      Content-Length:
      - "373"
      Content-Security-Policy:
      - default-src 'none'; frame-ancestors 'none'
      Content-Type:
      - application/json
      Date:
      - Wed, 04 Jan 2023 10:47:03 GMT
      Server:
      - Scaleway API-Gateway
      Strict-Transport-Security:
      - max-age=63072000
      X-Content-Type-Options:
      - nosniff
      X-Frame-Options:
      - DENY
      X-Request-Id:
      - d233dd74-f04a-42c1-b1e0-0bbadae16e05
    status: 200 OK
    code: 200
- request:
    body: ""
    form: {}
    headers:
      User-Agent:
      - scaleway-sdk-go/v1.0.0-beta.7+dev (go1.19.1; linux; amd64) terraform-provider/develop
        terraform/terraform-tests
    url: https://api.scaleway.com/functions/v1beta1/regions/fr-par/namespaces/86a56709-566d-4a59-967b-dd762e15a7b6
    method: GET
  response:
    body: '{"description":"","environment_variables":{},"error_message":null,"id":"86a56709-566d-4a59-967b-dd762e15a7b6","name":"tf-func-priceless-gauss","organization_id":"ee7bd9e1-9cbd-4724-b2f4-19e50f3cf38b","project_id":"ee7bd9e1-9cbd-4724-b2f4-19e50f3cf38b","region":"fr-par","registry_endpoint":"rg.fr-par.scw.cloud/funcscwtffuncpricelessgaussrxnpdycu","registry_namespace_id":"00e2499f-3294-410d-839e-257e0a6c3667","secret_environment_variables":[],"status":"pending"}'
    headers:
      Content-Length:
      - "464"
      Content-Security-Policy:
      - default-src 'none'; frame-ancestors 'none'
      Content-Type:
      - application/json
      Date:
      - Wed, 04 Jan 2023 10:47:08 GMT
      Server:
      - Scaleway API-Gateway
      Strict-Transport-Security:
      - max-age=63072000
      X-Content-Type-Options:
      - nosniff
      X-Frame-Options:
      - DENY
      X-Request-Id:
      - 378b2459-3ea5-4b7d-b94f-6916d76b8bc5
    status: 200 OK
    code: 200
- request:
    body: ""
    form: {}
    headers:
      User-Agent:
      - scaleway-sdk-go/v1.0.0-beta.7+dev (go1.19.1; linux; amd64) terraform-provider/develop
        terraform/terraform-tests
    url: https://api.scaleway.com/functions/v1beta1/regions/fr-par/namespaces/86a56709-566d-4a59-967b-dd762e15a7b6
    method: GET
  response:
    body: '{"description":"","environment_variables":{},"error_message":null,"id":"86a56709-566d-4a59-967b-dd762e15a7b6","name":"tf-func-priceless-gauss","organization_id":"ee7bd9e1-9cbd-4724-b2f4-19e50f3cf38b","project_id":"ee7bd9e1-9cbd-4724-b2f4-19e50f3cf38b","region":"fr-par","registry_endpoint":"rg.fr-par.scw.cloud/funcscwtffuncpricelessgaussrxnpdycu","registry_namespace_id":"00e2499f-3294-410d-839e-257e0a6c3667","secret_environment_variables":[],"status":"pending"}'
    headers:
      Content-Length:
      - "464"
      Content-Security-Policy:
      - default-src 'none'; frame-ancestors 'none'
      Content-Type:
      - application/json
      Date:
      - Wed, 04 Jan 2023 10:47:13 GMT
      Server:
      - Scaleway API-Gateway
      Strict-Transport-Security:
      - max-age=63072000
      X-Content-Type-Options:
      - nosniff
      X-Frame-Options:
      - DENY
      X-Request-Id:
      - d34a45d7-145d-4184-9f82-fea702863190
    status: 200 OK
    code: 200
- request:
    body: ""
    form: {}
    headers:
      User-Agent:
      - scaleway-sdk-go/v1.0.0-beta.7+dev (go1.19.1; linux; amd64) terraform-provider/develop
        terraform/terraform-tests
    url: https://api.scaleway.com/functions/v1beta1/regions/fr-par/namespaces/86a56709-566d-4a59-967b-dd762e15a7b6
    method: GET
  response:
    body: '{"description":"","environment_variables":{},"error_message":null,"id":"86a56709-566d-4a59-967b-dd762e15a7b6","name":"tf-func-priceless-gauss","organization_id":"ee7bd9e1-9cbd-4724-b2f4-19e50f3cf38b","project_id":"ee7bd9e1-9cbd-4724-b2f4-19e50f3cf38b","region":"fr-par","registry_endpoint":"rg.fr-par.scw.cloud/funcscwtffuncpricelessgaussrxnpdycu","registry_namespace_id":"00e2499f-3294-410d-839e-257e0a6c3667","secret_environment_variables":[],"status":"ready"}'
    headers:
      Content-Length:
      - "462"
      Content-Security-Policy:
      - default-src 'none'; frame-ancestors 'none'
      Content-Type:
      - application/json
      Date:
      - Wed, 04 Jan 2023 10:47:18 GMT
      Server:
      - Scaleway API-Gateway
      Strict-Transport-Security:
      - max-age=63072000
      X-Content-Type-Options:
      - nosniff
      X-Frame-Options:
      - DENY
      X-Request-Id:
      - fadde25e-432f-4c20-b418-751c49763e3f
    status: 200 OK
    code: 200
- request:
    body: ""
    form: {}
    headers:
      User-Agent:
      - scaleway-sdk-go/v1.0.0-beta.7+dev (go1.19.1; linux; amd64) terraform-provider/develop
        terraform/terraform-tests
    url: https://api.scaleway.com/functions/v1beta1/regions/fr-par/namespaces/86a56709-566d-4a59-967b-dd762e15a7b6
    method: GET
  response:
    body: '{"description":"","environment_variables":{},"error_message":null,"id":"86a56709-566d-4a59-967b-dd762e15a7b6","name":"tf-func-priceless-gauss","organization_id":"ee7bd9e1-9cbd-4724-b2f4-19e50f3cf38b","project_id":"ee7bd9e1-9cbd-4724-b2f4-19e50f3cf38b","region":"fr-par","registry_endpoint":"rg.fr-par.scw.cloud/funcscwtffuncpricelessgaussrxnpdycu","registry_namespace_id":"00e2499f-3294-410d-839e-257e0a6c3667","secret_environment_variables":[],"status":"ready"}'
    headers:
      Content-Length:
      - "462"
      Content-Security-Policy:
      - default-src 'none'; frame-ancestors 'none'
      Content-Type:
      - application/json
      Date:
      - Wed, 04 Jan 2023 10:47:18 GMT
      Server:
      - Scaleway API-Gateway
      Strict-Transport-Security:
      - max-age=63072000
      X-Content-Type-Options:
      - nosniff
      X-Frame-Options:
      - DENY
      X-Request-Id:
      - 956405ed-b5bb-426e-b74f-c98d65a5d679
    status: 200 OK
    code: 200
- request:
    body: '{"name":"foobar","namespace_id":"86a56709-566d-4a59-967b-dd762e15a7b6","environment_variables":{},"min_scale":0,"max_scale":20,"runtime":"node14","memory_limit":128,"timeout":null,"handler":"handler.handle","privacy":"private","description":null,"secret_environment_variables":[],"http_option":"enabled"}'
    form: {}
    headers:
      Content-Type:
      - application/json
      User-Agent:
      - scaleway-sdk-go/v1.0.0-beta.7+dev (go1.19.1; linux; amd64) terraform-provider/develop
        terraform/terraform-tests
    url: https://api.scaleway.com/functions/v1beta1/regions/fr-par/functions
    method: POST
  response:
    body: '{"cpu_limit":70,"description":"","domain_name":"tffuncpricelessgaussrxnpdycu-foobar.functions.fnc.fr-par.scw.cloud","environment_variables":{},"error_message":null,"handler":"handler.handle","http_option":"enabled","id":"5682fd21-e3b6-473c-a2f0-eddf72df900e","max_scale":20,"memory_limit":128,"min_scale":0,"name":"foobar","namespace_id":"86a56709-566d-4a59-967b-dd762e15a7b6","privacy":"private","region":"fr-par","runtime":"node14","runtime_message":"","secret_environment_variables":[],"status":"created","timeout":"300s"}'
    headers:
      Content-Length:
      - "525"
      Content-Security-Policy:
      - default-src 'none'; frame-ancestors 'none'
      Content-Type:
      - application/json
      Date:
      - Wed, 04 Jan 2023 10:47:19 GMT
      Server:
      - Scaleway API-Gateway
      Strict-Transport-Security:
      - max-age=63072000
      X-Content-Type-Options:
      - nosniff
      X-Frame-Options:
      - DENY
      X-Request-Id:
      - 0dbbec49-aa3f-4872-b533-e0bbc024f934
    status: 200 OK
    code: 200
- request:
    body: ""
    form: {}
    headers:
      User-Agent:
      - scaleway-sdk-go/v1.0.0-beta.7+dev (go1.19.1; linux; amd64) terraform-provider/develop
        terraform/terraform-tests
    url: https://api.scaleway.com/functions/v1beta1/regions/fr-par/functions/5682fd21-e3b6-473c-a2f0-eddf72df900e
    method: GET
  response:
    body: '{"cpu_limit":70,"description":"","domain_name":"tffuncpricelessgaussrxnpdycu-foobar.functions.fnc.fr-par.scw.cloud","environment_variables":{},"error_message":null,"handler":"handler.handle","http_option":"enabled","id":"5682fd21-e3b6-473c-a2f0-eddf72df900e","max_scale":20,"memory_limit":128,"min_scale":0,"name":"foobar","namespace_id":"86a56709-566d-4a59-967b-dd762e15a7b6","privacy":"private","region":"fr-par","runtime":"node14","runtime_message":"","secret_environment_variables":[],"status":"created","timeout":"300s"}'
    headers:
      Content-Length:
      - "525"
      Content-Security-Policy:
      - default-src 'none'; frame-ancestors 'none'
      Content-Type:
      - application/json
      Date:
      - Wed, 04 Jan 2023 10:47:19 GMT
      Server:
      - Scaleway API-Gateway
      Strict-Transport-Security:
      - max-age=63072000
      X-Content-Type-Options:
      - nosniff
      X-Frame-Options:
      - DENY
      X-Request-Id:
      - 9f03fe32-4a4a-4075-a9b0-13ff701a3848
    status: 200 OK
    code: 200
- request:
    body: ""
    form: {}
    headers:
      User-Agent:
      - scaleway-sdk-go/v1.0.0-beta.7+dev (go1.19.1; linux; amd64) terraform-provider/develop
        terraform/terraform-tests
    url: https://api.scaleway.com/functions/v1beta1/regions/fr-par/functions/5682fd21-e3b6-473c-a2f0-eddf72df900e
    method: GET
  response:
    body: '{"cpu_limit":70,"description":"","domain_name":"tffuncpricelessgaussrxnpdycu-foobar.functions.fnc.fr-par.scw.cloud","environment_variables":{},"error_message":null,"handler":"handler.handle","http_option":"enabled","id":"5682fd21-e3b6-473c-a2f0-eddf72df900e","max_scale":20,"memory_limit":128,"min_scale":0,"name":"foobar","namespace_id":"86a56709-566d-4a59-967b-dd762e15a7b6","privacy":"private","region":"fr-par","runtime":"node14","runtime_message":"","secret_environment_variables":[],"status":"created","timeout":"300s"}'
    headers:
      Content-Length:
      - "525"
      Content-Security-Policy:
      - default-src 'none'; frame-ancestors 'none'
      Content-Type:
      - application/json
      Date:
      - Wed, 04 Jan 2023 10:47:19 GMT
      Server:
      - Scaleway API-Gateway
      Strict-Transport-Security:
      - max-age=63072000
      X-Content-Type-Options:
      - nosniff
      X-Frame-Options:
      - DENY
      X-Request-Id:
      - 8c96836b-f23b-4f4c-9fb8-6b47d6c13074
    status: 200 OK
    code: 200
- request:
    body: ""
    form: {}
    headers:
      User-Agent:
      - scaleway-sdk-go/v1.0.0-beta.7+dev (go1.19.1; linux; amd64) terraform-provider/develop
        terraform/terraform-tests
    url: https://api.scaleway.com/functions/v1beta1/regions/fr-par/functions/5682fd21-e3b6-473c-a2f0-eddf72df900e
    method: GET
  response:
    body: '{"cpu_limit":70,"description":"","domain_name":"tffuncpricelessgaussrxnpdycu-foobar.functions.fnc.fr-par.scw.cloud","environment_variables":{},"error_message":null,"handler":"handler.handle","http_option":"enabled","id":"5682fd21-e3b6-473c-a2f0-eddf72df900e","max_scale":20,"memory_limit":128,"min_scale":0,"name":"foobar","namespace_id":"86a56709-566d-4a59-967b-dd762e15a7b6","privacy":"private","region":"fr-par","runtime":"node14","runtime_message":"","secret_environment_variables":[],"status":"created","timeout":"300s"}'
    headers:
      Content-Length:
      - "525"
      Content-Security-Policy:
      - default-src 'none'; frame-ancestors 'none'
      Content-Type:
      - application/json
      Date:
      - Wed, 04 Jan 2023 10:47:19 GMT
      Server:
      - Scaleway API-Gateway
      Strict-Transport-Security:
      - max-age=63072000
      X-Content-Type-Options:
      - nosniff
      X-Frame-Options:
      - DENY
      X-Request-Id:
      - 19b3653e-b30b-4607-b8b9-6bdf6d80c467
    status: 200 OK
    code: 200
- request:
    body: ""
    form: {}
    headers:
      User-Agent:
      - scaleway-sdk-go/v1.0.0-beta.7+dev (go1.19.1; linux; amd64) terraform-provider/develop
        terraform/terraform-tests
    url: https://api.scaleway.com/functions/v1beta1/regions/fr-par/namespaces/86a56709-566d-4a59-967b-dd762e15a7b6
    method: GET
  response:
    body: '{"description":"","environment_variables":{},"error_message":null,"id":"86a56709-566d-4a59-967b-dd762e15a7b6","name":"tf-func-priceless-gauss","organization_id":"ee7bd9e1-9cbd-4724-b2f4-19e50f3cf38b","project_id":"ee7bd9e1-9cbd-4724-b2f4-19e50f3cf38b","region":"fr-par","registry_endpoint":"rg.fr-par.scw.cloud/funcscwtffuncpricelessgaussrxnpdycu","registry_namespace_id":"00e2499f-3294-410d-839e-257e0a6c3667","secret_environment_variables":[],"status":"ready"}'
    headers:
      Content-Length:
      - "462"
      Content-Security-Policy:
      - default-src 'none'; frame-ancestors 'none'
      Content-Type:
      - application/json
      Date:
      - Wed, 04 Jan 2023 10:47:19 GMT
      Server:
      - Scaleway API-Gateway
      Strict-Transport-Security:
      - max-age=63072000
      X-Content-Type-Options:
      - nosniff
      X-Frame-Options:
      - DENY
      X-Request-Id:
      - c81ae884-eeca-4dba-bc98-fc7ab1c39ca8
    status: 200 OK
    code: 200
- request:
    body: ""
    form: {}
    headers:
      User-Agent:
      - scaleway-sdk-go/v1.0.0-beta.7+dev (go1.19.1; linux; amd64) terraform-provider/develop
        terraform/terraform-tests
    url: https://api.scaleway.com/functions/v1beta1/regions/fr-par/functions/5682fd21-e3b6-473c-a2f0-eddf72df900e
    method: GET
  response:
    body: '{"cpu_limit":70,"description":"","domain_name":"tffuncpricelessgaussrxnpdycu-foobar.functions.fnc.fr-par.scw.cloud","environment_variables":{},"error_message":null,"handler":"handler.handle","http_option":"enabled","id":"5682fd21-e3b6-473c-a2f0-eddf72df900e","max_scale":20,"memory_limit":128,"min_scale":0,"name":"foobar","namespace_id":"86a56709-566d-4a59-967b-dd762e15a7b6","privacy":"private","region":"fr-par","runtime":"node14","runtime_message":"","secret_environment_variables":[],"status":"created","timeout":"300s"}'
    headers:
      Content-Length:
      - "525"
      Content-Security-Policy:
      - default-src 'none'; frame-ancestors 'none'
      Content-Type:
      - application/json
      Date:
      - Wed, 04 Jan 2023 10:47:19 GMT
      Server:
      - Scaleway API-Gateway
      Strict-Transport-Security:
      - max-age=63072000
      X-Content-Type-Options:
      - nosniff
      X-Frame-Options:
      - DENY
      X-Request-Id:
      - e1358e75-8d7d-4ecd-8191-e6b32bea00c9
    status: 200 OK
    code: 200
- request:
    body: ""
    form: {}
    headers:
      User-Agent:
      - scaleway-sdk-go/v1.0.0-beta.7+dev (go1.19.1; linux; amd64) terraform-provider/develop
        terraform/terraform-tests
    url: https://api.scaleway.com/functions/v1beta1/regions/fr-par/namespaces/86a56709-566d-4a59-967b-dd762e15a7b6
    method: GET
  response:
    body: '{"description":"","environment_variables":{},"error_message":null,"id":"86a56709-566d-4a59-967b-dd762e15a7b6","name":"tf-func-priceless-gauss","organization_id":"ee7bd9e1-9cbd-4724-b2f4-19e50f3cf38b","project_id":"ee7bd9e1-9cbd-4724-b2f4-19e50f3cf38b","region":"fr-par","registry_endpoint":"rg.fr-par.scw.cloud/funcscwtffuncpricelessgaussrxnpdycu","registry_namespace_id":"00e2499f-3294-410d-839e-257e0a6c3667","secret_environment_variables":[],"status":"ready"}'
    headers:
      Content-Length:
      - "462"
      Content-Security-Policy:
      - default-src 'none'; frame-ancestors 'none'
      Content-Type:
      - application/json
      Date:
      - Wed, 04 Jan 2023 10:47:19 GMT
      Server:
      - Scaleway API-Gateway
      Strict-Transport-Security:
      - max-age=63072000
      X-Content-Type-Options:
      - nosniff
      X-Frame-Options:
      - DENY
      X-Request-Id:
      - ae291d6f-6279-4aed-a7ba-7d1c2c877ccc
    status: 200 OK
    code: 200
- request:
    body: ""
    form: {}
    headers:
      User-Agent:
      - scaleway-sdk-go/v1.0.0-beta.7+dev (go1.19.1; linux; amd64) terraform-provider/develop
        terraform/terraform-tests
    url: https://api.scaleway.com/functions/v1beta1/regions/fr-par/functions/5682fd21-e3b6-473c-a2f0-eddf72df900e
    method: GET
  response:
    body: '{"cpu_limit":70,"description":"","domain_name":"tffuncpricelessgaussrxnpdycu-foobar.functions.fnc.fr-par.scw.cloud","environment_variables":{},"error_message":null,"handler":"handler.handle","http_option":"enabled","id":"5682fd21-e3b6-473c-a2f0-eddf72df900e","max_scale":20,"memory_limit":128,"min_scale":0,"name":"foobar","namespace_id":"86a56709-566d-4a59-967b-dd762e15a7b6","privacy":"private","region":"fr-par","runtime":"node14","runtime_message":"","secret_environment_variables":[],"status":"created","timeout":"300s"}'
    headers:
      Content-Length:
      - "525"
      Content-Security-Policy:
      - default-src 'none'; frame-ancestors 'none'
      Content-Type:
      - application/json
      Date:
      - Wed, 04 Jan 2023 10:47:19 GMT
      Server:
      - Scaleway API-Gateway
      Strict-Transport-Security:
      - max-age=63072000
      X-Content-Type-Options:
      - nosniff
      X-Frame-Options:
      - DENY
      X-Request-Id:
      - b8691a2e-460a-4f88-961a-be1e8ec0582b
    status: 200 OK
    code: 200
- request:
    body: ""
    form: {}
    headers:
      User-Agent:
      - scaleway-sdk-go/v1.0.0-beta.7+dev (go1.19.1; linux; amd64) terraform-provider/develop
        terraform/terraform-tests
    url: https://api.scaleway.com/functions/v1beta1/regions/fr-par/functions/5682fd21-e3b6-473c-a2f0-eddf72df900e
    method: GET
  response:
    body: '{"cpu_limit":70,"description":"","domain_name":"tffuncpricelessgaussrxnpdycu-foobar.functions.fnc.fr-par.scw.cloud","environment_variables":{},"error_message":null,"handler":"handler.handle","http_option":"enabled","id":"5682fd21-e3b6-473c-a2f0-eddf72df900e","max_scale":20,"memory_limit":128,"min_scale":0,"name":"foobar","namespace_id":"86a56709-566d-4a59-967b-dd762e15a7b6","privacy":"private","region":"fr-par","runtime":"node14","runtime_message":"","secret_environment_variables":[],"status":"created","timeout":"300s"}'
    headers:
      Content-Length:
      - "525"
      Content-Security-Policy:
      - default-src 'none'; frame-ancestors 'none'
      Content-Type:
      - application/json
      Date:
      - Wed, 04 Jan 2023 10:47:20 GMT
      Server:
      - Scaleway API-Gateway
      Strict-Transport-Security:
      - max-age=63072000
      X-Content-Type-Options:
      - nosniff
      X-Frame-Options:
      - DENY
      X-Request-Id:
      - 04d6cc5b-50b1-404f-9b8c-84d7a4152358
    status: 200 OK
    code: 200
- request:
    body: '{"environment_variables":null,"min_scale":null,"max_scale":null,"runtime":"unknown_runtime","memory_limit":null,"timeout":null,"redeploy":null,"handler":null,"privacy":"unknown_privacy","description":null,"secret_environment_variables":null,"http_option":"redirected"}'
    form: {}
    headers:
      Content-Type:
      - application/json
      User-Agent:
      - scaleway-sdk-go/v1.0.0-beta.7+dev (go1.19.1; linux; amd64) terraform-provider/develop
        terraform/terraform-tests
    url: https://api.scaleway.com/functions/v1beta1/regions/fr-par/functions/5682fd21-e3b6-473c-a2f0-eddf72df900e
    method: PATCH
  response:
    body: '{"cpu_limit":70,"description":"","domain_name":"tffuncpricelessgaussrxnpdycu-foobar.functions.fnc.fr-par.scw.cloud","environment_variables":{},"error_message":null,"handler":"handler.handle","http_option":"redirected","id":"5682fd21-e3b6-473c-a2f0-eddf72df900e","max_scale":20,"memory_limit":128,"min_scale":0,"name":"foobar","namespace_id":"86a56709-566d-4a59-967b-dd762e15a7b6","privacy":"private","region":"fr-par","runtime":"node14","runtime_message":"","secret_environment_variables":[],"status":"pending","timeout":"300s"}'
    headers:
      Content-Length:
      - "528"
      Content-Security-Policy:
      - default-src 'none'; frame-ancestors 'none'
      Content-Type:
      - application/json
      Date:
      - Wed, 04 Jan 2023 10:47:20 GMT
      Server:
      - Scaleway API-Gateway
      Strict-Transport-Security:
      - max-age=63072000
      X-Content-Type-Options:
      - nosniff
      X-Frame-Options:
      - DENY
      X-Request-Id:
      - c644d0bc-32cb-4948-9a0e-5ca77ab1482a
    status: 200 OK
    code: 200
- request:
    body: ""
    form: {}
    headers:
      User-Agent:
      - scaleway-sdk-go/v1.0.0-beta.7+dev (go1.19.1; linux; amd64) terraform-provider/develop
        terraform/terraform-tests
    url: https://api.scaleway.com/functions/v1beta1/regions/fr-par/functions/5682fd21-e3b6-473c-a2f0-eddf72df900e
    method: GET
  response:
    body: '{"cpu_limit":70,"description":"","domain_name":"tffuncpricelessgaussrxnpdycu-foobar.functions.fnc.fr-par.scw.cloud","environment_variables":{},"error_message":null,"handler":"handler.handle","http_option":"redirected","id":"5682fd21-e3b6-473c-a2f0-eddf72df900e","max_scale":20,"memory_limit":128,"min_scale":0,"name":"foobar","namespace_id":"86a56709-566d-4a59-967b-dd762e15a7b6","privacy":"private","region":"fr-par","runtime":"node14","runtime_message":"","secret_environment_variables":[],"status":"pending","timeout":"300s"}'
    headers:
      Content-Length:
      - "528"
      Content-Security-Policy:
      - default-src 'none'; frame-ancestors 'none'
      Content-Type:
      - application/json
      Date:
      - Wed, 04 Jan 2023 10:47:21 GMT
      Server:
      - Scaleway API-Gateway
      Strict-Transport-Security:
      - max-age=63072000
      X-Content-Type-Options:
      - nosniff
      X-Frame-Options:
      - DENY
      X-Request-Id:
      - cdb85f6d-f855-497f-b582-4373117a8e94
    status: 200 OK
    code: 200
- request:
    body: ""
    form: {}
    headers:
      User-Agent:
      - scaleway-sdk-go/v1.0.0-beta.7+dev (go1.19.1; linux; amd64) terraform-provider/develop
        terraform/terraform-tests
    url: https://api.scaleway.com/functions/v1beta1/regions/fr-par/functions/5682fd21-e3b6-473c-a2f0-eddf72df900e
    method: GET
  response:
    body: '{"cpu_limit":70,"description":"","domain_name":"tffuncpricelessgaussrxnpdycu-foobar.functions.fnc.fr-par.scw.cloud","environment_variables":{},"error_message":null,"handler":"handler.handle","http_option":"redirected","id":"5682fd21-e3b6-473c-a2f0-eddf72df900e","max_scale":20,"memory_limit":128,"min_scale":0,"name":"foobar","namespace_id":"86a56709-566d-4a59-967b-dd762e15a7b6","privacy":"private","region":"fr-par","runtime":"node14","runtime_message":"","secret_environment_variables":[],"status":"pending","timeout":"300s"}'
    headers:
      Content-Length:
      - "528"
      Content-Security-Policy:
      - default-src 'none'; frame-ancestors 'none'
      Content-Type:
      - application/json
      Date:
      - Wed, 04 Jan 2023 10:47:26 GMT
      Server:
      - Scaleway API-Gateway
      Strict-Transport-Security:
      - max-age=63072000
      X-Content-Type-Options:
      - nosniff
      X-Frame-Options:
      - DENY
      X-Request-Id:
      - caea5ccf-f763-4077-bc4b-f1c2b68a6b0f
    status: 200 OK
    code: 200
- request:
    body: ""
    form: {}
    headers:
      User-Agent:
      - scaleway-sdk-go/v1.0.0-beta.7+dev (go1.19.1; linux; amd64) terraform-provider/develop
        terraform/terraform-tests
    url: https://api.scaleway.com/functions/v1beta1/regions/fr-par/functions/5682fd21-e3b6-473c-a2f0-eddf72df900e
    method: GET
  response:
    body: '{"cpu_limit":70,"description":"","domain_name":"tffuncpricelessgaussrxnpdycu-foobar.functions.fnc.fr-par.scw.cloud","environment_variables":{},"error_message":null,"handler":"handler.handle","http_option":"redirected","id":"5682fd21-e3b6-473c-a2f0-eddf72df900e","max_scale":20,"memory_limit":128,"min_scale":0,"name":"foobar","namespace_id":"86a56709-566d-4a59-967b-dd762e15a7b6","privacy":"private","region":"fr-par","runtime":"node14","runtime_message":"","secret_environment_variables":[],"status":"pending","timeout":"300s"}'
    headers:
      Content-Length:
      - "528"
      Content-Security-Policy:
      - default-src 'none'; frame-ancestors 'none'
      Content-Type:
      - application/json
      Date:
      - Wed, 04 Jan 2023 10:47:31 GMT
      Server:
      - Scaleway API-Gateway
      Strict-Transport-Security:
      - max-age=63072000
      X-Content-Type-Options:
      - nosniff
      X-Frame-Options:
      - DENY
      X-Request-Id:
      - 83d78136-6529-4ec8-ab90-7988e72e3ba9
    status: 200 OK
    code: 200
- request:
    body: ""
    form: {}
    headers:
      User-Agent:
      - scaleway-sdk-go/v1.0.0-beta.7+dev (go1.19.1; linux; amd64) terraform-provider/develop
        terraform/terraform-tests
    url: https://api.scaleway.com/functions/v1beta1/regions/fr-par/functions/5682fd21-e3b6-473c-a2f0-eddf72df900e
    method: GET
  response:
    body: '{"cpu_limit":70,"description":"","domain_name":"tffuncpricelessgaussrxnpdycu-foobar.functions.fnc.fr-par.scw.cloud","environment_variables":{},"error_message":null,"handler":"handler.handle","http_option":"redirected","id":"5682fd21-e3b6-473c-a2f0-eddf72df900e","max_scale":20,"memory_limit":128,"min_scale":0,"name":"foobar","namespace_id":"86a56709-566d-4a59-967b-dd762e15a7b6","privacy":"private","region":"fr-par","runtime":"node14","runtime_message":"","secret_environment_variables":[],"status":"pending","timeout":"300s"}'
    headers:
      Content-Length:
      - "528"
      Content-Security-Policy:
      - default-src 'none'; frame-ancestors 'none'
      Content-Type:
      - application/json
      Date:
      - Wed, 04 Jan 2023 10:47:36 GMT
      Server:
      - Scaleway API-Gateway
      Strict-Transport-Security:
      - max-age=63072000
      X-Content-Type-Options:
      - nosniff
      X-Frame-Options:
      - DENY
      X-Request-Id:
      - 135d8834-2635-47b4-a5b0-9c1a4b4fa459
    status: 200 OK
    code: 200
- request:
    body: ""
    form: {}
    headers:
      User-Agent:
      - scaleway-sdk-go/v1.0.0-beta.7+dev (go1.19.1; linux; amd64) terraform-provider/develop
        terraform/terraform-tests
    url: https://api.scaleway.com/functions/v1beta1/regions/fr-par/functions/5682fd21-e3b6-473c-a2f0-eddf72df900e
    method: GET
  response:
    body: '{"cpu_limit":70,"description":"","domain_name":"tffuncpricelessgaussrxnpdycu-foobar.functions.fnc.fr-par.scw.cloud","environment_variables":{},"error_message":"an
      error occurred during function source code build step","handler":"handler.handle","http_option":"redirected","id":"5682fd21-e3b6-473c-a2f0-eddf72df900e","max_scale":20,"memory_limit":128,"min_scale":0,"name":"foobar","namespace_id":"86a56709-566d-4a59-967b-dd762e15a7b6","privacy":"private","region":"fr-par","runtime":"node14","runtime_message":"","secret_environment_variables":[],"status":"error","timeout":"300s"}'
    headers:
      Content-Length:
      - "580"
      Content-Security-Policy:
      - default-src 'none'; frame-ancestors 'none'
      Content-Type:
      - application/json
      Date:
      - Wed, 04 Jan 2023 10:47:41 GMT
      Server:
      - Scaleway API-Gateway
      Strict-Transport-Security:
      - max-age=63072000
      X-Content-Type-Options:
      - nosniff
      X-Frame-Options:
      - DENY
      X-Request-Id:
      - abc0303c-64dd-4614-bca1-0dac8f6859cf
    status: 200 OK
    code: 200
- request:
    body: ""
    form: {}
    headers:
      User-Agent:
      - scaleway-sdk-go/v1.0.0-beta.7+dev (go1.19.1; linux; amd64) terraform-provider/develop
        terraform/terraform-tests
    url: https://api.scaleway.com/functions/v1beta1/regions/fr-par/functions/5682fd21-e3b6-473c-a2f0-eddf72df900e
    method: GET
  response:
    body: '{"cpu_limit":70,"description":"","domain_name":"tffuncpricelessgaussrxnpdycu-foobar.functions.fnc.fr-par.scw.cloud","environment_variables":{},"error_message":"an
      error occurred during function source code build step","handler":"handler.handle","http_option":"redirected","id":"5682fd21-e3b6-473c-a2f0-eddf72df900e","max_scale":20,"memory_limit":128,"min_scale":0,"name":"foobar","namespace_id":"86a56709-566d-4a59-967b-dd762e15a7b6","privacy":"private","region":"fr-par","runtime":"node14","runtime_message":"","secret_environment_variables":[],"status":"error","timeout":"300s"}'
    headers:
      Content-Length:
      - "580"
      Content-Security-Policy:
      - default-src 'none'; frame-ancestors 'none'
      Content-Type:
      - application/json
      Date:
      - Wed, 04 Jan 2023 10:47:41 GMT
      Server:
      - Scaleway API-Gateway
      Strict-Transport-Security:
      - max-age=63072000
      X-Content-Type-Options:
      - nosniff
      X-Frame-Options:
      - DENY
      X-Request-Id:
      - 95571437-89e2-4b3d-9f07-8106f889e089
    status: 200 OK
    code: 200
- request:
    body: ""
    form: {}
    headers:
      User-Agent:
      - scaleway-sdk-go/v1.0.0-beta.7+dev (go1.19.1; linux; amd64) terraform-provider/develop
        terraform/terraform-tests
    url: https://api.scaleway.com/functions/v1beta1/regions/fr-par/namespaces/86a56709-566d-4a59-967b-dd762e15a7b6
    method: GET
  response:
    body: '{"description":"","environment_variables":{},"error_message":null,"id":"86a56709-566d-4a59-967b-dd762e15a7b6","name":"tf-func-priceless-gauss","organization_id":"ee7bd9e1-9cbd-4724-b2f4-19e50f3cf38b","project_id":"ee7bd9e1-9cbd-4724-b2f4-19e50f3cf38b","region":"fr-par","registry_endpoint":"rg.fr-par.scw.cloud/funcscwtffuncpricelessgaussrxnpdycu","registry_namespace_id":"00e2499f-3294-410d-839e-257e0a6c3667","secret_environment_variables":[],"status":"ready"}'
    headers:
      Content-Length:
      - "462"
      Content-Security-Policy:
      - default-src 'none'; frame-ancestors 'none'
      Content-Type:
      - application/json
      Date:
      - Wed, 04 Jan 2023 10:47:42 GMT
      Server:
      - Scaleway API-Gateway
      Strict-Transport-Security:
      - max-age=63072000
      X-Content-Type-Options:
      - nosniff
      X-Frame-Options:
      - DENY
      X-Request-Id:
      - 46aff57f-99f3-4ff6-a542-2bd01de168f4
    status: 200 OK
    code: 200
- request:
    body: ""
    form: {}
    headers:
      User-Agent:
      - scaleway-sdk-go/v1.0.0-beta.7+dev (go1.19.1; linux; amd64) terraform-provider/develop
        terraform/terraform-tests
    url: https://api.scaleway.com/functions/v1beta1/regions/fr-par/functions/5682fd21-e3b6-473c-a2f0-eddf72df900e
    method: GET
  response:
    body: '{"cpu_limit":70,"description":"","domain_name":"tffuncpricelessgaussrxnpdycu-foobar.functions.fnc.fr-par.scw.cloud","environment_variables":{},"error_message":"an
      error occurred during function source code build step","handler":"handler.handle","http_option":"redirected","id":"5682fd21-e3b6-473c-a2f0-eddf72df900e","max_scale":20,"memory_limit":128,"min_scale":0,"name":"foobar","namespace_id":"86a56709-566d-4a59-967b-dd762e15a7b6","privacy":"private","region":"fr-par","runtime":"node14","runtime_message":"","secret_environment_variables":[],"status":"error","timeout":"300s"}'
    headers:
      Content-Length:
      - "580"
      Content-Security-Policy:
      - default-src 'none'; frame-ancestors 'none'
      Content-Type:
      - application/json
      Date:
      - Wed, 04 Jan 2023 10:47:42 GMT
      Server:
      - Scaleway API-Gateway
      Strict-Transport-Security:
      - max-age=63072000
      X-Content-Type-Options:
      - nosniff
      X-Frame-Options:
      - DENY
      X-Request-Id:
      - 271881d0-2003-4cbe-bd8e-d40b6af8c657
    status: 200 OK
    code: 200
- request:
    body: ""
    form: {}
    headers:
      User-Agent:
      - scaleway-sdk-go/v1.0.0-beta.7+dev (go1.19.1; linux; amd64) terraform-provider/develop
        terraform/terraform-tests
    url: https://api.scaleway.com/functions/v1beta1/regions/fr-par/namespaces/86a56709-566d-4a59-967b-dd762e15a7b6
    method: GET
  response:
    body: '{"description":"","environment_variables":{},"error_message":null,"id":"86a56709-566d-4a59-967b-dd762e15a7b6","name":"tf-func-priceless-gauss","organization_id":"ee7bd9e1-9cbd-4724-b2f4-19e50f3cf38b","project_id":"ee7bd9e1-9cbd-4724-b2f4-19e50f3cf38b","region":"fr-par","registry_endpoint":"rg.fr-par.scw.cloud/funcscwtffuncpricelessgaussrxnpdycu","registry_namespace_id":"00e2499f-3294-410d-839e-257e0a6c3667","secret_environment_variables":[],"status":"ready"}'
    headers:
      Content-Length:
      - "462"
      Content-Security-Policy:
      - default-src 'none'; frame-ancestors 'none'
      Content-Type:
      - application/json
      Date:
      - Wed, 04 Jan 2023 10:47:42 GMT
      Server:
      - Scaleway API-Gateway
      Strict-Transport-Security:
      - max-age=63072000
      X-Content-Type-Options:
      - nosniff
      X-Frame-Options:
      - DENY
      X-Request-Id:
      - de9f95b2-2462-482a-8cf6-370f4a4061f1
    status: 200 OK
    code: 200
- request:
    body: ""
    form: {}
    headers:
      User-Agent:
      - scaleway-sdk-go/v1.0.0-beta.7+dev (go1.19.1; linux; amd64) terraform-provider/develop
        terraform/terraform-tests
    url: https://api.scaleway.com/functions/v1beta1/regions/fr-par/functions/5682fd21-e3b6-473c-a2f0-eddf72df900e
    method: GET
  response:
    body: '{"cpu_limit":70,"description":"","domain_name":"tffuncpricelessgaussrxnpdycu-foobar.functions.fnc.fr-par.scw.cloud","environment_variables":{},"error_message":"an
      error occurred during function source code build step","handler":"handler.handle","http_option":"redirected","id":"5682fd21-e3b6-473c-a2f0-eddf72df900e","max_scale":20,"memory_limit":128,"min_scale":0,"name":"foobar","namespace_id":"86a56709-566d-4a59-967b-dd762e15a7b6","privacy":"private","region":"fr-par","runtime":"node14","runtime_message":"","secret_environment_variables":[],"status":"error","timeout":"300s"}'
    headers:
      Content-Length:
      - "580"
      Content-Security-Policy:
      - default-src 'none'; frame-ancestors 'none'
      Content-Type:
      - application/json
      Date:
      - Wed, 04 Jan 2023 10:47:42 GMT
      Server:
      - Scaleway API-Gateway
      Strict-Transport-Security:
      - max-age=63072000
      X-Content-Type-Options:
      - nosniff
      X-Frame-Options:
      - DENY
      X-Request-Id:
      - 6632a6d1-ca87-48e8-b059-615627d70e95
    status: 200 OK
    code: 200
- request:
    body: ""
    form: {}
    headers:
      User-Agent:
      - scaleway-sdk-go/v1.0.0-beta.7+dev (go1.19.1; linux; amd64) terraform-provider/develop
        terraform/terraform-tests
    url: https://api.scaleway.com/functions/v1beta1/regions/fr-par/functions/5682fd21-e3b6-473c-a2f0-eddf72df900e
    method: GET
  response:
    body: '{"cpu_limit":70,"description":"","domain_name":"tffuncpricelessgaussrxnpdycu-foobar.functions.fnc.fr-par.scw.cloud","environment_variables":{},"error_message":"an
      error occurred during function source code build step","handler":"handler.handle","http_option":"redirected","id":"5682fd21-e3b6-473c-a2f0-eddf72df900e","max_scale":20,"memory_limit":128,"min_scale":0,"name":"foobar","namespace_id":"86a56709-566d-4a59-967b-dd762e15a7b6","privacy":"private","region":"fr-par","runtime":"node14","runtime_message":"","secret_environment_variables":[],"status":"error","timeout":"300s"}'
    headers:
      Content-Length:
      - "580"
      Content-Security-Policy:
      - default-src 'none'; frame-ancestors 'none'
      Content-Type:
      - application/json
      Date:
      - Wed, 04 Jan 2023 10:47:43 GMT
      Server:
      - Scaleway API-Gateway
      Strict-Transport-Security:
      - max-age=63072000
      X-Content-Type-Options:
      - nosniff
      X-Frame-Options:
      - DENY
      X-Request-Id:
      - 101daac4-c143-4355-8971-f134791cd60f
    status: 200 OK
    code: 200
- request:
    body: '{"environment_variables":null,"min_scale":null,"max_scale":null,"runtime":"unknown_runtime","memory_limit":null,"timeout":null,"redeploy":null,"handler":null,"privacy":"unknown_privacy","description":null,"secret_environment_variables":null,"http_option":"enabled"}'
    form: {}
    headers:
      Content-Type:
      - application/json
      User-Agent:
      - scaleway-sdk-go/v1.0.0-beta.7+dev (go1.19.1; linux; amd64) terraform-provider/develop
        terraform/terraform-tests
    url: https://api.scaleway.com/functions/v1beta1/regions/fr-par/functions/5682fd21-e3b6-473c-a2f0-eddf72df900e
    method: PATCH
  response:
    body: '{"cpu_limit":70,"description":"","domain_name":"tffuncpricelessgaussrxnpdycu-foobar.functions.fnc.fr-par.scw.cloud","environment_variables":{},"error_message":null,"handler":"handler.handle","http_option":"enabled","id":"5682fd21-e3b6-473c-a2f0-eddf72df900e","max_scale":20,"memory_limit":128,"min_scale":0,"name":"foobar","namespace_id":"86a56709-566d-4a59-967b-dd762e15a7b6","privacy":"private","region":"fr-par","runtime":"node14","runtime_message":"","secret_environment_variables":[],"status":"pending","timeout":"300s"}'
    headers:
      Content-Length:
      - "525"
      Content-Security-Policy:
      - default-src 'none'; frame-ancestors 'none'
      Content-Type:
      - application/json
      Date:
      - Wed, 04 Jan 2023 10:47:43 GMT
      Server:
      - Scaleway API-Gateway
      Strict-Transport-Security:
      - max-age=63072000
      X-Content-Type-Options:
      - nosniff
      X-Frame-Options:
      - DENY
      X-Request-Id:
      - c4001952-da36-4e03-9755-26f2cb1c8e7c
    status: 200 OK
    code: 200
- request:
    body: ""
    form: {}
    headers:
      User-Agent:
      - scaleway-sdk-go/v1.0.0-beta.7+dev (go1.19.1; linux; amd64) terraform-provider/develop
        terraform/terraform-tests
    url: https://api.scaleway.com/functions/v1beta1/regions/fr-par/functions/5682fd21-e3b6-473c-a2f0-eddf72df900e
    method: GET
  response:
    body: '{"cpu_limit":70,"description":"","domain_name":"tffuncpricelessgaussrxnpdycu-foobar.functions.fnc.fr-par.scw.cloud","environment_variables":{},"error_message":null,"handler":"handler.handle","http_option":"enabled","id":"5682fd21-e3b6-473c-a2f0-eddf72df900e","max_scale":20,"memory_limit":128,"min_scale":0,"name":"foobar","namespace_id":"86a56709-566d-4a59-967b-dd762e15a7b6","privacy":"private","region":"fr-par","runtime":"node14","runtime_message":"","secret_environment_variables":[],"status":"pending","timeout":"300s"}'
    headers:
      Content-Length:
      - "525"
      Content-Security-Policy:
      - default-src 'none'; frame-ancestors 'none'
      Content-Type:
      - application/json
      Date:
      - Wed, 04 Jan 2023 10:47:44 GMT
      Server:
      - Scaleway API-Gateway
      Strict-Transport-Security:
      - max-age=63072000
      X-Content-Type-Options:
      - nosniff
      X-Frame-Options:
      - DENY
      X-Request-Id:
      - e42b7688-9e3b-409c-af8a-4cd40eb52a81
    status: 200 OK
    code: 200
- request:
    body: ""
    form: {}
    headers:
      User-Agent:
      - scaleway-sdk-go/v1.0.0-beta.7+dev (go1.19.1; linux; amd64) terraform-provider/develop
        terraform/terraform-tests
    url: https://api.scaleway.com/functions/v1beta1/regions/fr-par/functions/5682fd21-e3b6-473c-a2f0-eddf72df900e
    method: GET
  response:
    body: '{"cpu_limit":70,"description":"","domain_name":"tffuncpricelessgaussrxnpdycu-foobar.functions.fnc.fr-par.scw.cloud","environment_variables":{},"error_message":null,"handler":"handler.handle","http_option":"enabled","id":"5682fd21-e3b6-473c-a2f0-eddf72df900e","max_scale":20,"memory_limit":128,"min_scale":0,"name":"foobar","namespace_id":"86a56709-566d-4a59-967b-dd762e15a7b6","privacy":"private","region":"fr-par","runtime":"node14","runtime_message":"","secret_environment_variables":[],"status":"pending","timeout":"300s"}'
    headers:
      Content-Length:
      - "525"
      Content-Security-Policy:
      - default-src 'none'; frame-ancestors 'none'
      Content-Type:
      - application/json
      Date:
      - Wed, 04 Jan 2023 10:47:49 GMT
      Server:
      - Scaleway API-Gateway
      Strict-Transport-Security:
      - max-age=63072000
      X-Content-Type-Options:
      - nosniff
      X-Frame-Options:
      - DENY
      X-Request-Id:
      - 5b58e68d-aff0-424a-8fcc-5e4685f90e94
    status: 200 OK
    code: 200
- request:
    body: ""
    form: {}
    headers:
      User-Agent:
      - scaleway-sdk-go/v1.0.0-beta.7+dev (go1.19.1; linux; amd64) terraform-provider/develop
        terraform/terraform-tests
    url: https://api.scaleway.com/functions/v1beta1/regions/fr-par/functions/5682fd21-e3b6-473c-a2f0-eddf72df900e
    method: GET
  response:
    body: '{"cpu_limit":70,"description":"","domain_name":"tffuncpricelessgaussrxnpdycu-foobar.functions.fnc.fr-par.scw.cloud","environment_variables":{},"error_message":null,"handler":"handler.handle","http_option":"enabled","id":"5682fd21-e3b6-473c-a2f0-eddf72df900e","max_scale":20,"memory_limit":128,"min_scale":0,"name":"foobar","namespace_id":"86a56709-566d-4a59-967b-dd762e15a7b6","privacy":"private","region":"fr-par","runtime":"node14","runtime_message":"","secret_environment_variables":[],"status":"pending","timeout":"300s"}'
    headers:
      Content-Length:
      - "525"
      Content-Security-Policy:
      - default-src 'none'; frame-ancestors 'none'
      Content-Type:
      - application/json
      Date:
      - Wed, 04 Jan 2023 10:47:54 GMT
      Server:
      - Scaleway API-Gateway
      Strict-Transport-Security:
      - max-age=63072000
      X-Content-Type-Options:
      - nosniff
      X-Frame-Options:
      - DENY
      X-Request-Id:
      - 61c354f1-5c3f-440a-81e6-f8ef54faa4c7
    status: 200 OK
    code: 200
- request:
    body: ""
    form: {}
    headers:
      User-Agent:
      - scaleway-sdk-go/v1.0.0-beta.7+dev (go1.19.1; linux; amd64) terraform-provider/develop
        terraform/terraform-tests
    url: https://api.scaleway.com/functions/v1beta1/regions/fr-par/functions/5682fd21-e3b6-473c-a2f0-eddf72df900e
    method: GET
  response:
    body: '{"cpu_limit":70,"description":"","domain_name":"tffuncpricelessgaussrxnpdycu-foobar.functions.fnc.fr-par.scw.cloud","environment_variables":{},"error_message":"an
      error occurred during function source code build step","handler":"handler.handle","http_option":"enabled","id":"5682fd21-e3b6-473c-a2f0-eddf72df900e","max_scale":20,"memory_limit":128,"min_scale":0,"name":"foobar","namespace_id":"86a56709-566d-4a59-967b-dd762e15a7b6","privacy":"private","region":"fr-par","runtime":"node14","runtime_message":"","secret_environment_variables":[],"status":"error","timeout":"300s"}'
    headers:
      Content-Length:
      - "577"
      Content-Security-Policy:
      - default-src 'none'; frame-ancestors 'none'
      Content-Type:
      - application/json
      Date:
      - Wed, 04 Jan 2023 10:47:59 GMT
      Server:
      - Scaleway API-Gateway
      Strict-Transport-Security:
      - max-age=63072000
      X-Content-Type-Options:
      - nosniff
      X-Frame-Options:
      - DENY
      X-Request-Id:
      - 854d4ecc-71ff-4081-a97d-c1b8bb114dda
    status: 200 OK
    code: 200
- request:
    body: ""
    form: {}
    headers:
      User-Agent:
      - scaleway-sdk-go/v1.0.0-beta.7+dev (go1.19.1; linux; amd64) terraform-provider/develop
        terraform/terraform-tests
    url: https://api.scaleway.com/functions/v1beta1/regions/fr-par/functions/5682fd21-e3b6-473c-a2f0-eddf72df900e
    method: GET
  response:
    body: '{"cpu_limit":70,"description":"","domain_name":"tffuncpricelessgaussrxnpdycu-foobar.functions.fnc.fr-par.scw.cloud","environment_variables":{},"error_message":"an
      error occurred during function source code build step","handler":"handler.handle","http_option":"enabled","id":"5682fd21-e3b6-473c-a2f0-eddf72df900e","max_scale":20,"memory_limit":128,"min_scale":0,"name":"foobar","namespace_id":"86a56709-566d-4a59-967b-dd762e15a7b6","privacy":"private","region":"fr-par","runtime":"node14","runtime_message":"","secret_environment_variables":[],"status":"error","timeout":"300s"}'
    headers:
      Content-Length:
      - "577"
      Content-Security-Policy:
      - default-src 'none'; frame-ancestors 'none'
      Content-Type:
      - application/json
      Date:
      - Wed, 04 Jan 2023 10:47:59 GMT
      Server:
      - Scaleway API-Gateway
      Strict-Transport-Security:
      - max-age=63072000
      X-Content-Type-Options:
      - nosniff
      X-Frame-Options:
      - DENY
      X-Request-Id:
      - 078a0923-4d20-4664-affd-eeeef28c60ed
    status: 200 OK
    code: 200
- request:
    body: ""
    form: {}
    headers:
      User-Agent:
      - scaleway-sdk-go/v1.0.0-beta.7+dev (go1.19.1; linux; amd64) terraform-provider/develop
        terraform/terraform-tests
    url: https://api.scaleway.com/functions/v1beta1/regions/fr-par/namespaces/86a56709-566d-4a59-967b-dd762e15a7b6
    method: GET
  response:
    body: '{"description":"","environment_variables":{},"error_message":null,"id":"86a56709-566d-4a59-967b-dd762e15a7b6","name":"tf-func-priceless-gauss","organization_id":"ee7bd9e1-9cbd-4724-b2f4-19e50f3cf38b","project_id":"ee7bd9e1-9cbd-4724-b2f4-19e50f3cf38b","region":"fr-par","registry_endpoint":"rg.fr-par.scw.cloud/funcscwtffuncpricelessgaussrxnpdycu","registry_namespace_id":"00e2499f-3294-410d-839e-257e0a6c3667","secret_environment_variables":[],"status":"ready"}'
    headers:
      Content-Length:
      - "462"
      Content-Security-Policy:
      - default-src 'none'; frame-ancestors 'none'
      Content-Type:
      - application/json
      Date:
      - Wed, 04 Jan 2023 10:48:00 GMT
      Server:
      - Scaleway API-Gateway
      Strict-Transport-Security:
      - max-age=63072000
      X-Content-Type-Options:
      - nosniff
      X-Frame-Options:
      - DENY
      X-Request-Id:
      - 159dbd92-a1cd-45b3-99b0-9b413f70e323
    status: 200 OK
    code: 200
- request:
    body: ""
    form: {}
    headers:
      User-Agent:
      - scaleway-sdk-go/v1.0.0-beta.7+dev (go1.19.1; linux; amd64) terraform-provider/develop
        terraform/terraform-tests
    url: https://api.scaleway.com/functions/v1beta1/regions/fr-par/functions/5682fd21-e3b6-473c-a2f0-eddf72df900e
    method: GET
  response:
    body: '{"cpu_limit":70,"description":"","domain_name":"tffuncpricelessgaussrxnpdycu-foobar.functions.fnc.fr-par.scw.cloud","environment_variables":{},"error_message":"an
      error occurred during function source code build step","handler":"handler.handle","http_option":"enabled","id":"5682fd21-e3b6-473c-a2f0-eddf72df900e","max_scale":20,"memory_limit":128,"min_scale":0,"name":"foobar","namespace_id":"86a56709-566d-4a59-967b-dd762e15a7b6","privacy":"private","region":"fr-par","runtime":"node14","runtime_message":"","secret_environment_variables":[],"status":"error","timeout":"300s"}'
    headers:
      Content-Length:
      - "577"
      Content-Security-Policy:
      - default-src 'none'; frame-ancestors 'none'
      Content-Type:
      - application/json
      Date:
      - Wed, 04 Jan 2023 10:48:00 GMT
      Server:
      - Scaleway API-Gateway
      Strict-Transport-Security:
      - max-age=63072000
      X-Content-Type-Options:
      - nosniff
      X-Frame-Options:
      - DENY
      X-Request-Id:
      - f2ebeffa-5991-4b9b-8627-cab22881c5aa
    status: 200 OK
    code: 200
- request:
    body: ""
    form: {}
    headers:
      User-Agent:
      - scaleway-sdk-go/v1.0.0-beta.7+dev (go1.19.1; linux; amd64) terraform-provider/develop
        terraform/terraform-tests
    url: https://api.scaleway.com/functions/v1beta1/regions/fr-par/functions/5682fd21-e3b6-473c-a2f0-eddf72df900e
    method: GET
  response:
    body: '{"cpu_limit":70,"description":"","domain_name":"tffuncpricelessgaussrxnpdycu-foobar.functions.fnc.fr-par.scw.cloud","environment_variables":{},"error_message":"an
      error occurred during function source code build step","handler":"handler.handle","http_option":"enabled","id":"5682fd21-e3b6-473c-a2f0-eddf72df900e","max_scale":20,"memory_limit":128,"min_scale":0,"name":"foobar","namespace_id":"86a56709-566d-4a59-967b-dd762e15a7b6","privacy":"private","region":"fr-par","runtime":"node14","runtime_message":"","secret_environment_variables":[],"status":"error","timeout":"300s"}'
    headers:
      Content-Length:
      - "577"
      Content-Security-Policy:
      - default-src 'none'; frame-ancestors 'none'
      Content-Type:
      - application/json
      Date:
      - Wed, 04 Jan 2023 10:48:00 GMT
      Server:
      - Scaleway API-Gateway
      Strict-Transport-Security:
      - max-age=63072000
      X-Content-Type-Options:
      - nosniff
      X-Frame-Options:
      - DENY
      X-Request-Id:
      - 3c7bc275-da7a-4371-bc91-3fb63cecb924
    status: 200 OK
    code: 200
- request:
    body: ""
    form: {}
    headers:
      User-Agent:
      - scaleway-sdk-go/v1.0.0-beta.7+dev (go1.19.1; linux; amd64) terraform-provider/develop
        terraform/terraform-tests
    url: https://api.scaleway.com/functions/v1beta1/regions/fr-par/functions/5682fd21-e3b6-473c-a2f0-eddf72df900e
    method: DELETE
  response:
    body: '{"cpu_limit":70,"description":"","domain_name":"tffuncpricelessgaussrxnpdycu-foobar.functions.fnc.fr-par.scw.cloud","environment_variables":{},"error_message":null,"handler":"handler.handle","http_option":"enabled","id":"5682fd21-e3b6-473c-a2f0-eddf72df900e","max_scale":20,"memory_limit":128,"min_scale":0,"name":"foobar","namespace_id":"86a56709-566d-4a59-967b-dd762e15a7b6","privacy":"private","region":"fr-par","runtime":"node14","runtime_message":"","secret_environment_variables":[],"status":"deleting","timeout":"300s"}'
    headers:
      Content-Length:
      - "526"
      Content-Security-Policy:
      - default-src 'none'; frame-ancestors 'none'
      Content-Type:
      - application/json
      Date:
      - Wed, 04 Jan 2023 10:48:00 GMT
      Server:
      - Scaleway API-Gateway
      Strict-Transport-Security:
      - max-age=63072000
      X-Content-Type-Options:
      - nosniff
      X-Frame-Options:
      - DENY
      X-Request-Id:
      - 3cb8a42f-9afa-4f3c-b949-1f5cf9d488c6
    status: 200 OK
    code: 200
- request:
    body: ""
    form: {}
    headers:
      User-Agent:
      - scaleway-sdk-go/v1.0.0-beta.7+dev (go1.19.1; linux; amd64) terraform-provider/develop
        terraform/terraform-tests
    url: https://api.scaleway.com/functions/v1beta1/regions/fr-par/namespaces/86a56709-566d-4a59-967b-dd762e15a7b6
    method: GET
  response:
    body: '{"description":"","environment_variables":{},"error_message":null,"id":"86a56709-566d-4a59-967b-dd762e15a7b6","name":"tf-func-priceless-gauss","organization_id":"ee7bd9e1-9cbd-4724-b2f4-19e50f3cf38b","project_id":"ee7bd9e1-9cbd-4724-b2f4-19e50f3cf38b","region":"fr-par","registry_endpoint":"rg.fr-par.scw.cloud/funcscwtffuncpricelessgaussrxnpdycu","registry_namespace_id":"00e2499f-3294-410d-839e-257e0a6c3667","secret_environment_variables":[],"status":"ready"}'
    headers:
      Content-Length:
      - "462"
      Content-Security-Policy:
      - default-src 'none'; frame-ancestors 'none'
      Content-Type:
      - application/json
      Date:
      - Wed, 04 Jan 2023 10:48:00 GMT
      Server:
      - Scaleway API-Gateway
      Strict-Transport-Security:
      - max-age=63072000
      X-Content-Type-Options:
      - nosniff
      X-Frame-Options:
      - DENY
      X-Request-Id:
      - df6bebfd-7ca9-4829-a692-9c0964690738
    status: 200 OK
    code: 200
- request:
    body: ""
    form: {}
    headers:
      User-Agent:
      - scaleway-sdk-go/v1.0.0-beta.7+dev (go1.19.1; linux; amd64) terraform-provider/develop
        terraform/terraform-tests
    url: https://api.scaleway.com/functions/v1beta1/regions/fr-par/namespaces/86a56709-566d-4a59-967b-dd762e15a7b6
    method: DELETE
  response:
    body: '{"description":"","environment_variables":{},"error_message":null,"id":"86a56709-566d-4a59-967b-dd762e15a7b6","name":"tf-func-priceless-gauss","organization_id":"ee7bd9e1-9cbd-4724-b2f4-19e50f3cf38b","project_id":"ee7bd9e1-9cbd-4724-b2f4-19e50f3cf38b","region":"fr-par","registry_endpoint":"rg.fr-par.scw.cloud/funcscwtffuncpricelessgaussrxnpdycu","registry_namespace_id":"00e2499f-3294-410d-839e-257e0a6c3667","secret_environment_variables":[],"status":"deleting"}'
    headers:
      Content-Length:
      - "465"
      Content-Security-Policy:
      - default-src 'none'; frame-ancestors 'none'
      Content-Type:
      - application/json
      Date:
      - Wed, 04 Jan 2023 10:48:00 GMT
      Server:
      - Scaleway API-Gateway
      Strict-Transport-Security:
      - max-age=63072000
      X-Content-Type-Options:
      - nosniff
      X-Frame-Options:
      - DENY
      X-Request-Id:
      - e85d5164-2685-499a-bdb1-90993d3c0347
    status: 200 OK
    code: 200
- request:
    body: ""
    form: {}
    headers:
      User-Agent:
      - scaleway-sdk-go/v1.0.0-beta.7+dev (go1.19.1; linux; amd64) terraform-provider/develop
        terraform/terraform-tests
    url: https://api.scaleway.com/functions/v1beta1/regions/fr-par/namespaces/86a56709-566d-4a59-967b-dd762e15a7b6
    method: GET
  response:
    body: '{"description":"","environment_variables":{},"error_message":null,"id":"86a56709-566d-4a59-967b-dd762e15a7b6","name":"tf-func-priceless-gauss","organization_id":"ee7bd9e1-9cbd-4724-b2f4-19e50f3cf38b","project_id":"ee7bd9e1-9cbd-4724-b2f4-19e50f3cf38b","region":"fr-par","registry_endpoint":"rg.fr-par.scw.cloud/funcscwtffuncpricelessgaussrxnpdycu","registry_namespace_id":"00e2499f-3294-410d-839e-257e0a6c3667","secret_environment_variables":[],"status":"deleting"}'
    headers:
      Content-Length:
      - "465"
      Content-Security-Policy:
      - default-src 'none'; frame-ancestors 'none'
      Content-Type:
      - application/json
      Date:
      - Wed, 04 Jan 2023 10:48:01 GMT
      Server:
      - Scaleway API-Gateway
      Strict-Transport-Security:
      - max-age=63072000
      X-Content-Type-Options:
      - nosniff
      X-Frame-Options:
      - DENY
      X-Request-Id:
      - 79230fde-0bb3-4bb2-8d31-b3d2c51d145c
    status: 200 OK
    code: 200
- request:
    body: ""
    form: {}
    headers:
      User-Agent:
      - scaleway-sdk-go/v1.0.0-beta.7+dev (go1.19.1; linux; amd64) terraform-provider/develop
        terraform/terraform-tests
    url: https://api.scaleway.com/functions/v1beta1/regions/fr-par/namespaces/86a56709-566d-4a59-967b-dd762e15a7b6
    method: GET
  response:
    body: '{"message":"Namespace was not found"}'
    headers:
      Content-Length:
      - "37"
      Content-Security-Policy:
      - default-src 'none'; frame-ancestors 'none'
      Content-Type:
      - application/json
      Date:
      - Wed, 04 Jan 2023 10:48:06 GMT
      Server:
      - Scaleway API-Gateway
      Strict-Transport-Security:
      - max-age=63072000
      X-Content-Type-Options:
      - nosniff
      X-Frame-Options:
      - DENY
      X-Request-Id:
      - f533cd06-bf98-44f8-91f8-e929352f827e
    status: 404 Not Found
    code: 404
- request:
    body: ""
    form: {}
    headers:
      User-Agent:
      - scaleway-sdk-go/v1.0.0-beta.7+dev (go1.19.1; linux; amd64) terraform-provider/develop
        terraform/terraform-tests
    url: https://api.scaleway.com/functions/v1beta1/regions/fr-par/functions/5682fd21-e3b6-473c-a2f0-eddf72df900e
    method: DELETE
  response:
    body: '{"message":"Function was not found"}'
    headers:
      Content-Length:
      - "36"
      Content-Security-Policy:
      - default-src 'none'; frame-ancestors 'none'
      Content-Type:
      - application/json
      Date:
      - Wed, 04 Jan 2023 10:48:06 GMT
      Server:
      - Scaleway API-Gateway
      Strict-Transport-Security:
      - max-age=63072000
      X-Content-Type-Options:
      - nosniff
      X-Frame-Options:
      - DENY
      X-Request-Id:
      - 08b71e9d-a4e1-4377-bc56-c0a6eede81b2
    status: 404 Not Found
    code: 404
