---
version: 1
interactions:
- request:
    body: ""
    form: {}
    headers:
      User-Agent:
      - scaleway-sdk-go/v1.0.0-beta.7+dev (go1.17.3; darwin; amd64) terraform-provider/develop
        terraform/terraform-tests
    url: https://api.scaleway.com/k8s/v1/regions/fr-par/versions
    method: GET
  response:
    body: '{"versions":[{"region":"fr-par","name":"1.23.0","label":"Kubernetes 1.23.0","available_cnis":["cilium","calico","weave","flannel"],"available_ingresses":["none","nginx","traefik","traefik2"],"available_container_runtimes":["containerd","crio","docker"],"available_feature_gates":["HPAScaleToZero","EphemeralContainers","KubeletCredentialProviders"],"available_admission_plugins":["PodNodeSelector","AlwaysPullImages","PodTolerationRestriction"],"available_kubelet_args":{"cpuCFSQuota":"bool","cpuCFSQuotaPeriod":"duration","cpuManagerPolicy":"enum:none|static","maxPods":"uint16"}},{"region":"fr-par","name":"1.22.4","label":"Kubernetes
      1.22.4","available_cnis":["cilium","calico","weave","flannel"],"available_ingresses":["none","nginx","traefik","traefik2"],"available_container_runtimes":["containerd","crio","docker"],"available_feature_gates":["TTLAfterFinished","HPAScaleToZero","EphemeralContainers","KubeletCredentialProviders"],"available_admission_plugins":["PodSecurityPolicy","PodNodeSelector","AlwaysPullImages","PodTolerationRestriction"],"available_kubelet_args":{"cpuCFSQuota":"bool","cpuCFSQuotaPeriod":"duration","cpuManagerPolicy":"enum:none|static","maxPods":"uint16"}},{"region":"fr-par","name":"1.21.7","label":"Kubernetes
      1.21.7","available_cnis":["cilium","calico","weave","flannel"],"available_ingresses":["none","nginx","traefik","traefik2"],"available_container_runtimes":["containerd","crio","docker"],"available_feature_gates":["TTLAfterFinished","HPAScaleToZero","ServiceTopology","EphemeralContainers","KubeletCredentialProviders"],"available_admission_plugins":["PodSecurityPolicy","PodNodeSelector","AlwaysPullImages","PodTolerationRestriction"],"available_kubelet_args":{"cpuCFSQuota":"bool","cpuCFSQuotaPeriod":"duration","cpuManagerPolicy":"enum:none|static","maxPods":"uint16"}},{"region":"fr-par","name":"1.20.13","label":"Kubernetes
      1.20.13","available_cnis":["cilium","calico","weave","flannel"],"available_ingresses":["none","nginx","traefik","traefik2"],"available_container_runtimes":["containerd","crio","docker"],"available_feature_gates":["TTLAfterFinished","HPAScaleToZero","ServiceTopology","EphemeralContainers","KubeletCredentialProviders","GenericEphemeralVolume"],"available_admission_plugins":["PodSecurityPolicy","PodNodeSelector","AlwaysPullImages","PodTolerationRestriction"],"available_kubelet_args":{"cpuCFSQuota":"bool","cpuCFSQuotaPeriod":"duration","cpuManagerPolicy":"enum:none|static","maxPods":"uint16"}},{"region":"fr-par","name":"1.19.16","label":"Kubernetes
      1.19.16","available_cnis":["cilium","calico","weave","flannel"],"available_ingresses":["none","nginx","traefik","traefik2"],"available_container_runtimes":["containerd","crio","docker"],"available_feature_gates":["TTLAfterFinished","ServiceNodeExclusion","EndpointSlice","EndpointSliceProxying","HPAScaleToZero","ServiceTopology","EphemeralContainers","GenericEphemeralVolume"],"available_admission_plugins":["PodSecurityPolicy","PodNodeSelector","AlwaysPullImages","PodPreset","PodTolerationRestriction"],"available_kubelet_args":{"cpuCFSQuota":"bool","cpuCFSQuotaPeriod":"duration","cpuManagerPolicy":"enum:none|static","maxPods":"uint16"}},{"region":"fr-par","name":"1.18.19","label":"Kubernetes
      1.18.19","available_cnis":["cilium","calico","weave","flannel"],"available_ingresses":["none","nginx","traefik","traefik2"],"available_container_runtimes":["containerd","crio","docker"],"available_feature_gates":["TTLAfterFinished","ServiceNodeExclusion","EndpointSlice","EndpointSliceProxying","HPAScaleToZero","ServiceTopology","EphemeralContainers"],"available_admission_plugins":["PodSecurityPolicy","PodNodeSelector","AlwaysPullImages","PodPreset","PodTolerationRestriction"],"available_kubelet_args":{"cpuCFSQuota":"bool","cpuCFSQuotaPeriod":"duration","cpuManagerPolicy":"enum:none|static","maxPods":"uint16"}},{"region":"fr-par","name":"1.17.17","label":"Kubernetes
      1.17.17","available_cnis":["cilium","calico","weave","flannel"],"available_ingresses":["none","nginx","traefik","traefik2"],"available_container_runtimes":["containerd","crio","docker"],"available_feature_gates":["TTLAfterFinished","ServiceNodeExclusion","EndpointSlice","HPAScaleToZero","ServiceTopology","EphemeralContainers"],"available_admission_plugins":["PodSecurityPolicy","PodNodeSelector","AlwaysPullImages","PodPreset","PodTolerationRestriction"],"available_kubelet_args":{"cpuCFSQuota":"bool","cpuCFSQuotaPeriod":"duration","cpuManagerPolicy":"enum:none|static","maxPods":"uint16"}}]}'
    headers:
      Content-Security-Policy:
      - default-src 'none'; frame-ancestors 'none'
      Content-Type:
      - application/json
      Date:
      - Wed, 15 Dec 2021 13:34:53 GMT
      Server:
      - Scaleway API-Gateway
      Strict-Transport-Security:
      - max-age=63072000
      X-Content-Type-Options:
      - nosniff
      X-Frame-Options:
      - DENY
      X-Request-Id:
      - f1e9f33e-2755-487a-bc77-0f298d35f1a6
    status: 200 OK
    code: 200
    duration: ""
- request:
    body: '{"name":"pool-placement-group","project":"105bdce1-64c0-48ab-899d-868455867ecf","policy_mode":"optional","policy_type":"max_availability"}'
    form: {}
    headers:
      Content-Type:
      - application/json
      User-Agent:
      - scaleway-sdk-go/v1.0.0-beta.7+dev (go1.17.3; darwin; amd64) terraform-provider/develop
        terraform/terraform-tests
    url: https://api.scaleway.com/instance/v1/zones/fr-par-1/placement_groups
    method: POST
  response:
    body: '{"placement_group": {"id": "b36c4421-0ef2-4c5e-a9e9-76034db83bad", "name":
      "pool-placement-group", "organization": "105bdce1-64c0-48ab-899d-868455867ecf",
      "project": "105bdce1-64c0-48ab-899d-868455867ecf", "policy_mode": "optional",
      "policy_type": "max_availability", "policy_respected": true, "zone": "fr-par-1"}}'
    headers:
      Content-Length:
      - "314"
      Content-Security-Policy:
      - default-src 'none'; frame-ancestors 'none'
      Content-Type:
      - application/json
      Date:
      - Wed, 15 Dec 2021 13:34:55 GMT
      Location:
      - https://api.scaleway.com/instance/v1/zones/fr-par-1/placement_groups/b36c4421-0ef2-4c5e-a9e9-76034db83bad
      Server:
      - Scaleway API-Gateway
      Strict-Transport-Security:
      - max-age=63072000
      X-Content-Type-Options:
      - nosniff
      X-Frame-Options:
      - DENY
      X-Request-Id:
      - 10416fca-5643-4086-8516-3477b1b85777
    status: 201 Created
    code: 201
    duration: ""
- request:
    body: ""
    form: {}
    headers:
      User-Agent:
      - scaleway-sdk-go/v1.0.0-beta.7+dev (go1.17.3; darwin; amd64) terraform-provider/develop
        terraform/terraform-tests
    url: https://api.scaleway.com/instance/v1/zones/fr-par-1/placement_groups/b36c4421-0ef2-4c5e-a9e9-76034db83bad
    method: GET
  response:
    body: '{"placement_group": {"id": "b36c4421-0ef2-4c5e-a9e9-76034db83bad", "name":
      "pool-placement-group", "organization": "105bdce1-64c0-48ab-899d-868455867ecf",
      "project": "105bdce1-64c0-48ab-899d-868455867ecf", "policy_mode": "optional",
      "policy_type": "max_availability", "policy_respected": true, "zone": "fr-par-1"}}'
    headers:
      Content-Length:
      - "314"
      Content-Security-Policy:
      - default-src 'none'; frame-ancestors 'none'
      Content-Type:
      - application/json
      Date:
      - Wed, 15 Dec 2021 13:34:55 GMT
      Server:
      - Scaleway API-Gateway
      Strict-Transport-Security:
      - max-age=63072000
      X-Content-Type-Options:
      - nosniff
      X-Frame-Options:
      - DENY
      X-Request-Id:
      - a6121381-00d6-4a0a-a636-d4b45265ce8c
    status: 200 OK
    code: 200
    duration: ""
- request:
    body: '{"project_id":"105bdce1-64c0-48ab-899d-868455867ecf","type":"","name":"placement_group","description":"","tags":["terraform-test","scaleway_k8s_cluster","placement_group"],"version":"1.23.0","cni":"calico","enable_dashboard":false,"ingress":"unknown_ingress","pools":null,"autoscaler_config":{"scale_down_disabled":null,"scale_down_delay_after_add":null,"estimator":"unknown_estimator","expander":"unknown_expander","ignore_daemonsets_utilization":null,"balance_similar_node_groups":null,"expendable_pods_priority_cutoff":0,"scale_down_unneeded_time":null,"scale_down_utilization_threshold":null,"max_graceful_termination_sec":0},"auto_upgrade":null,"feature_gates":[],"admission_plugins":[],"open_id_connect_config":null,"apiserver_cert_sans":[]}'
    form: {}
    headers:
      Content-Type:
      - application/json
      User-Agent:
      - scaleway-sdk-go/v1.0.0-beta.7+dev (go1.17.3; darwin; amd64) terraform-provider/develop
        terraform/terraform-tests
    url: https://api.scaleway.com/k8s/v1/regions/fr-par/clusters
    method: POST
  response:
    body: '{"region":"fr-par","id":"c849e052-2f76-4b2e-a016-f20eb523321f","organization_id":"105bdce1-64c0-48ab-899d-868455867ecf","project_id":"105bdce1-64c0-48ab-899d-868455867ecf","created_at":"2021-12-15T13:34:57.100043686Z","updated_at":"2021-12-15T13:34:57.138790394Z","type":"kapsule","name":"placement_group","description":"","status":"creating","version":"1.23.0","cni":"calico","tags":["terraform-test","scaleway_k8s_cluster","placement_group"],"cluster_url":"https://c849e052-2f76-4b2e-a016-f20eb523321f.api.k8s.fr-par.scw.cloud:6443","dns_wildcard":"*.c849e052-2f76-4b2e-a016-f20eb523321f.nodes.k8s.fr-par.scw.cloud","autoscaler_config":{"scale_down_disabled":false,"scale_down_delay_after_add":"10m","estimator":"binpacking","expander":"random","ignore_daemonsets_utilization":false,"balance_similar_node_groups":false,"expendable_pods_priority_cutoff":0,"scale_down_unneeded_time":"10m","scale_down_utilization_threshold":0.5,"max_graceful_termination_sec":0},"dashboard_enabled":false,"ingress":"none","auto_upgrade":{"enabled":false,"maintenance_window":{"start_hour":0,"day":"any"}},"upgrade_available":false,"feature_gates":[],"admission_plugins":[],"open_id_connect_config":{"issuer_url":"","client_id":"","username_claim":"","username_prefix":"","groups_claim":[],"groups_prefix":"","required_claim":[]},"apiserver_cert_sans":[]}'
    headers:
      Content-Length:
      - "1338"
      Content-Security-Policy:
      - default-src 'none'; frame-ancestors 'none'
      Content-Type:
      - application/json
      Date:
      - Wed, 15 Dec 2021 13:34:57 GMT
      Server:
      - Scaleway API-Gateway
      Strict-Transport-Security:
      - max-age=63072000
      X-Content-Type-Options:
      - nosniff
      X-Frame-Options:
      - DENY
      X-Request-Id:
      - 8c730100-ced9-4e18-9c0d-c2d15dc62c6b
    status: 200 OK
    code: 200
    duration: ""
- request:
    body: ""
    form: {}
    headers:
      User-Agent:
      - scaleway-sdk-go/v1.0.0-beta.7+dev (go1.17.3; darwin; amd64) terraform-provider/develop
        terraform/terraform-tests
    url: https://api.scaleway.com/k8s/v1/regions/fr-par/clusters/c849e052-2f76-4b2e-a016-f20eb523321f
    method: GET
  response:
    body: '{"region":"fr-par","id":"c849e052-2f76-4b2e-a016-f20eb523321f","organization_id":"105bdce1-64c0-48ab-899d-868455867ecf","project_id":"105bdce1-64c0-48ab-899d-868455867ecf","created_at":"2021-12-15T13:34:57.100044Z","updated_at":"2021-12-15T13:34:57.138790Z","type":"kapsule","name":"placement_group","description":"","status":"creating","version":"1.23.0","cni":"calico","tags":["terraform-test","scaleway_k8s_cluster","placement_group"],"cluster_url":"https://c849e052-2f76-4b2e-a016-f20eb523321f.api.k8s.fr-par.scw.cloud:6443","dns_wildcard":"*.c849e052-2f76-4b2e-a016-f20eb523321f.nodes.k8s.fr-par.scw.cloud","autoscaler_config":{"scale_down_disabled":false,"scale_down_delay_after_add":"10m","estimator":"binpacking","expander":"random","ignore_daemonsets_utilization":false,"balance_similar_node_groups":false,"expendable_pods_priority_cutoff":0,"scale_down_unneeded_time":"10m","scale_down_utilization_threshold":0.5,"max_graceful_termination_sec":0},"dashboard_enabled":false,"ingress":"none","auto_upgrade":{"enabled":false,"maintenance_window":{"start_hour":0,"day":"any"}},"upgrade_available":false,"feature_gates":[],"admission_plugins":[],"open_id_connect_config":{"issuer_url":"","client_id":"","username_claim":"","username_prefix":"","groups_claim":[],"groups_prefix":"","required_claim":[]},"apiserver_cert_sans":[]}'
    headers:
      Content-Length:
      - "1332"
      Content-Security-Policy:
      - default-src 'none'; frame-ancestors 'none'
      Content-Type:
      - application/json
      Date:
      - Wed, 15 Dec 2021 13:34:57 GMT
      Server:
      - Scaleway API-Gateway
      Strict-Transport-Security:
      - max-age=63072000
      X-Content-Type-Options:
      - nosniff
      X-Frame-Options:
      - DENY
      X-Request-Id:
      - a8838b35-cc1c-4187-a5fb-b4c0f079487c
    status: 200 OK
    code: 200
    duration: ""
- request:
    body: ""
    form: {}
    headers:
      User-Agent:
      - scaleway-sdk-go/v1.0.0-beta.7+dev (go1.17.3; darwin; amd64) terraform-provider/develop
        terraform/terraform-tests
    url: https://api.scaleway.com/k8s/v1/regions/fr-par/clusters/c849e052-2f76-4b2e-a016-f20eb523321f
    method: GET
  response:
    body: '{"region":"fr-par","id":"c849e052-2f76-4b2e-a016-f20eb523321f","organization_id":"105bdce1-64c0-48ab-899d-868455867ecf","project_id":"105bdce1-64c0-48ab-899d-868455867ecf","created_at":"2021-12-15T13:34:57.100044Z","updated_at":"2021-12-15T13:35:00.611032Z","type":"kapsule","name":"placement_group","description":"","status":"pool_required","version":"1.23.0","cni":"calico","tags":["terraform-test","scaleway_k8s_cluster","placement_group"],"cluster_url":"https://c849e052-2f76-4b2e-a016-f20eb523321f.api.k8s.fr-par.scw.cloud:6443","dns_wildcard":"*.c849e052-2f76-4b2e-a016-f20eb523321f.nodes.k8s.fr-par.scw.cloud","autoscaler_config":{"scale_down_disabled":false,"scale_down_delay_after_add":"10m","estimator":"binpacking","expander":"random","ignore_daemonsets_utilization":false,"balance_similar_node_groups":false,"expendable_pods_priority_cutoff":0,"scale_down_unneeded_time":"10m","scale_down_utilization_threshold":0.5,"max_graceful_termination_sec":0},"dashboard_enabled":false,"ingress":"none","auto_upgrade":{"enabled":false,"maintenance_window":{"start_hour":0,"day":"any"}},"upgrade_available":false,"feature_gates":[],"admission_plugins":[],"open_id_connect_config":{"issuer_url":"","client_id":"","username_claim":"","username_prefix":"","groups_claim":[],"groups_prefix":"","required_claim":[]},"apiserver_cert_sans":[]}'
    headers:
      Content-Length:
      - "1337"
      Content-Security-Policy:
      - default-src 'none'; frame-ancestors 'none'
      Content-Type:
      - application/json
      Date:
      - Wed, 15 Dec 2021 13:35:02 GMT
      Server:
      - Scaleway API-Gateway
      Strict-Transport-Security:
      - max-age=63072000
      X-Content-Type-Options:
      - nosniff
      X-Frame-Options:
      - DENY
      X-Request-Id:
      - e7b7d923-db82-4c68-95df-149fc9370660
    status: 200 OK
    code: 200
    duration: ""
- request:
    body: ""
    form: {}
    headers:
      User-Agent:
      - scaleway-sdk-go/v1.0.0-beta.7+dev (go1.17.3; darwin; amd64) terraform-provider/develop
        terraform/terraform-tests
    url: https://api.scaleway.com/k8s/v1/regions/fr-par/clusters/c849e052-2f76-4b2e-a016-f20eb523321f
    method: GET
  response:
    body: '{"region":"fr-par","id":"c849e052-2f76-4b2e-a016-f20eb523321f","organization_id":"105bdce1-64c0-48ab-899d-868455867ecf","project_id":"105bdce1-64c0-48ab-899d-868455867ecf","created_at":"2021-12-15T13:34:57.100044Z","updated_at":"2021-12-15T13:35:00.611032Z","type":"kapsule","name":"placement_group","description":"","status":"pool_required","version":"1.23.0","cni":"calico","tags":["terraform-test","scaleway_k8s_cluster","placement_group"],"cluster_url":"https://c849e052-2f76-4b2e-a016-f20eb523321f.api.k8s.fr-par.scw.cloud:6443","dns_wildcard":"*.c849e052-2f76-4b2e-a016-f20eb523321f.nodes.k8s.fr-par.scw.cloud","autoscaler_config":{"scale_down_disabled":false,"scale_down_delay_after_add":"10m","estimator":"binpacking","expander":"random","ignore_daemonsets_utilization":false,"balance_similar_node_groups":false,"expendable_pods_priority_cutoff":0,"scale_down_unneeded_time":"10m","scale_down_utilization_threshold":0.5,"max_graceful_termination_sec":0},"dashboard_enabled":false,"ingress":"none","auto_upgrade":{"enabled":false,"maintenance_window":{"start_hour":0,"day":"any"}},"upgrade_available":false,"feature_gates":[],"admission_plugins":[],"open_id_connect_config":{"issuer_url":"","client_id":"","username_claim":"","username_prefix":"","groups_claim":[],"groups_prefix":"","required_claim":[]},"apiserver_cert_sans":[]}'
    headers:
      Content-Length:
      - "1337"
      Content-Security-Policy:
      - default-src 'none'; frame-ancestors 'none'
      Content-Type:
      - application/json
      Date:
      - Wed, 15 Dec 2021 13:35:02 GMT
      Server:
      - Scaleway API-Gateway
      Strict-Transport-Security:
      - max-age=63072000
      X-Content-Type-Options:
      - nosniff
      X-Frame-Options:
      - DENY
      X-Request-Id:
      - 6f4c727b-c30c-4aab-8fe5-94faef89ea1b
    status: 200 OK
    code: 200
    duration: ""
- request:
    body: ""
    form: {}
    headers:
      User-Agent:
      - scaleway-sdk-go/v1.0.0-beta.7+dev (go1.17.3; darwin; amd64) terraform-provider/develop
        terraform/terraform-tests
    url: https://api.scaleway.com/k8s/v1/regions/fr-par/clusters/c849e052-2f76-4b2e-a016-f20eb523321f/kubeconfig
    method: GET
  response:
    body: '{"name":"kubeconfig","content_type":"application/octet-stream","content":"YXBpVmVyc2lvbjogdjEKY2x1c3RlcnM6Ci0gbmFtZTogInBsYWNlbWVudC1ncm91cCIKICBjbHVzdGVyOgogICAgY2VydGlmaWNhdGUtYXV0aG9yaXR5LWRhdGE6IExTMHRMUzFDUlVkSlRpQkRSVkpVU1VaSlEwRlVSUzB0TFMwdENrMUpTVU0xZWtORFFXTXJaMEYzU1VKQlowbENRVVJCVGtKbmEzRm9hMmxIT1hjd1FrRlJjMFpCUkVGV1RWSk5kMFZSV1VSV1VWRkVSWGR3Y21SWFNtd0tZMjAxYkdSSFZucE5RalJZUkZSSmVFMVVTWGhPUkVWNlRYcFJNVTlHYjFoRVZFMTRUVlJKZUU1RVJYcE5lbEV4VDBadmQwWlVSVlJOUWtWSFFURlZSUXBCZUUxTFlUTldhVnBZU25WYVdGSnNZM3BEUTBGVFNYZEVVVmxLUzI5YVNXaDJZMDVCVVVWQ1FsRkJSR2RuUlZCQlJFTkRRVkZ2UTJkblJVSkJTM1ZyQ25BcmMxcDRaMlpXYUZBclZHUlFabHBQWmxSV05ucFhUVk5aUml0aloyUXlNMmhXTlhWT1ZHeERTRmRwU1dOMWFXaHRZVUZUYUZkaWVtMW5iMlpNVEZRS2JFUlRUV1pJUVRGMFUzSnBhbmxzYUdGRk5UQm5SbGRHZW5ocFVVMVFjR3hRYTFObVdITkhSMDF0Tm5ORlVrTkNlWGRWUVdSNU9IUm5hV3RsUzBRelp3cHpMelpGVEVWRVZuSjZaSGxaVlhaNWRDOUJVR1JyU2tFdlpHbFVOekpGVGxjeVRtdzRXa2RrWW5CRGRqVnFkU3R6VTBsc1VXRjJhSEozTkdwNWRsUXZDa2swYUV4Sk9GbFFSMWN2UjJ4U05tbzFUVnBpTmpoTFVtODFUVzEzVlhwalNuaEVVVUpTWTNnM09WcDBheTk0UVRsMlN6WXZibkZIVFVoVFdrazVjbFlLUzNKaWVHazFNM1ZSWlZabmFqSnhhR0ZXZDFCR1dWSjBSa2htVUdwUWJrczBiMWRUWVc1bE1sTTNZa2cwVkZwQ1FVRlJlRVF2UmtaWlJWWlNSRUpQZFFveVdGUlpjSFpRWm5SUlNVRnNjVmxJU0ZaVlEwRjNSVUZCWVU1RFRVVkJkMFJuV1VSV1VqQlFRVkZJTDBKQlVVUkJaMHRyVFVFNFIwRXhWV1JGZDBWQ0NpOTNVVVpOUVUxQ1FXWTRkMGhSV1VSV1VqQlBRa0paUlVaTEsxcERRa3RTTWpSdk5GSXJVR3RCVGpOQ1JpOUZNMEpyVVRGTlFUQkhRMU54UjFOSllqTUtSRkZGUWtOM1ZVRkJORWxDUVZGQlUyUjFhVEpYYzNsWmRHMTZiak5UYTFOUlVXZEdORE5uZEhacE9GSnVlbVEyYTNjMFNUQlBjVGMzVldkUmFVeDFiUXAzZGxJNFkwaEJTa1psUjNWUllXOWpObGxYTW1kSFRqaGpVRzVvV0RsWVptMXVZV1pqT1dGaWFqSjFORkpUYmk5R1RtSnZSaXRSTTFWeFpWb3JlV0pCQ21GWVRscFFTMGx6U0dsbWRUVjVSbTFsVURGTmNsRkJiRmszY2pkeFVFUnZNWEp2TjFjM1dYUXlla2hPT1hSS0wyMXlXVEZFVmpOUVF6VjRlbXRoUVU0S2R6WmFLMVZrVTA5RmJqZHJTRmhJZGpodlpsWnZZVXAwUVdoNlozZEZlVzlEUmxBckswOURlbVphWldOQ2VtSmljbE5QVTFCSE56TndNRUo1WmtGR01RbzFTR3RMYW5GVE1YWTNlWFF4VlhSQ2RFcFBVRU1yVm1WbE1qRkRXbEpVZVdOT0t6QlROMlJPUjNWV1VGVm5abnBNTTFSMWQzUnljVFZCUjJ0bGRXc3ZDazFMU0U1MmREaGljblp2VWxjNGNHVmtkRWh3UVdGSFMwZDZNbmRzYTJwbmFUUnliQW90TFMwdExVVk9SQ0JEUlZKVVNVWkpRMEZVUlMwdExTMHRDZz09CiAgICBzZXJ2ZXI6IGh0dHBzOi8vYzg0OWUwNTItMmY3Ni00YjJlLWEwMTYtZjIwZWI1MjMzMjFmLmFwaS5rOHMuZnItcGFyLnNjdy5jbG91ZDo2NDQzCmNvbnRleHRzOgotIG5hbWU6IGFkbWluQHBsYWNlbWVudC1ncm91cAogIGNvbnRleHQ6CiAgICBjbHVzdGVyOiAicGxhY2VtZW50LWdyb3VwIgogICAgdXNlcjogcGxhY2VtZW50LWdyb3VwLWFkbWluCmN1cnJlbnQtY29udGV4dDogYWRtaW5AcGxhY2VtZW50LWdyb3VwCmtpbmQ6IENvbmZpZwpwcmVmZXJlbmNlczoge30KdXNlcnM6Ci0gbmFtZTogcGxhY2VtZW50LWdyb3VwLWFkbWluCiAgdXNlcjoKICAgIHRva2VuOiBaY1NmOWdtZ2lJbnFrYVNGSXh6M1VRZk0zd1NKdUV3UzhtVGp4OTBZSFVKOEtzOFZXdVRtQUZmNg=="}'
    headers:
      Content-Length:
      - "2612"
      Content-Security-Policy:
      - default-src 'none'; frame-ancestors 'none'
      Content-Type:
      - application/json
      Date:
      - Wed, 15 Dec 2021 13:35:03 GMT
      Server:
      - Scaleway API-Gateway
      Strict-Transport-Security:
      - max-age=63072000
      X-Content-Type-Options:
      - nosniff
      X-Frame-Options:
      - DENY
      X-Request-Id:
      - fafc2ca0-0ba1-4051-b4dd-3c89aba53169
    status: 200 OK
    code: 200
    duration: ""
- request:
    body: ""
    form: {}
    headers:
      User-Agent:
      - scaleway-sdk-go/v1.0.0-beta.7+dev (go1.17.3; darwin; amd64) terraform-provider/develop
        terraform/terraform-tests
    url: https://api.scaleway.com/k8s/v1/regions/fr-par/clusters/c849e052-2f76-4b2e-a016-f20eb523321f
    method: GET
  response:
    body: '{"region":"fr-par","id":"c849e052-2f76-4b2e-a016-f20eb523321f","organization_id":"105bdce1-64c0-48ab-899d-868455867ecf","project_id":"105bdce1-64c0-48ab-899d-868455867ecf","created_at":"2021-12-15T13:34:57.100044Z","updated_at":"2021-12-15T13:35:00.611032Z","type":"kapsule","name":"placement_group","description":"","status":"pool_required","version":"1.23.0","cni":"calico","tags":["terraform-test","scaleway_k8s_cluster","placement_group"],"cluster_url":"https://c849e052-2f76-4b2e-a016-f20eb523321f.api.k8s.fr-par.scw.cloud:6443","dns_wildcard":"*.c849e052-2f76-4b2e-a016-f20eb523321f.nodes.k8s.fr-par.scw.cloud","autoscaler_config":{"scale_down_disabled":false,"scale_down_delay_after_add":"10m","estimator":"binpacking","expander":"random","ignore_daemonsets_utilization":false,"balance_similar_node_groups":false,"expendable_pods_priority_cutoff":0,"scale_down_unneeded_time":"10m","scale_down_utilization_threshold":0.5,"max_graceful_termination_sec":0},"dashboard_enabled":false,"ingress":"none","auto_upgrade":{"enabled":false,"maintenance_window":{"start_hour":0,"day":"any"}},"upgrade_available":false,"feature_gates":[],"admission_plugins":[],"open_id_connect_config":{"issuer_url":"","client_id":"","username_claim":"","username_prefix":"","groups_claim":[],"groups_prefix":"","required_claim":[]},"apiserver_cert_sans":[]}'
    headers:
      Content-Length:
      - "1337"
      Content-Security-Policy:
      - default-src 'none'; frame-ancestors 'none'
      Content-Type:
      - application/json
      Date:
      - Wed, 15 Dec 2021 13:35:03 GMT
      Server:
      - Scaleway API-Gateway
      Strict-Transport-Security:
      - max-age=63072000
      X-Content-Type-Options:
      - nosniff
      X-Frame-Options:
      - DENY
      X-Request-Id:
      - dfcf4965-de8e-46aa-a79f-b13f6f31c8b4
    status: 200 OK
    code: 200
    duration: ""
- request:
    body: '{"name":"placement_group","node_type":"gp1_xs","placement_group_id":"b36c4421-0ef2-4c5e-a9e9-76034db83bad","autoscaling":false,"size":1,"min_size":1,"max_size":1,"container_runtime":"containerd","autohealing":false,"tags":[],"kubelet_args":{},"upgrade_policy":null,"zone":"fr-par-1"}'
    form: {}
    headers:
      Content-Type:
      - application/json
      User-Agent:
      - scaleway-sdk-go/v1.0.0-beta.7+dev (go1.17.3; darwin; amd64) terraform-provider/develop
        terraform/terraform-tests
    url: https://api.scaleway.com/k8s/v1/regions/fr-par/clusters/c849e052-2f76-4b2e-a016-f20eb523321f/pools
    method: POST
  response:
    body: '{"region":"fr-par","id":"cbee5c85-a670-49a4-bb04-0843f7d01f36","cluster_id":"c849e052-2f76-4b2e-a016-f20eb523321f","created_at":"2021-12-15T13:35:03.457372Z","updated_at":"2021-12-15T13:35:03.475032025Z","name":"placement_group","status":"scaling","version":"1.23.0","node_type":"gp1_xs","autoscaling":false,"size":1,"min_size":1,"max_size":1,"container_runtime":"containerd","autohealing":false,"tags":[],"placement_group_id":"b36c4421-0ef2-4c5e-a9e9-76034db83bad","kubelet_args":{},"upgrade_policy":{"max_unavailable":1,"max_surge":0},"zone":"fr-par-1"}'
    headers:
      Content-Length:
      - "555"
      Content-Security-Policy:
      - default-src 'none'; frame-ancestors 'none'
      Content-Type:
      - application/json
      Date:
      - Wed, 15 Dec 2021 13:35:05 GMT
      Server:
      - Scaleway API-Gateway
      Strict-Transport-Security:
      - max-age=63072000
      X-Content-Type-Options:
      - nosniff
      X-Frame-Options:
      - DENY
      X-Request-Id:
      - 09046a88-6306-4da4-a8a9-3a9d87e2ee39
    status: 200 OK
    code: 200
    duration: ""
- request:
    body: ""
    form: {}
    headers:
      User-Agent:
      - scaleway-sdk-go/v1.0.0-beta.7+dev (go1.17.3; darwin; amd64) terraform-provider/develop
        terraform/terraform-tests
    url: https://api.scaleway.com/k8s/v1/regions/fr-par/clusters/c849e052-2f76-4b2e-a016-f20eb523321f
    method: GET
  response:
    body: '{"region":"fr-par","id":"c849e052-2f76-4b2e-a016-f20eb523321f","organization_id":"105bdce1-64c0-48ab-899d-868455867ecf","project_id":"105bdce1-64c0-48ab-899d-868455867ecf","created_at":"2021-12-15T13:34:57.100044Z","updated_at":"2021-12-15T13:35:05.526646Z","type":"kapsule","name":"placement_group","description":"","status":"creating","version":"1.23.0","cni":"calico","tags":["terraform-test","scaleway_k8s_cluster","placement_group"],"cluster_url":"https://c849e052-2f76-4b2e-a016-f20eb523321f.api.k8s.fr-par.scw.cloud:6443","dns_wildcard":"*.c849e052-2f76-4b2e-a016-f20eb523321f.nodes.k8s.fr-par.scw.cloud","autoscaler_config":{"scale_down_disabled":false,"scale_down_delay_after_add":"10m","estimator":"binpacking","expander":"random","ignore_daemonsets_utilization":false,"balance_similar_node_groups":false,"expendable_pods_priority_cutoff":0,"scale_down_unneeded_time":"10m","scale_down_utilization_threshold":0.5,"max_graceful_termination_sec":0},"dashboard_enabled":false,"ingress":"none","auto_upgrade":{"enabled":false,"maintenance_window":{"start_hour":0,"day":"any"}},"upgrade_available":false,"feature_gates":[],"admission_plugins":[],"open_id_connect_config":{"issuer_url":"","client_id":"","username_claim":"","username_prefix":"","groups_claim":[],"groups_prefix":"","required_claim":[]},"apiserver_cert_sans":[]}'
    headers:
      Content-Length:
      - "1332"
      Content-Security-Policy:
      - default-src 'none'; frame-ancestors 'none'
      Content-Type:
      - application/json
      Date:
      - Wed, 15 Dec 2021 13:35:05 GMT
      Server:
      - Scaleway API-Gateway
      Strict-Transport-Security:
      - max-age=63072000
      X-Content-Type-Options:
      - nosniff
      X-Frame-Options:
      - DENY
      X-Request-Id:
      - 58238a46-5ac9-4034-97ac-5a09dca00b0a
    status: 200 OK
    code: 200
    duration: ""
- request:
    body: ""
    form: {}
    headers:
      User-Agent:
      - scaleway-sdk-go/v1.0.0-beta.7+dev (go1.17.3; darwin; amd64) terraform-provider/develop
        terraform/terraform-tests
    url: https://api.scaleway.com/k8s/v1/regions/fr-par/clusters/c849e052-2f76-4b2e-a016-f20eb523321f
    method: GET
  response:
    body: '{"region":"fr-par","id":"c849e052-2f76-4b2e-a016-f20eb523321f","organization_id":"105bdce1-64c0-48ab-899d-868455867ecf","project_id":"105bdce1-64c0-48ab-899d-868455867ecf","created_at":"2021-12-15T13:34:57.100044Z","updated_at":"2021-12-15T13:35:05.526646Z","type":"kapsule","name":"placement_group","description":"","status":"creating","version":"1.23.0","cni":"calico","tags":["terraform-test","scaleway_k8s_cluster","placement_group"],"cluster_url":"https://c849e052-2f76-4b2e-a016-f20eb523321f.api.k8s.fr-par.scw.cloud:6443","dns_wildcard":"*.c849e052-2f76-4b2e-a016-f20eb523321f.nodes.k8s.fr-par.scw.cloud","autoscaler_config":{"scale_down_disabled":false,"scale_down_delay_after_add":"10m","estimator":"binpacking","expander":"random","ignore_daemonsets_utilization":false,"balance_similar_node_groups":false,"expendable_pods_priority_cutoff":0,"scale_down_unneeded_time":"10m","scale_down_utilization_threshold":0.5,"max_graceful_termination_sec":0},"dashboard_enabled":false,"ingress":"none","auto_upgrade":{"enabled":false,"maintenance_window":{"start_hour":0,"day":"any"}},"upgrade_available":false,"feature_gates":[],"admission_plugins":[],"open_id_connect_config":{"issuer_url":"","client_id":"","username_claim":"","username_prefix":"","groups_claim":[],"groups_prefix":"","required_claim":[]},"apiserver_cert_sans":[]}'
    headers:
      Content-Length:
      - "1332"
      Content-Security-Policy:
      - default-src 'none'; frame-ancestors 'none'
      Content-Type:
      - application/json
      Date:
      - Wed, 15 Dec 2021 13:35:10 GMT
      Server:
      - Scaleway API-Gateway
      Strict-Transport-Security:
      - max-age=63072000
      X-Content-Type-Options:
      - nosniff
      X-Frame-Options:
      - DENY
      X-Request-Id:
      - 06b64372-2ef8-4ba2-9d11-cf5af4bc175b
    status: 200 OK
    code: 200
    duration: ""
- request:
    body: ""
    form: {}
    headers:
      User-Agent:
      - scaleway-sdk-go/v1.0.0-beta.7+dev (go1.17.3; darwin; amd64) terraform-provider/develop
        terraform/terraform-tests
    url: https://api.scaleway.com/k8s/v1/regions/fr-par/clusters/c849e052-2f76-4b2e-a016-f20eb523321f
    method: GET
  response:
    body: '{"region":"fr-par","id":"c849e052-2f76-4b2e-a016-f20eb523321f","organization_id":"105bdce1-64c0-48ab-899d-868455867ecf","project_id":"105bdce1-64c0-48ab-899d-868455867ecf","created_at":"2021-12-15T13:34:57.100044Z","updated_at":"2021-12-15T13:35:05.526646Z","type":"kapsule","name":"placement_group","description":"","status":"creating","version":"1.23.0","cni":"calico","tags":["terraform-test","scaleway_k8s_cluster","placement_group"],"cluster_url":"https://c849e052-2f76-4b2e-a016-f20eb523321f.api.k8s.fr-par.scw.cloud:6443","dns_wildcard":"*.c849e052-2f76-4b2e-a016-f20eb523321f.nodes.k8s.fr-par.scw.cloud","autoscaler_config":{"scale_down_disabled":false,"scale_down_delay_after_add":"10m","estimator":"binpacking","expander":"random","ignore_daemonsets_utilization":false,"balance_similar_node_groups":false,"expendable_pods_priority_cutoff":0,"scale_down_unneeded_time":"10m","scale_down_utilization_threshold":0.5,"max_graceful_termination_sec":0},"dashboard_enabled":false,"ingress":"none","auto_upgrade":{"enabled":false,"maintenance_window":{"start_hour":0,"day":"any"}},"upgrade_available":false,"feature_gates":[],"admission_plugins":[],"open_id_connect_config":{"issuer_url":"","client_id":"","username_claim":"","username_prefix":"","groups_claim":[],"groups_prefix":"","required_claim":[]},"apiserver_cert_sans":[]}'
    headers:
      Content-Length:
      - "1332"
      Content-Security-Policy:
      - default-src 'none'; frame-ancestors 'none'
      Content-Type:
      - application/json
      Date:
      - Wed, 15 Dec 2021 13:35:15 GMT
      Server:
      - Scaleway API-Gateway
      Strict-Transport-Security:
      - max-age=63072000
      X-Content-Type-Options:
      - nosniff
      X-Frame-Options:
      - DENY
      X-Request-Id:
      - f607386b-1c67-4bd9-976b-c07321bdad08
    status: 200 OK
    code: 200
    duration: ""
- request:
    body: ""
    form: {}
    headers:
      User-Agent:
      - scaleway-sdk-go/v1.0.0-beta.7+dev (go1.17.3; darwin; amd64) terraform-provider/develop
        terraform/terraform-tests
    url: https://api.scaleway.com/k8s/v1/regions/fr-par/clusters/c849e052-2f76-4b2e-a016-f20eb523321f
    method: GET
  response:
    body: '{"region":"fr-par","id":"c849e052-2f76-4b2e-a016-f20eb523321f","organization_id":"105bdce1-64c0-48ab-899d-868455867ecf","project_id":"105bdce1-64c0-48ab-899d-868455867ecf","created_at":"2021-12-15T13:34:57.100044Z","updated_at":"2021-12-15T13:35:05.526646Z","type":"kapsule","name":"placement_group","description":"","status":"creating","version":"1.23.0","cni":"calico","tags":["terraform-test","scaleway_k8s_cluster","placement_group"],"cluster_url":"https://c849e052-2f76-4b2e-a016-f20eb523321f.api.k8s.fr-par.scw.cloud:6443","dns_wildcard":"*.c849e052-2f76-4b2e-a016-f20eb523321f.nodes.k8s.fr-par.scw.cloud","autoscaler_config":{"scale_down_disabled":false,"scale_down_delay_after_add":"10m","estimator":"binpacking","expander":"random","ignore_daemonsets_utilization":false,"balance_similar_node_groups":false,"expendable_pods_priority_cutoff":0,"scale_down_unneeded_time":"10m","scale_down_utilization_threshold":0.5,"max_graceful_termination_sec":0},"dashboard_enabled":false,"ingress":"none","auto_upgrade":{"enabled":false,"maintenance_window":{"start_hour":0,"day":"any"}},"upgrade_available":false,"feature_gates":[],"admission_plugins":[],"open_id_connect_config":{"issuer_url":"","client_id":"","username_claim":"","username_prefix":"","groups_claim":[],"groups_prefix":"","required_claim":[]},"apiserver_cert_sans":[]}'
    headers:
      Content-Length:
      - "1332"
      Content-Security-Policy:
      - default-src 'none'; frame-ancestors 'none'
      Content-Type:
      - application/json
      Date:
      - Wed, 15 Dec 2021 13:35:21 GMT
      Server:
      - Scaleway API-Gateway
      Strict-Transport-Security:
      - max-age=63072000
      X-Content-Type-Options:
      - nosniff
      X-Frame-Options:
      - DENY
      X-Request-Id:
      - 353098db-e812-4a31-bbbd-1b2ffb9f31b4
    status: 200 OK
    code: 200
    duration: ""
- request:
    body: ""
    form: {}
    headers:
      User-Agent:
      - scaleway-sdk-go/v1.0.0-beta.7+dev (go1.17.3; darwin; amd64) terraform-provider/develop
        terraform/terraform-tests
    url: https://api.scaleway.com/k8s/v1/regions/fr-par/clusters/c849e052-2f76-4b2e-a016-f20eb523321f
    method: GET
  response:
    body: '{"region":"fr-par","id":"c849e052-2f76-4b2e-a016-f20eb523321f","organization_id":"105bdce1-64c0-48ab-899d-868455867ecf","project_id":"105bdce1-64c0-48ab-899d-868455867ecf","created_at":"2021-12-15T13:34:57.100044Z","updated_at":"2021-12-15T13:35:05.526646Z","type":"kapsule","name":"placement_group","description":"","status":"creating","version":"1.23.0","cni":"calico","tags":["terraform-test","scaleway_k8s_cluster","placement_group"],"cluster_url":"https://c849e052-2f76-4b2e-a016-f20eb523321f.api.k8s.fr-par.scw.cloud:6443","dns_wildcard":"*.c849e052-2f76-4b2e-a016-f20eb523321f.nodes.k8s.fr-par.scw.cloud","autoscaler_config":{"scale_down_disabled":false,"scale_down_delay_after_add":"10m","estimator":"binpacking","expander":"random","ignore_daemonsets_utilization":false,"balance_similar_node_groups":false,"expendable_pods_priority_cutoff":0,"scale_down_unneeded_time":"10m","scale_down_utilization_threshold":0.5,"max_graceful_termination_sec":0},"dashboard_enabled":false,"ingress":"none","auto_upgrade":{"enabled":false,"maintenance_window":{"start_hour":0,"day":"any"}},"upgrade_available":false,"feature_gates":[],"admission_plugins":[],"open_id_connect_config":{"issuer_url":"","client_id":"","username_claim":"","username_prefix":"","groups_claim":[],"groups_prefix":"","required_claim":[]},"apiserver_cert_sans":[]}'
    headers:
      Content-Length:
      - "1332"
      Content-Security-Policy:
      - default-src 'none'; frame-ancestors 'none'
      Content-Type:
      - application/json
      Date:
      - Wed, 15 Dec 2021 13:35:26 GMT
      Server:
      - Scaleway API-Gateway
      Strict-Transport-Security:
      - max-age=63072000
      X-Content-Type-Options:
      - nosniff
      X-Frame-Options:
      - DENY
      X-Request-Id:
      - 7dba4217-6552-4d67-bdca-24b7b7b37b39
    status: 200 OK
    code: 200
    duration: ""
- request:
    body: ""
    form: {}
    headers:
      User-Agent:
      - scaleway-sdk-go/v1.0.0-beta.7+dev (go1.17.3; darwin; amd64) terraform-provider/develop
        terraform/terraform-tests
    url: https://api.scaleway.com/k8s/v1/regions/fr-par/clusters/c849e052-2f76-4b2e-a016-f20eb523321f
    method: GET
  response:
    body: '{"region":"fr-par","id":"c849e052-2f76-4b2e-a016-f20eb523321f","organization_id":"105bdce1-64c0-48ab-899d-868455867ecf","project_id":"105bdce1-64c0-48ab-899d-868455867ecf","created_at":"2021-12-15T13:34:57.100044Z","updated_at":"2021-12-15T13:35:05.526646Z","type":"kapsule","name":"placement_group","description":"","status":"creating","version":"1.23.0","cni":"calico","tags":["terraform-test","scaleway_k8s_cluster","placement_group"],"cluster_url":"https://c849e052-2f76-4b2e-a016-f20eb523321f.api.k8s.fr-par.scw.cloud:6443","dns_wildcard":"*.c849e052-2f76-4b2e-a016-f20eb523321f.nodes.k8s.fr-par.scw.cloud","autoscaler_config":{"scale_down_disabled":false,"scale_down_delay_after_add":"10m","estimator":"binpacking","expander":"random","ignore_daemonsets_utilization":false,"balance_similar_node_groups":false,"expendable_pods_priority_cutoff":0,"scale_down_unneeded_time":"10m","scale_down_utilization_threshold":0.5,"max_graceful_termination_sec":0},"dashboard_enabled":false,"ingress":"none","auto_upgrade":{"enabled":false,"maintenance_window":{"start_hour":0,"day":"any"}},"upgrade_available":false,"feature_gates":[],"admission_plugins":[],"open_id_connect_config":{"issuer_url":"","client_id":"","username_claim":"","username_prefix":"","groups_claim":[],"groups_prefix":"","required_claim":[]},"apiserver_cert_sans":[]}'
    headers:
      Content-Length:
      - "1332"
      Content-Security-Policy:
      - default-src 'none'; frame-ancestors 'none'
      Content-Type:
      - application/json
      Date:
      - Wed, 15 Dec 2021 13:35:31 GMT
      Server:
      - Scaleway API-Gateway
      Strict-Transport-Security:
      - max-age=63072000
      X-Content-Type-Options:
      - nosniff
      X-Frame-Options:
      - DENY
      X-Request-Id:
      - 154f35c8-1c03-445f-86d5-cc31be345c6a
    status: 200 OK
    code: 200
    duration: ""
- request:
    body: ""
    form: {}
    headers:
      User-Agent:
      - scaleway-sdk-go/v1.0.0-beta.7+dev (go1.17.3; darwin; amd64) terraform-provider/develop
        terraform/terraform-tests
    url: https://api.scaleway.com/k8s/v1/regions/fr-par/clusters/c849e052-2f76-4b2e-a016-f20eb523321f
    method: GET
  response:
    body: '{"region":"fr-par","id":"c849e052-2f76-4b2e-a016-f20eb523321f","organization_id":"105bdce1-64c0-48ab-899d-868455867ecf","project_id":"105bdce1-64c0-48ab-899d-868455867ecf","created_at":"2021-12-15T13:34:57.100044Z","updated_at":"2021-12-15T13:35:05.526646Z","type":"kapsule","name":"placement_group","description":"","status":"creating","version":"1.23.0","cni":"calico","tags":["terraform-test","scaleway_k8s_cluster","placement_group"],"cluster_url":"https://c849e052-2f76-4b2e-a016-f20eb523321f.api.k8s.fr-par.scw.cloud:6443","dns_wildcard":"*.c849e052-2f76-4b2e-a016-f20eb523321f.nodes.k8s.fr-par.scw.cloud","autoscaler_config":{"scale_down_disabled":false,"scale_down_delay_after_add":"10m","estimator":"binpacking","expander":"random","ignore_daemonsets_utilization":false,"balance_similar_node_groups":false,"expendable_pods_priority_cutoff":0,"scale_down_unneeded_time":"10m","scale_down_utilization_threshold":0.5,"max_graceful_termination_sec":0},"dashboard_enabled":false,"ingress":"none","auto_upgrade":{"enabled":false,"maintenance_window":{"start_hour":0,"day":"any"}},"upgrade_available":false,"feature_gates":[],"admission_plugins":[],"open_id_connect_config":{"issuer_url":"","client_id":"","username_claim":"","username_prefix":"","groups_claim":[],"groups_prefix":"","required_claim":[]},"apiserver_cert_sans":[]}'
    headers:
      Content-Length:
      - "1332"
      Content-Security-Policy:
      - default-src 'none'; frame-ancestors 'none'
      Content-Type:
      - application/json
      Date:
      - Wed, 15 Dec 2021 13:35:36 GMT
      Server:
      - Scaleway API-Gateway
      Strict-Transport-Security:
      - max-age=63072000
      X-Content-Type-Options:
      - nosniff
      X-Frame-Options:
      - DENY
      X-Request-Id:
      - dddd4158-26b5-431d-b884-894ac268cf84
    status: 200 OK
    code: 200
    duration: ""
- request:
    body: ""
    form: {}
    headers:
      User-Agent:
      - scaleway-sdk-go/v1.0.0-beta.7+dev (go1.17.3; darwin; amd64) terraform-provider/develop
        terraform/terraform-tests
    url: https://api.scaleway.com/k8s/v1/regions/fr-par/clusters/c849e052-2f76-4b2e-a016-f20eb523321f
    method: GET
  response:
    body: '{"region":"fr-par","id":"c849e052-2f76-4b2e-a016-f20eb523321f","organization_id":"105bdce1-64c0-48ab-899d-868455867ecf","project_id":"105bdce1-64c0-48ab-899d-868455867ecf","created_at":"2021-12-15T13:34:57.100044Z","updated_at":"2021-12-15T13:35:05.526646Z","type":"kapsule","name":"placement_group","description":"","status":"creating","version":"1.23.0","cni":"calico","tags":["terraform-test","scaleway_k8s_cluster","placement_group"],"cluster_url":"https://c849e052-2f76-4b2e-a016-f20eb523321f.api.k8s.fr-par.scw.cloud:6443","dns_wildcard":"*.c849e052-2f76-4b2e-a016-f20eb523321f.nodes.k8s.fr-par.scw.cloud","autoscaler_config":{"scale_down_disabled":false,"scale_down_delay_after_add":"10m","estimator":"binpacking","expander":"random","ignore_daemonsets_utilization":false,"balance_similar_node_groups":false,"expendable_pods_priority_cutoff":0,"scale_down_unneeded_time":"10m","scale_down_utilization_threshold":0.5,"max_graceful_termination_sec":0},"dashboard_enabled":false,"ingress":"none","auto_upgrade":{"enabled":false,"maintenance_window":{"start_hour":0,"day":"any"}},"upgrade_available":false,"feature_gates":[],"admission_plugins":[],"open_id_connect_config":{"issuer_url":"","client_id":"","username_claim":"","username_prefix":"","groups_claim":[],"groups_prefix":"","required_claim":[]},"apiserver_cert_sans":[]}'
    headers:
      Content-Length:
      - "1332"
      Content-Security-Policy:
      - default-src 'none'; frame-ancestors 'none'
      Content-Type:
      - application/json
      Date:
      - Wed, 15 Dec 2021 13:35:41 GMT
      Server:
      - Scaleway API-Gateway
      Strict-Transport-Security:
      - max-age=63072000
      X-Content-Type-Options:
      - nosniff
      X-Frame-Options:
      - DENY
      X-Request-Id:
      - e33bfcc3-1ea1-4e50-aca8-cf7ae015feea
    status: 200 OK
    code: 200
    duration: ""
- request:
    body: ""
    form: {}
    headers:
      User-Agent:
      - scaleway-sdk-go/v1.0.0-beta.7+dev (go1.17.3; darwin; amd64) terraform-provider/develop
        terraform/terraform-tests
    url: https://api.scaleway.com/k8s/v1/regions/fr-par/clusters/c849e052-2f76-4b2e-a016-f20eb523321f
    method: GET
  response:
    body: '{"region":"fr-par","id":"c849e052-2f76-4b2e-a016-f20eb523321f","organization_id":"105bdce1-64c0-48ab-899d-868455867ecf","project_id":"105bdce1-64c0-48ab-899d-868455867ecf","created_at":"2021-12-15T13:34:57.100044Z","updated_at":"2021-12-15T13:35:05.526646Z","type":"kapsule","name":"placement_group","description":"","status":"creating","version":"1.23.0","cni":"calico","tags":["terraform-test","scaleway_k8s_cluster","placement_group"],"cluster_url":"https://c849e052-2f76-4b2e-a016-f20eb523321f.api.k8s.fr-par.scw.cloud:6443","dns_wildcard":"*.c849e052-2f76-4b2e-a016-f20eb523321f.nodes.k8s.fr-par.scw.cloud","autoscaler_config":{"scale_down_disabled":false,"scale_down_delay_after_add":"10m","estimator":"binpacking","expander":"random","ignore_daemonsets_utilization":false,"balance_similar_node_groups":false,"expendable_pods_priority_cutoff":0,"scale_down_unneeded_time":"10m","scale_down_utilization_threshold":0.5,"max_graceful_termination_sec":0},"dashboard_enabled":false,"ingress":"none","auto_upgrade":{"enabled":false,"maintenance_window":{"start_hour":0,"day":"any"}},"upgrade_available":false,"feature_gates":[],"admission_plugins":[],"open_id_connect_config":{"issuer_url":"","client_id":"","username_claim":"","username_prefix":"","groups_claim":[],"groups_prefix":"","required_claim":[]},"apiserver_cert_sans":[]}'
    headers:
      Content-Length:
      - "1332"
      Content-Security-Policy:
      - default-src 'none'; frame-ancestors 'none'
      Content-Type:
      - application/json
      Date:
      - Wed, 15 Dec 2021 13:35:46 GMT
      Server:
      - Scaleway API-Gateway
      Strict-Transport-Security:
      - max-age=63072000
      X-Content-Type-Options:
      - nosniff
      X-Frame-Options:
      - DENY
      X-Request-Id:
      - 1b693b44-0772-4f4d-aa9d-2a934c96455b
    status: 200 OK
    code: 200
    duration: ""
- request:
    body: ""
    form: {}
    headers:
      User-Agent:
      - scaleway-sdk-go/v1.0.0-beta.7+dev (go1.17.3; darwin; amd64) terraform-provider/develop
        terraform/terraform-tests
    url: https://api.scaleway.com/k8s/v1/regions/fr-par/clusters/c849e052-2f76-4b2e-a016-f20eb523321f
    method: GET
  response:
    body: '{"region":"fr-par","id":"c849e052-2f76-4b2e-a016-f20eb523321f","organization_id":"105bdce1-64c0-48ab-899d-868455867ecf","project_id":"105bdce1-64c0-48ab-899d-868455867ecf","created_at":"2021-12-15T13:34:57.100044Z","updated_at":"2021-12-15T13:35:05.526646Z","type":"kapsule","name":"placement_group","description":"","status":"creating","version":"1.23.0","cni":"calico","tags":["terraform-test","scaleway_k8s_cluster","placement_group"],"cluster_url":"https://c849e052-2f76-4b2e-a016-f20eb523321f.api.k8s.fr-par.scw.cloud:6443","dns_wildcard":"*.c849e052-2f76-4b2e-a016-f20eb523321f.nodes.k8s.fr-par.scw.cloud","autoscaler_config":{"scale_down_disabled":false,"scale_down_delay_after_add":"10m","estimator":"binpacking","expander":"random","ignore_daemonsets_utilization":false,"balance_similar_node_groups":false,"expendable_pods_priority_cutoff":0,"scale_down_unneeded_time":"10m","scale_down_utilization_threshold":0.5,"max_graceful_termination_sec":0},"dashboard_enabled":false,"ingress":"none","auto_upgrade":{"enabled":false,"maintenance_window":{"start_hour":0,"day":"any"}},"upgrade_available":false,"feature_gates":[],"admission_plugins":[],"open_id_connect_config":{"issuer_url":"","client_id":"","username_claim":"","username_prefix":"","groups_claim":[],"groups_prefix":"","required_claim":[]},"apiserver_cert_sans":[]}'
    headers:
      Content-Length:
      - "1332"
      Content-Security-Policy:
      - default-src 'none'; frame-ancestors 'none'
      Content-Type:
      - application/json
      Date:
      - Wed, 15 Dec 2021 13:35:51 GMT
      Server:
      - Scaleway API-Gateway
      Strict-Transport-Security:
      - max-age=63072000
      X-Content-Type-Options:
      - nosniff
      X-Frame-Options:
      - DENY
      X-Request-Id:
      - db5dffe0-49ba-49eb-affd-5a482c91b723
    status: 200 OK
    code: 200
    duration: ""
- request:
    body: ""
    form: {}
    headers:
      User-Agent:
      - scaleway-sdk-go/v1.0.0-beta.7+dev (go1.17.3; darwin; amd64) terraform-provider/develop
        terraform/terraform-tests
    url: https://api.scaleway.com/k8s/v1/regions/fr-par/clusters/c849e052-2f76-4b2e-a016-f20eb523321f
    method: GET
  response:
    body: '{"region":"fr-par","id":"c849e052-2f76-4b2e-a016-f20eb523321f","organization_id":"105bdce1-64c0-48ab-899d-868455867ecf","project_id":"105bdce1-64c0-48ab-899d-868455867ecf","created_at":"2021-12-15T13:34:57.100044Z","updated_at":"2021-12-15T13:35:05.526646Z","type":"kapsule","name":"placement_group","description":"","status":"creating","version":"1.23.0","cni":"calico","tags":["terraform-test","scaleway_k8s_cluster","placement_group"],"cluster_url":"https://c849e052-2f76-4b2e-a016-f20eb523321f.api.k8s.fr-par.scw.cloud:6443","dns_wildcard":"*.c849e052-2f76-4b2e-a016-f20eb523321f.nodes.k8s.fr-par.scw.cloud","autoscaler_config":{"scale_down_disabled":false,"scale_down_delay_after_add":"10m","estimator":"binpacking","expander":"random","ignore_daemonsets_utilization":false,"balance_similar_node_groups":false,"expendable_pods_priority_cutoff":0,"scale_down_unneeded_time":"10m","scale_down_utilization_threshold":0.5,"max_graceful_termination_sec":0},"dashboard_enabled":false,"ingress":"none","auto_upgrade":{"enabled":false,"maintenance_window":{"start_hour":0,"day":"any"}},"upgrade_available":false,"feature_gates":[],"admission_plugins":[],"open_id_connect_config":{"issuer_url":"","client_id":"","username_claim":"","username_prefix":"","groups_claim":[],"groups_prefix":"","required_claim":[]},"apiserver_cert_sans":[]}'
    headers:
      Content-Length:
      - "1332"
      Content-Security-Policy:
      - default-src 'none'; frame-ancestors 'none'
      Content-Type:
      - application/json
      Date:
      - Wed, 15 Dec 2021 13:35:56 GMT
      Server:
      - Scaleway API-Gateway
      Strict-Transport-Security:
      - max-age=63072000
      X-Content-Type-Options:
      - nosniff
      X-Frame-Options:
      - DENY
      X-Request-Id:
      - bcda217e-ecee-412f-a144-e01ff1eaf6ca
    status: 200 OK
    code: 200
    duration: ""
- request:
    body: ""
    form: {}
    headers:
      User-Agent:
      - scaleway-sdk-go/v1.0.0-beta.7+dev (go1.17.3; darwin; amd64) terraform-provider/develop
        terraform/terraform-tests
    url: https://api.scaleway.com/k8s/v1/regions/fr-par/clusters/c849e052-2f76-4b2e-a016-f20eb523321f
    method: GET
  response:
    body: '{"region":"fr-par","id":"c849e052-2f76-4b2e-a016-f20eb523321f","organization_id":"105bdce1-64c0-48ab-899d-868455867ecf","project_id":"105bdce1-64c0-48ab-899d-868455867ecf","created_at":"2021-12-15T13:34:57.100044Z","updated_at":"2021-12-15T13:35:05.526646Z","type":"kapsule","name":"placement_group","description":"","status":"creating","version":"1.23.0","cni":"calico","tags":["terraform-test","scaleway_k8s_cluster","placement_group"],"cluster_url":"https://c849e052-2f76-4b2e-a016-f20eb523321f.api.k8s.fr-par.scw.cloud:6443","dns_wildcard":"*.c849e052-2f76-4b2e-a016-f20eb523321f.nodes.k8s.fr-par.scw.cloud","autoscaler_config":{"scale_down_disabled":false,"scale_down_delay_after_add":"10m","estimator":"binpacking","expander":"random","ignore_daemonsets_utilization":false,"balance_similar_node_groups":false,"expendable_pods_priority_cutoff":0,"scale_down_unneeded_time":"10m","scale_down_utilization_threshold":0.5,"max_graceful_termination_sec":0},"dashboard_enabled":false,"ingress":"none","auto_upgrade":{"enabled":false,"maintenance_window":{"start_hour":0,"day":"any"}},"upgrade_available":false,"feature_gates":[],"admission_plugins":[],"open_id_connect_config":{"issuer_url":"","client_id":"","username_claim":"","username_prefix":"","groups_claim":[],"groups_prefix":"","required_claim":[]},"apiserver_cert_sans":[]}'
    headers:
      Content-Length:
      - "1332"
      Content-Security-Policy:
      - default-src 'none'; frame-ancestors 'none'
      Content-Type:
      - application/json
      Date:
      - Wed, 15 Dec 2021 13:36:01 GMT
      Server:
      - Scaleway API-Gateway
      Strict-Transport-Security:
      - max-age=63072000
      X-Content-Type-Options:
      - nosniff
      X-Frame-Options:
      - DENY
      X-Request-Id:
      - af554879-b610-43cb-8967-07f27cd2c3fa
    status: 200 OK
    code: 200
    duration: ""
- request:
    body: ""
    form: {}
    headers:
      User-Agent:
      - scaleway-sdk-go/v1.0.0-beta.7+dev (go1.17.3; darwin; amd64) terraform-provider/develop
        terraform/terraform-tests
    url: https://api.scaleway.com/k8s/v1/regions/fr-par/clusters/c849e052-2f76-4b2e-a016-f20eb523321f
    method: GET
  response:
    body: '{"region":"fr-par","id":"c849e052-2f76-4b2e-a016-f20eb523321f","organization_id":"105bdce1-64c0-48ab-899d-868455867ecf","project_id":"105bdce1-64c0-48ab-899d-868455867ecf","created_at":"2021-12-15T13:34:57.100044Z","updated_at":"2021-12-15T13:35:05.526646Z","type":"kapsule","name":"placement_group","description":"","status":"creating","version":"1.23.0","cni":"calico","tags":["terraform-test","scaleway_k8s_cluster","placement_group"],"cluster_url":"https://c849e052-2f76-4b2e-a016-f20eb523321f.api.k8s.fr-par.scw.cloud:6443","dns_wildcard":"*.c849e052-2f76-4b2e-a016-f20eb523321f.nodes.k8s.fr-par.scw.cloud","autoscaler_config":{"scale_down_disabled":false,"scale_down_delay_after_add":"10m","estimator":"binpacking","expander":"random","ignore_daemonsets_utilization":false,"balance_similar_node_groups":false,"expendable_pods_priority_cutoff":0,"scale_down_unneeded_time":"10m","scale_down_utilization_threshold":0.5,"max_graceful_termination_sec":0},"dashboard_enabled":false,"ingress":"none","auto_upgrade":{"enabled":false,"maintenance_window":{"start_hour":0,"day":"any"}},"upgrade_available":false,"feature_gates":[],"admission_plugins":[],"open_id_connect_config":{"issuer_url":"","client_id":"","username_claim":"","username_prefix":"","groups_claim":[],"groups_prefix":"","required_claim":[]},"apiserver_cert_sans":[]}'
    headers:
      Content-Length:
      - "1332"
      Content-Security-Policy:
      - default-src 'none'; frame-ancestors 'none'
      Content-Type:
      - application/json
      Date:
      - Wed, 15 Dec 2021 13:36:06 GMT
      Server:
      - Scaleway API-Gateway
      Strict-Transport-Security:
      - max-age=63072000
      X-Content-Type-Options:
      - nosniff
      X-Frame-Options:
      - DENY
      X-Request-Id:
      - 25932076-b3b9-4dea-9646-db20663fe52d
    status: 200 OK
    code: 200
    duration: ""
- request:
    body: ""
    form: {}
    headers:
      User-Agent:
      - scaleway-sdk-go/v1.0.0-beta.7+dev (go1.17.3; darwin; amd64) terraform-provider/develop
        terraform/terraform-tests
    url: https://api.scaleway.com/k8s/v1/regions/fr-par/clusters/c849e052-2f76-4b2e-a016-f20eb523321f
    method: GET
  response:
    body: '{"region":"fr-par","id":"c849e052-2f76-4b2e-a016-f20eb523321f","organization_id":"105bdce1-64c0-48ab-899d-868455867ecf","project_id":"105bdce1-64c0-48ab-899d-868455867ecf","created_at":"2021-12-15T13:34:57.100044Z","updated_at":"2021-12-15T13:35:05.526646Z","type":"kapsule","name":"placement_group","description":"","status":"creating","version":"1.23.0","cni":"calico","tags":["terraform-test","scaleway_k8s_cluster","placement_group"],"cluster_url":"https://c849e052-2f76-4b2e-a016-f20eb523321f.api.k8s.fr-par.scw.cloud:6443","dns_wildcard":"*.c849e052-2f76-4b2e-a016-f20eb523321f.nodes.k8s.fr-par.scw.cloud","autoscaler_config":{"scale_down_disabled":false,"scale_down_delay_after_add":"10m","estimator":"binpacking","expander":"random","ignore_daemonsets_utilization":false,"balance_similar_node_groups":false,"expendable_pods_priority_cutoff":0,"scale_down_unneeded_time":"10m","scale_down_utilization_threshold":0.5,"max_graceful_termination_sec":0},"dashboard_enabled":false,"ingress":"none","auto_upgrade":{"enabled":false,"maintenance_window":{"start_hour":0,"day":"any"}},"upgrade_available":false,"feature_gates":[],"admission_plugins":[],"open_id_connect_config":{"issuer_url":"","client_id":"","username_claim":"","username_prefix":"","groups_claim":[],"groups_prefix":"","required_claim":[]},"apiserver_cert_sans":[]}'
    headers:
      Content-Length:
      - "1332"
      Content-Security-Policy:
      - default-src 'none'; frame-ancestors 'none'
      Content-Type:
      - application/json
      Date:
      - Wed, 15 Dec 2021 13:36:12 GMT
      Server:
      - Scaleway API-Gateway
      Strict-Transport-Security:
      - max-age=63072000
      X-Content-Type-Options:
      - nosniff
      X-Frame-Options:
      - DENY
      X-Request-Id:
      - 180a95f0-d2d2-4899-8585-5cf9b8d78cb6
    status: 200 OK
    code: 200
    duration: ""
- request:
    body: ""
    form: {}
    headers:
      User-Agent:
      - scaleway-sdk-go/v1.0.0-beta.7+dev (go1.17.3; darwin; amd64) terraform-provider/develop
        terraform/terraform-tests
    url: https://api.scaleway.com/k8s/v1/regions/fr-par/clusters/c849e052-2f76-4b2e-a016-f20eb523321f
    method: GET
  response:
    body: '{"region":"fr-par","id":"c849e052-2f76-4b2e-a016-f20eb523321f","organization_id":"105bdce1-64c0-48ab-899d-868455867ecf","project_id":"105bdce1-64c0-48ab-899d-868455867ecf","created_at":"2021-12-15T13:34:57.100044Z","updated_at":"2021-12-15T13:35:05.526646Z","type":"kapsule","name":"placement_group","description":"","status":"creating","version":"1.23.0","cni":"calico","tags":["terraform-test","scaleway_k8s_cluster","placement_group"],"cluster_url":"https://c849e052-2f76-4b2e-a016-f20eb523321f.api.k8s.fr-par.scw.cloud:6443","dns_wildcard":"*.c849e052-2f76-4b2e-a016-f20eb523321f.nodes.k8s.fr-par.scw.cloud","autoscaler_config":{"scale_down_disabled":false,"scale_down_delay_after_add":"10m","estimator":"binpacking","expander":"random","ignore_daemonsets_utilization":false,"balance_similar_node_groups":false,"expendable_pods_priority_cutoff":0,"scale_down_unneeded_time":"10m","scale_down_utilization_threshold":0.5,"max_graceful_termination_sec":0},"dashboard_enabled":false,"ingress":"none","auto_upgrade":{"enabled":false,"maintenance_window":{"start_hour":0,"day":"any"}},"upgrade_available":false,"feature_gates":[],"admission_plugins":[],"open_id_connect_config":{"issuer_url":"","client_id":"","username_claim":"","username_prefix":"","groups_claim":[],"groups_prefix":"","required_claim":[]},"apiserver_cert_sans":[]}'
    headers:
      Content-Length:
      - "1332"
      Content-Security-Policy:
      - default-src 'none'; frame-ancestors 'none'
      Content-Type:
      - application/json
      Date:
      - Wed, 15 Dec 2021 13:36:17 GMT
      Server:
      - Scaleway API-Gateway
      Strict-Transport-Security:
      - max-age=63072000
      X-Content-Type-Options:
      - nosniff
      X-Frame-Options:
      - DENY
      X-Request-Id:
      - 251f33aa-5712-4005-9ff8-1091e83aa5b2
    status: 200 OK
    code: 200
    duration: ""
- request:
    body: ""
    form: {}
    headers:
      User-Agent:
      - scaleway-sdk-go/v1.0.0-beta.7+dev (go1.17.3; darwin; amd64) terraform-provider/develop
        terraform/terraform-tests
    url: https://api.scaleway.com/k8s/v1/regions/fr-par/clusters/c849e052-2f76-4b2e-a016-f20eb523321f
    method: GET
  response:
    body: '{"region":"fr-par","id":"c849e052-2f76-4b2e-a016-f20eb523321f","organization_id":"105bdce1-64c0-48ab-899d-868455867ecf","project_id":"105bdce1-64c0-48ab-899d-868455867ecf","created_at":"2021-12-15T13:34:57.100044Z","updated_at":"2021-12-15T13:35:05.526646Z","type":"kapsule","name":"placement_group","description":"","status":"creating","version":"1.23.0","cni":"calico","tags":["terraform-test","scaleway_k8s_cluster","placement_group"],"cluster_url":"https://c849e052-2f76-4b2e-a016-f20eb523321f.api.k8s.fr-par.scw.cloud:6443","dns_wildcard":"*.c849e052-2f76-4b2e-a016-f20eb523321f.nodes.k8s.fr-par.scw.cloud","autoscaler_config":{"scale_down_disabled":false,"scale_down_delay_after_add":"10m","estimator":"binpacking","expander":"random","ignore_daemonsets_utilization":false,"balance_similar_node_groups":false,"expendable_pods_priority_cutoff":0,"scale_down_unneeded_time":"10m","scale_down_utilization_threshold":0.5,"max_graceful_termination_sec":0},"dashboard_enabled":false,"ingress":"none","auto_upgrade":{"enabled":false,"maintenance_window":{"start_hour":0,"day":"any"}},"upgrade_available":false,"feature_gates":[],"admission_plugins":[],"open_id_connect_config":{"issuer_url":"","client_id":"","username_claim":"","username_prefix":"","groups_claim":[],"groups_prefix":"","required_claim":[]},"apiserver_cert_sans":[]}'
    headers:
      Content-Length:
      - "1332"
      Content-Security-Policy:
      - default-src 'none'; frame-ancestors 'none'
      Content-Type:
      - application/json
      Date:
      - Wed, 15 Dec 2021 13:36:22 GMT
      Server:
      - Scaleway API-Gateway
      Strict-Transport-Security:
      - max-age=63072000
      X-Content-Type-Options:
      - nosniff
      X-Frame-Options:
      - DENY
      X-Request-Id:
      - 61bfecd1-e2e0-4de9-8e52-5a6fe5e8811a
    status: 200 OK
    code: 200
    duration: ""
- request:
    body: ""
    form: {}
    headers:
      User-Agent:
      - scaleway-sdk-go/v1.0.0-beta.7+dev (go1.17.3; darwin; amd64) terraform-provider/develop
        terraform/terraform-tests
    url: https://api.scaleway.com/k8s/v1/regions/fr-par/clusters/c849e052-2f76-4b2e-a016-f20eb523321f
    method: GET
  response:
    body: '{"region":"fr-par","id":"c849e052-2f76-4b2e-a016-f20eb523321f","organization_id":"105bdce1-64c0-48ab-899d-868455867ecf","project_id":"105bdce1-64c0-48ab-899d-868455867ecf","created_at":"2021-12-15T13:34:57.100044Z","updated_at":"2021-12-15T13:35:05.526646Z","type":"kapsule","name":"placement_group","description":"","status":"creating","version":"1.23.0","cni":"calico","tags":["terraform-test","scaleway_k8s_cluster","placement_group"],"cluster_url":"https://c849e052-2f76-4b2e-a016-f20eb523321f.api.k8s.fr-par.scw.cloud:6443","dns_wildcard":"*.c849e052-2f76-4b2e-a016-f20eb523321f.nodes.k8s.fr-par.scw.cloud","autoscaler_config":{"scale_down_disabled":false,"scale_down_delay_after_add":"10m","estimator":"binpacking","expander":"random","ignore_daemonsets_utilization":false,"balance_similar_node_groups":false,"expendable_pods_priority_cutoff":0,"scale_down_unneeded_time":"10m","scale_down_utilization_threshold":0.5,"max_graceful_termination_sec":0},"dashboard_enabled":false,"ingress":"none","auto_upgrade":{"enabled":false,"maintenance_window":{"start_hour":0,"day":"any"}},"upgrade_available":false,"feature_gates":[],"admission_plugins":[],"open_id_connect_config":{"issuer_url":"","client_id":"","username_claim":"","username_prefix":"","groups_claim":[],"groups_prefix":"","required_claim":[]},"apiserver_cert_sans":[]}'
    headers:
      Content-Length:
      - "1332"
      Content-Security-Policy:
      - default-src 'none'; frame-ancestors 'none'
      Content-Type:
      - application/json
      Date:
      - Wed, 15 Dec 2021 13:36:27 GMT
      Server:
      - Scaleway API-Gateway
      Strict-Transport-Security:
      - max-age=63072000
      X-Content-Type-Options:
      - nosniff
      X-Frame-Options:
      - DENY
      X-Request-Id:
      - 8e3b37ec-99ad-44b1-870c-01737e214720
    status: 200 OK
    code: 200
    duration: ""
- request:
    body: ""
    form: {}
    headers:
      User-Agent:
      - scaleway-sdk-go/v1.0.0-beta.7+dev (go1.17.3; darwin; amd64) terraform-provider/develop
        terraform/terraform-tests
    url: https://api.scaleway.com/k8s/v1/regions/fr-par/clusters/c849e052-2f76-4b2e-a016-f20eb523321f
    method: GET
  response:
    body: '{"region":"fr-par","id":"c849e052-2f76-4b2e-a016-f20eb523321f","organization_id":"105bdce1-64c0-48ab-899d-868455867ecf","project_id":"105bdce1-64c0-48ab-899d-868455867ecf","created_at":"2021-12-15T13:34:57.100044Z","updated_at":"2021-12-15T13:35:05.526646Z","type":"kapsule","name":"placement_group","description":"","status":"creating","version":"1.23.0","cni":"calico","tags":["terraform-test","scaleway_k8s_cluster","placement_group"],"cluster_url":"https://c849e052-2f76-4b2e-a016-f20eb523321f.api.k8s.fr-par.scw.cloud:6443","dns_wildcard":"*.c849e052-2f76-4b2e-a016-f20eb523321f.nodes.k8s.fr-par.scw.cloud","autoscaler_config":{"scale_down_disabled":false,"scale_down_delay_after_add":"10m","estimator":"binpacking","expander":"random","ignore_daemonsets_utilization":false,"balance_similar_node_groups":false,"expendable_pods_priority_cutoff":0,"scale_down_unneeded_time":"10m","scale_down_utilization_threshold":0.5,"max_graceful_termination_sec":0},"dashboard_enabled":false,"ingress":"none","auto_upgrade":{"enabled":false,"maintenance_window":{"start_hour":0,"day":"any"}},"upgrade_available":false,"feature_gates":[],"admission_plugins":[],"open_id_connect_config":{"issuer_url":"","client_id":"","username_claim":"","username_prefix":"","groups_claim":[],"groups_prefix":"","required_claim":[]},"apiserver_cert_sans":[]}'
    headers:
      Content-Length:
      - "1329"
      Content-Security-Policy:
      - default-src 'none'; frame-ancestors 'none'
      Content-Type:
      - application/json
      Date:
      - Wed, 15 Dec 2021 13:36:32 GMT
      Server:
      - Scaleway API-Gateway
      Strict-Transport-Security:
      - max-age=63072000
      X-Content-Type-Options:
      - nosniff
      X-Frame-Options:
      - DENY
      X-Request-Id:
      - b22e23f7-82ef-4c44-b4d0-fb96d022debc
    status: 200 OK
    code: 200
    duration: ""
- request:
    body: ""
    form: {}
    headers:
      User-Agent:
      - scaleway-sdk-go/v1.0.0-beta.7+dev (go1.17.3; darwin; amd64) terraform-provider/develop
        terraform/terraform-tests
    url: https://api.scaleway.com/k8s/v1/regions/fr-par/clusters/c849e052-2f76-4b2e-a016-f20eb523321f
    method: GET
  response:
    body: '{"region":"fr-par","id":"c849e052-2f76-4b2e-a016-f20eb523321f","organization_id":"105bdce1-64c0-48ab-899d-868455867ecf","project_id":"105bdce1-64c0-48ab-899d-868455867ecf","created_at":"2021-12-15T13:34:57.100044Z","updated_at":"2021-12-15T13:35:05.526646Z","type":"kapsule","name":"placement_group","description":"","status":"creating","version":"1.23.0","cni":"calico","tags":["terraform-test","scaleway_k8s_cluster","placement_group"],"cluster_url":"https://c849e052-2f76-4b2e-a016-f20eb523321f.api.k8s.fr-par.scw.cloud:6443","dns_wildcard":"*.c849e052-2f76-4b2e-a016-f20eb523321f.nodes.k8s.fr-par.scw.cloud","autoscaler_config":{"scale_down_disabled":false,"scale_down_delay_after_add":"10m","estimator":"binpacking","expander":"random","ignore_daemonsets_utilization":false,"balance_similar_node_groups":false,"expendable_pods_priority_cutoff":0,"scale_down_unneeded_time":"10m","scale_down_utilization_threshold":0.5,"max_graceful_termination_sec":0},"dashboard_enabled":false,"ingress":"none","auto_upgrade":{"enabled":false,"maintenance_window":{"start_hour":0,"day":"any"}},"upgrade_available":false,"feature_gates":[],"admission_plugins":[],"open_id_connect_config":{"issuer_url":"","client_id":"","username_claim":"","username_prefix":"","groups_claim":[],"groups_prefix":"","required_claim":[]},"apiserver_cert_sans":[]}'
    headers:
      Content-Length:
      - "552"
      Content-Security-Policy:
      - default-src 'none'; frame-ancestors 'none'
      Content-Type:
      - application/json
      Date:
      - Wed, 15 Dec 2021 13:36:37 GMT
      Server:
      - Scaleway API-Gateway
      Strict-Transport-Security:
      - max-age=63072000
      X-Content-Type-Options:
      - nosniff
      X-Frame-Options:
      - DENY
      X-Request-Id:
      - 6b149939-3ba2-47c6-a7b9-ec1b68f4787a
    status: 200 OK
    code: 200
    duration: ""
- request:
    body: ""
    form: {}
    headers:
      User-Agent:
      - scaleway-sdk-go/v1.0.0-beta.7+dev (go1.17.3; darwin; amd64) terraform-provider/develop
        terraform/terraform-tests
    url: https://api.scaleway.com/k8s/v1/regions/fr-par/clusters/c849e052-2f76-4b2e-a016-f20eb523321f
    method: GET
  response:
    body: '{"region":"fr-par","id":"c849e052-2f76-4b2e-a016-f20eb523321f","organization_id":"105bdce1-64c0-48ab-899d-868455867ecf","project_id":"105bdce1-64c0-48ab-899d-868455867ecf","created_at":"2021-12-15T13:34:57.100044Z","updated_at":"2021-12-15T13:35:05.526646Z","type":"kapsule","name":"placement_group","description":"","status":"creating","version":"1.23.0","cni":"calico","tags":["terraform-test","scaleway_k8s_cluster","placement_group"],"cluster_url":"https://c849e052-2f76-4b2e-a016-f20eb523321f.api.k8s.fr-par.scw.cloud:6443","dns_wildcard":"*.c849e052-2f76-4b2e-a016-f20eb523321f.nodes.k8s.fr-par.scw.cloud","autoscaler_config":{"scale_down_disabled":false,"scale_down_delay_after_add":"10m","estimator":"binpacking","expander":"random","ignore_daemonsets_utilization":false,"balance_similar_node_groups":false,"expendable_pods_priority_cutoff":0,"scale_down_unneeded_time":"10m","scale_down_utilization_threshold":0.5,"max_graceful_termination_sec":0},"dashboard_enabled":false,"ingress":"none","auto_upgrade":{"enabled":false,"maintenance_window":{"start_hour":0,"day":"any"}},"upgrade_available":false,"feature_gates":[],"admission_plugins":[],"open_id_connect_config":{"issuer_url":"","client_id":"","username_claim":"","username_prefix":"","groups_claim":[],"groups_prefix":"","required_claim":[]},"apiserver_cert_sans":[]}'
    headers:
      Content-Length:
      - "28"
      Content-Security-Policy:
      - default-src 'none'; frame-ancestors 'none'
      Content-Type:
      - application/json
      Date:
      - Wed, 15 Dec 2021 13:36:42 GMT
      Server:
      - Scaleway API-Gateway
      Strict-Transport-Security:
      - max-age=63072000
      X-Content-Type-Options:
      - nosniff
      X-Frame-Options:
      - DENY
      X-Request-Id:
      - 15851e1d-70f3-4775-b952-054c4bee6b45
    status: 200 OK
    code: 200
    duration: ""
- request:
    body: ""
    form: {}
    headers:
      User-Agent:
      - scaleway-sdk-go/v1.0.0-beta.7+dev (go1.17.3; darwin; amd64) terraform-provider/develop
        terraform/terraform-tests
    url: https://api.scaleway.com/k8s/v1/regions/fr-par/clusters/c849e052-2f76-4b2e-a016-f20eb523321f
    method: GET
  response:
    body: '{"region":"fr-par","id":"c849e052-2f76-4b2e-a016-f20eb523321f","organization_id":"105bdce1-64c0-48ab-899d-868455867ecf","project_id":"105bdce1-64c0-48ab-899d-868455867ecf","created_at":"2021-12-15T13:34:57.100044Z","updated_at":"2021-12-15T13:36:46.035799Z","type":"kapsule","name":"placement_group","description":"","status":"ready","version":"1.23.0","cni":"calico","tags":["terraform-test","scaleway_k8s_cluster","placement_group"],"cluster_url":"https://c849e052-2f76-4b2e-a016-f20eb523321f.api.k8s.fr-par.scw.cloud:6443","dns_wildcard":"*.c849e052-2f76-4b2e-a016-f20eb523321f.nodes.k8s.fr-par.scw.cloud","autoscaler_config":{"scale_down_disabled":false,"scale_down_delay_after_add":"10m","estimator":"binpacking","expander":"random","ignore_daemonsets_utilization":false,"balance_similar_node_groups":false,"expendable_pods_priority_cutoff":0,"scale_down_unneeded_time":"10m","scale_down_utilization_threshold":0.5,"max_graceful_termination_sec":0},"dashboard_enabled":false,"ingress":"none","auto_upgrade":{"enabled":false,"maintenance_window":{"start_hour":0,"day":"any"}},"upgrade_available":false,"feature_gates":[],"admission_plugins":[],"open_id_connect_config":{"issuer_url":"","client_id":"","username_claim":"","username_prefix":"","groups_claim":[],"groups_prefix":"","required_claim":[]},"apiserver_cert_sans":[]}'
    headers:
      Content-Length:
      - "1329"
      Content-Security-Policy:
      - default-src 'none'; frame-ancestors 'none'
      Content-Type:
      - application/json
      Date:
      - Wed, 15 Dec 2021 13:36:47 GMT
      Server:
      - Scaleway API-Gateway
      Strict-Transport-Security:
      - max-age=63072000
      X-Content-Type-Options:
      - nosniff
      X-Frame-Options:
      - DENY
      X-Request-Id:
      - 4666c396-3466-4061-9408-2a00dca790a5
    status: 200 OK
    code: 200
    duration: ""
- request:
    body: ""
    form: {}
    headers:
      User-Agent:
      - scaleway-sdk-go/v1.0.0-beta.7+dev (go1.17.3; darwin; amd64) terraform-provider/develop
        terraform/terraform-tests
    url: https://api.scaleway.com/k8s/v1/regions/fr-par/pools/cbee5c85-a670-49a4-bb04-0843f7d01f36
    method: GET
  response:
    body: '{"region":"fr-par","id":"cbee5c85-a670-49a4-bb04-0843f7d01f36","cluster_id":"c849e052-2f76-4b2e-a016-f20eb523321f","created_at":"2021-12-15T13:35:03.457372Z","updated_at":"2021-12-15T13:35:03.475032Z","name":"placement_group","status":"scaling","version":"1.23.0","node_type":"gp1_xs","autoscaling":false,"size":1,"min_size":1,"max_size":1,"container_runtime":"containerd","autohealing":false,"tags":[],"placement_group_id":"b36c4421-0ef2-4c5e-a9e9-76034db83bad","kubelet_args":{},"upgrade_policy":{"max_unavailable":1,"max_surge":0},"zone":"fr-par-1"}'
    headers:
      Content-Length:
      - "552"
      Content-Security-Policy:
      - default-src 'none'; frame-ancestors 'none'
      Content-Type:
      - application/json
      Date:
      - Wed, 15 Dec 2021 13:36:47 GMT
      Server:
      - Scaleway API-Gateway
      Strict-Transport-Security:
      - max-age=63072000
      X-Content-Type-Options:
      - nosniff
      X-Frame-Options:
      - DENY
      X-Request-Id:
      - 0dc00d59-2249-4ff5-9e73-ebb8dde6445a
    status: 200 OK
    code: 200
    duration: ""
- request:
    body: ""
    form: {}
    headers:
      User-Agent:
      - scaleway-sdk-go/v1.0.0-beta.7+dev (go1.17.3; darwin; amd64) terraform-provider/develop
        terraform/terraform-tests
    url: https://api.scaleway.com/k8s/v1/regions/fr-par/clusters/c849e052-2f76-4b2e-a016-f20eb523321f/nodes?order_by=created_at_asc&page=1&pool_id=cbee5c85-a670-49a4-bb04-0843f7d01f36&status=unknown
    method: GET
  response:
    body: '{"total_count":0,"nodes":[]}'
    headers:
      Content-Length:
      - "28"
      Content-Security-Policy:
      - default-src 'none'; frame-ancestors 'none'
      Content-Type:
      - application/json
      Date:
      - Wed, 15 Dec 2021 13:36:47 GMT
      Server:
      - Scaleway API-Gateway
      Strict-Transport-Security:
      - max-age=63072000
      X-Content-Type-Options:
      - nosniff
      X-Frame-Options:
      - DENY
      X-Request-Id:
      - 282a5a4f-6430-4b2a-b9ad-879bd4cfcbba
    status: 200 OK
    code: 200
    duration: ""
- request:
    body: ""
    form: {}
    headers:
      User-Agent:
      - scaleway-sdk-go/v1.0.0-beta.7+dev (go1.17.3; darwin; amd64) terraform-provider/develop
        terraform/terraform-tests
    url: https://api.scaleway.com/k8s/v1/regions/fr-par/clusters/c849e052-2f76-4b2e-a016-f20eb523321f
    method: GET
  response:
    body: '{"region":"fr-par","id":"c849e052-2f76-4b2e-a016-f20eb523321f","organization_id":"105bdce1-64c0-48ab-899d-868455867ecf","project_id":"105bdce1-64c0-48ab-899d-868455867ecf","created_at":"2021-12-15T13:34:57.100044Z","updated_at":"2021-12-15T13:36:46.035799Z","type":"kapsule","name":"placement_group","description":"","status":"ready","version":"1.23.0","cni":"calico","tags":["terraform-test","scaleway_k8s_cluster","placement_group"],"cluster_url":"https://c849e052-2f76-4b2e-a016-f20eb523321f.api.k8s.fr-par.scw.cloud:6443","dns_wildcard":"*.c849e052-2f76-4b2e-a016-f20eb523321f.nodes.k8s.fr-par.scw.cloud","autoscaler_config":{"scale_down_disabled":false,"scale_down_delay_after_add":"10m","estimator":"binpacking","expander":"random","ignore_daemonsets_utilization":false,"balance_similar_node_groups":false,"expendable_pods_priority_cutoff":0,"scale_down_unneeded_time":"10m","scale_down_utilization_threshold":0.5,"max_graceful_termination_sec":0},"dashboard_enabled":false,"ingress":"none","auto_upgrade":{"enabled":false,"maintenance_window":{"start_hour":0,"day":"any"}},"upgrade_available":false,"feature_gates":[],"admission_plugins":[],"open_id_connect_config":{"issuer_url":"","client_id":"","username_claim":"","username_prefix":"","groups_claim":[],"groups_prefix":"","required_claim":[]},"apiserver_cert_sans":[]}'
    headers:
      Content-Length:
      - "1329"
      Content-Security-Policy:
      - default-src 'none'; frame-ancestors 'none'
      Content-Type:
      - application/json
      Date:
      - Wed, 15 Dec 2021 13:36:47 GMT
      Server:
      - Scaleway API-Gateway
      Strict-Transport-Security:
      - max-age=63072000
      X-Content-Type-Options:
      - nosniff
      X-Frame-Options:
      - DENY
      X-Request-Id:
      - 82bb5d8f-4caf-4a86-823a-3fbc6bf2bcdf
    status: 200 OK
    code: 200
    duration: ""
- request:
    body: ""
    form: {}
    headers:
      User-Agent:
      - scaleway-sdk-go/v1.0.0-beta.7+dev (go1.17.3; darwin; amd64) terraform-provider/develop
        terraform/terraform-tests
    url: https://api.scaleway.com/k8s/v1/regions/fr-par/pools/cbee5c85-a670-49a4-bb04-0843f7d01f36
    method: GET
  response:
    body: '{"region":"fr-par","id":"cbee5c85-a670-49a4-bb04-0843f7d01f36","cluster_id":"c849e052-2f76-4b2e-a016-f20eb523321f","created_at":"2021-12-15T13:35:03.457372Z","updated_at":"2021-12-15T13:35:03.475032Z","name":"placement_group","status":"scaling","version":"1.23.0","node_type":"gp1_xs","autoscaling":false,"size":1,"min_size":1,"max_size":1,"container_runtime":"containerd","autohealing":false,"tags":[],"placement_group_id":"b36c4421-0ef2-4c5e-a9e9-76034db83bad","kubelet_args":{},"upgrade_policy":{"max_unavailable":1,"max_surge":0},"zone":"fr-par-1"}'
    headers:
      Content-Length:
      - "552"
      Content-Security-Policy:
      - default-src 'none'; frame-ancestors 'none'
      Content-Type:
      - application/json
      Date:
      - Wed, 15 Dec 2021 13:36:47 GMT
      Server:
      - Scaleway API-Gateway
      Strict-Transport-Security:
      - max-age=63072000
      X-Content-Type-Options:
      - nosniff
      X-Frame-Options:
      - DENY
      X-Request-Id:
      - 7a9f980d-3051-4398-8350-fd8a8d912948
    status: 200 OK
    code: 200
    duration: ""
- request:
    body: ""
    form: {}
    headers:
      User-Agent:
      - scaleway-sdk-go/v1.0.0-beta.7+dev (go1.17.3; darwin; amd64) terraform-provider/develop
        terraform/terraform-tests
    url: https://api.scaleway.com/k8s/v1/regions/fr-par/clusters/c849e052-2f76-4b2e-a016-f20eb523321f
    method: GET
  response:
    body: '{"region":"fr-par","id":"c849e052-2f76-4b2e-a016-f20eb523321f","organization_id":"105bdce1-64c0-48ab-899d-868455867ecf","project_id":"105bdce1-64c0-48ab-899d-868455867ecf","created_at":"2021-12-15T13:34:57.100044Z","updated_at":"2021-12-15T13:36:46.035799Z","type":"kapsule","name":"placement_group","description":"","status":"ready","version":"1.23.0","cni":"calico","tags":["terraform-test","scaleway_k8s_cluster","placement_group"],"cluster_url":"https://c849e052-2f76-4b2e-a016-f20eb523321f.api.k8s.fr-par.scw.cloud:6443","dns_wildcard":"*.c849e052-2f76-4b2e-a016-f20eb523321f.nodes.k8s.fr-par.scw.cloud","autoscaler_config":{"scale_down_disabled":false,"scale_down_delay_after_add":"10m","estimator":"binpacking","expander":"random","ignore_daemonsets_utilization":false,"balance_similar_node_groups":false,"expendable_pods_priority_cutoff":0,"scale_down_unneeded_time":"10m","scale_down_utilization_threshold":0.5,"max_graceful_termination_sec":0},"dashboard_enabled":false,"ingress":"none","auto_upgrade":{"enabled":false,"maintenance_window":{"start_hour":0,"day":"any"}},"upgrade_available":false,"feature_gates":[],"admission_plugins":[],"open_id_connect_config":{"issuer_url":"","client_id":"","username_claim":"","username_prefix":"","groups_claim":[],"groups_prefix":"","required_claim":[]},"apiserver_cert_sans":[]}'
    headers:
      Content-Length:
      - "314"
      Content-Security-Policy:
      - default-src 'none'; frame-ancestors 'none'
      Content-Type:
      - application/json
      Date:
      - Wed, 15 Dec 2021 13:36:48 GMT
      Server:
      - Scaleway API-Gateway
      Strict-Transport-Security:
      - max-age=63072000
      X-Content-Type-Options:
      - nosniff
      X-Frame-Options:
      - DENY
      X-Request-Id:
      - 1f8c49d5-2c67-44a1-b43e-b02725c8d1c9
    status: 200 OK
    code: 200
    duration: ""
- request:
    body: ""
    form: {}
    headers:
      User-Agent:
      - scaleway-sdk-go/v1.0.0-beta.7+dev (go1.17.3; darwin; amd64) terraform-provider/develop
        terraform/terraform-tests
    url: https://api.scaleway.com/instance/v1/zones/fr-par-1/placement_groups/b36c4421-0ef2-4c5e-a9e9-76034db83bad
    method: GET
  response:
    body: '{"placement_group": {"id": "b36c4421-0ef2-4c5e-a9e9-76034db83bad", "name":
      "pool-placement-group", "organization": "105bdce1-64c0-48ab-899d-868455867ecf",
      "project": "105bdce1-64c0-48ab-899d-868455867ecf", "policy_mode": "optional",
      "policy_type": "max_availability", "policy_respected": true, "zone": "fr-par-1"}}'
    headers:
      Content-Length:
      - "2612"
      Content-Security-Policy:
      - default-src 'none'; frame-ancestors 'none'
      Content-Type:
      - application/json
      Date:
      - Wed, 15 Dec 2021 13:36:48 GMT
      Server:
      - Scaleway API-Gateway
      Strict-Transport-Security:
      - max-age=63072000
      X-Content-Type-Options:
      - nosniff
      X-Frame-Options:
      - DENY
      X-Request-Id:
      - ef07491d-b316-4424-aa3c-cd299567d660
    status: 200 OK
    code: 200
    duration: ""
- request:
    body: ""
    form: {}
    headers:
      User-Agent:
      - scaleway-sdk-go/v1.0.0-beta.7+dev (go1.17.3; darwin; amd64) terraform-provider/develop
        terraform/terraform-tests
    url: https://api.scaleway.com/k8s/v1/regions/fr-par/clusters/c849e052-2f76-4b2e-a016-f20eb523321f/kubeconfig
    method: GET
  response:
    body: '{"name":"kubeconfig","content_type":"application/octet-stream","content":"YXBpVmVyc2lvbjogdjEKY2x1c3RlcnM6Ci0gbmFtZTogInBsYWNlbWVudC1ncm91cCIKICBjbHVzdGVyOgogICAgY2VydGlmaWNhdGUtYXV0aG9yaXR5LWRhdGE6IExTMHRMUzFDUlVkSlRpQkRSVkpVU1VaSlEwRlVSUzB0TFMwdENrMUpTVU0xZWtORFFXTXJaMEYzU1VKQlowbENRVVJCVGtKbmEzRm9hMmxIT1hjd1FrRlJjMFpCUkVGV1RWSk5kMFZSV1VSV1VWRkVSWGR3Y21SWFNtd0tZMjAxYkdSSFZucE5RalJZUkZSSmVFMVVTWGhPUkVWNlRYcFJNVTlHYjFoRVZFMTRUVlJKZUU1RVJYcE5lbEV4VDBadmQwWlVSVlJOUWtWSFFURlZSUXBCZUUxTFlUTldhVnBZU25WYVdGSnNZM3BEUTBGVFNYZEVVVmxLUzI5YVNXaDJZMDVCVVVWQ1FsRkJSR2RuUlZCQlJFTkRRVkZ2UTJkblJVSkJTM1ZyQ25BcmMxcDRaMlpXYUZBclZHUlFabHBQWmxSV05ucFhUVk5aUml0aloyUXlNMmhXTlhWT1ZHeERTRmRwU1dOMWFXaHRZVUZUYUZkaWVtMW5iMlpNVEZRS2JFUlRUV1pJUVRGMFUzSnBhbmxzYUdGRk5UQm5SbGRHZW5ocFVVMVFjR3hRYTFObVdITkhSMDF0Tm5ORlVrTkNlWGRWUVdSNU9IUm5hV3RsUzBRelp3cHpMelpGVEVWRVZuSjZaSGxaVlhaNWRDOUJVR1JyU2tFdlpHbFVOekpGVGxjeVRtdzRXa2RrWW5CRGRqVnFkU3R6VTBsc1VXRjJhSEozTkdwNWRsUXZDa2swYUV4Sk9GbFFSMWN2UjJ4U05tbzFUVnBpTmpoTFVtODFUVzEzVlhwalNuaEVVVUpTWTNnM09WcDBheTk0UVRsMlN6WXZibkZIVFVoVFdrazVjbFlLUzNKaWVHazFNM1ZSWlZabmFqSnhhR0ZXZDFCR1dWSjBSa2htVUdwUWJrczBiMWRUWVc1bE1sTTNZa2cwVkZwQ1FVRlJlRVF2UmtaWlJWWlNSRUpQZFFveVdGUlpjSFpRWm5SUlNVRnNjVmxJU0ZaVlEwRjNSVUZCWVU1RFRVVkJkMFJuV1VSV1VqQlFRVkZJTDBKQlVVUkJaMHRyVFVFNFIwRXhWV1JGZDBWQ0NpOTNVVVpOUVUxQ1FXWTRkMGhSV1VSV1VqQlBRa0paUlVaTEsxcERRa3RTTWpSdk5GSXJVR3RCVGpOQ1JpOUZNMEpyVVRGTlFUQkhRMU54UjFOSllqTUtSRkZGUWtOM1ZVRkJORWxDUVZGQlUyUjFhVEpYYzNsWmRHMTZiak5UYTFOUlVXZEdORE5uZEhacE9GSnVlbVEyYTNjMFNUQlBjVGMzVldkUmFVeDFiUXAzZGxJNFkwaEJTa1psUjNWUllXOWpObGxYTW1kSFRqaGpVRzVvV0RsWVptMXVZV1pqT1dGaWFqSjFORkpUYmk5R1RtSnZSaXRSTTFWeFpWb3JlV0pCQ21GWVRscFFTMGx6U0dsbWRUVjVSbTFsVURGTmNsRkJiRmszY2pkeFVFUnZNWEp2TjFjM1dYUXlla2hPT1hSS0wyMXlXVEZFVmpOUVF6VjRlbXRoUVU0S2R6WmFLMVZrVTA5RmJqZHJTRmhJZGpodlpsWnZZVXAwUVdoNlozZEZlVzlEUmxBckswOURlbVphWldOQ2VtSmljbE5QVTFCSE56TndNRUo1WmtGR01RbzFTR3RMYW5GVE1YWTNlWFF4VlhSQ2RFcFBVRU1yVm1WbE1qRkRXbEpVZVdOT0t6QlROMlJPUjNWV1VGVm5abnBNTTFSMWQzUnljVFZCUjJ0bGRXc3ZDazFMU0U1MmREaGljblp2VWxjNGNHVmtkRWh3UVdGSFMwZDZNbmRzYTJwbmFUUnliQW90TFMwdExVVk9SQ0JEUlZKVVNVWkpRMEZVUlMwdExTMHRDZz09CiAgICBzZXJ2ZXI6IGh0dHBzOi8vYzg0OWUwNTItMmY3Ni00YjJlLWEwMTYtZjIwZWI1MjMzMjFmLmFwaS5rOHMuZnItcGFyLnNjdy5jbG91ZDo2NDQzCmNvbnRleHRzOgotIG5hbWU6IGFkbWluQHBsYWNlbWVudC1ncm91cAogIGNvbnRleHQ6CiAgICBjbHVzdGVyOiAicGxhY2VtZW50LWdyb3VwIgogICAgdXNlcjogcGxhY2VtZW50LWdyb3VwLWFkbWluCmN1cnJlbnQtY29udGV4dDogYWRtaW5AcGxhY2VtZW50LWdyb3VwCmtpbmQ6IENvbmZpZwpwcmVmZXJlbmNlczoge30KdXNlcnM6Ci0gbmFtZTogcGxhY2VtZW50LWdyb3VwLWFkbWluCiAgdXNlcjoKICAgIHRva2VuOiBaY1NmOWdtZ2lJbnFrYVNGSXh6M1VRZk0zd1NKdUV3UzhtVGp4OTBZSFVKOEtzOFZXdVRtQUZmNg=="}'
    headers:
      Content-Length:
      - "552"
      Content-Security-Policy:
      - default-src 'none'; frame-ancestors 'none'
      Content-Type:
      - application/json
      Date:
      - Wed, 15 Dec 2021 13:36:48 GMT
      Server:
      - Scaleway API-Gateway
      Strict-Transport-Security:
      - max-age=63072000
      X-Content-Type-Options:
      - nosniff
      X-Frame-Options:
      - DENY
      X-Request-Id:
      - c4d807b0-e256-4dc4-9fb2-6e1797a8952e
    status: 200 OK
    code: 200
    duration: ""
- request:
    body: ""
    form: {}
    headers:
      User-Agent:
      - scaleway-sdk-go/v1.0.0-beta.7+dev (go1.17.3; darwin; amd64) terraform-provider/develop
        terraform/terraform-tests
    url: https://api.scaleway.com/k8s/v1/regions/fr-par/pools/cbee5c85-a670-49a4-bb04-0843f7d01f36
    method: GET
  response:
    body: '{"region":"fr-par","id":"cbee5c85-a670-49a4-bb04-0843f7d01f36","cluster_id":"c849e052-2f76-4b2e-a016-f20eb523321f","created_at":"2021-12-15T13:35:03.457372Z","updated_at":"2021-12-15T13:35:03.475032Z","name":"placement_group","status":"scaling","version":"1.23.0","node_type":"gp1_xs","autoscaling":false,"size":1,"min_size":1,"max_size":1,"container_runtime":"containerd","autohealing":false,"tags":[],"placement_group_id":"b36c4421-0ef2-4c5e-a9e9-76034db83bad","kubelet_args":{},"upgrade_policy":{"max_unavailable":1,"max_surge":0},"zone":"fr-par-1"}'
    headers:
      Content-Length:
      - "28"
      Content-Security-Policy:
      - default-src 'none'; frame-ancestors 'none'
      Content-Type:
      - application/json
      Date:
      - Wed, 15 Dec 2021 13:36:48 GMT
      Server:
      - Scaleway API-Gateway
      Strict-Transport-Security:
      - max-age=63072000
      X-Content-Type-Options:
      - nosniff
      X-Frame-Options:
      - DENY
      X-Request-Id:
      - d7e6b957-549c-4649-91cb-d24c4f3a62d9
    status: 200 OK
    code: 200
    duration: ""
- request:
    body: ""
    form: {}
    headers:
      User-Agent:
      - scaleway-sdk-go/v1.0.0-beta.7+dev (go1.17.3; darwin; amd64) terraform-provider/develop
        terraform/terraform-tests
    url: https://api.scaleway.com/k8s/v1/regions/fr-par/clusters/c849e052-2f76-4b2e-a016-f20eb523321f/nodes?order_by=created_at_asc&page=1&pool_id=cbee5c85-a670-49a4-bb04-0843f7d01f36&status=unknown
    method: GET
  response:
    body: '{"region":"fr-par","id":"9e42ce81-2dc3-4dd2-a1bc-34d2c1ef5075","cluster_id":"56f3a7ae-3ad7-4562-9815-b3af9ac9d55e","created_at":"2021-12-13T16:31:32.923707Z","updated_at":"2021-12-13T16:32:32.684228399Z","name":"placement_group","status":"deleting","version":"1.23.0","node_type":"gp1_xs","autoscaling":false,"size":1,"min_size":1,"max_size":1,"container_runtime":"containerd","autohealing":false,"tags":[],"placement_group_id":"814e09e9-2765-458f-87a8-34dfd0fa92a7","kubelet_args":{},"upgrade_policy":{"max_unavailable":1,"max_surge":0},"zone":"fr-par-1"}'
    headers:
      Content-Length:
      - "556"
      Content-Security-Policy:
      - default-src 'none'; frame-ancestors 'none'
      Content-Type:
      - application/json
      Date:
      - Wed, 15 Dec 2021 13:36:48 GMT
      Server:
      - Scaleway API-Gateway
      Strict-Transport-Security:
      - max-age=63072000
      X-Content-Type-Options:
      - nosniff
      X-Frame-Options:
      - DENY
      X-Request-Id:
      - 0f434b1e-d2a4-4559-8493-32b94ba0b04c
    status: 200 OK
    code: 200
    duration: ""
- request:
    body: ""
    form: {}
    headers:
      User-Agent:
      - scaleway-sdk-go/v1.0.0-beta.7+dev (go1.17.3; darwin; amd64) terraform-provider/develop
        terraform/terraform-tests
    url: https://api.scaleway.com/k8s/v1/regions/fr-par/pools/cbee5c85-a670-49a4-bb04-0843f7d01f36
    method: DELETE
  response:
    body: '{"region":"fr-par","id":"cbee5c85-a670-49a4-bb04-0843f7d01f36","cluster_id":"c849e052-2f76-4b2e-a016-f20eb523321f","created_at":"2021-12-15T13:35:03.457372Z","updated_at":"2021-12-15T13:36:49.060504561Z","name":"placement_group","status":"deleting","version":"1.23.0","node_type":"gp1_xs","autoscaling":false,"size":1,"min_size":1,"max_size":1,"container_runtime":"containerd","autohealing":false,"tags":[],"placement_group_id":"b36c4421-0ef2-4c5e-a9e9-76034db83bad","kubelet_args":{},"upgrade_policy":{"max_unavailable":1,"max_surge":0},"zone":"fr-par-1"}'
    headers:
      Content-Length:
      - "1335"
      Content-Security-Policy:
      - default-src 'none'; frame-ancestors 'none'
      Content-Type:
      - application/json
      Date:
      - Wed, 15 Dec 2021 13:36:49 GMT
      Server:
      - Scaleway API-Gateway
      Strict-Transport-Security:
      - max-age=63072000
      X-Content-Type-Options:
      - nosniff
      X-Frame-Options:
      - DENY
      X-Request-Id:
      - 96a26d51-6a25-42a1-a0aa-5ef50054d5a6
    status: 200 OK
    code: 200
    duration: ""
- request:
    body: ""
    form: {}
    headers:
      User-Agent:
      - scaleway-sdk-go/v1.0.0-beta.7+dev (go1.17.3; darwin; amd64) terraform-provider/develop
        terraform/terraform-tests
    url: https://api.scaleway.com/instance/v1/zones/fr-par-1/placement_groups/b36c4421-0ef2-4c5e-a9e9-76034db83bad
    method: DELETE
  response:
    body: ""
    headers:
      Content-Security-Policy:
      - default-src 'none'; frame-ancestors 'none'
      Date:
      - Wed, 15 Dec 2021 13:36:49 GMT
      Server:
      - Scaleway API-Gateway
      Strict-Transport-Security:
      - max-age=63072000
      X-Content-Type-Options:
      - nosniff
      X-Frame-Options:
      - DENY
      X-Request-Id:
      - 517a4010-ab98-4b28-8a99-8f41305152f8
    status: 204 No Content
    code: 204
    duration: ""
- request:
    body: ""
    form: {}
    headers:
      User-Agent:
      - scaleway-sdk-go/v1.0.0-beta.7+dev (go1.17.3; darwin; amd64) terraform-provider/develop
        terraform/terraform-tests
    url: https://api.scaleway.com/k8s/v1/regions/fr-par/clusters/c849e052-2f76-4b2e-a016-f20eb523321f?with_additional_resources=false
    method: DELETE
  response:
    body: '{"region":"fr-par","id":"c849e052-2f76-4b2e-a016-f20eb523321f","organization_id":"105bdce1-64c0-48ab-899d-868455867ecf","project_id":"105bdce1-64c0-48ab-899d-868455867ecf","created_at":"2021-12-15T13:34:57.100044Z","updated_at":"2021-12-15T13:36:49.142470125Z","type":"kapsule","name":"placement_group","description":"","status":"deleting","version":"1.23.0","cni":"calico","tags":["terraform-test","scaleway_k8s_cluster","placement_group"],"cluster_url":"https://c849e052-2f76-4b2e-a016-f20eb523321f.api.k8s.fr-par.scw.cloud:6443","dns_wildcard":"*.c849e052-2f76-4b2e-a016-f20eb523321f.nodes.k8s.fr-par.scw.cloud","autoscaler_config":{"scale_down_disabled":false,"scale_down_delay_after_add":"10m","estimator":"binpacking","expander":"random","ignore_daemonsets_utilization":false,"balance_similar_node_groups":false,"expendable_pods_priority_cutoff":0,"scale_down_unneeded_time":"10m","scale_down_utilization_threshold":0.5,"max_graceful_termination_sec":0},"dashboard_enabled":false,"ingress":"none","auto_upgrade":{"enabled":false,"maintenance_window":{"start_hour":0,"day":"any"}},"upgrade_available":false,"feature_gates":[],"admission_plugins":[],"open_id_connect_config":{"issuer_url":"","client_id":"","username_claim":"","username_prefix":"","groups_claim":[],"groups_prefix":"","required_claim":[]},"apiserver_cert_sans":[]}'
    headers:
      Content-Length:
      - "1332"
      Content-Security-Policy:
      - default-src 'none'; frame-ancestors 'none'
      Content-Type:
      - application/json
      Date:
      - Wed, 15 Dec 2021 13:36:49 GMT
      Server:
      - Scaleway API-Gateway
      Strict-Transport-Security:
      - max-age=63072000
      X-Content-Type-Options:
      - nosniff
      X-Frame-Options:
      - DENY
      X-Request-Id:
      - 233e43b9-d34a-4ab6-86a0-8f305259204f
    status: 200 OK
    code: 200
    duration: ""
- request:
    body: ""
    form: {}
    headers:
      User-Agent:
      - scaleway-sdk-go/v1.0.0-beta.7+dev (go1.17.3; darwin; amd64) terraform-provider/develop
        terraform/terraform-tests
    url: https://api.scaleway.com/k8s/v1/regions/fr-par/clusters/c849e052-2f76-4b2e-a016-f20eb523321f
    method: GET
  response:
    body: '{"region":"fr-par","id":"c849e052-2f76-4b2e-a016-f20eb523321f","organization_id":"105bdce1-64c0-48ab-899d-868455867ecf","project_id":"105bdce1-64c0-48ab-899d-868455867ecf","created_at":"2021-12-15T13:34:57.100044Z","updated_at":"2021-12-15T13:36:49.142470Z","type":"kapsule","name":"placement_group","description":"","status":"deleting","version":"1.23.0","cni":"calico","tags":["terraform-test","scaleway_k8s_cluster","placement_group"],"cluster_url":"https://c849e052-2f76-4b2e-a016-f20eb523321f.api.k8s.fr-par.scw.cloud:6443","dns_wildcard":"*.c849e052-2f76-4b2e-a016-f20eb523321f.nodes.k8s.fr-par.scw.cloud","autoscaler_config":{"scale_down_disabled":false,"scale_down_delay_after_add":"10m","estimator":"binpacking","expander":"random","ignore_daemonsets_utilization":false,"balance_similar_node_groups":false,"expendable_pods_priority_cutoff":0,"scale_down_unneeded_time":"10m","scale_down_utilization_threshold":0.5,"max_graceful_termination_sec":0},"dashboard_enabled":false,"ingress":"none","auto_upgrade":{"enabled":false,"maintenance_window":{"start_hour":0,"day":"any"}},"upgrade_available":false,"feature_gates":[],"admission_plugins":[],"open_id_connect_config":{"issuer_url":"","client_id":"","username_claim":"","username_prefix":"","groups_claim":[],"groups_prefix":"","required_claim":[]},"apiserver_cert_sans":[]}'
    headers:
      Content-Length:
      - "1332"
      Content-Security-Policy:
      - default-src 'none'; frame-ancestors 'none'
      Content-Type:
      - application/json
      Date:
      - Wed, 15 Dec 2021 13:36:49 GMT
      Server:
      - Scaleway API-Gateway
      Strict-Transport-Security:
      - max-age=63072000
      X-Content-Type-Options:
      - nosniff
      X-Frame-Options:
      - DENY
      X-Request-Id:
      - b0a6599e-e32d-458b-ac56-f545b2e91b2e
    status: 200 OK
    code: 200
    duration: ""
- request:
    body: ""
    form: {}
    headers:
      User-Agent:
      - scaleway-sdk-go/v1.0.0-beta.7+dev (go1.17.3; darwin; amd64) terraform-provider/develop
        terraform/terraform-tests
    url: https://api.scaleway.com/k8s/v1/regions/fr-par/clusters/c849e052-2f76-4b2e-a016-f20eb523321f
    method: GET
  response:
    body: '{"region":"fr-par","id":"c849e052-2f76-4b2e-a016-f20eb523321f","organization_id":"105bdce1-64c0-48ab-899d-868455867ecf","project_id":"105bdce1-64c0-48ab-899d-868455867ecf","created_at":"2021-12-15T13:34:57.100044Z","updated_at":"2021-12-15T13:36:49.142470Z","type":"kapsule","name":"placement_group","description":"","status":"deleting","version":"1.23.0","cni":"calico","tags":["terraform-test","scaleway_k8s_cluster","placement_group"],"cluster_url":"https://c849e052-2f76-4b2e-a016-f20eb523321f.api.k8s.fr-par.scw.cloud:6443","dns_wildcard":"*.c849e052-2f76-4b2e-a016-f20eb523321f.nodes.k8s.fr-par.scw.cloud","autoscaler_config":{"scale_down_disabled":false,"scale_down_delay_after_add":"10m","estimator":"binpacking","expander":"random","ignore_daemonsets_utilization":false,"balance_similar_node_groups":false,"expendable_pods_priority_cutoff":0,"scale_down_unneeded_time":"10m","scale_down_utilization_threshold":0.5,"max_graceful_termination_sec":0},"dashboard_enabled":false,"ingress":"none","auto_upgrade":{"enabled":false,"maintenance_window":{"start_hour":0,"day":"any"}},"upgrade_available":false,"feature_gates":[],"admission_plugins":[],"open_id_connect_config":{"issuer_url":"","client_id":"","username_claim":"","username_prefix":"","groups_claim":[],"groups_prefix":"","required_claim":[]},"apiserver_cert_sans":[]}'
    headers:
      Content-Length:
      - "1332"
      Content-Security-Policy:
      - default-src 'none'; frame-ancestors 'none'
      Content-Type:
      - application/json
      Date:
      - Wed, 15 Dec 2021 13:36:54 GMT
      Server:
      - Scaleway API-Gateway
      Strict-Transport-Security:
      - max-age=63072000
      X-Content-Type-Options:
      - nosniff
      X-Frame-Options:
      - DENY
      X-Request-Id:
      - 4eff9d80-491a-4e9e-83df-e6a0aa5361ca
    status: 200 OK
    code: 200
    duration: ""
- request:
    body: ""
    form: {}
    headers:
      User-Agent:
      - scaleway-sdk-go/v1.0.0-beta.7+dev (go1.17.3; darwin; amd64) terraform-provider/develop
        terraform/terraform-tests
    url: https://api.scaleway.com/k8s/v1/regions/fr-par/clusters/c849e052-2f76-4b2e-a016-f20eb523321f
    method: GET
  response:
    body: '{"message":"resource is not found","resource":"cluster","resource_id":"c849e052-2f76-4b2e-a016-f20eb523321f","type":"not_found"}'
    headers:
      Content-Length:
      - "128"
      Content-Security-Policy:
      - default-src 'none'; frame-ancestors 'none'
      Content-Type:
      - application/json
      Date:
      - Wed, 15 Dec 2021 13:36:59 GMT
      Server:
      - Scaleway API-Gateway
      Strict-Transport-Security:
      - max-age=63072000
      X-Content-Type-Options:
      - nosniff
      X-Frame-Options:
      - DENY
      X-Request-Id:
      - dcf79afe-12a8-4e64-ab05-39f0dbea51a5
    status: 404 Not Found
    code: 404
    duration: ""
- request:
    body: ""
    form: {}
    headers:
      User-Agent:
      - scaleway-sdk-go/v1.0.0-beta.7+dev (go1.17.3; darwin; amd64) terraform-provider/develop
        terraform/terraform-tests
    url: https://api.scaleway.com/k8s/v1/regions/fr-par/clusters/c849e052-2f76-4b2e-a016-f20eb523321f
    method: GET
  response:
    body: '{"message":"resource is not found","resource":"cluster","resource_id":"c849e052-2f76-4b2e-a016-f20eb523321f","type":"not_found"}'
    headers:
      Content-Length:
      - "128"
      Content-Security-Policy:
      - default-src 'none'; frame-ancestors 'none'
      Content-Type:
      - application/json
      Date:
      - Wed, 15 Dec 2021 13:36:59 GMT
      Server:
      - Scaleway API-Gateway
      Strict-Transport-Security:
      - max-age=63072000
      X-Content-Type-Options:
      - nosniff
      X-Frame-Options:
      - DENY
      X-Request-Id:
      - aa289084-d79f-4854-9ecb-78b29b4256e6
    status: 404 Not Found
    code: 404
    duration: ""
