---
version: 2
interactions:
- request:
    body: <CreateBucketConfiguration xmlns="http://s3.amazonaws.com/doc/2006-03-01/"><LocationConstraint>nl-ams</LocationConstraint></CreateBucketConfiguration>
    form: {}
    headers:
      Content-Length:
      - "150"
      User-Agent:
      - aws-sdk-go/1.47.1 (go1.20.4; linux; amd64)
      X-Amz-Acl:
      - private
      X-Amz-Bucket-Object-Lock-Enabled:
      - "true"
      X-Amz-Content-Sha256:
      - b86017d61d4ad22a838e75e918325b623687c3e84d631bc2b6435970bf12473d
      X-Amz-Date:
      - 20231212T125322Z
    url: https://test-acc-scaleway-object-bucket-lock-7341882435111632940.s3.nl-ams.scw.cloud/
    method: PUT
  response:
    body: ""
    headers:
      Content-Length:
      - "0"
      Date:
      - Tue, 12 Dec 2023 12:53:22 GMT
      Location:
      - /test-acc-scaleway-object-bucket-lock-7341882435111632940
      X-Amz-Id-2:
      - txg73b1bd7880d544c39080-00657857c2
      X-Amz-Request-Id:
      - txg73b1bd7880d544c39080-00657857c2
    status: 200 OK
    code: 200
- request:
    body: ""
    form: {}
    headers:
      Content-Md5:
      - 1B2M2Y8AsgTpgAmY7PhCfg==
      User-Agent:
      - aws-sdk-go/1.47.1 (go1.20.4; linux; amd64)
      X-Amz-Acl:
      - private
      X-Amz-Content-Sha256:
      - e3b0c44298fc1c149afbf4c8996fb92427ae41e4649b934ca495991b7852b855
      X-Amz-Date:
      - 20231212T125322Z
    url: https://test-acc-scaleway-object-bucket-lock-7341882435111632940.s3.nl-ams.scw.cloud/?acl=
    method: PUT
  response:
    body: ""
    headers:
      Content-Length:
      - "0"
      Date:
      - Tue, 12 Dec 2023 12:53:22 GMT
      X-Amz-Id-2:
      - txg6407f85c1ddc4cd38f07-00657857c2
      X-Amz-Request-Id:
      - txg6407f85c1ddc4cd38f07-00657857c2
    status: 200 OK
    code: 200
- request:
    body: ""
    form: {}
    headers:
      User-Agent:
      - aws-sdk-go/1.47.1 (go1.20.4; linux; amd64)
      X-Amz-Content-Sha256:
      - e3b0c44298fc1c149afbf4c8996fb92427ae41e4649b934ca495991b7852b855
      X-Amz-Date:
      - 20231212T125322Z
    url: https://test-acc-scaleway-object-bucket-lock-7341882435111632940.s3.nl-ams.scw.cloud/?acl=
    method: GET
  response:
    body: |-
      <?xml version="1.0" encoding="UTF-8"?>
      <AccessControlPolicy xmlns="http://s3.amazonaws.com/doc/2006-03-01/"><Owner><DisplayName>105bdce1-64c0-48ab-899d-868455867ecf:105bdce1-64c0-48ab-899d-868455867ecf</DisplayName><ID>105bdce1-64c0-48ab-899d-868455867ecf:105bdce1-64c0-48ab-899d-868455867ecf</ID></Owner><AccessControlList><Grant><Grantee xmlns:xsi="http://www.w3.org/2001/XMLSchema-instance" xsi:type="CanonicalUser"><ID>105bdce1-64c0-48ab-899d-868455867ecf:105bdce1-64c0-48ab-899d-868455867ecf</ID><DisplayName>105bdce1-64c0-48ab-899d-868455867ecf:105bdce1-64c0-48ab-899d-868455867ecf</DisplayName></Grantee><Permission>FULL_CONTROL</Permission></Grant></AccessControlList></AccessControlPolicy>
    headers:
      Content-Length:
      - "698"
      Content-Type:
      - text/xml; charset=utf-8
      Date:
      - Tue, 12 Dec 2023 12:53:22 GMT
      X-Amz-Id-2:
      - txgaddbae5060d845d08615-00657857c2
      X-Amz-Request-Id:
      - txgaddbae5060d845d08615-00657857c2
    status: 200 OK
    code: 200
- request:
    body: ""
    form: {}
    headers:
      User-Agent:
      - aws-sdk-go/1.47.1 (go1.20.4; linux; amd64)
      X-Amz-Content-Sha256:
      - e3b0c44298fc1c149afbf4c8996fb92427ae41e4649b934ca495991b7852b855
      X-Amz-Date:
      - 20231212T125322Z
    url: https://test-acc-scaleway-object-bucket-lock-7341882435111632940.s3.nl-ams.scw.cloud/?object-lock=
    method: GET
  response:
    body: |-
      <?xml version="1.0" encoding="UTF-8"?>
      <ObjectLockConfiguration xmlns="http://s3.amazonaws.com/doc/2006-03-01/"><ObjectLockEnabled>Enabled</ObjectLockEnabled></ObjectLockConfiguration>
    headers:
      Content-Length:
      - "184"
      Content-Type:
      - text/xml; charset=utf-8
      Date:
      - Tue, 12 Dec 2023 12:53:22 GMT
      X-Amz-Id-2:
      - txgd04c4b46e7a145878985-00657857c2
      X-Amz-Request-Id:
      - txgd04c4b46e7a145878985-00657857c2
    status: 200 OK
    code: 200
- request:
    body: ""
    form: {}
    headers:
      User-Agent:
      - aws-sdk-go/1.47.1 (go1.20.4; linux; amd64)
      X-Amz-Content-Sha256:
      - e3b0c44298fc1c149afbf4c8996fb92427ae41e4649b934ca495991b7852b855
      X-Amz-Date:
      - 20231212T125322Z
    url: https://test-acc-scaleway-object-bucket-lock-7341882435111632940.s3.nl-ams.scw.cloud/
    method: GET
  response:
    body: |-
      <?xml version="1.0" encoding="UTF-8"?>
      <ListBucketResult xmlns="http://s3.amazonaws.com/doc/2006-03-01/"><Name>test-acc-scaleway-object-bucket-lock-7341882435111632940</Name><Prefix></Prefix><Marker></Marker><MaxKeys>1000</MaxKeys><IsTruncated>false</IsTruncated></ListBucketResult>
    headers:
      Content-Length:
      - "282"
      Content-Type:
      - application/xml
      Date:
      - Tue, 12 Dec 2023 12:53:22 GMT
      X-Amz-Id-2:
      - txgecf1b567f2f744468c20-00657857c2
      X-Amz-Request-Id:
      - txgecf1b567f2f744468c20-00657857c2
    status: 200 OK
    code: 200
- request:
    body: ""
    form: {}
    headers:
      User-Agent:
      - aws-sdk-go/1.47.1 (go1.20.4; linux; amd64)
      X-Amz-Content-Sha256:
      - e3b0c44298fc1c149afbf4c8996fb92427ae41e4649b934ca495991b7852b855
      X-Amz-Date:
      - 20231212T125322Z
    url: https://test-acc-scaleway-object-bucket-lock-7341882435111632940.s3.nl-ams.scw.cloud/?tagging=
    method: GET
  response:
    body: <Error><Code>NoSuchTagSet</Code><Message>The TagSet does not exist</Message><Resource>/test-acc-scaleway-object-bucket-lock-7341882435111632940</Resource><RequestId>txg5678ce67375a4da4959f-00657857c2</RequestId></Error>
    headers:
      Content-Length:
      - "219"
      Content-Type:
      - application/xml
      Date:
      - Tue, 12 Dec 2023 12:53:22 GMT
      X-Amz-Id-2:
      - txg5678ce67375a4da4959f-00657857c2
      X-Amz-Request-Id:
      - txg5678ce67375a4da4959f-00657857c2
    status: 404 Not Found
    code: 404
- request:
    body: ""
    form: {}
    headers:
      User-Agent:
      - aws-sdk-go/1.47.1 (go1.20.4; linux; amd64)
      X-Amz-Content-Sha256:
      - e3b0c44298fc1c149afbf4c8996fb92427ae41e4649b934ca495991b7852b855
      X-Amz-Date:
      - 20231212T125322Z
    url: https://test-acc-scaleway-object-bucket-lock-7341882435111632940.s3.nl-ams.scw.cloud/?cors=
    method: GET
  response:
    body: <Error><Code>NoSuchCORSConfiguration</Code><Message>The CORS configuration
      does not exist</Message><Resource>/test-acc-scaleway-object-bucket-lock-7341882435111632940</Resource><RequestId>txga5f170ed5c534ccc9c6f-00657857c2</RequestId></Error>
    headers:
      Content-Length:
      - "242"
      Content-Type:
      - application/xml
      Date:
      - Tue, 12 Dec 2023 12:53:22 GMT
      X-Amz-Id-2:
      - txga5f170ed5c534ccc9c6f-00657857c2
      X-Amz-Request-Id:
      - txga5f170ed5c534ccc9c6f-00657857c2
    status: 404 Not Found
    code: 404
- request:
    body: ""
    form: {}
    headers:
      User-Agent:
      - aws-sdk-go/1.47.1 (go1.20.4; linux; amd64)
      X-Amz-Content-Sha256:
      - e3b0c44298fc1c149afbf4c8996fb92427ae41e4649b934ca495991b7852b855
      X-Amz-Date:
      - 20231212T125322Z
    url: https://test-acc-scaleway-object-bucket-lock-7341882435111632940.s3.nl-ams.scw.cloud/?versioning=
    method: GET
  response:
    body: |-
      <?xml version="1.0" encoding="UTF-8"?>
      <VersioningConfiguration xmlns="http://s3.amazonaws.com/doc/2006-03-01/"><Status>Enabled</Status></VersioningConfiguration>
    headers:
      Content-Length:
      - "162"
      Content-Type:
      - text/xml; charset=utf-8
      Date:
      - Tue, 12 Dec 2023 12:53:22 GMT
      X-Amz-Id-2:
      - txg495cadd0a93c44c6a24c-00657857c2
      X-Amz-Request-Id:
      - txg495cadd0a93c44c6a24c-00657857c2
    status: 200 OK
    code: 200
- request:
    body: ""
    form: {}
    headers:
      User-Agent:
      - aws-sdk-go/1.47.1 (go1.20.4; linux; amd64)
      X-Amz-Content-Sha256:
      - e3b0c44298fc1c149afbf4c8996fb92427ae41e4649b934ca495991b7852b855
      X-Amz-Date:
      - 20231212T125322Z
    url: https://test-acc-scaleway-object-bucket-lock-7341882435111632940.s3.nl-ams.scw.cloud/?lifecycle=
    method: GET
  response:
    body: <Error><Code>NoSuchLifecycleConfiguration</Code><Message>The lifecycle configuration
      does not exist</Message><Resource>/test-acc-scaleway-object-bucket-lock-7341882435111632940</Resource><RequestId>txg842e94935c5748afa141-00657857c2</RequestId></Error>
    headers:
      Content-Length:
      - "252"
      Content-Type:
      - application/xml
      Date:
      - Tue, 12 Dec 2023 12:53:22 GMT
      X-Amz-Id-2:
      - txg842e94935c5748afa141-00657857c2
      X-Amz-Request-Id:
      - txg842e94935c5748afa141-00657857c2
    status: 404 Not Found
    code: 404
- request:
    body: ""
    form: {}
    headers:
      User-Agent:
      - aws-sdk-go/1.47.1 (go1.20.4; linux; amd64)
      X-Amz-Content-Sha256:
      - e3b0c44298fc1c149afbf4c8996fb92427ae41e4649b934ca495991b7852b855
      X-Amz-Date:
      - 20231212T125322Z
    url: https://test-acc-scaleway-object-bucket-lock-7341882435111632940.s3.nl-ams.scw.cloud/
    method: HEAD
  response:
    body: ""
    headers:
      Content-Type:
      - application/xml
      Date:
      - Tue, 12 Dec 2023 12:53:22 GMT
      X-Amz-Bucket-Region:
      - nl-ams
      X-Amz-Id-2:
      - txg884896572b3a4f0abe3e-00657857c2
      X-Amz-Request-Id:
      - txg884896572b3a4f0abe3e-00657857c2
    status: 200 OK
    code: 200
- request:
    body: ""
    form: {}
    headers:
      User-Agent:
      - aws-sdk-go/1.47.1 (go1.20.4; linux; amd64)
      X-Amz-Content-Sha256:
      - e3b0c44298fc1c149afbf4c8996fb92427ae41e4649b934ca495991b7852b855
      X-Amz-Date:
      - 20231212T125324Z
    url: https://test-acc-scaleway-object-bucket-lock-7341882435111632940.s3.nl-ams.scw.cloud/?acl=
    method: GET
  response:
    body: |-
      <?xml version="1.0" encoding="UTF-8"?>
      <AccessControlPolicy xmlns="http://s3.amazonaws.com/doc/2006-03-01/"><Owner><DisplayName>105bdce1-64c0-48ab-899d-868455867ecf:105bdce1-64c0-48ab-899d-868455867ecf</DisplayName><ID>105bdce1-64c0-48ab-899d-868455867ecf:105bdce1-64c0-48ab-899d-868455867ecf</ID></Owner><AccessControlList><Grant><Grantee xmlns:xsi="http://www.w3.org/2001/XMLSchema-instance" xsi:type="CanonicalUser"><ID>105bdce1-64c0-48ab-899d-868455867ecf:105bdce1-64c0-48ab-899d-868455867ecf</ID><DisplayName>105bdce1-64c0-48ab-899d-868455867ecf:105bdce1-64c0-48ab-899d-868455867ecf</DisplayName></Grantee><Permission>FULL_CONTROL</Permission></Grant></AccessControlList></AccessControlPolicy>
    headers:
      Content-Length:
      - "698"
      Content-Type:
      - text/xml; charset=utf-8
      Date:
      - Tue, 12 Dec 2023 12:53:24 GMT
      X-Amz-Id-2:
      - txgf7c5044c61c942b79472-00657857c4
      X-Amz-Request-Id:
      - txgf7c5044c61c942b79472-00657857c4
    status: 200 OK
    code: 200
- request:
    body: ""
    form: {}
    headers:
      User-Agent:
      - aws-sdk-go/1.47.1 (go1.20.4; linux; amd64)
      X-Amz-Content-Sha256:
      - e3b0c44298fc1c149afbf4c8996fb92427ae41e4649b934ca495991b7852b855
      X-Amz-Date:
      - 20231212T125324Z
    url: https://test-acc-scaleway-object-bucket-lock-7341882435111632940.s3.nl-ams.scw.cloud/?object-lock=
    method: GET
  response:
    body: |-
      <?xml version="1.0" encoding="UTF-8"?>
      <ObjectLockConfiguration xmlns="http://s3.amazonaws.com/doc/2006-03-01/"><ObjectLockEnabled>Enabled</ObjectLockEnabled></ObjectLockConfiguration>
    headers:
      Content-Length:
      - "184"
      Content-Type:
      - text/xml; charset=utf-8
      Date:
      - Tue, 12 Dec 2023 12:53:24 GMT
      X-Amz-Id-2:
      - txg5d700ddf0e74489f81dd-00657857c4
      X-Amz-Request-Id:
      - txg5d700ddf0e74489f81dd-00657857c4
    status: 200 OK
    code: 200
- request:
    body: ""
    form: {}
    headers:
      User-Agent:
      - aws-sdk-go/1.47.1 (go1.20.4; linux; amd64)
      X-Amz-Content-Sha256:
      - e3b0c44298fc1c149afbf4c8996fb92427ae41e4649b934ca495991b7852b855
      X-Amz-Date:
      - 20231212T125324Z
    url: https://test-acc-scaleway-object-bucket-lock-7341882435111632940.s3.nl-ams.scw.cloud/
    method: GET
  response:
    body: |-
      <?xml version="1.0" encoding="UTF-8"?>
      <ListBucketResult xmlns="http://s3.amazonaws.com/doc/2006-03-01/"><Name>test-acc-scaleway-object-bucket-lock-7341882435111632940</Name><Prefix></Prefix><Marker></Marker><MaxKeys>1000</MaxKeys><IsTruncated>false</IsTruncated></ListBucketResult>
    headers:
      Content-Length:
      - "282"
      Content-Type:
      - application/xml
      Date:
      - Tue, 12 Dec 2023 12:53:24 GMT
      X-Amz-Id-2:
      - txg7bbeaf8111364a9791b8-00657857c4
      X-Amz-Request-Id:
      - txg7bbeaf8111364a9791b8-00657857c4
    status: 200 OK
    code: 200
- request:
    body: ""
    form: {}
    headers:
      User-Agent:
      - aws-sdk-go/1.47.1 (go1.20.4; linux; amd64)
      X-Amz-Content-Sha256:
      - e3b0c44298fc1c149afbf4c8996fb92427ae41e4649b934ca495991b7852b855
      X-Amz-Date:
      - 20231212T125324Z
    url: https://test-acc-scaleway-object-bucket-lock-7341882435111632940.s3.nl-ams.scw.cloud/?tagging=
    method: GET
  response:
    body: <Error><Code>NoSuchTagSet</Code><Message>The TagSet does not exist</Message><Resource>/test-acc-scaleway-object-bucket-lock-7341882435111632940</Resource><RequestId>txg624c63402acc41b7b954-00657857c4</RequestId></Error>
    headers:
      Content-Length:
      - "219"
      Content-Type:
      - application/xml
      Date:
      - Tue, 12 Dec 2023 12:53:24 GMT
      X-Amz-Id-2:
      - txg624c63402acc41b7b954-00657857c4
      X-Amz-Request-Id:
      - txg624c63402acc41b7b954-00657857c4
    status: 404 Not Found
    code: 404
- request:
    body: ""
    form: {}
    headers:
      User-Agent:
      - aws-sdk-go/1.47.1 (go1.20.4; linux; amd64)
      X-Amz-Content-Sha256:
      - e3b0c44298fc1c149afbf4c8996fb92427ae41e4649b934ca495991b7852b855
      X-Amz-Date:
      - 20231212T125324Z
    url: https://test-acc-scaleway-object-bucket-lock-7341882435111632940.s3.nl-ams.scw.cloud/?cors=
    method: GET
  response:
    body: <Error><Code>NoSuchCORSConfiguration</Code><Message>The CORS configuration
      does not exist</Message><Resource>/test-acc-scaleway-object-bucket-lock-7341882435111632940</Resource><RequestId>txg51dbe93529e94befb7d9-00657857c4</RequestId></Error>
    headers:
      Content-Length:
      - "242"
      Content-Type:
      - application/xml
      Date:
      - Tue, 12 Dec 2023 12:53:24 GMT
      X-Amz-Id-2:
      - txg51dbe93529e94befb7d9-00657857c4
      X-Amz-Request-Id:
      - txg51dbe93529e94befb7d9-00657857c4
    status: 404 Not Found
    code: 404
- request:
    body: ""
    form: {}
    headers:
      User-Agent:
      - aws-sdk-go/1.47.1 (go1.20.4; linux; amd64)
      X-Amz-Content-Sha256:
      - e3b0c44298fc1c149afbf4c8996fb92427ae41e4649b934ca495991b7852b855
      X-Amz-Date:
      - 20231212T125324Z
    url: https://test-acc-scaleway-object-bucket-lock-7341882435111632940.s3.nl-ams.scw.cloud/?versioning=
    method: GET
  response:
    body: |-
      <?xml version="1.0" encoding="UTF-8"?>
      <VersioningConfiguration xmlns="http://s3.amazonaws.com/doc/2006-03-01/"><Status>Enabled</Status></VersioningConfiguration>
    headers:
      Content-Length:
      - "162"
      Content-Type:
      - text/xml; charset=utf-8
      Date:
      - Tue, 12 Dec 2023 12:53:24 GMT
      X-Amz-Id-2:
      - txgd3535352159b41fdbaf8-00657857c4
      X-Amz-Request-Id:
      - txgd3535352159b41fdbaf8-00657857c4
    status: 200 OK
    code: 200
- request:
    body: ""
    form: {}
    headers:
      User-Agent:
      - aws-sdk-go/1.47.1 (go1.20.4; linux; amd64)
      X-Amz-Content-Sha256:
      - e3b0c44298fc1c149afbf4c8996fb92427ae41e4649b934ca495991b7852b855
      X-Amz-Date:
      - 20231212T125324Z
    url: https://test-acc-scaleway-object-bucket-lock-7341882435111632940.s3.nl-ams.scw.cloud/?lifecycle=
    method: GET
  response:
    body: <Error><Code>NoSuchLifecycleConfiguration</Code><Message>The lifecycle configuration
      does not exist</Message><Resource>/test-acc-scaleway-object-bucket-lock-7341882435111632940</Resource><RequestId>txgbc3807941830412d978d-00657857c4</RequestId></Error>
    headers:
      Content-Length:
      - "252"
      Content-Type:
      - application/xml
      Date:
      - Tue, 12 Dec 2023 12:53:24 GMT
      X-Amz-Id-2:
      - txgbc3807941830412d978d-00657857c4
      X-Amz-Request-Id:
      - txgbc3807941830412d978d-00657857c4
    status: 404 Not Found
    code: 404
- request:
    body: ""
    form: {}
    headers:
      User-Agent:
      - aws-sdk-go/1.47.1 (go1.20.4; linux; amd64)
      X-Amz-Content-Sha256:
      - e3b0c44298fc1c149afbf4c8996fb92427ae41e4649b934ca495991b7852b855
      X-Amz-Date:
      - 20231212T125325Z
    url: https://test-acc-scaleway-object-bucket-lock-7341882435111632940.s3.nl-ams.scw.cloud/?acl=
    method: GET
  response:
    body: |-
      <?xml version="1.0" encoding="UTF-8"?>
      <AccessControlPolicy xmlns="http://s3.amazonaws.com/doc/2006-03-01/"><Owner><DisplayName>105bdce1-64c0-48ab-899d-868455867ecf:105bdce1-64c0-48ab-899d-868455867ecf</DisplayName><ID>105bdce1-64c0-48ab-899d-868455867ecf:105bdce1-64c0-48ab-899d-868455867ecf</ID></Owner><AccessControlList><Grant><Grantee xmlns:xsi="http://www.w3.org/2001/XMLSchema-instance" xsi:type="CanonicalUser"><ID>105bdce1-64c0-48ab-899d-868455867ecf:105bdce1-64c0-48ab-899d-868455867ecf</ID><DisplayName>105bdce1-64c0-48ab-899d-868455867ecf:105bdce1-64c0-48ab-899d-868455867ecf</DisplayName></Grantee><Permission>FULL_CONTROL</Permission></Grant></AccessControlList></AccessControlPolicy>
    headers:
      Content-Length:
      - "698"
      Content-Type:
      - text/xml; charset=utf-8
      Date:
      - Tue, 12 Dec 2023 12:53:25 GMT
      X-Amz-Id-2:
      - txg9a9d13f890a74439814b-00657857c5
      X-Amz-Request-Id:
      - txg9a9d13f890a74439814b-00657857c5
    status: 200 OK
    code: 200
- request:
    body: ""
    form: {}
    headers:
      User-Agent:
      - aws-sdk-go/1.47.1 (go1.20.4; linux; amd64)
      X-Amz-Content-Sha256:
      - e3b0c44298fc1c149afbf4c8996fb92427ae41e4649b934ca495991b7852b855
      X-Amz-Date:
      - 20231212T125325Z
    url: https://test-acc-scaleway-object-bucket-lock-7341882435111632940.s3.nl-ams.scw.cloud/?object-lock=
    method: GET
  response:
    body: |-
      <?xml version="1.0" encoding="UTF-8"?>
      <ObjectLockConfiguration xmlns="http://s3.amazonaws.com/doc/2006-03-01/"><ObjectLockEnabled>Enabled</ObjectLockEnabled></ObjectLockConfiguration>
    headers:
      Content-Length:
      - "184"
      Content-Type:
      - text/xml; charset=utf-8
      Date:
      - Tue, 12 Dec 2023 12:53:25 GMT
      X-Amz-Id-2:
      - txg0da309052fc54fecafa8-00657857c5
      X-Amz-Request-Id:
      - txg0da309052fc54fecafa8-00657857c5
    status: 200 OK
    code: 200
- request:
    body: ""
    form: {}
    headers:
      User-Agent:
      - aws-sdk-go/1.47.1 (go1.20.4; linux; amd64)
      X-Amz-Content-Sha256:
      - e3b0c44298fc1c149afbf4c8996fb92427ae41e4649b934ca495991b7852b855
      X-Amz-Date:
      - 20231212T125325Z
    url: https://test-acc-scaleway-object-bucket-lock-7341882435111632940.s3.nl-ams.scw.cloud/
    method: GET
  response:
    body: |-
      <?xml version="1.0" encoding="UTF-8"?>
      <ListBucketResult xmlns="http://s3.amazonaws.com/doc/2006-03-01/"><Name>test-acc-scaleway-object-bucket-lock-7341882435111632940</Name><Prefix></Prefix><Marker></Marker><MaxKeys>1000</MaxKeys><IsTruncated>false</IsTruncated></ListBucketResult>
    headers:
      Content-Length:
      - "282"
      Content-Type:
      - application/xml
      Date:
      - Tue, 12 Dec 2023 12:53:25 GMT
      X-Amz-Id-2:
      - txgf9e6285761744f328f97-00657857c5
      X-Amz-Request-Id:
      - txgf9e6285761744f328f97-00657857c5
    status: 200 OK
    code: 200
- request:
    body: ""
    form: {}
    headers:
      User-Agent:
      - aws-sdk-go/1.47.1 (go1.20.4; linux; amd64)
      X-Amz-Content-Sha256:
      - e3b0c44298fc1c149afbf4c8996fb92427ae41e4649b934ca495991b7852b855
      X-Amz-Date:
      - 20231212T125325Z
    url: https://test-acc-scaleway-object-bucket-lock-7341882435111632940.s3.nl-ams.scw.cloud/?tagging=
    method: GET
  response:
    body: <Error><Code>NoSuchTagSet</Code><Message>The TagSet does not exist</Message><Resource>/test-acc-scaleway-object-bucket-lock-7341882435111632940</Resource><RequestId>txg3a033fff76834f98b1b1-00657857c5</RequestId></Error>
    headers:
      Content-Length:
      - "219"
      Content-Type:
      - application/xml
      Date:
      - Tue, 12 Dec 2023 12:53:25 GMT
      X-Amz-Id-2:
      - txg3a033fff76834f98b1b1-00657857c5
      X-Amz-Request-Id:
      - txg3a033fff76834f98b1b1-00657857c5
    status: 404 Not Found
    code: 404
- request:
    body: ""
    form: {}
    headers:
      User-Agent:
      - aws-sdk-go/1.47.1 (go1.20.4; linux; amd64)
      X-Amz-Content-Sha256:
      - e3b0c44298fc1c149afbf4c8996fb92427ae41e4649b934ca495991b7852b855
      X-Amz-Date:
      - 20231212T125325Z
    url: https://test-acc-scaleway-object-bucket-lock-7341882435111632940.s3.nl-ams.scw.cloud/?cors=
    method: GET
  response:
    body: <Error><Code>NoSuchCORSConfiguration</Code><Message>The CORS configuration
      does not exist</Message><Resource>/test-acc-scaleway-object-bucket-lock-7341882435111632940</Resource><RequestId>txgd94bc7598e5341f6a455-00657857c5</RequestId></Error>
    headers:
      Content-Length:
      - "242"
      Content-Type:
      - application/xml
      Date:
      - Tue, 12 Dec 2023 12:53:25 GMT
      X-Amz-Id-2:
      - txgd94bc7598e5341f6a455-00657857c5
      X-Amz-Request-Id:
      - txgd94bc7598e5341f6a455-00657857c5
    status: 404 Not Found
    code: 404
- request:
    body: ""
    form: {}
    headers:
      User-Agent:
      - aws-sdk-go/1.47.1 (go1.20.4; linux; amd64)
      X-Amz-Content-Sha256:
      - e3b0c44298fc1c149afbf4c8996fb92427ae41e4649b934ca495991b7852b855
      X-Amz-Date:
      - 20231212T125325Z
    url: https://test-acc-scaleway-object-bucket-lock-7341882435111632940.s3.nl-ams.scw.cloud/?versioning=
    method: GET
  response:
    body: |-
      <?xml version="1.0" encoding="UTF-8"?>
      <VersioningConfiguration xmlns="http://s3.amazonaws.com/doc/2006-03-01/"><Status>Enabled</Status></VersioningConfiguration>
    headers:
      Content-Length:
      - "162"
      Content-Type:
      - text/xml; charset=utf-8
      Date:
      - Tue, 12 Dec 2023 12:53:25 GMT
      X-Amz-Id-2:
      - txg237ff710ec79465e9d76-00657857c5
      X-Amz-Request-Id:
      - txg237ff710ec79465e9d76-00657857c5
    status: 200 OK
    code: 200
- request:
    body: ""
    form: {}
    headers:
      User-Agent:
      - aws-sdk-go/1.47.1 (go1.20.4; linux; amd64)
      X-Amz-Content-Sha256:
      - e3b0c44298fc1c149afbf4c8996fb92427ae41e4649b934ca495991b7852b855
      X-Amz-Date:
      - 20231212T125325Z
    url: https://test-acc-scaleway-object-bucket-lock-7341882435111632940.s3.nl-ams.scw.cloud/?lifecycle=
    method: GET
  response:
    body: <Error><Code>NoSuchLifecycleConfiguration</Code><Message>The lifecycle configuration
      does not exist</Message><Resource>/test-acc-scaleway-object-bucket-lock-7341882435111632940</Resource><RequestId>txg3bf45480c7eb4672be95-00657857c5</RequestId></Error>
    headers:
      Content-Length:
      - "252"
      Content-Type:
      - application/xml
      Date:
      - Tue, 12 Dec 2023 12:53:25 GMT
      X-Amz-Id-2:
      - txg3bf45480c7eb4672be95-00657857c5
      X-Amz-Request-Id:
      - txg3bf45480c7eb4672be95-00657857c5
    status: 404 Not Found
    code: 404
- request:
    body: ""
    form: {}
    headers:
      User-Agent:
      - aws-sdk-go/1.47.1 (go1.20.4; linux; amd64)
      X-Amz-Content-Sha256:
      - e3b0c44298fc1c149afbf4c8996fb92427ae41e4649b934ca495991b7852b855
      X-Amz-Date:
      - 20231212T125326Z
    url: https://test-acc-scaleway-object-bucket-lock-7341882435111632940.s3.nl-ams.scw.cloud/
    method: HEAD
  response:
    body: ""
    headers:
      Content-Type:
      - application/xml
      Date:
      - Tue, 12 Dec 2023 12:53:26 GMT
      X-Amz-Bucket-Region:
      - nl-ams
      X-Amz-Id-2:
      - txg8cbde25aa5c14a11b66b-00657857c6
      X-Amz-Request-Id:
      - txg8cbde25aa5c14a11b66b-00657857c6
    status: 200 OK
    code: 200
- request:
    body: ""
    form: {}
    headers:
      User-Agent:
      - aws-sdk-go/1.47.1 (go1.20.4; linux; amd64)
      X-Amz-Content-Sha256:
      - e3b0c44298fc1c149afbf4c8996fb92427ae41e4649b934ca495991b7852b855
      X-Amz-Date:
      - 20231212T125326Z
    url: https://test-acc-scaleway-object-bucket-lock-7341882435111632940.s3.nl-ams.scw.cloud/?acl=
    method: GET
  response:
    body: |-
      <?xml version="1.0" encoding="UTF-8"?>
      <AccessControlPolicy xmlns="http://s3.amazonaws.com/doc/2006-03-01/"><Owner><DisplayName>105bdce1-64c0-48ab-899d-868455867ecf:105bdce1-64c0-48ab-899d-868455867ecf</DisplayName><ID>105bdce1-64c0-48ab-899d-868455867ecf:105bdce1-64c0-48ab-899d-868455867ecf</ID></Owner><AccessControlList><Grant><Grantee xmlns:xsi="http://www.w3.org/2001/XMLSchema-instance" xsi:type="CanonicalUser"><ID>105bdce1-64c0-48ab-899d-868455867ecf:105bdce1-64c0-48ab-899d-868455867ecf</ID><DisplayName>105bdce1-64c0-48ab-899d-868455867ecf:105bdce1-64c0-48ab-899d-868455867ecf</DisplayName></Grantee><Permission>FULL_CONTROL</Permission></Grant></AccessControlList></AccessControlPolicy>
    headers:
      Content-Length:
      - "698"
      Content-Type:
      - text/xml; charset=utf-8
      Date:
      - Tue, 12 Dec 2023 12:53:26 GMT
      X-Amz-Id-2:
      - txg9216bb9c6aef458abc6e-00657857c6
      X-Amz-Request-Id:
      - txg9216bb9c6aef458abc6e-00657857c6
    status: 200 OK
    code: 200
- request:
    body: ""
    form: {}
    headers:
      User-Agent:
      - aws-sdk-go/1.47.1 (go1.20.4; linux; amd64)
      X-Amz-Content-Sha256:
      - e3b0c44298fc1c149afbf4c8996fb92427ae41e4649b934ca495991b7852b855
      X-Amz-Date:
      - 20231212T125326Z
    url: https://test-acc-scaleway-object-bucket-lock-7341882435111632940.s3.nl-ams.scw.cloud/?object-lock=
    method: GET
  response:
    body: |-
      <?xml version="1.0" encoding="UTF-8"?>
      <ObjectLockConfiguration xmlns="http://s3.amazonaws.com/doc/2006-03-01/"><ObjectLockEnabled>Enabled</ObjectLockEnabled></ObjectLockConfiguration>
    headers:
      Content-Length:
      - "184"
      Content-Type:
      - text/xml; charset=utf-8
      Date:
      - Tue, 12 Dec 2023 12:53:26 GMT
      X-Amz-Id-2:
      - txg68343f792db24eb4af4d-00657857c6
      X-Amz-Request-Id:
      - txg68343f792db24eb4af4d-00657857c6
    status: 200 OK
    code: 200
- request:
    body: ""
    form: {}
    headers:
      User-Agent:
      - aws-sdk-go/1.47.1 (go1.20.4; linux; amd64)
      X-Amz-Content-Sha256:
      - e3b0c44298fc1c149afbf4c8996fb92427ae41e4649b934ca495991b7852b855
      X-Amz-Date:
      - 20231212T125326Z
    url: https://test-acc-scaleway-object-bucket-lock-7341882435111632940.s3.nl-ams.scw.cloud/
    method: GET
  response:
    body: |-
      <?xml version="1.0" encoding="UTF-8"?>
      <ListBucketResult xmlns="http://s3.amazonaws.com/doc/2006-03-01/"><Name>test-acc-scaleway-object-bucket-lock-7341882435111632940</Name><Prefix></Prefix><Marker></Marker><MaxKeys>1000</MaxKeys><IsTruncated>false</IsTruncated></ListBucketResult>
    headers:
      Content-Length:
      - "282"
      Content-Type:
      - application/xml
      Date:
      - Tue, 12 Dec 2023 12:53:26 GMT
      X-Amz-Id-2:
      - txgbe88623fad91493181b4-00657857c6
      X-Amz-Request-Id:
      - txgbe88623fad91493181b4-00657857c6
    status: 200 OK
    code: 200
- request:
    body: ""
    form: {}
    headers:
      User-Agent:
      - aws-sdk-go/1.47.1 (go1.20.4; linux; amd64)
      X-Amz-Content-Sha256:
      - e3b0c44298fc1c149afbf4c8996fb92427ae41e4649b934ca495991b7852b855
      X-Amz-Date:
      - 20231212T125326Z
    url: https://test-acc-scaleway-object-bucket-lock-7341882435111632940.s3.nl-ams.scw.cloud/?tagging=
    method: GET
  response:
    body: <Error><Code>NoSuchTagSet</Code><Message>The TagSet does not exist</Message><Resource>/test-acc-scaleway-object-bucket-lock-7341882435111632940</Resource><RequestId>txg0b22d1c072344638adbe-00657857c6</RequestId></Error>
    headers:
      Content-Length:
      - "219"
      Content-Type:
      - application/xml
      Date:
      - Tue, 12 Dec 2023 12:53:26 GMT
      X-Amz-Id-2:
      - txg0b22d1c072344638adbe-00657857c6
      X-Amz-Request-Id:
      - txg0b22d1c072344638adbe-00657857c6
    status: 404 Not Found
    code: 404
- request:
    body: ""
    form: {}
    headers:
      User-Agent:
      - aws-sdk-go/1.47.1 (go1.20.4; linux; amd64)
      X-Amz-Content-Sha256:
      - e3b0c44298fc1c149afbf4c8996fb92427ae41e4649b934ca495991b7852b855
      X-Amz-Date:
      - 20231212T125327Z
    url: https://test-acc-scaleway-object-bucket-lock-7341882435111632940.s3.nl-ams.scw.cloud/?cors=
    method: GET
  response:
    body: <Error><Code>NoSuchCORSConfiguration</Code><Message>The CORS configuration
      does not exist</Message><Resource>/test-acc-scaleway-object-bucket-lock-7341882435111632940</Resource><RequestId>txg21fe434a122d4913880b-00657857c7</RequestId></Error>
    headers:
      Content-Length:
      - "242"
      Content-Type:
      - application/xml
      Date:
      - Tue, 12 Dec 2023 12:53:27 GMT
      X-Amz-Id-2:
      - txg21fe434a122d4913880b-00657857c7
      X-Amz-Request-Id:
      - txg21fe434a122d4913880b-00657857c7
    status: 404 Not Found
    code: 404
- request:
    body: ""
    form: {}
    headers:
      User-Agent:
      - aws-sdk-go/1.47.1 (go1.20.4; linux; amd64)
      X-Amz-Content-Sha256:
      - e3b0c44298fc1c149afbf4c8996fb92427ae41e4649b934ca495991b7852b855
      X-Amz-Date:
      - 20231212T125327Z
    url: https://test-acc-scaleway-object-bucket-lock-7341882435111632940.s3.nl-ams.scw.cloud/?versioning=
    method: GET
  response:
    body: |-
      <?xml version="1.0" encoding="UTF-8"?>
      <VersioningConfiguration xmlns="http://s3.amazonaws.com/doc/2006-03-01/"><Status>Enabled</Status></VersioningConfiguration>
    headers:
      Content-Length:
      - "162"
      Content-Type:
      - text/xml; charset=utf-8
      Date:
      - Tue, 12 Dec 2023 12:53:27 GMT
      X-Amz-Id-2:
      - txg70dee40a79614ea09380-00657857c7
      X-Amz-Request-Id:
      - txg70dee40a79614ea09380-00657857c7
    status: 200 OK
    code: 200
- request:
    body: ""
    form: {}
    headers:
      User-Agent:
      - aws-sdk-go/1.47.1 (go1.20.4; linux; amd64)
      X-Amz-Content-Sha256:
      - e3b0c44298fc1c149afbf4c8996fb92427ae41e4649b934ca495991b7852b855
      X-Amz-Date:
      - 20231212T125327Z
    url: https://test-acc-scaleway-object-bucket-lock-7341882435111632940.s3.nl-ams.scw.cloud/?lifecycle=
    method: GET
  response:
    body: <Error><Code>NoSuchLifecycleConfiguration</Code><Message>The lifecycle configuration
      does not exist</Message><Resource>/test-acc-scaleway-object-bucket-lock-7341882435111632940</Resource><RequestId>txg998d3024ffb0429f90ba-00657857c7</RequestId></Error>
    headers:
      Content-Length:
      - "252"
      Content-Type:
      - application/xml
      Date:
      - Tue, 12 Dec 2023 12:53:27 GMT
      X-Amz-Id-2:
      - txg998d3024ffb0429f90ba-00657857c7
      X-Amz-Request-Id:
      - txg998d3024ffb0429f90ba-00657857c7
    status: 404 Not Found
    code: 404
- request:
    body: ""
    form: {}
    headers:
      User-Agent:
      - aws-sdk-go/1.47.1 (go1.20.4; linux; amd64)
      X-Amz-Content-Sha256:
      - e3b0c44298fc1c149afbf4c8996fb92427ae41e4649b934ca495991b7852b855
      X-Amz-Date:
      - 20231212T125327Z
    url: https://test-acc-scaleway-object-bucket-lock-7341882435111632940.s3.nl-ams.scw.cloud/?acl=
    method: GET
  response:
    body: |-
      <?xml version="1.0" encoding="UTF-8"?>
      <AccessControlPolicy xmlns="http://s3.amazonaws.com/doc/2006-03-01/"><Owner><DisplayName>105bdce1-64c0-48ab-899d-868455867ecf:105bdce1-64c0-48ab-899d-868455867ecf</DisplayName><ID>105bdce1-64c0-48ab-899d-868455867ecf:105bdce1-64c0-48ab-899d-868455867ecf</ID></Owner><AccessControlList><Grant><Grantee xmlns:xsi="http://www.w3.org/2001/XMLSchema-instance" xsi:type="CanonicalUser"><ID>105bdce1-64c0-48ab-899d-868455867ecf:105bdce1-64c0-48ab-899d-868455867ecf</ID><DisplayName>105bdce1-64c0-48ab-899d-868455867ecf:105bdce1-64c0-48ab-899d-868455867ecf</DisplayName></Grantee><Permission>FULL_CONTROL</Permission></Grant></AccessControlList></AccessControlPolicy>
    headers:
      Content-Length:
      - "698"
      Content-Type:
      - text/xml; charset=utf-8
      Date:
      - Tue, 12 Dec 2023 12:53:27 GMT
      X-Amz-Id-2:
      - txg29419820e20d400ab5a1-00657857c7
      X-Amz-Request-Id:
      - txg29419820e20d400ab5a1-00657857c7
    status: 200 OK
    code: 200
- request:
    body: ""
    form: {}
    headers:
      User-Agent:
      - aws-sdk-go/1.47.1 (go1.20.4; linux; amd64)
      X-Amz-Content-Sha256:
      - e3b0c44298fc1c149afbf4c8996fb92427ae41e4649b934ca495991b7852b855
      X-Amz-Date:
      - 20231212T125327Z
    url: https://test-acc-scaleway-object-bucket-lock-7341882435111632940.s3.nl-ams.scw.cloud/?object-lock=
    method: GET
  response:
    body: |-
      <?xml version="1.0" encoding="UTF-8"?>
      <ObjectLockConfiguration xmlns="http://s3.amazonaws.com/doc/2006-03-01/"><ObjectLockEnabled>Enabled</ObjectLockEnabled></ObjectLockConfiguration>
    headers:
      Content-Length:
      - "184"
      Content-Type:
      - text/xml; charset=utf-8
      Date:
      - Tue, 12 Dec 2023 12:53:27 GMT
      X-Amz-Id-2:
      - txg6cd660fdb36148f1af21-00657857c7
      X-Amz-Request-Id:
      - txg6cd660fdb36148f1af21-00657857c7
    status: 200 OK
    code: 200
- request:
    body: ""
    form: {}
    headers:
      User-Agent:
      - aws-sdk-go/1.47.1 (go1.20.4; linux; amd64)
      X-Amz-Content-Sha256:
      - e3b0c44298fc1c149afbf4c8996fb92427ae41e4649b934ca495991b7852b855
      X-Amz-Date:
      - 20231212T125327Z
    url: https://test-acc-scaleway-object-bucket-lock-7341882435111632940.s3.nl-ams.scw.cloud/
    method: GET
  response:
    body: |-
      <?xml version="1.0" encoding="UTF-8"?>
      <ListBucketResult xmlns="http://s3.amazonaws.com/doc/2006-03-01/"><Name>test-acc-scaleway-object-bucket-lock-7341882435111632940</Name><Prefix></Prefix><Marker></Marker><MaxKeys>1000</MaxKeys><IsTruncated>false</IsTruncated></ListBucketResult>
    headers:
      Content-Length:
      - "282"
      Content-Type:
      - application/xml
      Date:
      - Tue, 12 Dec 2023 12:53:27 GMT
      X-Amz-Id-2:
      - txg910dd96602ce4b479eb4-00657857c7
      X-Amz-Request-Id:
      - txg910dd96602ce4b479eb4-00657857c7
    status: 200 OK
    code: 200
- request:
    body: ""
    form: {}
    headers:
      User-Agent:
      - aws-sdk-go/1.47.1 (go1.20.4; linux; amd64)
      X-Amz-Content-Sha256:
      - e3b0c44298fc1c149afbf4c8996fb92427ae41e4649b934ca495991b7852b855
      X-Amz-Date:
      - 20231212T125327Z
    url: https://test-acc-scaleway-object-bucket-lock-7341882435111632940.s3.nl-ams.scw.cloud/?tagging=
    method: GET
  response:
    body: <Error><Code>NoSuchTagSet</Code><Message>The TagSet does not exist</Message><Resource>/test-acc-scaleway-object-bucket-lock-7341882435111632940</Resource><RequestId>txg447a9289a8584f8aa07e-00657857c7</RequestId></Error>
    headers:
      Content-Length:
      - "219"
      Content-Type:
      - application/xml
      Date:
      - Tue, 12 Dec 2023 12:53:27 GMT
      X-Amz-Id-2:
      - txg447a9289a8584f8aa07e-00657857c7
      X-Amz-Request-Id:
      - txg447a9289a8584f8aa07e-00657857c7
    status: 404 Not Found
    code: 404
- request:
    body: ""
    form: {}
    headers:
      User-Agent:
      - aws-sdk-go/1.47.1 (go1.20.4; linux; amd64)
      X-Amz-Content-Sha256:
      - e3b0c44298fc1c149afbf4c8996fb92427ae41e4649b934ca495991b7852b855
      X-Amz-Date:
      - 20231212T125327Z
    url: https://test-acc-scaleway-object-bucket-lock-7341882435111632940.s3.nl-ams.scw.cloud/?cors=
    method: GET
  response:
    body: <Error><Code>NoSuchCORSConfiguration</Code><Message>The CORS configuration
      does not exist</Message><Resource>/test-acc-scaleway-object-bucket-lock-7341882435111632940</Resource><RequestId>txgb051d79e1041428f96f4-00657857c7</RequestId></Error>
    headers:
      Content-Length:
      - "242"
      Content-Type:
      - application/xml
      Date:
      - Tue, 12 Dec 2023 12:53:27 GMT
      X-Amz-Id-2:
      - txgb051d79e1041428f96f4-00657857c7
      X-Amz-Request-Id:
      - txgb051d79e1041428f96f4-00657857c7
    status: 404 Not Found
    code: 404
- request:
    body: ""
    form: {}
    headers:
      User-Agent:
      - aws-sdk-go/1.47.1 (go1.20.4; linux; amd64)
      X-Amz-Content-Sha256:
      - e3b0c44298fc1c149afbf4c8996fb92427ae41e4649b934ca495991b7852b855
      X-Amz-Date:
      - 20231212T125327Z
    url: https://test-acc-scaleway-object-bucket-lock-7341882435111632940.s3.nl-ams.scw.cloud/?versioning=
    method: GET
  response:
    body: |-
      <?xml version="1.0" encoding="UTF-8"?>
      <VersioningConfiguration xmlns="http://s3.amazonaws.com/doc/2006-03-01/"><Status>Enabled</Status></VersioningConfiguration>
    headers:
      Content-Length:
      - "162"
      Content-Type:
      - text/xml; charset=utf-8
      Date:
      - Tue, 12 Dec 2023 12:53:27 GMT
      X-Amz-Id-2:
      - txgab80788dabf0482c8424-00657857c7
      X-Amz-Request-Id:
      - txgab80788dabf0482c8424-00657857c7
    status: 200 OK
    code: 200
- request:
    body: ""
    form: {}
    headers:
      User-Agent:
      - aws-sdk-go/1.47.1 (go1.20.4; linux; amd64)
      X-Amz-Content-Sha256:
      - e3b0c44298fc1c149afbf4c8996fb92427ae41e4649b934ca495991b7852b855
      X-Amz-Date:
      - 20231212T125327Z
    url: https://test-acc-scaleway-object-bucket-lock-7341882435111632940.s3.nl-ams.scw.cloud/?lifecycle=
    method: GET
  response:
    body: <Error><Code>NoSuchLifecycleConfiguration</Code><Message>The lifecycle configuration
      does not exist</Message><Resource>/test-acc-scaleway-object-bucket-lock-7341882435111632940</Resource><RequestId>txga0ebe337b53445ed919b-00657857c7</RequestId></Error>
    headers:
      Content-Length:
      - "252"
      Content-Type:
      - application/xml
      Date:
      - Tue, 12 Dec 2023 12:53:27 GMT
      X-Amz-Id-2:
      - txga0ebe337b53445ed919b-00657857c7
      X-Amz-Request-Id:
      - txga0ebe337b53445ed919b-00657857c7
    status: 404 Not Found
    code: 404
- request:
    body: ""
    form: {}
    headers:
      User-Agent:
      - aws-sdk-go/1.47.1 (go1.20.4; linux; amd64)
      X-Amz-Content-Sha256:
      - e3b0c44298fc1c149afbf4c8996fb92427ae41e4649b934ca495991b7852b855
      X-Amz-Date:
      - 20231212T125328Z
    url: https://test-acc-scaleway-object-bucket-lock-7341882435111632940.s3.nl-ams.scw.cloud/
    method: DELETE
  response:
    body: ""
    headers:
      Date:
      - Tue, 12 Dec 2023 12:53:28 GMT
      X-Amz-Id-2:
      - txgc6e62d5c1567405bb904-00657857c8
      X-Amz-Request-Id:
      - txgc6e62d5c1567405bb904-00657857c8
    status: 204 No Content
    code: 204
