---
version: 2
interactions:
- request:
    body: '{"name":"test-vpc","project_id":"564aa517-68b0-4fd7-8c8c-d21c4bcdcbd5","tags":["terraform-test","vpc","update"]}'
    form: {}
    headers:
      Content-Type:
      - application/json
      User-Agent:
      - scaleway-sdk-go/v1.0.0-beta.7+dev (go1.20.4; darwin; amd64) terraform-provider/develop
        terraform/terraform-tests
    url: https://api.scaleway.com/vpc/v2/regions/fr-par/vpcs
    method: POST
  response:
    body: '{"created_at":"2023-06-06T14:00:36.705612Z","id":"55d3558f-fe9f-4487-82bd-682562218439","is_default":false,"name":"test-vpc","organization_id":"564aa517-68b0-4fd7-8c8c-d21c4bcdcbd5","private_network_count":1,"project_id":"564aa517-68b0-4fd7-8c8c-d21c4bcdcbd5","region":"fr-par","tags":["terraform-test","vpc","update"],"updated_at":"2023-06-06T14:00:36.705612Z"}'
    headers:
      Content-Length:
      - "362"
      Content-Security-Policy:
      - default-src 'none'; frame-ancestors 'none'
      Content-Type:
      - application/json
      Date:
      - Tue, 06 Jun 2023 14:00:36 GMT
      Server:
      - Scaleway API-Gateway
      Strict-Transport-Security:
      - max-age=63072000
      X-Content-Type-Options:
      - nosniff
      X-Frame-Options:
      - DENY
      X-Request-Id:
      - e5806860-fa6a-48db-a6cc-09d5eb1c1383
    status: 200 OK
    code: 200
- request:
    body: ""
    form: {}
    headers:
      User-Agent:
      - scaleway-sdk-go/v1.0.0-beta.7+dev (go1.20.4; darwin; amd64) terraform-provider/develop
        terraform/terraform-tests
    url: https://api.scaleway.com/vpc/v2/regions/fr-par/vpcs/55d3558f-fe9f-4487-82bd-682562218439
    method: GET
  response:
    body: '{"created_at":"2023-06-06T14:00:36.705612Z","id":"55d3558f-fe9f-4487-82bd-682562218439","is_default":false,"name":"test-vpc","organization_id":"564aa517-68b0-4fd7-8c8c-d21c4bcdcbd5","private_network_count":1,"project_id":"564aa517-68b0-4fd7-8c8c-d21c4bcdcbd5","region":"fr-par","tags":["terraform-test","vpc","update"],"updated_at":"2023-06-06T14:00:36.705612Z"}'
    headers:
      Content-Length:
      - "362"
      Content-Security-Policy:
      - default-src 'none'; frame-ancestors 'none'
      Content-Type:
      - application/json
      Date:
      - Tue, 06 Jun 2023 14:00:36 GMT
      Server:
      - Scaleway API-Gateway
      Strict-Transport-Security:
      - max-age=63072000
      X-Content-Type-Options:
      - nosniff
      X-Frame-Options:
      - DENY
      X-Request-Id:
      - a3233de0-953a-4c43-a6e5-84b2e4518092
    status: 200 OK
    code: 200
- request:
    body: '{"name":"pn1","project_id":"564aa517-68b0-4fd7-8c8c-d21c4bcdcbd5","tags":["tag0","tag1"],"subnets":["192.168.0.0/24","fd46:78ab:30b8:c7df::/64","fd46:78ab:30b8:177c::/64"],"vpc_id":"55d3558f-fe9f-4487-82bd-682562218439"}'
    form: {}
    headers:
      Content-Type:
      - application/json
      User-Agent:
      - scaleway-sdk-go/v1.0.0-beta.7+dev (go1.20.4; darwin; amd64) terraform-provider/develop
        terraform/terraform-tests
    url: https://api.scaleway.com/vpc/v2/regions/fr-par/private-networks
    method: POST
  response:
    body: '{"created_at":"2023-06-06T14:00:36.982505Z","id":"3efb22a6-e165-44e1-a519-d80ec92862de","name":"pn1","organization_id":"564aa517-68b0-4fd7-8c8c-d21c4bcdcbd5","project_id":"564aa517-68b0-4fd7-8c8c-d21c4bcdcbd5","region":"fr-par","subnets":[{"created_at":"2023-06-06T14:00:36.982505Z","id":"6f5b7001-0ec2-42de-88be-7bcb008a7170","subnet":"192.168.0.0/24","updated_at":"2023-06-06T14:00:36.982505Z"},{"created_at":"2023-06-06T14:00:36.982505Z","id":"910334b7-54ed-478f-aeab-cbee1e0d457c","subnet":"fd46:78ab:30b8:177c::/64","updated_at":"2023-06-06T14:00:36.982505Z"},{"created_at":"2023-06-06T14:00:36.982505Z","id":"fbfd9409-173c-4ed5-80d7-278da1946ff0","subnet":"fd46:78ab:30b8:c7df::/64","updated_at":"2023-06-06T14:00:36.982505Z"}],"tags":["tag0","tag1"],"updated_at":"2023-06-06T14:00:36.982505Z","vpc_id":"55d3558f-fe9f-4487-82bd-682562218439"}'
    headers:
      Content-Length:
      - "848"
      Content-Security-Policy:
      - default-src 'none'; frame-ancestors 'none'
      Content-Type:
      - application/json
      Date:
      - Tue, 06 Jun 2023 14:00:37 GMT
      Server:
      - Scaleway API-Gateway
      Strict-Transport-Security:
      - max-age=63072000
      X-Content-Type-Options:
      - nosniff
      X-Frame-Options:
      - DENY
      X-Request-Id:
      - fbe3642e-2a7e-45f5-b94e-fba9fea39cfd
    status: 200 OK
    code: 200
- request:
    body: ""
    form: {}
    headers:
      User-Agent:
      - scaleway-sdk-go/v1.0.0-beta.7+dev (go1.20.4; darwin; amd64) terraform-provider/develop
        terraform/terraform-tests
    url: https://api.scaleway.com/vpc/v2/regions/fr-par/private-networks/3efb22a6-e165-44e1-a519-d80ec92862de
    method: GET
  response:
    body: '{"created_at":"2023-06-06T14:00:36.982505Z","id":"3efb22a6-e165-44e1-a519-d80ec92862de","name":"pn1","organization_id":"564aa517-68b0-4fd7-8c8c-d21c4bcdcbd5","project_id":"564aa517-68b0-4fd7-8c8c-d21c4bcdcbd5","region":"fr-par","subnets":[{"created_at":"2023-06-06T14:00:36.982505Z","id":"6f5b7001-0ec2-42de-88be-7bcb008a7170","subnet":"192.168.0.0/24","updated_at":"2023-06-06T14:00:36.982505Z"},{"created_at":"2023-06-06T14:00:36.982505Z","id":"910334b7-54ed-478f-aeab-cbee1e0d457c","subnet":"fd46:78ab:30b8:177c::/64","updated_at":"2023-06-06T14:00:36.982505Z"},{"created_at":"2023-06-06T14:00:36.982505Z","id":"fbfd9409-173c-4ed5-80d7-278da1946ff0","subnet":"fd46:78ab:30b8:c7df::/64","updated_at":"2023-06-06T14:00:36.982505Z"}],"tags":["tag0","tag1"],"updated_at":"2023-06-06T14:00:36.982505Z","vpc_id":"55d3558f-fe9f-4487-82bd-682562218439"}'
    headers:
      Content-Length:
      - "848"
      Content-Security-Policy:
      - default-src 'none'; frame-ancestors 'none'
      Content-Type:
      - application/json
      Date:
      - Tue, 06 Jun 2023 14:00:37 GMT
      Server:
      - Scaleway API-Gateway
      Strict-Transport-Security:
      - max-age=63072000
      X-Content-Type-Options:
      - nosniff
      X-Frame-Options:
      - DENY
      X-Request-Id:
      - 3467f9b7-d36d-4248-aa29-3d73d34c6642
    status: 200 OK
    code: 200
- request:
    body: ""
    form: {}
    headers:
      User-Agent:
      - scaleway-sdk-go/v1.0.0-beta.7+dev (go1.20.4; darwin; amd64) terraform-provider/develop
        terraform/terraform-tests
    url: https://api.scaleway.com/vpc/v2/regions/fr-par/private-networks/3efb22a6-e165-44e1-a519-d80ec92862de
    method: GET
  response:
    body: '{"created_at":"2023-06-06T14:00:36.982505Z","id":"3efb22a6-e165-44e1-a519-d80ec92862de","name":"pn1","organization_id":"564aa517-68b0-4fd7-8c8c-d21c4bcdcbd5","project_id":"564aa517-68b0-4fd7-8c8c-d21c4bcdcbd5","region":"fr-par","subnets":[{"created_at":"2023-06-06T14:00:36.982505Z","id":"6f5b7001-0ec2-42de-88be-7bcb008a7170","subnet":"192.168.0.0/24","updated_at":"2023-06-06T14:00:36.982505Z"},{"created_at":"2023-06-06T14:00:36.982505Z","id":"910334b7-54ed-478f-aeab-cbee1e0d457c","subnet":"fd46:78ab:30b8:177c::/64","updated_at":"2023-06-06T14:00:36.982505Z"},{"created_at":"2023-06-06T14:00:36.982505Z","id":"fbfd9409-173c-4ed5-80d7-278da1946ff0","subnet":"fd46:78ab:30b8:c7df::/64","updated_at":"2023-06-06T14:00:36.982505Z"}],"tags":["tag0","tag1"],"updated_at":"2023-06-06T14:00:36.982505Z","vpc_id":"55d3558f-fe9f-4487-82bd-682562218439"}'
    headers:
      Content-Length:
      - "848"
      Content-Security-Policy:
      - default-src 'none'; frame-ancestors 'none'
      Content-Type:
      - application/json
      Date:
      - Tue, 06 Jun 2023 14:00:37 GMT
      Server:
      - Scaleway API-Gateway
      Strict-Transport-Security:
      - max-age=63072000
      X-Content-Type-Options:
      - nosniff
      X-Frame-Options:
      - DENY
      X-Request-Id:
      - 7cfdb419-55c5-4669-bfcf-976f53917083
    status: 200 OK
    code: 200
- request:
    body: ""
    form: {}
    headers:
      User-Agent:
      - scaleway-sdk-go/v1.0.0-beta.7+dev (go1.20.4; darwin; amd64) terraform-provider/develop
        terraform/terraform-tests
    url: https://api.scaleway.com/vpc/v2/regions/fr-par/vpcs/55d3558f-fe9f-4487-82bd-682562218439
    method: GET
  response:
    body: '{"created_at":"2023-06-06T14:00:36.705612Z","id":"55d3558f-fe9f-4487-82bd-682562218439","is_default":false,"name":"test-vpc","organization_id":"564aa517-68b0-4fd7-8c8c-d21c4bcdcbd5","private_network_count":2,"project_id":"564aa517-68b0-4fd7-8c8c-d21c4bcdcbd5","region":"fr-par","tags":["terraform-test","vpc","update"],"updated_at":"2023-06-06T14:00:36.705612Z"}'
    headers:
      Content-Length:
      - "362"
      Content-Security-Policy:
      - default-src 'none'; frame-ancestors 'none'
      Content-Type:
      - application/json
      Date:
      - Tue, 06 Jun 2023 14:00:37 GMT
      Server:
      - Scaleway API-Gateway
      Strict-Transport-Security:
      - max-age=63072000
      X-Content-Type-Options:
      - nosniff
      X-Frame-Options:
      - DENY
      X-Request-Id:
      - 1043da56-e82d-4f16-96da-cf660aa28481
    status: 200 OK
    code: 200
- request:
    body: ""
    form: {}
    headers:
      User-Agent:
      - scaleway-sdk-go/v1.0.0-beta.7+dev (go1.20.4; darwin; amd64) terraform-provider/develop
        terraform/terraform-tests
    url: https://api.scaleway.com/vpc/v2/regions/fr-par/private-networks/3efb22a6-e165-44e1-a519-d80ec92862de
    method: GET
  response:
    body: '{"created_at":"2023-06-06T14:00:36.982505Z","id":"3efb22a6-e165-44e1-a519-d80ec92862de","name":"pn1","organization_id":"564aa517-68b0-4fd7-8c8c-d21c4bcdcbd5","project_id":"564aa517-68b0-4fd7-8c8c-d21c4bcdcbd5","region":"fr-par","subnets":[{"created_at":"2023-06-06T14:00:36.982505Z","id":"6f5b7001-0ec2-42de-88be-7bcb008a7170","subnet":"192.168.0.0/24","updated_at":"2023-06-06T14:00:36.982505Z"},{"created_at":"2023-06-06T14:00:36.982505Z","id":"910334b7-54ed-478f-aeab-cbee1e0d457c","subnet":"fd46:78ab:30b8:177c::/64","updated_at":"2023-06-06T14:00:36.982505Z"},{"created_at":"2023-06-06T14:00:36.982505Z","id":"fbfd9409-173c-4ed5-80d7-278da1946ff0","subnet":"fd46:78ab:30b8:c7df::/64","updated_at":"2023-06-06T14:00:36.982505Z"}],"tags":["tag0","tag1"],"updated_at":"2023-06-06T14:00:36.982505Z","vpc_id":"55d3558f-fe9f-4487-82bd-682562218439"}'
    headers:
      Content-Length:
      - "848"
      Content-Security-Policy:
      - default-src 'none'; frame-ancestors 'none'
      Content-Type:
      - application/json
      Date:
      - Tue, 06 Jun 2023 14:00:37 GMT
      Server:
      - Scaleway API-Gateway
      Strict-Transport-Security:
      - max-age=63072000
      X-Content-Type-Options:
      - nosniff
      X-Frame-Options:
      - DENY
      X-Request-Id:
      - d21ac8d5-945e-429c-84b1-d99536b3c086
    status: 200 OK
    code: 200
- request:
    body: ""
    form: {}
    headers:
      User-Agent:
      - scaleway-sdk-go/v1.0.0-beta.7+dev (go1.20.4; darwin; amd64) terraform-provider/develop
        terraform/terraform-tests
    url: https://api.scaleway.com/vpc/v2/regions/fr-par/private-networks/3efb22a6-e165-44e1-a519-d80ec92862de
    method: DELETE
  response:
    body: ""
    headers:
      Content-Security-Policy:
      - default-src 'none'; frame-ancestors 'none'
      Content-Type:
      - application/json
      Date:
      - Tue, 06 Jun 2023 14:00:38 GMT
      Server:
      - Scaleway API-Gateway
      Strict-Transport-Security:
      - max-age=63072000
      X-Content-Type-Options:
      - nosniff
      X-Frame-Options:
      - DENY
      X-Request-Id:
      - 093f14db-fc4c-4254-8c6a-49cfac395798
    status: 204 No Content
    code: 204
- request:
    body: ""
    form: {}
    headers:
      User-Agent:
      - scaleway-sdk-go/v1.0.0-beta.7+dev (go1.20.4; darwin; amd64) terraform-provider/develop
        terraform/terraform-tests
    url: https://api.scaleway.com/vpc/v2/regions/fr-par/vpcs/55d3558f-fe9f-4487-82bd-682562218439
    method: DELETE
  response:
    body: ""
    headers:
      Content-Security-Policy:
      - default-src 'none'; frame-ancestors 'none'
      Content-Type:
      - application/json
      Date:
      - Tue, 06 Jun 2023 14:00:38 GMT
      Server:
      - Scaleway API-Gateway
      Strict-Transport-Security:
      - max-age=63072000
      X-Content-Type-Options:
      - nosniff
      X-Frame-Options:
      - DENY
      X-Request-Id:
      - 5e2d99bb-4018-4e6e-b1fd-1eb996fa4075
    status: 204 No Content
    code: 204
- request:
    body: ""
    form: {}
    headers:
      User-Agent:
      - scaleway-sdk-go/v1.0.0-beta.7+dev (go1.20.4; darwin; amd64) terraform-provider/develop
        terraform/terraform-tests
    url: https://api.scaleway.com/vpc/v2/regions/fr-par/vpcs/55d3558f-fe9f-4487-82bd-682562218439
    method: GET
  response:
    body: '{"message":"resource is not found","resource":"vpc","resource_id":"55d3558f-fe9f-4487-82bd-682562218439","type":"not_found"}'
    headers:
      Content-Length:
      - "124"
      Content-Security-Policy:
      - default-src 'none'; frame-ancestors 'none'
      Content-Type:
      - application/json
      Date:
      - Tue, 06 Jun 2023 14:00:39 GMT
      Server:
      - Scaleway API-Gateway
      Strict-Transport-Security:
      - max-age=63072000
      X-Content-Type-Options:
      - nosniff
      X-Frame-Options:
      - DENY
      X-Request-Id:
      - 879c53a2-6bee-4f67-9393-cc9e5625b3ee
    status: 404 Not Found
    code: 404
- request:
    body: ""
    form: {}
    headers:
      User-Agent:
      - scaleway-sdk-go/v1.0.0-beta.7+dev (go1.20.4; darwin; amd64) terraform-provider/develop
        terraform/terraform-tests
    url: https://api.scaleway.com/vpc/v2/regions/fr-par/private-networks/3efb22a6-e165-44e1-a519-d80ec92862de
    method: GET
  response:
    body: '{"message":"resource is not found","resource":"private_network","resource_id":"3efb22a6-e165-44e1-a519-d80ec92862de","type":"not_found"}'
    headers:
      Content-Length:
      - "136"
      Content-Security-Policy:
      - default-src 'none'; frame-ancestors 'none'
      Content-Type:
      - application/json
      Date:
      - Tue, 06 Jun 2023 14:00:39 GMT
      Server:
      - Scaleway API-Gateway
      Strict-Transport-Security:
      - max-age=63072000
      X-Content-Type-Options:
      - nosniff
      X-Frame-Options:
      - DENY
      X-Request-Id:
      - fa391d91-f316-40e9-a69e-5034f2a6471d
    status: 404 Not Found
    code: 404
