---
version: 2
interactions:
- request:
    body: '{"project_id":"564aa517-68b0-4fd7-8c8c-d21c4bcdcbd5","reverse":null}'
    form: {}
    headers:
      Content-Type:
      - application/json
      User-Agent:
      - scaleway-sdk-go/v1.0.0-beta.7+dev (go1.20.4; darwin; amd64) terraform-provider/develop
        terraform/terraform-tests
    url: https://api.scaleway.com/lb/v1/zones/fr-par-1/ips
    method: POST
  response:
    body: '{"id":"86df9ff8-7a77-492d-9b03-4f6205127499","ip_address":"195.154.197.174","lb_id":null,"organization_id":"564aa517-68b0-4fd7-8c8c-d21c4bcdcbd5","project_id":"564aa517-68b0-4fd7-8c8c-d21c4bcdcbd5","region":"fr-par","reverse":"195-154-197-174.lb.fr-par.scw.cloud","zone":"fr-par-1"}'
    headers:
      Content-Length:
      - "282"
      Content-Security-Policy:
      - default-src 'none'; frame-ancestors 'none'
      Content-Type:
      - application/json
      Date:
      - Mon, 03 Jul 2023 20:19:45 GMT
      Server:
      - Scaleway API-Gateway
      Strict-Transport-Security:
      - max-age=63072000
      X-Content-Type-Options:
      - nosniff
      X-Frame-Options:
      - DENY
      X-Request-Id:
      - a06e1740-5674-452c-850d-798c03a5f1d0
    status: 200 OK
    code: 200
- request:
    body: ""
    form: {}
    headers:
      User-Agent:
      - scaleway-sdk-go/v1.0.0-beta.7+dev (go1.20.4; darwin; amd64) terraform-provider/develop
        terraform/terraform-tests
    url: https://api.scaleway.com/lb/v1/zones/fr-par-1/ips/86df9ff8-7a77-492d-9b03-4f6205127499
    method: GET
  response:
    body: '{"id":"86df9ff8-7a77-492d-9b03-4f6205127499","ip_address":"195.154.197.174","lb_id":null,"organization_id":"564aa517-68b0-4fd7-8c8c-d21c4bcdcbd5","project_id":"564aa517-68b0-4fd7-8c8c-d21c4bcdcbd5","region":"fr-par","reverse":"195-154-197-174.lb.fr-par.scw.cloud","zone":"fr-par-1"}'
    headers:
      Content-Length:
      - "282"
      Content-Security-Policy:
      - default-src 'none'; frame-ancestors 'none'
      Content-Type:
      - application/json
      Date:
      - Mon, 03 Jul 2023 20:19:45 GMT
      Server:
      - Scaleway API-Gateway
      Strict-Transport-Security:
      - max-age=63072000
      X-Content-Type-Options:
      - nosniff
      X-Frame-Options:
      - DENY
      X-Request-Id:
      - 6e21a97c-6d79-413d-97b1-e5f6bdc53b65
    status: 200 OK
    code: 200
- request:
    body: '{"project_id":"564aa517-68b0-4fd7-8c8c-d21c4bcdcbd5","name":"test-lb","description":"","ip_id":"86df9ff8-7a77-492d-9b03-4f6205127499","assign_flexible_ip":null,"tags":null,"type":"lb-s","ssl_compatibility_level":"ssl_compatibility_level_intermediate"}'
    form: {}
    headers:
      Content-Type:
      - application/json
      User-Agent:
      - scaleway-sdk-go/v1.0.0-beta.7+dev (go1.20.4; darwin; amd64) terraform-provider/develop
        terraform/terraform-tests
    url: https://api.scaleway.com/lb/v1/zones/fr-par-1/lbs
    method: POST
  response:
    body: '{"backend_count":0,"created_at":"2023-07-03T20:19:45.604414991Z","description":"","frontend_count":0,"id":"fa21e7ee-8b10-4bbf-8fa7-a7b90c4083c0","instances":[],"ip":[{"id":"86df9ff8-7a77-492d-9b03-4f6205127499","ip_address":"195.154.197.174","lb_id":"fa21e7ee-8b10-4bbf-8fa7-a7b90c4083c0","organization_id":"564aa517-68b0-4fd7-8c8c-d21c4bcdcbd5","project_id":"564aa517-68b0-4fd7-8c8c-d21c4bcdcbd5","region":"fr-par","reverse":"195-154-197-174.lb.fr-par.scw.cloud","zone":"fr-par-1"}],"name":"test-lb","organization_id":"564aa517-68b0-4fd7-8c8c-d21c4bcdcbd5","private_network_count":0,"project_id":"564aa517-68b0-4fd7-8c8c-d21c4bcdcbd5","region":"fr-par","route_count":0,"ssl_compatibility_level":"ssl_compatibility_level_intermediate","status":"to_create","subscriber":null,"tags":[],"type":"lb-s","updated_at":"2023-07-03T20:19:45.604414991Z","zone":"fr-par-1"}'
    headers:
      Content-Length:
      - "862"
      Content-Security-Policy:
      - default-src 'none'; frame-ancestors 'none'
      Content-Type:
      - application/json
      Date:
      - Mon, 03 Jul 2023 20:19:45 GMT
      Server:
      - Scaleway API-Gateway
      Strict-Transport-Security:
      - max-age=63072000
      X-Content-Type-Options:
      - nosniff
      X-Frame-Options:
      - DENY
      X-Request-Id:
      - 2995a7c1-44ce-4f55-b2f7-151b27d19d76
    status: 200 OK
    code: 200
- request:
    body: ""
    form: {}
    headers:
      User-Agent:
      - scaleway-sdk-go/v1.0.0-beta.7+dev (go1.20.4; darwin; amd64) terraform-provider/develop
        terraform/terraform-tests
    url: https://api.scaleway.com/lb/v1/zones/fr-par-1/lbs/fa21e7ee-8b10-4bbf-8fa7-a7b90c4083c0
    method: GET
  response:
    body: '{"backend_count":0,"created_at":"2023-07-03T20:19:45.604415Z","description":"","frontend_count":0,"id":"fa21e7ee-8b10-4bbf-8fa7-a7b90c4083c0","instances":[{"created_at":"2023-07-03T20:18:34.660790Z","id":"e8a2e103-7300-4792-bde4-4e241dc7a003","ip_address":"10.64.146.23","region":"fr-par","status":"unknown","updated_at":"2023-07-03T20:19:45.851136Z","zone":"fr-par-1"}],"ip":[{"id":"86df9ff8-7a77-492d-9b03-4f6205127499","ip_address":"195.154.197.174","lb_id":"fa21e7ee-8b10-4bbf-8fa7-a7b90c4083c0","organization_id":"564aa517-68b0-4fd7-8c8c-d21c4bcdcbd5","project_id":"564aa517-68b0-4fd7-8c8c-d21c4bcdcbd5","region":"fr-par","reverse":"195-154-197-174.lb.fr-par.scw.cloud","zone":"fr-par-1"}],"name":"test-lb","organization_id":"564aa517-68b0-4fd7-8c8c-d21c4bcdcbd5","private_network_count":0,"project_id":"564aa517-68b0-4fd7-8c8c-d21c4bcdcbd5","region":"fr-par","route_count":0,"ssl_compatibility_level":"ssl_compatibility_level_intermediate","status":"to_create","subscriber":null,"tags":[],"type":"lb-s","updated_at":"2023-07-03T20:19:45.604415Z","zone":"fr-par-1"}'
    headers:
      Content-Length:
      - "1070"
      Content-Security-Policy:
      - default-src 'none'; frame-ancestors 'none'
      Content-Type:
      - application/json
      Date:
      - Mon, 03 Jul 2023 20:19:45 GMT
      Server:
      - Scaleway API-Gateway
      Strict-Transport-Security:
      - max-age=63072000
      X-Content-Type-Options:
      - nosniff
      X-Frame-Options:
      - DENY
      X-Request-Id:
      - f391f6eb-9629-4575-94a4-732ffe30d604
    status: 200 OK
    code: 200
- request:
    body: ""
    form: {}
    headers:
      User-Agent:
      - scaleway-sdk-go/v1.0.0-beta.7+dev (go1.20.4; darwin; amd64) terraform-provider/develop
        terraform/terraform-tests
    url: https://api.scaleway.com/lb/v1/zones/fr-par-1/lbs/fa21e7ee-8b10-4bbf-8fa7-a7b90c4083c0
    method: GET
  response:
    body: '{"backend_count":0,"created_at":"2023-07-03T20:19:45.604415Z","description":"","frontend_count":0,"id":"fa21e7ee-8b10-4bbf-8fa7-a7b90c4083c0","instances":[{"created_at":"2023-07-03T20:18:34.660790Z","id":"e8a2e103-7300-4792-bde4-4e241dc7a003","ip_address":"10.64.146.23","region":"fr-par","status":"ready","updated_at":"2023-07-03T20:19:46.751406Z","zone":"fr-par-1"}],"ip":[{"id":"86df9ff8-7a77-492d-9b03-4f6205127499","ip_address":"195.154.197.174","lb_id":"fa21e7ee-8b10-4bbf-8fa7-a7b90c4083c0","organization_id":"564aa517-68b0-4fd7-8c8c-d21c4bcdcbd5","project_id":"564aa517-68b0-4fd7-8c8c-d21c4bcdcbd5","region":"fr-par","reverse":"195-154-197-174.lb.fr-par.scw.cloud","zone":"fr-par-1"}],"name":"test-lb","organization_id":"564aa517-68b0-4fd7-8c8c-d21c4bcdcbd5","private_network_count":0,"project_id":"564aa517-68b0-4fd7-8c8c-d21c4bcdcbd5","region":"fr-par","route_count":0,"ssl_compatibility_level":"ssl_compatibility_level_intermediate","status":"ready","subscriber":null,"tags":[],"type":"lb-s","updated_at":"2023-07-03T20:19:48.205428Z","zone":"fr-par-1"}'
    headers:
      Content-Length:
      - "1064"
      Content-Security-Policy:
      - default-src 'none'; frame-ancestors 'none'
      Content-Type:
      - application/json
      Date:
      - Mon, 03 Jul 2023 20:20:16 GMT
      Server:
      - Scaleway API-Gateway
      Strict-Transport-Security:
      - max-age=63072000
      X-Content-Type-Options:
      - nosniff
      X-Frame-Options:
      - DENY
      X-Request-Id:
      - 865bbe39-067c-4274-b2f9-41633b78112a
    status: 200 OK
    code: 200
- request:
    body: ""
    form: {}
    headers:
      User-Agent:
      - scaleway-sdk-go/v1.0.0-beta.7+dev (go1.20.4; darwin; amd64) terraform-provider/develop
        terraform/terraform-tests
    url: https://api.scaleway.com/lb/v1/zones/fr-par-1/lbs/fa21e7ee-8b10-4bbf-8fa7-a7b90c4083c0
    method: GET
  response:
    body: '{"backend_count":0,"created_at":"2023-07-03T20:19:45.604415Z","description":"","frontend_count":0,"id":"fa21e7ee-8b10-4bbf-8fa7-a7b90c4083c0","instances":[{"created_at":"2023-07-03T20:18:34.660790Z","id":"e8a2e103-7300-4792-bde4-4e241dc7a003","ip_address":"10.64.146.23","region":"fr-par","status":"ready","updated_at":"2023-07-03T20:19:46.751406Z","zone":"fr-par-1"}],"ip":[{"id":"86df9ff8-7a77-492d-9b03-4f6205127499","ip_address":"195.154.197.174","lb_id":"fa21e7ee-8b10-4bbf-8fa7-a7b90c4083c0","organization_id":"564aa517-68b0-4fd7-8c8c-d21c4bcdcbd5","project_id":"564aa517-68b0-4fd7-8c8c-d21c4bcdcbd5","region":"fr-par","reverse":"195-154-197-174.lb.fr-par.scw.cloud","zone":"fr-par-1"}],"name":"test-lb","organization_id":"564aa517-68b0-4fd7-8c8c-d21c4bcdcbd5","private_network_count":0,"project_id":"564aa517-68b0-4fd7-8c8c-d21c4bcdcbd5","region":"fr-par","route_count":0,"ssl_compatibility_level":"ssl_compatibility_level_intermediate","status":"ready","subscriber":null,"tags":[],"type":"lb-s","updated_at":"2023-07-03T20:19:48.205428Z","zone":"fr-par-1"}'
    headers:
      Content-Length:
      - "1064"
      Content-Security-Policy:
      - default-src 'none'; frame-ancestors 'none'
      Content-Type:
      - application/json
      Date:
      - Mon, 03 Jul 2023 20:20:16 GMT
      Server:
      - Scaleway API-Gateway
      Strict-Transport-Security:
      - max-age=63072000
      X-Content-Type-Options:
      - nosniff
      X-Frame-Options:
      - DENY
      X-Request-Id:
      - e8d03608-c074-428b-bac1-8e743f80daea
    status: 200 OK
    code: 200
- request:
    body: ""
    form: {}
    headers:
      User-Agent:
      - scaleway-sdk-go/v1.0.0-beta.7+dev (go1.20.4; darwin; amd64) terraform-provider/develop
        terraform/terraform-tests
    url: https://api.scaleway.com/lb/v1/zones/fr-par-1/lbs/fa21e7ee-8b10-4bbf-8fa7-a7b90c4083c0/private-networks?order_by=created_at_asc
    method: GET
  response:
    body: '{"private_network":[],"total_count":0}'
    headers:
      Content-Length:
      - "38"
      Content-Security-Policy:
      - default-src 'none'; frame-ancestors 'none'
      Content-Type:
      - application/json
      Date:
      - Mon, 03 Jul 2023 20:20:16 GMT
      Server:
      - Scaleway API-Gateway
      Strict-Transport-Security:
      - max-age=63072000
      X-Content-Type-Options:
      - nosniff
      X-Frame-Options:
      - DENY
      X-Request-Id:
      - a226d528-0f60-49f9-b13b-511cfdb1d0df
    status: 200 OK
    code: 200
- request:
    body: ""
    form: {}
    headers:
      User-Agent:
      - scaleway-sdk-go/v1.0.0-beta.7+dev (go1.20.4; darwin; amd64) terraform-provider/develop
        terraform/terraform-tests
    url: https://api.scaleway.com/lb/v1/zones/fr-par-1/lbs/fa21e7ee-8b10-4bbf-8fa7-a7b90c4083c0
    method: GET
  response:
    body: '{"backend_count":0,"created_at":"2023-07-03T20:19:45.604415Z","description":"","frontend_count":0,"id":"fa21e7ee-8b10-4bbf-8fa7-a7b90c4083c0","instances":[{"created_at":"2023-07-03T20:18:34.660790Z","id":"e8a2e103-7300-4792-bde4-4e241dc7a003","ip_address":"10.64.146.23","region":"fr-par","status":"ready","updated_at":"2023-07-03T20:19:46.751406Z","zone":"fr-par-1"}],"ip":[{"id":"86df9ff8-7a77-492d-9b03-4f6205127499","ip_address":"195.154.197.174","lb_id":"fa21e7ee-8b10-4bbf-8fa7-a7b90c4083c0","organization_id":"564aa517-68b0-4fd7-8c8c-d21c4bcdcbd5","project_id":"564aa517-68b0-4fd7-8c8c-d21c4bcdcbd5","region":"fr-par","reverse":"195-154-197-174.lb.fr-par.scw.cloud","zone":"fr-par-1"}],"name":"test-lb","organization_id":"564aa517-68b0-4fd7-8c8c-d21c4bcdcbd5","private_network_count":0,"project_id":"564aa517-68b0-4fd7-8c8c-d21c4bcdcbd5","region":"fr-par","route_count":0,"ssl_compatibility_level":"ssl_compatibility_level_intermediate","status":"ready","subscriber":null,"tags":[],"type":"lb-s","updated_at":"2023-07-03T20:19:48.205428Z","zone":"fr-par-1"}'
    headers:
      Content-Length:
      - "1064"
      Content-Security-Policy:
      - default-src 'none'; frame-ancestors 'none'
      Content-Type:
      - application/json
      Date:
      - Mon, 03 Jul 2023 20:20:16 GMT
      Server:
      - Scaleway API-Gateway
      Strict-Transport-Security:
      - max-age=63072000
      X-Content-Type-Options:
      - nosniff
      X-Frame-Options:
      - DENY
      X-Request-Id:
      - 93d43763-4435-40e3-b4ed-b72887431751
    status: 200 OK
    code: 200
- request:
    body: '{"name":"tf-backend-datasource0","forward_protocol":"tcp","forward_port":80,"forward_port_algorithm":"roundrobin","sticky_sessions":"none","sticky_sessions_cookie_name":"","health_check":{"port":80,"check_max_retries":2,"check_send_proxy":false,"transient_check_delay":"0.500000000s","check_delay":60000,"check_timeout":30000},"server_ip":null,"on_marked_down_action":"on_marked_down_action_none","proxy_protocol":"proxy_protocol_none","failover_host":null,"ssl_bridging":false,"ignore_ssl_server_verify":false,"redispatch_attempt_count":null,"max_retries":3,"max_connections":null,"timeout_queue":"0.000000000s","timeout_server":300000,"timeout_connect":5000,"timeout_tunnel":900000}'
    form: {}
    headers:
      Content-Type:
      - application/json
      User-Agent:
      - scaleway-sdk-go/v1.0.0-beta.7+dev (go1.20.4; darwin; amd64) terraform-provider/develop
        terraform/terraform-tests
    url: https://api.scaleway.com/lb/v1/zones/fr-par-1/lbs/fa21e7ee-8b10-4bbf-8fa7-a7b90c4083c0/backends
    method: POST
  response:
    body: '{"created_at":"2023-07-03T20:20:16.390150632Z","failover_host":null,"forward_port":80,"forward_port_algorithm":"roundrobin","forward_protocol":"tcp","health_check":{"check_delay":60000,"check_max_retries":2,"check_send_proxy":false,"check_timeout":30000,"port":80,"tcp_config":{},"transient_check_delay":"0.500s"},"id":"a50c2f67-f87c-4b55-884c-eb7ce720fe31","ignore_ssl_server_verify":false,"lb":{"backend_count":1,"created_at":"2023-07-03T20:19:45.604415Z","description":"","frontend_count":0,"id":"fa21e7ee-8b10-4bbf-8fa7-a7b90c4083c0","instances":[{"created_at":"2023-07-03T20:18:34.660790Z","id":"e8a2e103-7300-4792-bde4-4e241dc7a003","ip_address":"10.64.146.23","region":"fr-par","status":"pending","updated_at":"2023-07-03T20:20:16.421194796Z","zone":"fr-par-1"}],"ip":[{"id":"86df9ff8-7a77-492d-9b03-4f6205127499","ip_address":"195.154.197.174","lb_id":"fa21e7ee-8b10-4bbf-8fa7-a7b90c4083c0","organization_id":"564aa517-68b0-4fd7-8c8c-d21c4bcdcbd5","project_id":"564aa517-68b0-4fd7-8c8c-d21c4bcdcbd5","region":"fr-par","reverse":"195-154-197-174.lb.fr-par.scw.cloud","zone":"fr-par-1"}],"name":"test-lb","organization_id":"564aa517-68b0-4fd7-8c8c-d21c4bcdcbd5","private_network_count":0,"project_id":"564aa517-68b0-4fd7-8c8c-d21c4bcdcbd5","region":"fr-par","route_count":0,"ssl_compatibility_level":"ssl_compatibility_level_intermediate","status":"ready","subscriber":null,"tags":[],"type":"lb-s","updated_at":"2023-07-03T20:19:48.205428Z","zone":"fr-par-1"},"max_connections":null,"max_retries":3,"name":"tf-backend-datasource0","on_marked_down_action":"on_marked_down_action_none","pool":[],"proxy_protocol":"proxy_protocol_none","redispatch_attempt_count":null,"send_proxy_v2":false,"ssl_bridging":false,"sticky_sessions":"none","sticky_sessions_cookie_name":"","timeout_connect":5000,"timeout_queue":"0s","timeout_server":300000,"timeout_tunnel":900000,"updated_at":"2023-07-03T20:20:16.390150632Z"}'
    headers:
      Content-Length:
      - "1910"
      Content-Security-Policy:
      - default-src 'none'; frame-ancestors 'none'
      Content-Type:
      - application/json
      Date:
      - Mon, 03 Jul 2023 20:20:16 GMT
      Server:
      - Scaleway API-Gateway
      Strict-Transport-Security:
      - max-age=63072000
      X-Content-Type-Options:
      - nosniff
      X-Frame-Options:
      - DENY
      X-Request-Id:
      - 95bfdc85-54ee-4c63-b421-d004ff09d7f2
    status: 200 OK
    code: 200
- request:
    body: ""
    form: {}
    headers:
      User-Agent:
      - scaleway-sdk-go/v1.0.0-beta.7+dev (go1.20.4; darwin; amd64) terraform-provider/develop
        terraform/terraform-tests
    url: https://api.scaleway.com/lb/v1/zones/fr-par-1/lbs/fa21e7ee-8b10-4bbf-8fa7-a7b90c4083c0
    method: GET
  response:
    body: '{"backend_count":1,"created_at":"2023-07-03T20:19:45.604415Z","description":"","frontend_count":0,"id":"fa21e7ee-8b10-4bbf-8fa7-a7b90c4083c0","instances":[{"created_at":"2023-07-03T20:18:34.660790Z","id":"e8a2e103-7300-4792-bde4-4e241dc7a003","ip_address":"10.64.146.23","region":"fr-par","status":"pending","updated_at":"2023-07-03T20:20:16.421195Z","zone":"fr-par-1"}],"ip":[{"id":"86df9ff8-7a77-492d-9b03-4f6205127499","ip_address":"195.154.197.174","lb_id":"fa21e7ee-8b10-4bbf-8fa7-a7b90c4083c0","organization_id":"564aa517-68b0-4fd7-8c8c-d21c4bcdcbd5","project_id":"564aa517-68b0-4fd7-8c8c-d21c4bcdcbd5","region":"fr-par","reverse":"195-154-197-174.lb.fr-par.scw.cloud","zone":"fr-par-1"}],"name":"test-lb","organization_id":"564aa517-68b0-4fd7-8c8c-d21c4bcdcbd5","private_network_count":0,"project_id":"564aa517-68b0-4fd7-8c8c-d21c4bcdcbd5","region":"fr-par","route_count":0,"ssl_compatibility_level":"ssl_compatibility_level_intermediate","status":"ready","subscriber":null,"tags":[],"type":"lb-s","updated_at":"2023-07-03T20:19:48.205428Z","zone":"fr-par-1"}'
    headers:
      Content-Length:
      - "1066"
      Content-Security-Policy:
      - default-src 'none'; frame-ancestors 'none'
      Content-Type:
      - application/json
      Date:
      - Mon, 03 Jul 2023 20:20:16 GMT
      Server:
      - Scaleway API-Gateway
      Strict-Transport-Security:
      - max-age=63072000
      X-Content-Type-Options:
      - nosniff
      X-Frame-Options:
      - DENY
      X-Request-Id:
      - 9562bad1-0c15-4466-8ea9-07ba235bafd0
    status: 200 OK
    code: 200
- request:
    body: ""
    form: {}
    headers:
      User-Agent:
      - scaleway-sdk-go/v1.0.0-beta.7+dev (go1.20.4; darwin; amd64) terraform-provider/develop
        terraform/terraform-tests
    url: https://api.scaleway.com/lb/v1/zones/fr-par-1/backends/a50c2f67-f87c-4b55-884c-eb7ce720fe31
    method: GET
  response:
    body: '{"created_at":"2023-07-03T20:20:16.390151Z","failover_host":null,"forward_port":80,"forward_port_algorithm":"roundrobin","forward_protocol":"tcp","health_check":{"check_delay":60000,"check_max_retries":2,"check_send_proxy":false,"check_timeout":30000,"port":80,"tcp_config":{},"transient_check_delay":"0.500s"},"id":"a50c2f67-f87c-4b55-884c-eb7ce720fe31","ignore_ssl_server_verify":false,"lb":{"backend_count":1,"created_at":"2023-07-03T20:19:45.604415Z","description":"","frontend_count":0,"id":"fa21e7ee-8b10-4bbf-8fa7-a7b90c4083c0","instances":[{"created_at":"2023-07-03T20:18:34.660790Z","id":"e8a2e103-7300-4792-bde4-4e241dc7a003","ip_address":"10.64.146.23","region":"fr-par","status":"ready","updated_at":"2023-07-03T20:20:16.701268Z","zone":"fr-par-1"}],"ip":[{"id":"86df9ff8-7a77-492d-9b03-4f6205127499","ip_address":"195.154.197.174","lb_id":"fa21e7ee-8b10-4bbf-8fa7-a7b90c4083c0","organization_id":"564aa517-68b0-4fd7-8c8c-d21c4bcdcbd5","project_id":"564aa517-68b0-4fd7-8c8c-d21c4bcdcbd5","region":"fr-par","reverse":"195-154-197-174.lb.fr-par.scw.cloud","zone":"fr-par-1"}],"name":"test-lb","organization_id":"564aa517-68b0-4fd7-8c8c-d21c4bcdcbd5","private_network_count":0,"project_id":"564aa517-68b0-4fd7-8c8c-d21c4bcdcbd5","region":"fr-par","route_count":0,"ssl_compatibility_level":"ssl_compatibility_level_intermediate","status":"ready","subscriber":null,"tags":[],"type":"lb-s","updated_at":"2023-07-03T20:19:48.205428Z","zone":"fr-par-1"},"max_connections":null,"max_retries":3,"name":"tf-backend-datasource0","on_marked_down_action":"on_marked_down_action_none","pool":[],"proxy_protocol":"proxy_protocol_none","redispatch_attempt_count":null,"send_proxy_v2":false,"ssl_bridging":false,"sticky_sessions":"none","sticky_sessions_cookie_name":"","timeout_connect":5000,"timeout_queue":"0s","timeout_server":300000,"timeout_tunnel":900000,"updated_at":"2023-07-03T20:20:16.390151Z"}'
    headers:
      Content-Length:
      - "1899"
      Content-Security-Policy:
      - default-src 'none'; frame-ancestors 'none'
      Content-Type:
      - application/json
      Date:
      - Mon, 03 Jul 2023 20:20:16 GMT
      Server:
      - Scaleway API-Gateway
      Strict-Transport-Security:
      - max-age=63072000
      X-Content-Type-Options:
      - nosniff
      X-Frame-Options:
      - DENY
      X-Request-Id:
      - a48ea242-1f6a-47e4-9946-1607c2ae7862
    status: 200 OK
    code: 200
- request:
    body: ""
    form: {}
    headers:
      User-Agent:
      - scaleway-sdk-go/v1.0.0-beta.7+dev (go1.20.4; darwin; amd64) terraform-provider/develop
        terraform/terraform-tests
    url: https://api.scaleway.com/lb/v1/zones/fr-par-1/lbs/fa21e7ee-8b10-4bbf-8fa7-a7b90c4083c0
    method: GET
  response:
    body: '{"backend_count":1,"created_at":"2023-07-03T20:19:45.604415Z","description":"","frontend_count":0,"id":"fa21e7ee-8b10-4bbf-8fa7-a7b90c4083c0","instances":[{"created_at":"2023-07-03T20:18:34.660790Z","id":"e8a2e103-7300-4792-bde4-4e241dc7a003","ip_address":"10.64.146.23","region":"fr-par","status":"ready","updated_at":"2023-07-03T20:20:16.701268Z","zone":"fr-par-1"}],"ip":[{"id":"86df9ff8-7a77-492d-9b03-4f6205127499","ip_address":"195.154.197.174","lb_id":"fa21e7ee-8b10-4bbf-8fa7-a7b90c4083c0","organization_id":"564aa517-68b0-4fd7-8c8c-d21c4bcdcbd5","project_id":"564aa517-68b0-4fd7-8c8c-d21c4bcdcbd5","region":"fr-par","reverse":"195-154-197-174.lb.fr-par.scw.cloud","zone":"fr-par-1"}],"name":"test-lb","organization_id":"564aa517-68b0-4fd7-8c8c-d21c4bcdcbd5","private_network_count":0,"project_id":"564aa517-68b0-4fd7-8c8c-d21c4bcdcbd5","region":"fr-par","route_count":0,"ssl_compatibility_level":"ssl_compatibility_level_intermediate","status":"ready","subscriber":null,"tags":[],"type":"lb-s","updated_at":"2023-07-03T20:19:48.205428Z","zone":"fr-par-1"}'
    headers:
      Content-Length:
      - "1064"
      Content-Security-Policy:
      - default-src 'none'; frame-ancestors 'none'
      Content-Type:
      - application/json
      Date:
      - Mon, 03 Jul 2023 20:20:16 GMT
      Server:
      - Scaleway API-Gateway
      Strict-Transport-Security:
      - max-age=63072000
      X-Content-Type-Options:
      - nosniff
      X-Frame-Options:
      - DENY
      X-Request-Id:
      - 1c09633e-b646-41aa-b894-1b155db97874
    status: 200 OK
    code: 200
- request:
    body: ""
    form: {}
    headers:
      User-Agent:
      - scaleway-sdk-go/v1.0.0-beta.7+dev (go1.20.4; darwin; amd64) terraform-provider/develop
        terraform/terraform-tests
    url: https://api.scaleway.com/lb/v1/zones/fr-par-1/ips/86df9ff8-7a77-492d-9b03-4f6205127499
    method: GET
  response:
    body: '{"id":"86df9ff8-7a77-492d-9b03-4f6205127499","ip_address":"195.154.197.174","lb_id":"fa21e7ee-8b10-4bbf-8fa7-a7b90c4083c0","organization_id":"564aa517-68b0-4fd7-8c8c-d21c4bcdcbd5","project_id":"564aa517-68b0-4fd7-8c8c-d21c4bcdcbd5","region":"fr-par","reverse":"195-154-197-174.lb.fr-par.scw.cloud","zone":"fr-par-1"}'
    headers:
      Content-Length:
      - "316"
      Content-Security-Policy:
      - default-src 'none'; frame-ancestors 'none'
      Content-Type:
      - application/json
      Date:
      - Mon, 03 Jul 2023 20:20:17 GMT
      Server:
      - Scaleway API-Gateway
      Strict-Transport-Security:
      - max-age=63072000
      X-Content-Type-Options:
      - nosniff
      X-Frame-Options:
      - DENY
      X-Request-Id:
      - 467ecdd7-d907-4759-a085-4e230586cd25
    status: 200 OK
    code: 200
- request:
    body: ""
    form: {}
    headers:
      User-Agent:
      - scaleway-sdk-go/v1.0.0-beta.7+dev (go1.20.4; darwin; amd64) terraform-provider/develop
        terraform/terraform-tests
    url: https://api.scaleway.com/lb/v1/zones/fr-par-1/lbs/fa21e7ee-8b10-4bbf-8fa7-a7b90c4083c0
    method: GET
  response:
    body: '{"backend_count":1,"created_at":"2023-07-03T20:19:45.604415Z","description":"","frontend_count":0,"id":"fa21e7ee-8b10-4bbf-8fa7-a7b90c4083c0","instances":[{"created_at":"2023-07-03T20:18:34.660790Z","id":"e8a2e103-7300-4792-bde4-4e241dc7a003","ip_address":"10.64.146.23","region":"fr-par","status":"ready","updated_at":"2023-07-03T20:20:16.701268Z","zone":"fr-par-1"}],"ip":[{"id":"86df9ff8-7a77-492d-9b03-4f6205127499","ip_address":"195.154.197.174","lb_id":"fa21e7ee-8b10-4bbf-8fa7-a7b90c4083c0","organization_id":"564aa517-68b0-4fd7-8c8c-d21c4bcdcbd5","project_id":"564aa517-68b0-4fd7-8c8c-d21c4bcdcbd5","region":"fr-par","reverse":"195-154-197-174.lb.fr-par.scw.cloud","zone":"fr-par-1"}],"name":"test-lb","organization_id":"564aa517-68b0-4fd7-8c8c-d21c4bcdcbd5","private_network_count":0,"project_id":"564aa517-68b0-4fd7-8c8c-d21c4bcdcbd5","region":"fr-par","route_count":0,"ssl_compatibility_level":"ssl_compatibility_level_intermediate","status":"ready","subscriber":null,"tags":[],"type":"lb-s","updated_at":"2023-07-03T20:19:48.205428Z","zone":"fr-par-1"}'
    headers:
      Content-Length:
      - "1064"
      Content-Security-Policy:
      - default-src 'none'; frame-ancestors 'none'
      Content-Type:
      - application/json
      Date:
      - Mon, 03 Jul 2023 20:20:17 GMT
      Server:
      - Scaleway API-Gateway
      Strict-Transport-Security:
      - max-age=63072000
      X-Content-Type-Options:
      - nosniff
      X-Frame-Options:
      - DENY
      X-Request-Id:
      - 45ddc02b-b44c-4980-b93a-aeba403d27cb
    status: 200 OK
    code: 200
- request:
    body: ""
    form: {}
    headers:
      User-Agent:
      - scaleway-sdk-go/v1.0.0-beta.7+dev (go1.20.4; darwin; amd64) terraform-provider/develop
        terraform/terraform-tests
    url: https://api.scaleway.com/lb/v1/zones/fr-par-1/lbs/fa21e7ee-8b10-4bbf-8fa7-a7b90c4083c0
    method: GET
  response:
    body: '{"backend_count":1,"created_at":"2023-07-03T20:19:45.604415Z","description":"","frontend_count":0,"id":"fa21e7ee-8b10-4bbf-8fa7-a7b90c4083c0","instances":[{"created_at":"2023-07-03T20:18:34.660790Z","id":"e8a2e103-7300-4792-bde4-4e241dc7a003","ip_address":"10.64.146.23","region":"fr-par","status":"ready","updated_at":"2023-07-03T20:20:16.701268Z","zone":"fr-par-1"}],"ip":[{"id":"86df9ff8-7a77-492d-9b03-4f6205127499","ip_address":"195.154.197.174","lb_id":"fa21e7ee-8b10-4bbf-8fa7-a7b90c4083c0","organization_id":"564aa517-68b0-4fd7-8c8c-d21c4bcdcbd5","project_id":"564aa517-68b0-4fd7-8c8c-d21c4bcdcbd5","region":"fr-par","reverse":"195-154-197-174.lb.fr-par.scw.cloud","zone":"fr-par-1"}],"name":"test-lb","organization_id":"564aa517-68b0-4fd7-8c8c-d21c4bcdcbd5","private_network_count":0,"project_id":"564aa517-68b0-4fd7-8c8c-d21c4bcdcbd5","region":"fr-par","route_count":0,"ssl_compatibility_level":"ssl_compatibility_level_intermediate","status":"ready","subscriber":null,"tags":[],"type":"lb-s","updated_at":"2023-07-03T20:19:48.205428Z","zone":"fr-par-1"}'
    headers:
      Content-Length:
      - "1064"
      Content-Security-Policy:
      - default-src 'none'; frame-ancestors 'none'
      Content-Type:
      - application/json
      Date:
      - Mon, 03 Jul 2023 20:20:17 GMT
      Server:
      - Scaleway API-Gateway
      Strict-Transport-Security:
      - max-age=63072000
      X-Content-Type-Options:
      - nosniff
      X-Frame-Options:
      - DENY
      X-Request-Id:
      - 90dbba8d-0f20-442f-a6c7-e8e26c6120db
    status: 200 OK
    code: 200
- request:
    body: ""
    form: {}
    headers:
      User-Agent:
      - scaleway-sdk-go/v1.0.0-beta.7+dev (go1.20.4; darwin; amd64) terraform-provider/develop
        terraform/terraform-tests
    url: https://api.scaleway.com/lb/v1/zones/fr-par-1/lbs/fa21e7ee-8b10-4bbf-8fa7-a7b90c4083c0/private-networks?order_by=created_at_asc
    method: GET
  response:
    body: '{"private_network":[],"total_count":0}'
    headers:
      Content-Length:
      - "38"
      Content-Security-Policy:
      - default-src 'none'; frame-ancestors 'none'
      Content-Type:
      - application/json
      Date:
      - Mon, 03 Jul 2023 20:20:17 GMT
      Server:
      - Scaleway API-Gateway
      Strict-Transport-Security:
      - max-age=63072000
      X-Content-Type-Options:
      - nosniff
      X-Frame-Options:
      - DENY
      X-Request-Id:
      - b2e8ad2d-6435-4d60-9b43-7a8d6fd3bd0c
    status: 200 OK
    code: 200
- request:
    body: ""
    form: {}
    headers:
      User-Agent:
      - scaleway-sdk-go/v1.0.0-beta.7+dev (go1.20.4; darwin; amd64) terraform-provider/develop
        terraform/terraform-tests
    url: https://api.scaleway.com/lb/v1/zones/fr-par-1/backends/a50c2f67-f87c-4b55-884c-eb7ce720fe31
    method: GET
  response:
    body: '{"created_at":"2023-07-03T20:20:16.390151Z","failover_host":null,"forward_port":80,"forward_port_algorithm":"roundrobin","forward_protocol":"tcp","health_check":{"check_delay":60000,"check_max_retries":2,"check_send_proxy":false,"check_timeout":30000,"port":80,"tcp_config":{},"transient_check_delay":"0.500s"},"id":"a50c2f67-f87c-4b55-884c-eb7ce720fe31","ignore_ssl_server_verify":false,"lb":{"backend_count":1,"created_at":"2023-07-03T20:19:45.604415Z","description":"","frontend_count":0,"id":"fa21e7ee-8b10-4bbf-8fa7-a7b90c4083c0","instances":[{"created_at":"2023-07-03T20:18:34.660790Z","id":"e8a2e103-7300-4792-bde4-4e241dc7a003","ip_address":"10.64.146.23","region":"fr-par","status":"ready","updated_at":"2023-07-03T20:20:16.701268Z","zone":"fr-par-1"}],"ip":[{"id":"86df9ff8-7a77-492d-9b03-4f6205127499","ip_address":"195.154.197.174","lb_id":"fa21e7ee-8b10-4bbf-8fa7-a7b90c4083c0","organization_id":"564aa517-68b0-4fd7-8c8c-d21c4bcdcbd5","project_id":"564aa517-68b0-4fd7-8c8c-d21c4bcdcbd5","region":"fr-par","reverse":"195-154-197-174.lb.fr-par.scw.cloud","zone":"fr-par-1"}],"name":"test-lb","organization_id":"564aa517-68b0-4fd7-8c8c-d21c4bcdcbd5","private_network_count":0,"project_id":"564aa517-68b0-4fd7-8c8c-d21c4bcdcbd5","region":"fr-par","route_count":0,"ssl_compatibility_level":"ssl_compatibility_level_intermediate","status":"ready","subscriber":null,"tags":[],"type":"lb-s","updated_at":"2023-07-03T20:19:48.205428Z","zone":"fr-par-1"},"max_connections":null,"max_retries":3,"name":"tf-backend-datasource0","on_marked_down_action":"on_marked_down_action_none","pool":[],"proxy_protocol":"proxy_protocol_none","redispatch_attempt_count":null,"send_proxy_v2":false,"ssl_bridging":false,"sticky_sessions":"none","sticky_sessions_cookie_name":"","timeout_connect":5000,"timeout_queue":"0s","timeout_server":300000,"timeout_tunnel":900000,"updated_at":"2023-07-03T20:20:16.390151Z"}'
    headers:
      Content-Length:
      - "1899"
      Content-Security-Policy:
      - default-src 'none'; frame-ancestors 'none'
      Content-Type:
      - application/json
      Date:
      - Mon, 03 Jul 2023 20:20:17 GMT
      Server:
      - Scaleway API-Gateway
      Strict-Transport-Security:
      - max-age=63072000
      X-Content-Type-Options:
      - nosniff
      X-Frame-Options:
      - DENY
      X-Request-Id:
      - 2e5a7bee-105a-4516-9c52-64bcbae12672
    status: 200 OK
    code: 200
- request:
    body: ""
    form: {}
    headers:
      User-Agent:
      - scaleway-sdk-go/v1.0.0-beta.7+dev (go1.20.4; darwin; amd64) terraform-provider/develop
        terraform/terraform-tests
    url: https://api.scaleway.com/lb/v1/zones/fr-par-1/lbs/fa21e7ee-8b10-4bbf-8fa7-a7b90c4083c0
    method: GET
  response:
    body: '{"backend_count":1,"created_at":"2023-07-03T20:19:45.604415Z","description":"","frontend_count":0,"id":"fa21e7ee-8b10-4bbf-8fa7-a7b90c4083c0","instances":[{"created_at":"2023-07-03T20:18:34.660790Z","id":"e8a2e103-7300-4792-bde4-4e241dc7a003","ip_address":"10.64.146.23","region":"fr-par","status":"ready","updated_at":"2023-07-03T20:20:16.701268Z","zone":"fr-par-1"}],"ip":[{"id":"86df9ff8-7a77-492d-9b03-4f6205127499","ip_address":"195.154.197.174","lb_id":"fa21e7ee-8b10-4bbf-8fa7-a7b90c4083c0","organization_id":"564aa517-68b0-4fd7-8c8c-d21c4bcdcbd5","project_id":"564aa517-68b0-4fd7-8c8c-d21c4bcdcbd5","region":"fr-par","reverse":"195-154-197-174.lb.fr-par.scw.cloud","zone":"fr-par-1"}],"name":"test-lb","organization_id":"564aa517-68b0-4fd7-8c8c-d21c4bcdcbd5","private_network_count":0,"project_id":"564aa517-68b0-4fd7-8c8c-d21c4bcdcbd5","region":"fr-par","route_count":0,"ssl_compatibility_level":"ssl_compatibility_level_intermediate","status":"ready","subscriber":null,"tags":[],"type":"lb-s","updated_at":"2023-07-03T20:19:48.205428Z","zone":"fr-par-1"}'
    headers:
      Content-Length:
      - "1064"
      Content-Security-Policy:
      - default-src 'none'; frame-ancestors 'none'
      Content-Type:
      - application/json
      Date:
      - Mon, 03 Jul 2023 20:20:17 GMT
      Server:
      - Scaleway API-Gateway
      Strict-Transport-Security:
      - max-age=63072000
      X-Content-Type-Options:
      - nosniff
      X-Frame-Options:
      - DENY
      X-Request-Id:
      - f361be29-4e6b-40d8-8e01-33c45185b823
    status: 200 OK
    code: 200
- request:
    body: ""
    form: {}
    headers:
      User-Agent:
      - scaleway-sdk-go/v1.0.0-beta.7+dev (go1.20.4; darwin; amd64) terraform-provider/develop
        terraform/terraform-tests
    url: https://api.scaleway.com/lb/v1/zones/fr-par-1/ips/86df9ff8-7a77-492d-9b03-4f6205127499
    method: GET
  response:
    body: '{"id":"86df9ff8-7a77-492d-9b03-4f6205127499","ip_address":"195.154.197.174","lb_id":"fa21e7ee-8b10-4bbf-8fa7-a7b90c4083c0","organization_id":"564aa517-68b0-4fd7-8c8c-d21c4bcdcbd5","project_id":"564aa517-68b0-4fd7-8c8c-d21c4bcdcbd5","region":"fr-par","reverse":"195-154-197-174.lb.fr-par.scw.cloud","zone":"fr-par-1"}'
    headers:
      Content-Length:
      - "316"
      Content-Security-Policy:
      - default-src 'none'; frame-ancestors 'none'
      Content-Type:
      - application/json
      Date:
      - Mon, 03 Jul 2023 20:20:18 GMT
      Server:
      - Scaleway API-Gateway
      Strict-Transport-Security:
      - max-age=63072000
      X-Content-Type-Options:
      - nosniff
      X-Frame-Options:
      - DENY
      X-Request-Id:
      - 9efbb4b6-f9d6-4eda-bb14-ec0d86ed5435
    status: 200 OK
    code: 200
- request:
    body: ""
    form: {}
    headers:
      User-Agent:
      - scaleway-sdk-go/v1.0.0-beta.7+dev (go1.20.4; darwin; amd64) terraform-provider/develop
        terraform/terraform-tests
    url: https://api.scaleway.com/lb/v1/zones/fr-par-1/lbs/fa21e7ee-8b10-4bbf-8fa7-a7b90c4083c0
    method: GET
  response:
    body: '{"backend_count":1,"created_at":"2023-07-03T20:19:45.604415Z","description":"","frontend_count":0,"id":"fa21e7ee-8b10-4bbf-8fa7-a7b90c4083c0","instances":[{"created_at":"2023-07-03T20:18:34.660790Z","id":"e8a2e103-7300-4792-bde4-4e241dc7a003","ip_address":"10.64.146.23","region":"fr-par","status":"ready","updated_at":"2023-07-03T20:20:16.701268Z","zone":"fr-par-1"}],"ip":[{"id":"86df9ff8-7a77-492d-9b03-4f6205127499","ip_address":"195.154.197.174","lb_id":"fa21e7ee-8b10-4bbf-8fa7-a7b90c4083c0","organization_id":"564aa517-68b0-4fd7-8c8c-d21c4bcdcbd5","project_id":"564aa517-68b0-4fd7-8c8c-d21c4bcdcbd5","region":"fr-par","reverse":"195-154-197-174.lb.fr-par.scw.cloud","zone":"fr-par-1"}],"name":"test-lb","organization_id":"564aa517-68b0-4fd7-8c8c-d21c4bcdcbd5","private_network_count":0,"project_id":"564aa517-68b0-4fd7-8c8c-d21c4bcdcbd5","region":"fr-par","route_count":0,"ssl_compatibility_level":"ssl_compatibility_level_intermediate","status":"ready","subscriber":null,"tags":[],"type":"lb-s","updated_at":"2023-07-03T20:19:48.205428Z","zone":"fr-par-1"}'
    headers:
      Content-Length:
      - "1064"
      Content-Security-Policy:
      - default-src 'none'; frame-ancestors 'none'
      Content-Type:
      - application/json
      Date:
      - Mon, 03 Jul 2023 20:20:18 GMT
      Server:
      - Scaleway API-Gateway
      Strict-Transport-Security:
      - max-age=63072000
      X-Content-Type-Options:
      - nosniff
      X-Frame-Options:
      - DENY
      X-Request-Id:
      - 7b6fc587-2ef3-46fe-b92a-a98e44caed24
    status: 200 OK
    code: 200
- request:
    body: ""
    form: {}
    headers:
      User-Agent:
      - scaleway-sdk-go/v1.0.0-beta.7+dev (go1.20.4; darwin; amd64) terraform-provider/develop
        terraform/terraform-tests
    url: https://api.scaleway.com/lb/v1/zones/fr-par-1/lbs/fa21e7ee-8b10-4bbf-8fa7-a7b90c4083c0
    method: GET
  response:
    body: '{"backend_count":1,"created_at":"2023-07-03T20:19:45.604415Z","description":"","frontend_count":0,"id":"fa21e7ee-8b10-4bbf-8fa7-a7b90c4083c0","instances":[{"created_at":"2023-07-03T20:18:34.660790Z","id":"e8a2e103-7300-4792-bde4-4e241dc7a003","ip_address":"10.64.146.23","region":"fr-par","status":"ready","updated_at":"2023-07-03T20:20:16.701268Z","zone":"fr-par-1"}],"ip":[{"id":"86df9ff8-7a77-492d-9b03-4f6205127499","ip_address":"195.154.197.174","lb_id":"fa21e7ee-8b10-4bbf-8fa7-a7b90c4083c0","organization_id":"564aa517-68b0-4fd7-8c8c-d21c4bcdcbd5","project_id":"564aa517-68b0-4fd7-8c8c-d21c4bcdcbd5","region":"fr-par","reverse":"195-154-197-174.lb.fr-par.scw.cloud","zone":"fr-par-1"}],"name":"test-lb","organization_id":"564aa517-68b0-4fd7-8c8c-d21c4bcdcbd5","private_network_count":0,"project_id":"564aa517-68b0-4fd7-8c8c-d21c4bcdcbd5","region":"fr-par","route_count":0,"ssl_compatibility_level":"ssl_compatibility_level_intermediate","status":"ready","subscriber":null,"tags":[],"type":"lb-s","updated_at":"2023-07-03T20:19:48.205428Z","zone":"fr-par-1"}'
    headers:
      Content-Length:
      - "1064"
      Content-Security-Policy:
      - default-src 'none'; frame-ancestors 'none'
      Content-Type:
      - application/json
      Date:
      - Mon, 03 Jul 2023 20:20:18 GMT
      Server:
      - Scaleway API-Gateway
      Strict-Transport-Security:
      - max-age=63072000
      X-Content-Type-Options:
      - nosniff
      X-Frame-Options:
      - DENY
      X-Request-Id:
      - 71c332f4-d3ad-4954-a24f-9b0a418181f4
    status: 200 OK
    code: 200
- request:
    body: ""
    form: {}
    headers:
      User-Agent:
      - scaleway-sdk-go/v1.0.0-beta.7+dev (go1.20.4; darwin; amd64) terraform-provider/develop
        terraform/terraform-tests
    url: https://api.scaleway.com/lb/v1/zones/fr-par-1/lbs/fa21e7ee-8b10-4bbf-8fa7-a7b90c4083c0/private-networks?order_by=created_at_asc
    method: GET
  response:
    body: '{"private_network":[],"total_count":0}'
    headers:
      Content-Length:
      - "38"
      Content-Security-Policy:
      - default-src 'none'; frame-ancestors 'none'
      Content-Type:
      - application/json
      Date:
      - Mon, 03 Jul 2023 20:20:18 GMT
      Server:
      - Scaleway API-Gateway
      Strict-Transport-Security:
      - max-age=63072000
      X-Content-Type-Options:
      - nosniff
      X-Frame-Options:
      - DENY
      X-Request-Id:
      - 335f89b9-5676-44a2-baa8-7c88be6003cf
    status: 200 OK
    code: 200
- request:
    body: ""
    form: {}
    headers:
      User-Agent:
      - scaleway-sdk-go/v1.0.0-beta.7+dev (go1.20.4; darwin; amd64) terraform-provider/develop
        terraform/terraform-tests
    url: https://api.scaleway.com/lb/v1/zones/fr-par-1/backends/a50c2f67-f87c-4b55-884c-eb7ce720fe31
    method: GET
  response:
    body: '{"created_at":"2023-07-03T20:20:16.390151Z","failover_host":null,"forward_port":80,"forward_port_algorithm":"roundrobin","forward_protocol":"tcp","health_check":{"check_delay":60000,"check_max_retries":2,"check_send_proxy":false,"check_timeout":30000,"port":80,"tcp_config":{},"transient_check_delay":"0.500s"},"id":"a50c2f67-f87c-4b55-884c-eb7ce720fe31","ignore_ssl_server_verify":false,"lb":{"backend_count":1,"created_at":"2023-07-03T20:19:45.604415Z","description":"","frontend_count":0,"id":"fa21e7ee-8b10-4bbf-8fa7-a7b90c4083c0","instances":[{"created_at":"2023-07-03T20:18:34.660790Z","id":"e8a2e103-7300-4792-bde4-4e241dc7a003","ip_address":"10.64.146.23","region":"fr-par","status":"ready","updated_at":"2023-07-03T20:20:16.701268Z","zone":"fr-par-1"}],"ip":[{"id":"86df9ff8-7a77-492d-9b03-4f6205127499","ip_address":"195.154.197.174","lb_id":"fa21e7ee-8b10-4bbf-8fa7-a7b90c4083c0","organization_id":"564aa517-68b0-4fd7-8c8c-d21c4bcdcbd5","project_id":"564aa517-68b0-4fd7-8c8c-d21c4bcdcbd5","region":"fr-par","reverse":"195-154-197-174.lb.fr-par.scw.cloud","zone":"fr-par-1"}],"name":"test-lb","organization_id":"564aa517-68b0-4fd7-8c8c-d21c4bcdcbd5","private_network_count":0,"project_id":"564aa517-68b0-4fd7-8c8c-d21c4bcdcbd5","region":"fr-par","route_count":0,"ssl_compatibility_level":"ssl_compatibility_level_intermediate","status":"ready","subscriber":null,"tags":[],"type":"lb-s","updated_at":"2023-07-03T20:19:48.205428Z","zone":"fr-par-1"},"max_connections":null,"max_retries":3,"name":"tf-backend-datasource0","on_marked_down_action":"on_marked_down_action_none","pool":[],"proxy_protocol":"proxy_protocol_none","redispatch_attempt_count":null,"send_proxy_v2":false,"ssl_bridging":false,"sticky_sessions":"none","sticky_sessions_cookie_name":"","timeout_connect":5000,"timeout_queue":"0s","timeout_server":300000,"timeout_tunnel":900000,"updated_at":"2023-07-03T20:20:16.390151Z"}'
    headers:
      Content-Length:
      - "1899"
      Content-Security-Policy:
      - default-src 'none'; frame-ancestors 'none'
      Content-Type:
      - application/json
      Date:
      - Mon, 03 Jul 2023 20:20:18 GMT
      Server:
      - Scaleway API-Gateway
      Strict-Transport-Security:
      - max-age=63072000
      X-Content-Type-Options:
      - nosniff
      X-Frame-Options:
      - DENY
      X-Request-Id:
      - 085762f0-baa0-4820-a373-61c191ea4ec2
    status: 200 OK
    code: 200
- request:
    body: ""
    form: {}
    headers:
      User-Agent:
      - scaleway-sdk-go/v1.0.0-beta.7+dev (go1.20.4; darwin; amd64) terraform-provider/develop
        terraform/terraform-tests
    url: https://api.scaleway.com/lb/v1/zones/fr-par-1/lbs/fa21e7ee-8b10-4bbf-8fa7-a7b90c4083c0
    method: GET
  response:
    body: '{"backend_count":1,"created_at":"2023-07-03T20:19:45.604415Z","description":"","frontend_count":0,"id":"fa21e7ee-8b10-4bbf-8fa7-a7b90c4083c0","instances":[{"created_at":"2023-07-03T20:18:34.660790Z","id":"e8a2e103-7300-4792-bde4-4e241dc7a003","ip_address":"10.64.146.23","region":"fr-par","status":"ready","updated_at":"2023-07-03T20:20:16.701268Z","zone":"fr-par-1"}],"ip":[{"id":"86df9ff8-7a77-492d-9b03-4f6205127499","ip_address":"195.154.197.174","lb_id":"fa21e7ee-8b10-4bbf-8fa7-a7b90c4083c0","organization_id":"564aa517-68b0-4fd7-8c8c-d21c4bcdcbd5","project_id":"564aa517-68b0-4fd7-8c8c-d21c4bcdcbd5","region":"fr-par","reverse":"195-154-197-174.lb.fr-par.scw.cloud","zone":"fr-par-1"}],"name":"test-lb","organization_id":"564aa517-68b0-4fd7-8c8c-d21c4bcdcbd5","private_network_count":0,"project_id":"564aa517-68b0-4fd7-8c8c-d21c4bcdcbd5","region":"fr-par","route_count":0,"ssl_compatibility_level":"ssl_compatibility_level_intermediate","status":"ready","subscriber":null,"tags":[],"type":"lb-s","updated_at":"2023-07-03T20:19:48.205428Z","zone":"fr-par-1"}'
    headers:
      Content-Length:
      - "1064"
      Content-Security-Policy:
      - default-src 'none'; frame-ancestors 'none'
      Content-Type:
      - application/json
      Date:
      - Mon, 03 Jul 2023 20:20:18 GMT
      Server:
      - Scaleway API-Gateway
      Strict-Transport-Security:
      - max-age=63072000
      X-Content-Type-Options:
      - nosniff
      X-Frame-Options:
      - DENY
      X-Request-Id:
      - f80ed2d3-4f39-4f38-8df5-71e140449df6
    status: 200 OK
    code: 200
- request:
    body: ""
    form: {}
    headers:
      User-Agent:
      - scaleway-sdk-go/v1.0.0-beta.7+dev (go1.20.4; darwin; amd64) terraform-provider/develop
        terraform/terraform-tests
    url: https://api.scaleway.com/lb/v1/zones/fr-par-1/lbs/fa21e7ee-8b10-4bbf-8fa7-a7b90c4083c0
    method: GET
  response:
    body: '{"backend_count":1,"created_at":"2023-07-03T20:19:45.604415Z","description":"","frontend_count":0,"id":"fa21e7ee-8b10-4bbf-8fa7-a7b90c4083c0","instances":[{"created_at":"2023-07-03T20:18:34.660790Z","id":"e8a2e103-7300-4792-bde4-4e241dc7a003","ip_address":"10.64.146.23","region":"fr-par","status":"ready","updated_at":"2023-07-03T20:20:16.701268Z","zone":"fr-par-1"}],"ip":[{"id":"86df9ff8-7a77-492d-9b03-4f6205127499","ip_address":"195.154.197.174","lb_id":"fa21e7ee-8b10-4bbf-8fa7-a7b90c4083c0","organization_id":"564aa517-68b0-4fd7-8c8c-d21c4bcdcbd5","project_id":"564aa517-68b0-4fd7-8c8c-d21c4bcdcbd5","region":"fr-par","reverse":"195-154-197-174.lb.fr-par.scw.cloud","zone":"fr-par-1"}],"name":"test-lb","organization_id":"564aa517-68b0-4fd7-8c8c-d21c4bcdcbd5","private_network_count":0,"project_id":"564aa517-68b0-4fd7-8c8c-d21c4bcdcbd5","region":"fr-par","route_count":0,"ssl_compatibility_level":"ssl_compatibility_level_intermediate","status":"ready","subscriber":null,"tags":[],"type":"lb-s","updated_at":"2023-07-03T20:19:48.205428Z","zone":"fr-par-1"}'
    headers:
      Content-Length:
      - "1064"
      Content-Security-Policy:
      - default-src 'none'; frame-ancestors 'none'
      Content-Type:
      - application/json
      Date:
      - Mon, 03 Jul 2023 20:20:19 GMT
      Server:
      - Scaleway API-Gateway
      Strict-Transport-Security:
      - max-age=63072000
      X-Content-Type-Options:
      - nosniff
      X-Frame-Options:
      - DENY
      X-Request-Id:
      - b0e488ca-2b56-4f31-869d-26e0309192eb
    status: 200 OK
    code: 200
- request:
    body: '{"name":"tf-backend-datasource1","forward_protocol":"http","forward_port":80,"forward_port_algorithm":"roundrobin","sticky_sessions":"none","sticky_sessions_cookie_name":"","health_check":{"port":80,"check_max_retries":2,"check_send_proxy":false,"transient_check_delay":"0.500000000s","check_delay":60000,"check_timeout":30000},"server_ip":null,"on_marked_down_action":"on_marked_down_action_none","proxy_protocol":"proxy_protocol_none","failover_host":null,"ssl_bridging":false,"ignore_ssl_server_verify":false,"redispatch_attempt_count":null,"max_retries":3,"max_connections":null,"timeout_queue":"0.000000000s","timeout_server":300000,"timeout_connect":5000,"timeout_tunnel":900000}'
    form: {}
    headers:
      Content-Type:
      - application/json
      User-Agent:
      - scaleway-sdk-go/v1.0.0-beta.7+dev (go1.20.4; darwin; amd64) terraform-provider/develop
        terraform/terraform-tests
    url: https://api.scaleway.com/lb/v1/zones/fr-par-1/lbs/fa21e7ee-8b10-4bbf-8fa7-a7b90c4083c0/backends
    method: POST
  response:
    body: '{"created_at":"2023-07-03T20:20:19.133479350Z","failover_host":null,"forward_port":80,"forward_port_algorithm":"roundrobin","forward_protocol":"http","health_check":{"check_delay":60000,"check_max_retries":2,"check_send_proxy":false,"check_timeout":30000,"port":80,"tcp_config":{},"transient_check_delay":"0.500s"},"id":"4e46a39a-c11d-4b38-b8db-867ddd9fea86","ignore_ssl_server_verify":false,"lb":{"backend_count":2,"created_at":"2023-07-03T20:19:45.604415Z","description":"","frontend_count":0,"id":"fa21e7ee-8b10-4bbf-8fa7-a7b90c4083c0","instances":[{"created_at":"2023-07-03T20:18:34.660790Z","id":"e8a2e103-7300-4792-bde4-4e241dc7a003","ip_address":"10.64.146.23","region":"fr-par","status":"pending","updated_at":"2023-07-03T20:20:19.169729615Z","zone":"fr-par-1"}],"ip":[{"id":"86df9ff8-7a77-492d-9b03-4f6205127499","ip_address":"195.154.197.174","lb_id":"fa21e7ee-8b10-4bbf-8fa7-a7b90c4083c0","organization_id":"564aa517-68b0-4fd7-8c8c-d21c4bcdcbd5","project_id":"564aa517-68b0-4fd7-8c8c-d21c4bcdcbd5","region":"fr-par","reverse":"195-154-197-174.lb.fr-par.scw.cloud","zone":"fr-par-1"}],"name":"test-lb","organization_id":"564aa517-68b0-4fd7-8c8c-d21c4bcdcbd5","private_network_count":0,"project_id":"564aa517-68b0-4fd7-8c8c-d21c4bcdcbd5","region":"fr-par","route_count":0,"ssl_compatibility_level":"ssl_compatibility_level_intermediate","status":"ready","subscriber":null,"tags":[],"type":"lb-s","updated_at":"2023-07-03T20:19:48.205428Z","zone":"fr-par-1"},"max_connections":null,"max_retries":3,"name":"tf-backend-datasource1","on_marked_down_action":"on_marked_down_action_none","pool":[],"proxy_protocol":"proxy_protocol_none","redispatch_attempt_count":null,"send_proxy_v2":false,"ssl_bridging":false,"sticky_sessions":"none","sticky_sessions_cookie_name":"","timeout_connect":5000,"timeout_queue":"0s","timeout_server":300000,"timeout_tunnel":900000,"updated_at":"2023-07-03T20:20:19.133479350Z"}'
    headers:
      Content-Length:
      - "1911"
      Content-Security-Policy:
      - default-src 'none'; frame-ancestors 'none'
      Content-Type:
      - application/json
      Date:
      - Mon, 03 Jul 2023 20:20:19 GMT
      Server:
      - Scaleway API-Gateway
      Strict-Transport-Security:
      - max-age=63072000
      X-Content-Type-Options:
      - nosniff
      X-Frame-Options:
      - DENY
      X-Request-Id:
      - 727ef443-928f-4a4e-ba32-3ac84ce8dee8
    status: 200 OK
    code: 200
- request:
    body: ""
    form: {}
    headers:
      User-Agent:
      - scaleway-sdk-go/v1.0.0-beta.7+dev (go1.20.4; darwin; amd64) terraform-provider/develop
        terraform/terraform-tests
    url: https://api.scaleway.com/lb/v1/zones/fr-par-1/lbs/fa21e7ee-8b10-4bbf-8fa7-a7b90c4083c0
    method: GET
  response:
    body: '{"backend_count":2,"created_at":"2023-07-03T20:19:45.604415Z","description":"","frontend_count":0,"id":"fa21e7ee-8b10-4bbf-8fa7-a7b90c4083c0","instances":[{"created_at":"2023-07-03T20:18:34.660790Z","id":"e8a2e103-7300-4792-bde4-4e241dc7a003","ip_address":"10.64.146.23","region":"fr-par","status":"pending","updated_at":"2023-07-03T20:20:19.169730Z","zone":"fr-par-1"}],"ip":[{"id":"86df9ff8-7a77-492d-9b03-4f6205127499","ip_address":"195.154.197.174","lb_id":"fa21e7ee-8b10-4bbf-8fa7-a7b90c4083c0","organization_id":"564aa517-68b0-4fd7-8c8c-d21c4bcdcbd5","project_id":"564aa517-68b0-4fd7-8c8c-d21c4bcdcbd5","region":"fr-par","reverse":"195-154-197-174.lb.fr-par.scw.cloud","zone":"fr-par-1"}],"name":"test-lb","organization_id":"564aa517-68b0-4fd7-8c8c-d21c4bcdcbd5","private_network_count":0,"project_id":"564aa517-68b0-4fd7-8c8c-d21c4bcdcbd5","region":"fr-par","route_count":0,"ssl_compatibility_level":"ssl_compatibility_level_intermediate","status":"ready","subscriber":null,"tags":[],"type":"lb-s","updated_at":"2023-07-03T20:19:48.205428Z","zone":"fr-par-1"}'
    headers:
      Content-Length:
      - "1066"
      Content-Security-Policy:
      - default-src 'none'; frame-ancestors 'none'
      Content-Type:
      - application/json
      Date:
      - Mon, 03 Jul 2023 20:20:19 GMT
      Server:
      - Scaleway API-Gateway
      Strict-Transport-Security:
      - max-age=63072000
      X-Content-Type-Options:
      - nosniff
      X-Frame-Options:
      - DENY
      X-Request-Id:
      - 9379a644-79e4-48c0-b65c-cc4ea15f83ee
    status: 200 OK
    code: 200
- request:
    body: ""
    form: {}
    headers:
      User-Agent:
      - scaleway-sdk-go/v1.0.0-beta.7+dev (go1.20.4; darwin; amd64) terraform-provider/develop
        terraform/terraform-tests
    url: https://api.scaleway.com/lb/v1/zones/fr-par-1/backends/4e46a39a-c11d-4b38-b8db-867ddd9fea86
    method: GET
  response:
    body: '{"created_at":"2023-07-03T20:20:19.133479Z","failover_host":null,"forward_port":80,"forward_port_algorithm":"roundrobin","forward_protocol":"http","health_check":{"check_delay":60000,"check_max_retries":2,"check_send_proxy":false,"check_timeout":30000,"port":80,"tcp_config":{},"transient_check_delay":"0.500s"},"id":"4e46a39a-c11d-4b38-b8db-867ddd9fea86","ignore_ssl_server_verify":false,"lb":{"backend_count":2,"created_at":"2023-07-03T20:19:45.604415Z","description":"","frontend_count":0,"id":"fa21e7ee-8b10-4bbf-8fa7-a7b90c4083c0","instances":[{"created_at":"2023-07-03T20:18:34.660790Z","id":"e8a2e103-7300-4792-bde4-4e241dc7a003","ip_address":"10.64.146.23","region":"fr-par","status":"pending","updated_at":"2023-07-03T20:20:19.169730Z","zone":"fr-par-1"}],"ip":[{"id":"86df9ff8-7a77-492d-9b03-4f6205127499","ip_address":"195.154.197.174","lb_id":"fa21e7ee-8b10-4bbf-8fa7-a7b90c4083c0","organization_id":"564aa517-68b0-4fd7-8c8c-d21c4bcdcbd5","project_id":"564aa517-68b0-4fd7-8c8c-d21c4bcdcbd5","region":"fr-par","reverse":"195-154-197-174.lb.fr-par.scw.cloud","zone":"fr-par-1"}],"name":"test-lb","organization_id":"564aa517-68b0-4fd7-8c8c-d21c4bcdcbd5","private_network_count":0,"project_id":"564aa517-68b0-4fd7-8c8c-d21c4bcdcbd5","region":"fr-par","route_count":0,"ssl_compatibility_level":"ssl_compatibility_level_intermediate","status":"ready","subscriber":null,"tags":[],"type":"lb-s","updated_at":"2023-07-03T20:19:48.205428Z","zone":"fr-par-1"},"max_connections":null,"max_retries":3,"name":"tf-backend-datasource1","on_marked_down_action":"on_marked_down_action_none","pool":[],"proxy_protocol":"proxy_protocol_none","redispatch_attempt_count":null,"send_proxy_v2":false,"ssl_bridging":false,"sticky_sessions":"none","sticky_sessions_cookie_name":"","timeout_connect":5000,"timeout_queue":"0s","timeout_server":300000,"timeout_tunnel":900000,"updated_at":"2023-07-03T20:20:19.133479Z"}'
    headers:
      Content-Length:
      - "1902"
      Content-Security-Policy:
      - default-src 'none'; frame-ancestors 'none'
      Content-Type:
      - application/json
      Date:
      - Mon, 03 Jul 2023 20:20:19 GMT
      Server:
      - Scaleway API-Gateway
      Strict-Transport-Security:
      - max-age=63072000
      X-Content-Type-Options:
      - nosniff
      X-Frame-Options:
      - DENY
      X-Request-Id:
      - b153dd63-1cb9-45a2-904a-1ae764aa0b49
    status: 200 OK
    code: 200
- request:
    body: ""
    form: {}
    headers:
      User-Agent:
      - scaleway-sdk-go/v1.0.0-beta.7+dev (go1.20.4; darwin; amd64) terraform-provider/develop
        terraform/terraform-tests
    url: https://api.scaleway.com/lb/v1/zones/fr-par-1/lbs/fa21e7ee-8b10-4bbf-8fa7-a7b90c4083c0
    method: GET
  response:
    body: '{"backend_count":2,"created_at":"2023-07-03T20:19:45.604415Z","description":"","frontend_count":0,"id":"fa21e7ee-8b10-4bbf-8fa7-a7b90c4083c0","instances":[{"created_at":"2023-07-03T20:18:34.660790Z","id":"e8a2e103-7300-4792-bde4-4e241dc7a003","ip_address":"10.64.146.23","region":"fr-par","status":"ready","updated_at":"2023-07-03T20:20:19.425592Z","zone":"fr-par-1"}],"ip":[{"id":"86df9ff8-7a77-492d-9b03-4f6205127499","ip_address":"195.154.197.174","lb_id":"fa21e7ee-8b10-4bbf-8fa7-a7b90c4083c0","organization_id":"564aa517-68b0-4fd7-8c8c-d21c4bcdcbd5","project_id":"564aa517-68b0-4fd7-8c8c-d21c4bcdcbd5","region":"fr-par","reverse":"195-154-197-174.lb.fr-par.scw.cloud","zone":"fr-par-1"}],"name":"test-lb","organization_id":"564aa517-68b0-4fd7-8c8c-d21c4bcdcbd5","private_network_count":0,"project_id":"564aa517-68b0-4fd7-8c8c-d21c4bcdcbd5","region":"fr-par","route_count":0,"ssl_compatibility_level":"ssl_compatibility_level_intermediate","status":"ready","subscriber":null,"tags":[],"type":"lb-s","updated_at":"2023-07-03T20:19:48.205428Z","zone":"fr-par-1"}'
    headers:
      Content-Length:
      - "1064"
      Content-Security-Policy:
      - default-src 'none'; frame-ancestors 'none'
      Content-Type:
      - application/json
      Date:
      - Mon, 03 Jul 2023 20:20:19 GMT
      Server:
      - Scaleway API-Gateway
      Strict-Transport-Security:
      - max-age=63072000
      X-Content-Type-Options:
      - nosniff
      X-Frame-Options:
      - DENY
      X-Request-Id:
      - f640088f-29d6-414d-a715-eeb4cc6aa995
    status: 200 OK
    code: 200
- request:
    body: ""
    form: {}
    headers:
      User-Agent:
      - scaleway-sdk-go/v1.0.0-beta.7+dev (go1.20.4; darwin; amd64) terraform-provider/develop
        terraform/terraform-tests
    url: https://api.scaleway.com/lb/v1/zones/fr-par-1/lbs/fa21e7ee-8b10-4bbf-8fa7-a7b90c4083c0/backends?name=tf-backend-datasource&order_by=created_at_asc
    method: GET
  response:
    body: '{"backends":[{"created_at":"2023-07-03T20:20:16.390151Z","failover_host":null,"forward_port":80,"forward_port_algorithm":"roundrobin","forward_protocol":"tcp","health_check":{"check_delay":60000,"check_max_retries":2,"check_send_proxy":false,"check_timeout":30000,"port":80,"tcp_config":{},"transient_check_delay":"0.500s"},"id":"a50c2f67-f87c-4b55-884c-eb7ce720fe31","ignore_ssl_server_verify":false,"lb":{"backend_count":0,"created_at":"0001-01-01T00:00:00Z","description":"","frontend_count":0,"id":"","instances":[],"ip":[],"name":"","organization_id":"","private_network_count":0,"project_id":"","region":"fr-par","route_count":0,"ssl_compatibility_level":"ssl_compatibility_level_unknown","status":"to_create","subscriber":null,"tags":[],"type":"","updated_at":"0001-01-01T00:00:00Z","zone":"fr-par-1"},"max_connections":null,"max_retries":3,"name":"tf-backend-datasource0","on_marked_down_action":"on_marked_down_action_none","pool":[],"proxy_protocol":"proxy_protocol_none","redispatch_attempt_count":null,"send_proxy_v2":false,"ssl_bridging":false,"sticky_sessions":"none","sticky_sessions_cookie_name":"","timeout_connect":5000,"timeout_queue":"0s","timeout_server":300000,"timeout_tunnel":900000,"updated_at":"2023-07-03T20:20:16.390151Z"},{"created_at":"2023-07-03T20:20:19.133479Z","failover_host":null,"forward_port":80,"forward_port_algorithm":"roundrobin","forward_protocol":"http","health_check":{"check_delay":60000,"check_max_retries":2,"check_send_proxy":false,"check_timeout":30000,"port":80,"tcp_config":{},"transient_check_delay":"0.500s"},"id":"4e46a39a-c11d-4b38-b8db-867ddd9fea86","ignore_ssl_server_verify":false,"lb":{"backend_count":0,"created_at":"0001-01-01T00:00:00Z","description":"","frontend_count":0,"id":"","instances":[],"ip":[],"name":"","organization_id":"","private_network_count":0,"project_id":"","region":"fr-par","route_count":0,"ssl_compatibility_level":"ssl_compatibility_level_unknown","status":"to_create","subscriber":null,"tags":[],"type":"","updated_at":"0001-01-01T00:00:00Z","zone":"fr-par-1"},"max_connections":null,"max_retries":3,"name":"tf-backend-datasource1","on_marked_down_action":"on_marked_down_action_none","pool":[],"proxy_protocol":"proxy_protocol_none","redispatch_attempt_count":null,"send_proxy_v2":false,"ssl_bridging":false,"sticky_sessions":"none","sticky_sessions_cookie_name":"","timeout_connect":5000,"timeout_queue":"0s","timeout_server":300000,"timeout_tunnel":900000,"updated_at":"2023-07-03T20:20:19.133479Z"}],"total_count":2}'
    headers:
      Content-Length:
      - "2507"
      Content-Security-Policy:
      - default-src 'none'; frame-ancestors 'none'
      Content-Type:
      - application/json
      Date:
      - Mon, 03 Jul 2023 20:20:19 GMT
      Server:
      - Scaleway API-Gateway
      Strict-Transport-Security:
      - max-age=63072000
      X-Content-Type-Options:
      - nosniff
      X-Frame-Options:
      - DENY
      X-Request-Id:
      - 6d7362c9-bfac-4c1c-b5f8-968c737bd730
    status: 200 OK
    code: 200
- request:
    body: ""
    form: {}
    headers:
      User-Agent:
      - scaleway-sdk-go/v1.0.0-beta.7+dev (go1.20.4; darwin; amd64) terraform-provider/develop
        terraform/terraform-tests
    url: https://api.scaleway.com/lb/v1/zones/fr-par-1/lbs/fa21e7ee-8b10-4bbf-8fa7-a7b90c4083c0/backends?order_by=created_at_asc
    method: GET
  response:
    body: '{"backends":[{"created_at":"2023-07-03T20:20:16.390151Z","failover_host":null,"forward_port":80,"forward_port_algorithm":"roundrobin","forward_protocol":"tcp","health_check":{"check_delay":60000,"check_max_retries":2,"check_send_proxy":false,"check_timeout":30000,"port":80,"tcp_config":{},"transient_check_delay":"0.500s"},"id":"a50c2f67-f87c-4b55-884c-eb7ce720fe31","ignore_ssl_server_verify":false,"lb":{"backend_count":0,"created_at":"0001-01-01T00:00:00Z","description":"","frontend_count":0,"id":"","instances":[],"ip":[],"name":"","organization_id":"","private_network_count":0,"project_id":"","region":"fr-par","route_count":0,"ssl_compatibility_level":"ssl_compatibility_level_unknown","status":"to_create","subscriber":null,"tags":[],"type":"","updated_at":"0001-01-01T00:00:00Z","zone":"fr-par-1"},"max_connections":null,"max_retries":3,"name":"tf-backend-datasource0","on_marked_down_action":"on_marked_down_action_none","pool":[],"proxy_protocol":"proxy_protocol_none","redispatch_attempt_count":null,"send_proxy_v2":false,"ssl_bridging":false,"sticky_sessions":"none","sticky_sessions_cookie_name":"","timeout_connect":5000,"timeout_queue":"0s","timeout_server":300000,"timeout_tunnel":900000,"updated_at":"2023-07-03T20:20:16.390151Z"},{"created_at":"2023-07-03T20:20:19.133479Z","failover_host":null,"forward_port":80,"forward_port_algorithm":"roundrobin","forward_protocol":"http","health_check":{"check_delay":60000,"check_max_retries":2,"check_send_proxy":false,"check_timeout":30000,"port":80,"tcp_config":{},"transient_check_delay":"0.500s"},"id":"4e46a39a-c11d-4b38-b8db-867ddd9fea86","ignore_ssl_server_verify":false,"lb":{"backend_count":0,"created_at":"0001-01-01T00:00:00Z","description":"","frontend_count":0,"id":"","instances":[],"ip":[],"name":"","organization_id":"","private_network_count":0,"project_id":"","region":"fr-par","route_count":0,"ssl_compatibility_level":"ssl_compatibility_level_unknown","status":"to_create","subscriber":null,"tags":[],"type":"","updated_at":"0001-01-01T00:00:00Z","zone":"fr-par-1"},"max_connections":null,"max_retries":3,"name":"tf-backend-datasource1","on_marked_down_action":"on_marked_down_action_none","pool":[],"proxy_protocol":"proxy_protocol_none","redispatch_attempt_count":null,"send_proxy_v2":false,"ssl_bridging":false,"sticky_sessions":"none","sticky_sessions_cookie_name":"","timeout_connect":5000,"timeout_queue":"0s","timeout_server":300000,"timeout_tunnel":900000,"updated_at":"2023-07-03T20:20:19.133479Z"}],"total_count":2}'
    headers:
      Content-Length:
      - "2507"
      Content-Security-Policy:
      - default-src 'none'; frame-ancestors 'none'
      Content-Type:
      - application/json
      Date:
      - Mon, 03 Jul 2023 20:20:19 GMT
      Server:
      - Scaleway API-Gateway
      Strict-Transport-Security:
      - max-age=63072000
      X-Content-Type-Options:
      - nosniff
      X-Frame-Options:
      - DENY
      X-Request-Id:
      - 9e76b711-edfb-4736-8f87-25208ba6c240
    status: 200 OK
    code: 200
- request:
    body: ""
    form: {}
    headers:
      User-Agent:
      - scaleway-sdk-go/v1.0.0-beta.7+dev (go1.20.4; darwin; amd64) terraform-provider/develop
        terraform/terraform-tests
    url: https://api.scaleway.com/lb/v1/zones/fr-par-1/lbs/fa21e7ee-8b10-4bbf-8fa7-a7b90c4083c0/backends?order_by=created_at_asc
    method: GET
  response:
    body: '{"backends":[{"created_at":"2023-07-03T20:20:16.390151Z","failover_host":null,"forward_port":80,"forward_port_algorithm":"roundrobin","forward_protocol":"tcp","health_check":{"check_delay":60000,"check_max_retries":2,"check_send_proxy":false,"check_timeout":30000,"port":80,"tcp_config":{},"transient_check_delay":"0.500s"},"id":"a50c2f67-f87c-4b55-884c-eb7ce720fe31","ignore_ssl_server_verify":false,"lb":{"backend_count":0,"created_at":"0001-01-01T00:00:00Z","description":"","frontend_count":0,"id":"","instances":[],"ip":[],"name":"","organization_id":"","private_network_count":0,"project_id":"","region":"fr-par","route_count":0,"ssl_compatibility_level":"ssl_compatibility_level_unknown","status":"to_create","subscriber":null,"tags":[],"type":"","updated_at":"0001-01-01T00:00:00Z","zone":"fr-par-1"},"max_connections":null,"max_retries":3,"name":"tf-backend-datasource0","on_marked_down_action":"on_marked_down_action_none","pool":[],"proxy_protocol":"proxy_protocol_none","redispatch_attempt_count":null,"send_proxy_v2":false,"ssl_bridging":false,"sticky_sessions":"none","sticky_sessions_cookie_name":"","timeout_connect":5000,"timeout_queue":"0s","timeout_server":300000,"timeout_tunnel":900000,"updated_at":"2023-07-03T20:20:16.390151Z"},{"created_at":"2023-07-03T20:20:19.133479Z","failover_host":null,"forward_port":80,"forward_port_algorithm":"roundrobin","forward_protocol":"http","health_check":{"check_delay":60000,"check_max_retries":2,"check_send_proxy":false,"check_timeout":30000,"port":80,"tcp_config":{},"transient_check_delay":"0.500s"},"id":"4e46a39a-c11d-4b38-b8db-867ddd9fea86","ignore_ssl_server_verify":false,"lb":{"backend_count":0,"created_at":"0001-01-01T00:00:00Z","description":"","frontend_count":0,"id":"","instances":[],"ip":[],"name":"","organization_id":"","private_network_count":0,"project_id":"","region":"fr-par","route_count":0,"ssl_compatibility_level":"ssl_compatibility_level_unknown","status":"to_create","subscriber":null,"tags":[],"type":"","updated_at":"0001-01-01T00:00:00Z","zone":"fr-par-1"},"max_connections":null,"max_retries":3,"name":"tf-backend-datasource1","on_marked_down_action":"on_marked_down_action_none","pool":[],"proxy_protocol":"proxy_protocol_none","redispatch_attempt_count":null,"send_proxy_v2":false,"ssl_bridging":false,"sticky_sessions":"none","sticky_sessions_cookie_name":"","timeout_connect":5000,"timeout_queue":"0s","timeout_server":300000,"timeout_tunnel":900000,"updated_at":"2023-07-03T20:20:19.133479Z"}],"total_count":2}'
    headers:
      Content-Length:
      - "2507"
      Content-Security-Policy:
      - default-src 'none'; frame-ancestors 'none'
      Content-Type:
      - application/json
      Date:
      - Mon, 03 Jul 2023 20:20:19 GMT
      Server:
      - Scaleway API-Gateway
      Strict-Transport-Security:
      - max-age=63072000
      X-Content-Type-Options:
      - nosniff
      X-Frame-Options:
      - DENY
      X-Request-Id:
      - c6610c57-b190-4181-9db4-f6f50885ba99
    status: 200 OK
    code: 200
- request:
    body: ""
    form: {}
    headers:
      User-Agent:
      - scaleway-sdk-go/v1.0.0-beta.7+dev (go1.20.4; darwin; amd64) terraform-provider/develop
        terraform/terraform-tests
    url: https://api.scaleway.com/lb/v1/zones/fr-par-1/lbs/fa21e7ee-8b10-4bbf-8fa7-a7b90c4083c0/backends?name=tf-backend-datasource&order_by=created_at_asc
    method: GET
  response:
    body: '{"backends":[{"created_at":"2023-07-03T20:20:16.390151Z","failover_host":null,"forward_port":80,"forward_port_algorithm":"roundrobin","forward_protocol":"tcp","health_check":{"check_delay":60000,"check_max_retries":2,"check_send_proxy":false,"check_timeout":30000,"port":80,"tcp_config":{},"transient_check_delay":"0.500s"},"id":"a50c2f67-f87c-4b55-884c-eb7ce720fe31","ignore_ssl_server_verify":false,"lb":{"backend_count":0,"created_at":"0001-01-01T00:00:00Z","description":"","frontend_count":0,"id":"","instances":[],"ip":[],"name":"","organization_id":"","private_network_count":0,"project_id":"","region":"fr-par","route_count":0,"ssl_compatibility_level":"ssl_compatibility_level_unknown","status":"to_create","subscriber":null,"tags":[],"type":"","updated_at":"0001-01-01T00:00:00Z","zone":"fr-par-1"},"max_connections":null,"max_retries":3,"name":"tf-backend-datasource0","on_marked_down_action":"on_marked_down_action_none","pool":[],"proxy_protocol":"proxy_protocol_none","redispatch_attempt_count":null,"send_proxy_v2":false,"ssl_bridging":false,"sticky_sessions":"none","sticky_sessions_cookie_name":"","timeout_connect":5000,"timeout_queue":"0s","timeout_server":300000,"timeout_tunnel":900000,"updated_at":"2023-07-03T20:20:16.390151Z"},{"created_at":"2023-07-03T20:20:19.133479Z","failover_host":null,"forward_port":80,"forward_port_algorithm":"roundrobin","forward_protocol":"http","health_check":{"check_delay":60000,"check_max_retries":2,"check_send_proxy":false,"check_timeout":30000,"port":80,"tcp_config":{},"transient_check_delay":"0.500s"},"id":"4e46a39a-c11d-4b38-b8db-867ddd9fea86","ignore_ssl_server_verify":false,"lb":{"backend_count":0,"created_at":"0001-01-01T00:00:00Z","description":"","frontend_count":0,"id":"","instances":[],"ip":[],"name":"","organization_id":"","private_network_count":0,"project_id":"","region":"fr-par","route_count":0,"ssl_compatibility_level":"ssl_compatibility_level_unknown","status":"to_create","subscriber":null,"tags":[],"type":"","updated_at":"0001-01-01T00:00:00Z","zone":"fr-par-1"},"max_connections":null,"max_retries":3,"name":"tf-backend-datasource1","on_marked_down_action":"on_marked_down_action_none","pool":[],"proxy_protocol":"proxy_protocol_none","redispatch_attempt_count":null,"send_proxy_v2":false,"ssl_bridging":false,"sticky_sessions":"none","sticky_sessions_cookie_name":"","timeout_connect":5000,"timeout_queue":"0s","timeout_server":300000,"timeout_tunnel":900000,"updated_at":"2023-07-03T20:20:19.133479Z"}],"total_count":2}'
    headers:
      Content-Length:
      - "2507"
      Content-Security-Policy:
      - default-src 'none'; frame-ancestors 'none'
      Content-Type:
      - application/json
      Date:
      - Mon, 03 Jul 2023 20:20:19 GMT
      Server:
      - Scaleway API-Gateway
      Strict-Transport-Security:
      - max-age=63072000
      X-Content-Type-Options:
      - nosniff
      X-Frame-Options:
      - DENY
      X-Request-Id:
      - aaa0a6c8-c2ed-4b88-9016-dba79b6cbdf8
    status: 200 OK
    code: 200
- request:
    body: ""
    form: {}
    headers:
      User-Agent:
      - scaleway-sdk-go/v1.0.0-beta.7+dev (go1.20.4; darwin; amd64) terraform-provider/develop
        terraform/terraform-tests
    url: https://api.scaleway.com/lb/v1/zones/fr-par-1/ips/86df9ff8-7a77-492d-9b03-4f6205127499
    method: GET
  response:
    body: '{"id":"86df9ff8-7a77-492d-9b03-4f6205127499","ip_address":"195.154.197.174","lb_id":"fa21e7ee-8b10-4bbf-8fa7-a7b90c4083c0","organization_id":"564aa517-68b0-4fd7-8c8c-d21c4bcdcbd5","project_id":"564aa517-68b0-4fd7-8c8c-d21c4bcdcbd5","region":"fr-par","reverse":"195-154-197-174.lb.fr-par.scw.cloud","zone":"fr-par-1"}'
    headers:
      Content-Length:
      - "316"
      Content-Security-Policy:
      - default-src 'none'; frame-ancestors 'none'
      Content-Type:
      - application/json
      Date:
      - Mon, 03 Jul 2023 20:20:20 GMT
      Server:
      - Scaleway API-Gateway
      Strict-Transport-Security:
      - max-age=63072000
      X-Content-Type-Options:
      - nosniff
      X-Frame-Options:
      - DENY
      X-Request-Id:
      - cc0e5699-26a5-4bbb-88f6-fec8544fadba
    status: 200 OK
    code: 200
- request:
    body: ""
    form: {}
    headers:
      User-Agent:
      - scaleway-sdk-go/v1.0.0-beta.7+dev (go1.20.4; darwin; amd64) terraform-provider/develop
        terraform/terraform-tests
    url: https://api.scaleway.com/lb/v1/zones/fr-par-1/lbs/fa21e7ee-8b10-4bbf-8fa7-a7b90c4083c0
    method: GET
  response:
    body: '{"backend_count":2,"created_at":"2023-07-03T20:19:45.604415Z","description":"","frontend_count":0,"id":"fa21e7ee-8b10-4bbf-8fa7-a7b90c4083c0","instances":[{"created_at":"2023-07-03T20:18:34.660790Z","id":"e8a2e103-7300-4792-bde4-4e241dc7a003","ip_address":"10.64.146.23","region":"fr-par","status":"ready","updated_at":"2023-07-03T20:20:19.425592Z","zone":"fr-par-1"}],"ip":[{"id":"86df9ff8-7a77-492d-9b03-4f6205127499","ip_address":"195.154.197.174","lb_id":"fa21e7ee-8b10-4bbf-8fa7-a7b90c4083c0","organization_id":"564aa517-68b0-4fd7-8c8c-d21c4bcdcbd5","project_id":"564aa517-68b0-4fd7-8c8c-d21c4bcdcbd5","region":"fr-par","reverse":"195-154-197-174.lb.fr-par.scw.cloud","zone":"fr-par-1"}],"name":"test-lb","organization_id":"564aa517-68b0-4fd7-8c8c-d21c4bcdcbd5","private_network_count":0,"project_id":"564aa517-68b0-4fd7-8c8c-d21c4bcdcbd5","region":"fr-par","route_count":0,"ssl_compatibility_level":"ssl_compatibility_level_intermediate","status":"ready","subscriber":null,"tags":[],"type":"lb-s","updated_at":"2023-07-03T20:19:48.205428Z","zone":"fr-par-1"}'
    headers:
      Content-Length:
      - "1064"
      Content-Security-Policy:
      - default-src 'none'; frame-ancestors 'none'
      Content-Type:
      - application/json
      Date:
      - Mon, 03 Jul 2023 20:20:20 GMT
      Server:
      - Scaleway API-Gateway
      Strict-Transport-Security:
      - max-age=63072000
      X-Content-Type-Options:
      - nosniff
      X-Frame-Options:
      - DENY
      X-Request-Id:
      - 1cecf322-5940-4276-b7e9-96e8db788cf9
    status: 200 OK
    code: 200
- request:
    body: ""
    form: {}
    headers:
      User-Agent:
      - scaleway-sdk-go/v1.0.0-beta.7+dev (go1.20.4; darwin; amd64) terraform-provider/develop
        terraform/terraform-tests
    url: https://api.scaleway.com/lb/v1/zones/fr-par-1/lbs/fa21e7ee-8b10-4bbf-8fa7-a7b90c4083c0
    method: GET
  response:
    body: '{"backend_count":2,"created_at":"2023-07-03T20:19:45.604415Z","description":"","frontend_count":0,"id":"fa21e7ee-8b10-4bbf-8fa7-a7b90c4083c0","instances":[{"created_at":"2023-07-03T20:18:34.660790Z","id":"e8a2e103-7300-4792-bde4-4e241dc7a003","ip_address":"10.64.146.23","region":"fr-par","status":"ready","updated_at":"2023-07-03T20:20:19.425592Z","zone":"fr-par-1"}],"ip":[{"id":"86df9ff8-7a77-492d-9b03-4f6205127499","ip_address":"195.154.197.174","lb_id":"fa21e7ee-8b10-4bbf-8fa7-a7b90c4083c0","organization_id":"564aa517-68b0-4fd7-8c8c-d21c4bcdcbd5","project_id":"564aa517-68b0-4fd7-8c8c-d21c4bcdcbd5","region":"fr-par","reverse":"195-154-197-174.lb.fr-par.scw.cloud","zone":"fr-par-1"}],"name":"test-lb","organization_id":"564aa517-68b0-4fd7-8c8c-d21c4bcdcbd5","private_network_count":0,"project_id":"564aa517-68b0-4fd7-8c8c-d21c4bcdcbd5","region":"fr-par","route_count":0,"ssl_compatibility_level":"ssl_compatibility_level_intermediate","status":"ready","subscriber":null,"tags":[],"type":"lb-s","updated_at":"2023-07-03T20:19:48.205428Z","zone":"fr-par-1"}'
    headers:
      Content-Length:
      - "1064"
      Content-Security-Policy:
      - default-src 'none'; frame-ancestors 'none'
      Content-Type:
      - application/json
      Date:
      - Mon, 03 Jul 2023 20:20:20 GMT
      Server:
      - Scaleway API-Gateway
      Strict-Transport-Security:
      - max-age=63072000
      X-Content-Type-Options:
      - nosniff
      X-Frame-Options:
      - DENY
      X-Request-Id:
      - b10edefa-71fb-4de3-8918-cd7edf7bad85
    status: 200 OK
    code: 200
- request:
    body: ""
    form: {}
    headers:
      User-Agent:
      - scaleway-sdk-go/v1.0.0-beta.7+dev (go1.20.4; darwin; amd64) terraform-provider/develop
        terraform/terraform-tests
    url: https://api.scaleway.com/lb/v1/zones/fr-par-1/lbs/fa21e7ee-8b10-4bbf-8fa7-a7b90c4083c0/private-networks?order_by=created_at_asc
    method: GET
  response:
    body: '{"private_network":[],"total_count":0}'
    headers:
      Content-Length:
      - "38"
      Content-Security-Policy:
      - default-src 'none'; frame-ancestors 'none'
      Content-Type:
      - application/json
      Date:
      - Mon, 03 Jul 2023 20:20:20 GMT
      Server:
      - Scaleway API-Gateway
      Strict-Transport-Security:
      - max-age=63072000
      X-Content-Type-Options:
      - nosniff
      X-Frame-Options:
      - DENY
      X-Request-Id:
      - 842bd227-3331-413f-a9b0-25a549d58f4e
    status: 200 OK
    code: 200
- request:
    body: ""
    form: {}
    headers:
      User-Agent:
      - scaleway-sdk-go/v1.0.0-beta.7+dev (go1.20.4; darwin; amd64) terraform-provider/develop
        terraform/terraform-tests
    url: https://api.scaleway.com/lb/v1/zones/fr-par-1/backends/a50c2f67-f87c-4b55-884c-eb7ce720fe31
    method: GET
  response:
    body: '{"created_at":"2023-07-03T20:20:16.390151Z","failover_host":null,"forward_port":80,"forward_port_algorithm":"roundrobin","forward_protocol":"tcp","health_check":{"check_delay":60000,"check_max_retries":2,"check_send_proxy":false,"check_timeout":30000,"port":80,"tcp_config":{},"transient_check_delay":"0.500s"},"id":"a50c2f67-f87c-4b55-884c-eb7ce720fe31","ignore_ssl_server_verify":false,"lb":{"backend_count":2,"created_at":"2023-07-03T20:19:45.604415Z","description":"","frontend_count":0,"id":"fa21e7ee-8b10-4bbf-8fa7-a7b90c4083c0","instances":[{"created_at":"2023-07-03T20:18:34.660790Z","id":"e8a2e103-7300-4792-bde4-4e241dc7a003","ip_address":"10.64.146.23","region":"fr-par","status":"ready","updated_at":"2023-07-03T20:20:19.425592Z","zone":"fr-par-1"}],"ip":[{"id":"86df9ff8-7a77-492d-9b03-4f6205127499","ip_address":"195.154.197.174","lb_id":"fa21e7ee-8b10-4bbf-8fa7-a7b90c4083c0","organization_id":"564aa517-68b0-4fd7-8c8c-d21c4bcdcbd5","project_id":"564aa517-68b0-4fd7-8c8c-d21c4bcdcbd5","region":"fr-par","reverse":"195-154-197-174.lb.fr-par.scw.cloud","zone":"fr-par-1"}],"name":"test-lb","organization_id":"564aa517-68b0-4fd7-8c8c-d21c4bcdcbd5","private_network_count":0,"project_id":"564aa517-68b0-4fd7-8c8c-d21c4bcdcbd5","region":"fr-par","route_count":0,"ssl_compatibility_level":"ssl_compatibility_level_intermediate","status":"ready","subscriber":null,"tags":[],"type":"lb-s","updated_at":"2023-07-03T20:19:48.205428Z","zone":"fr-par-1"},"max_connections":null,"max_retries":3,"name":"tf-backend-datasource0","on_marked_down_action":"on_marked_down_action_none","pool":[],"proxy_protocol":"proxy_protocol_none","redispatch_attempt_count":null,"send_proxy_v2":false,"ssl_bridging":false,"sticky_sessions":"none","sticky_sessions_cookie_name":"","timeout_connect":5000,"timeout_queue":"0s","timeout_server":300000,"timeout_tunnel":900000,"updated_at":"2023-07-03T20:20:16.390151Z"}'
    headers:
      Content-Length:
      - "1899"
      Content-Security-Policy:
      - default-src 'none'; frame-ancestors 'none'
      Content-Type:
      - application/json
      Date:
      - Mon, 03 Jul 2023 20:20:20 GMT
      Server:
      - Scaleway API-Gateway
      Strict-Transport-Security:
      - max-age=63072000
      X-Content-Type-Options:
      - nosniff
      X-Frame-Options:
      - DENY
      X-Request-Id:
      - a64da188-24b9-4820-8657-b9fc9a6ea1dd
    status: 200 OK
    code: 200
- request:
    body: ""
    form: {}
    headers:
      User-Agent:
      - scaleway-sdk-go/v1.0.0-beta.7+dev (go1.20.4; darwin; amd64) terraform-provider/develop
        terraform/terraform-tests
    url: https://api.scaleway.com/lb/v1/zones/fr-par-1/backends/4e46a39a-c11d-4b38-b8db-867ddd9fea86
    method: GET
  response:
    body: '{"created_at":"2023-07-03T20:20:19.133479Z","failover_host":null,"forward_port":80,"forward_port_algorithm":"roundrobin","forward_protocol":"http","health_check":{"check_delay":60000,"check_max_retries":2,"check_send_proxy":false,"check_timeout":30000,"port":80,"tcp_config":{},"transient_check_delay":"0.500s"},"id":"4e46a39a-c11d-4b38-b8db-867ddd9fea86","ignore_ssl_server_verify":false,"lb":{"backend_count":2,"created_at":"2023-07-03T20:19:45.604415Z","description":"","frontend_count":0,"id":"fa21e7ee-8b10-4bbf-8fa7-a7b90c4083c0","instances":[{"created_at":"2023-07-03T20:18:34.660790Z","id":"e8a2e103-7300-4792-bde4-4e241dc7a003","ip_address":"10.64.146.23","region":"fr-par","status":"ready","updated_at":"2023-07-03T20:20:19.425592Z","zone":"fr-par-1"}],"ip":[{"id":"86df9ff8-7a77-492d-9b03-4f6205127499","ip_address":"195.154.197.174","lb_id":"fa21e7ee-8b10-4bbf-8fa7-a7b90c4083c0","organization_id":"564aa517-68b0-4fd7-8c8c-d21c4bcdcbd5","project_id":"564aa517-68b0-4fd7-8c8c-d21c4bcdcbd5","region":"fr-par","reverse":"195-154-197-174.lb.fr-par.scw.cloud","zone":"fr-par-1"}],"name":"test-lb","organization_id":"564aa517-68b0-4fd7-8c8c-d21c4bcdcbd5","private_network_count":0,"project_id":"564aa517-68b0-4fd7-8c8c-d21c4bcdcbd5","region":"fr-par","route_count":0,"ssl_compatibility_level":"ssl_compatibility_level_intermediate","status":"ready","subscriber":null,"tags":[],"type":"lb-s","updated_at":"2023-07-03T20:19:48.205428Z","zone":"fr-par-1"},"max_connections":null,"max_retries":3,"name":"tf-backend-datasource1","on_marked_down_action":"on_marked_down_action_none","pool":[],"proxy_protocol":"proxy_protocol_none","redispatch_attempt_count":null,"send_proxy_v2":false,"ssl_bridging":false,"sticky_sessions":"none","sticky_sessions_cookie_name":"","timeout_connect":5000,"timeout_queue":"0s","timeout_server":300000,"timeout_tunnel":900000,"updated_at":"2023-07-03T20:20:19.133479Z"}'
    headers:
      Content-Length:
      - "1900"
      Content-Security-Policy:
      - default-src 'none'; frame-ancestors 'none'
      Content-Type:
      - application/json
      Date:
      - Mon, 03 Jul 2023 20:20:20 GMT
      Server:
      - Scaleway API-Gateway
      Strict-Transport-Security:
      - max-age=63072000
      X-Content-Type-Options:
      - nosniff
      X-Frame-Options:
      - DENY
      X-Request-Id:
      - c9343e36-f430-438d-9a5c-c32205dbdcc4
    status: 200 OK
    code: 200
- request:
    body: ""
    form: {}
    headers:
      User-Agent:
      - scaleway-sdk-go/v1.0.0-beta.7+dev (go1.20.4; darwin; amd64) terraform-provider/develop
        terraform/terraform-tests
    url: https://api.scaleway.com/lb/v1/zones/fr-par-1/lbs/fa21e7ee-8b10-4bbf-8fa7-a7b90c4083c0
    method: GET
  response:
    body: '{"backend_count":2,"created_at":"2023-07-03T20:19:45.604415Z","description":"","frontend_count":0,"id":"fa21e7ee-8b10-4bbf-8fa7-a7b90c4083c0","instances":[{"created_at":"2023-07-03T20:18:34.660790Z","id":"e8a2e103-7300-4792-bde4-4e241dc7a003","ip_address":"10.64.146.23","region":"fr-par","status":"ready","updated_at":"2023-07-03T20:20:19.425592Z","zone":"fr-par-1"}],"ip":[{"id":"86df9ff8-7a77-492d-9b03-4f6205127499","ip_address":"195.154.197.174","lb_id":"fa21e7ee-8b10-4bbf-8fa7-a7b90c4083c0","organization_id":"564aa517-68b0-4fd7-8c8c-d21c4bcdcbd5","project_id":"564aa517-68b0-4fd7-8c8c-d21c4bcdcbd5","region":"fr-par","reverse":"195-154-197-174.lb.fr-par.scw.cloud","zone":"fr-par-1"}],"name":"test-lb","organization_id":"564aa517-68b0-4fd7-8c8c-d21c4bcdcbd5","private_network_count":0,"project_id":"564aa517-68b0-4fd7-8c8c-d21c4bcdcbd5","region":"fr-par","route_count":0,"ssl_compatibility_level":"ssl_compatibility_level_intermediate","status":"ready","subscriber":null,"tags":[],"type":"lb-s","updated_at":"2023-07-03T20:19:48.205428Z","zone":"fr-par-1"}'
    headers:
      Content-Length:
      - "1064"
      Content-Security-Policy:
      - default-src 'none'; frame-ancestors 'none'
      Content-Type:
      - application/json
      Date:
      - Mon, 03 Jul 2023 20:20:20 GMT
      Server:
      - Scaleway API-Gateway
      Strict-Transport-Security:
      - max-age=63072000
      X-Content-Type-Options:
      - nosniff
      X-Frame-Options:
      - DENY
      X-Request-Id:
      - 94ceeceb-950b-4cde-a1d2-b5e6325464ea
    status: 200 OK
    code: 200
- request:
    body: ""
    form: {}
    headers:
      User-Agent:
      - scaleway-sdk-go/v1.0.0-beta.7+dev (go1.20.4; darwin; amd64) terraform-provider/develop
        terraform/terraform-tests
    url: https://api.scaleway.com/lb/v1/zones/fr-par-1/lbs/fa21e7ee-8b10-4bbf-8fa7-a7b90c4083c0
    method: GET
  response:
    body: '{"backend_count":2,"created_at":"2023-07-03T20:19:45.604415Z","description":"","frontend_count":0,"id":"fa21e7ee-8b10-4bbf-8fa7-a7b90c4083c0","instances":[{"created_at":"2023-07-03T20:18:34.660790Z","id":"e8a2e103-7300-4792-bde4-4e241dc7a003","ip_address":"10.64.146.23","region":"fr-par","status":"ready","updated_at":"2023-07-03T20:20:19.425592Z","zone":"fr-par-1"}],"ip":[{"id":"86df9ff8-7a77-492d-9b03-4f6205127499","ip_address":"195.154.197.174","lb_id":"fa21e7ee-8b10-4bbf-8fa7-a7b90c4083c0","organization_id":"564aa517-68b0-4fd7-8c8c-d21c4bcdcbd5","project_id":"564aa517-68b0-4fd7-8c8c-d21c4bcdcbd5","region":"fr-par","reverse":"195-154-197-174.lb.fr-par.scw.cloud","zone":"fr-par-1"}],"name":"test-lb","organization_id":"564aa517-68b0-4fd7-8c8c-d21c4bcdcbd5","private_network_count":0,"project_id":"564aa517-68b0-4fd7-8c8c-d21c4bcdcbd5","region":"fr-par","route_count":0,"ssl_compatibility_level":"ssl_compatibility_level_intermediate","status":"ready","subscriber":null,"tags":[],"type":"lb-s","updated_at":"2023-07-03T20:19:48.205428Z","zone":"fr-par-1"}'
    headers:
      Content-Length:
      - "1064"
      Content-Security-Policy:
      - default-src 'none'; frame-ancestors 'none'
      Content-Type:
      - application/json
      Date:
      - Mon, 03 Jul 2023 20:20:20 GMT
      Server:
      - Scaleway API-Gateway
      Strict-Transport-Security:
      - max-age=63072000
      X-Content-Type-Options:
      - nosniff
      X-Frame-Options:
      - DENY
      X-Request-Id:
      - 9aaec23c-cf30-4e15-abb7-690d7cf3a6b7
    status: 200 OK
    code: 200
- request:
    body: ""
    form: {}
    headers:
      User-Agent:
      - scaleway-sdk-go/v1.0.0-beta.7+dev (go1.20.4; darwin; amd64) terraform-provider/develop
        terraform/terraform-tests
    url: https://api.scaleway.com/lb/v1/zones/fr-par-1/lbs/fa21e7ee-8b10-4bbf-8fa7-a7b90c4083c0/backends?order_by=created_at_asc
    method: GET
  response:
    body: '{"backends":[{"created_at":"2023-07-03T20:20:16.390151Z","failover_host":null,"forward_port":80,"forward_port_algorithm":"roundrobin","forward_protocol":"tcp","health_check":{"check_delay":60000,"check_max_retries":2,"check_send_proxy":false,"check_timeout":30000,"port":80,"tcp_config":{},"transient_check_delay":"0.500s"},"id":"a50c2f67-f87c-4b55-884c-eb7ce720fe31","ignore_ssl_server_verify":false,"lb":{"backend_count":0,"created_at":"0001-01-01T00:00:00Z","description":"","frontend_count":0,"id":"","instances":[],"ip":[],"name":"","organization_id":"","private_network_count":0,"project_id":"","region":"fr-par","route_count":0,"ssl_compatibility_level":"ssl_compatibility_level_unknown","status":"to_create","subscriber":null,"tags":[],"type":"","updated_at":"0001-01-01T00:00:00Z","zone":"fr-par-1"},"max_connections":null,"max_retries":3,"name":"tf-backend-datasource0","on_marked_down_action":"on_marked_down_action_none","pool":[],"proxy_protocol":"proxy_protocol_none","redispatch_attempt_count":null,"send_proxy_v2":false,"ssl_bridging":false,"sticky_sessions":"none","sticky_sessions_cookie_name":"","timeout_connect":5000,"timeout_queue":"0s","timeout_server":300000,"timeout_tunnel":900000,"updated_at":"2023-07-03T20:20:16.390151Z"},{"created_at":"2023-07-03T20:20:19.133479Z","failover_host":null,"forward_port":80,"forward_port_algorithm":"roundrobin","forward_protocol":"http","health_check":{"check_delay":60000,"check_max_retries":2,"check_send_proxy":false,"check_timeout":30000,"port":80,"tcp_config":{},"transient_check_delay":"0.500s"},"id":"4e46a39a-c11d-4b38-b8db-867ddd9fea86","ignore_ssl_server_verify":false,"lb":{"backend_count":0,"created_at":"0001-01-01T00:00:00Z","description":"","frontend_count":0,"id":"","instances":[],"ip":[],"name":"","organization_id":"","private_network_count":0,"project_id":"","region":"fr-par","route_count":0,"ssl_compatibility_level":"ssl_compatibility_level_unknown","status":"to_create","subscriber":null,"tags":[],"type":"","updated_at":"0001-01-01T00:00:00Z","zone":"fr-par-1"},"max_connections":null,"max_retries":3,"name":"tf-backend-datasource1","on_marked_down_action":"on_marked_down_action_none","pool":[],"proxy_protocol":"proxy_protocol_none","redispatch_attempt_count":null,"send_proxy_v2":false,"ssl_bridging":false,"sticky_sessions":"none","sticky_sessions_cookie_name":"","timeout_connect":5000,"timeout_queue":"0s","timeout_server":300000,"timeout_tunnel":900000,"updated_at":"2023-07-03T20:20:19.133479Z"}],"total_count":2}'
    headers:
      Content-Length:
      - "2507"
      Content-Security-Policy:
      - default-src 'none'; frame-ancestors 'none'
      Content-Type:
      - application/json
      Date:
      - Mon, 03 Jul 2023 20:20:20 GMT
      Server:
      - Scaleway API-Gateway
      Strict-Transport-Security:
      - max-age=63072000
      X-Content-Type-Options:
      - nosniff
      X-Frame-Options:
      - DENY
      X-Request-Id:
      - ab049b07-a512-455e-9662-28ae35bef4e8
    status: 200 OK
    code: 200
- request:
    body: ""
    form: {}
    headers:
      User-Agent:
      - scaleway-sdk-go/v1.0.0-beta.7+dev (go1.20.4; darwin; amd64) terraform-provider/develop
        terraform/terraform-tests
    url: https://api.scaleway.com/lb/v1/zones/fr-par-1/lbs/fa21e7ee-8b10-4bbf-8fa7-a7b90c4083c0/backends?name=tf-backend-datasource&order_by=created_at_asc
    method: GET
  response:
    body: '{"backends":[{"created_at":"2023-07-03T20:20:16.390151Z","failover_host":null,"forward_port":80,"forward_port_algorithm":"roundrobin","forward_protocol":"tcp","health_check":{"check_delay":60000,"check_max_retries":2,"check_send_proxy":false,"check_timeout":30000,"port":80,"tcp_config":{},"transient_check_delay":"0.500s"},"id":"a50c2f67-f87c-4b55-884c-eb7ce720fe31","ignore_ssl_server_verify":false,"lb":{"backend_count":0,"created_at":"0001-01-01T00:00:00Z","description":"","frontend_count":0,"id":"","instances":[],"ip":[],"name":"","organization_id":"","private_network_count":0,"project_id":"","region":"fr-par","route_count":0,"ssl_compatibility_level":"ssl_compatibility_level_unknown","status":"to_create","subscriber":null,"tags":[],"type":"","updated_at":"0001-01-01T00:00:00Z","zone":"fr-par-1"},"max_connections":null,"max_retries":3,"name":"tf-backend-datasource0","on_marked_down_action":"on_marked_down_action_none","pool":[],"proxy_protocol":"proxy_protocol_none","redispatch_attempt_count":null,"send_proxy_v2":false,"ssl_bridging":false,"sticky_sessions":"none","sticky_sessions_cookie_name":"","timeout_connect":5000,"timeout_queue":"0s","timeout_server":300000,"timeout_tunnel":900000,"updated_at":"2023-07-03T20:20:16.390151Z"},{"created_at":"2023-07-03T20:20:19.133479Z","failover_host":null,"forward_port":80,"forward_port_algorithm":"roundrobin","forward_protocol":"http","health_check":{"check_delay":60000,"check_max_retries":2,"check_send_proxy":false,"check_timeout":30000,"port":80,"tcp_config":{},"transient_check_delay":"0.500s"},"id":"4e46a39a-c11d-4b38-b8db-867ddd9fea86","ignore_ssl_server_verify":false,"lb":{"backend_count":0,"created_at":"0001-01-01T00:00:00Z","description":"","frontend_count":0,"id":"","instances":[],"ip":[],"name":"","organization_id":"","private_network_count":0,"project_id":"","region":"fr-par","route_count":0,"ssl_compatibility_level":"ssl_compatibility_level_unknown","status":"to_create","subscriber":null,"tags":[],"type":"","updated_at":"0001-01-01T00:00:00Z","zone":"fr-par-1"},"max_connections":null,"max_retries":3,"name":"tf-backend-datasource1","on_marked_down_action":"on_marked_down_action_none","pool":[],"proxy_protocol":"proxy_protocol_none","redispatch_attempt_count":null,"send_proxy_v2":false,"ssl_bridging":false,"sticky_sessions":"none","sticky_sessions_cookie_name":"","timeout_connect":5000,"timeout_queue":"0s","timeout_server":300000,"timeout_tunnel":900000,"updated_at":"2023-07-03T20:20:19.133479Z"}],"total_count":2}'
    headers:
      Content-Length:
      - "2507"
      Content-Security-Policy:
      - default-src 'none'; frame-ancestors 'none'
      Content-Type:
      - application/json
      Date:
      - Mon, 03 Jul 2023 20:20:20 GMT
      Server:
      - Scaleway API-Gateway
      Strict-Transport-Security:
      - max-age=63072000
      X-Content-Type-Options:
      - nosniff
      X-Frame-Options:
      - DENY
      X-Request-Id:
      - 6722abbc-bbfc-4414-8bac-a3faeef417be
    status: 200 OK
    code: 200
- request:
    body: ""
    form: {}
    headers:
      User-Agent:
      - scaleway-sdk-go/v1.0.0-beta.7+dev (go1.20.4; darwin; amd64) terraform-provider/develop
        terraform/terraform-tests
    url: https://api.scaleway.com/lb/v1/zones/fr-par-1/lbs/fa21e7ee-8b10-4bbf-8fa7-a7b90c4083c0/backends?order_by=created_at_asc
    method: GET
  response:
    body: '{"backends":[{"created_at":"2023-07-03T20:20:16.390151Z","failover_host":null,"forward_port":80,"forward_port_algorithm":"roundrobin","forward_protocol":"tcp","health_check":{"check_delay":60000,"check_max_retries":2,"check_send_proxy":false,"check_timeout":30000,"port":80,"tcp_config":{},"transient_check_delay":"0.500s"},"id":"a50c2f67-f87c-4b55-884c-eb7ce720fe31","ignore_ssl_server_verify":false,"lb":{"backend_count":0,"created_at":"0001-01-01T00:00:00Z","description":"","frontend_count":0,"id":"","instances":[],"ip":[],"name":"","organization_id":"","private_network_count":0,"project_id":"","region":"fr-par","route_count":0,"ssl_compatibility_level":"ssl_compatibility_level_unknown","status":"to_create","subscriber":null,"tags":[],"type":"","updated_at":"0001-01-01T00:00:00Z","zone":"fr-par-1"},"max_connections":null,"max_retries":3,"name":"tf-backend-datasource0","on_marked_down_action":"on_marked_down_action_none","pool":[],"proxy_protocol":"proxy_protocol_none","redispatch_attempt_count":null,"send_proxy_v2":false,"ssl_bridging":false,"sticky_sessions":"none","sticky_sessions_cookie_name":"","timeout_connect":5000,"timeout_queue":"0s","timeout_server":300000,"timeout_tunnel":900000,"updated_at":"2023-07-03T20:20:16.390151Z"},{"created_at":"2023-07-03T20:20:19.133479Z","failover_host":null,"forward_port":80,"forward_port_algorithm":"roundrobin","forward_protocol":"http","health_check":{"check_delay":60000,"check_max_retries":2,"check_send_proxy":false,"check_timeout":30000,"port":80,"tcp_config":{},"transient_check_delay":"0.500s"},"id":"4e46a39a-c11d-4b38-b8db-867ddd9fea86","ignore_ssl_server_verify":false,"lb":{"backend_count":0,"created_at":"0001-01-01T00:00:00Z","description":"","frontend_count":0,"id":"","instances":[],"ip":[],"name":"","organization_id":"","private_network_count":0,"project_id":"","region":"fr-par","route_count":0,"ssl_compatibility_level":"ssl_compatibility_level_unknown","status":"to_create","subscriber":null,"tags":[],"type":"","updated_at":"0001-01-01T00:00:00Z","zone":"fr-par-1"},"max_connections":null,"max_retries":3,"name":"tf-backend-datasource1","on_marked_down_action":"on_marked_down_action_none","pool":[],"proxy_protocol":"proxy_protocol_none","redispatch_attempt_count":null,"send_proxy_v2":false,"ssl_bridging":false,"sticky_sessions":"none","sticky_sessions_cookie_name":"","timeout_connect":5000,"timeout_queue":"0s","timeout_server":300000,"timeout_tunnel":900000,"updated_at":"2023-07-03T20:20:19.133479Z"}],"total_count":2}'
    headers:
      Content-Length:
      - "2507"
      Content-Security-Policy:
      - default-src 'none'; frame-ancestors 'none'
      Content-Type:
      - application/json
      Date:
      - Mon, 03 Jul 2023 20:20:20 GMT
      Server:
      - Scaleway API-Gateway
      Strict-Transport-Security:
      - max-age=63072000
      X-Content-Type-Options:
      - nosniff
      X-Frame-Options:
      - DENY
      X-Request-Id:
      - f51497c1-3aaf-4b90-8d55-84cb6f425b07
    status: 200 OK
    code: 200
- request:
    body: ""
    form: {}
    headers:
      User-Agent:
      - scaleway-sdk-go/v1.0.0-beta.7+dev (go1.20.4; darwin; amd64) terraform-provider/develop
        terraform/terraform-tests
    url: https://api.scaleway.com/lb/v1/zones/fr-par-1/lbs/fa21e7ee-8b10-4bbf-8fa7-a7b90c4083c0/backends?name=tf-backend-datasource&order_by=created_at_asc
    method: GET
  response:
    body: '{"backends":[{"created_at":"2023-07-03T20:20:16.390151Z","failover_host":null,"forward_port":80,"forward_port_algorithm":"roundrobin","forward_protocol":"tcp","health_check":{"check_delay":60000,"check_max_retries":2,"check_send_proxy":false,"check_timeout":30000,"port":80,"tcp_config":{},"transient_check_delay":"0.500s"},"id":"a50c2f67-f87c-4b55-884c-eb7ce720fe31","ignore_ssl_server_verify":false,"lb":{"backend_count":0,"created_at":"0001-01-01T00:00:00Z","description":"","frontend_count":0,"id":"","instances":[],"ip":[],"name":"","organization_id":"","private_network_count":0,"project_id":"","region":"fr-par","route_count":0,"ssl_compatibility_level":"ssl_compatibility_level_unknown","status":"to_create","subscriber":null,"tags":[],"type":"","updated_at":"0001-01-01T00:00:00Z","zone":"fr-par-1"},"max_connections":null,"max_retries":3,"name":"tf-backend-datasource0","on_marked_down_action":"on_marked_down_action_none","pool":[],"proxy_protocol":"proxy_protocol_none","redispatch_attempt_count":null,"send_proxy_v2":false,"ssl_bridging":false,"sticky_sessions":"none","sticky_sessions_cookie_name":"","timeout_connect":5000,"timeout_queue":"0s","timeout_server":300000,"timeout_tunnel":900000,"updated_at":"2023-07-03T20:20:16.390151Z"},{"created_at":"2023-07-03T20:20:19.133479Z","failover_host":null,"forward_port":80,"forward_port_algorithm":"roundrobin","forward_protocol":"http","health_check":{"check_delay":60000,"check_max_retries":2,"check_send_proxy":false,"check_timeout":30000,"port":80,"tcp_config":{},"transient_check_delay":"0.500s"},"id":"4e46a39a-c11d-4b38-b8db-867ddd9fea86","ignore_ssl_server_verify":false,"lb":{"backend_count":0,"created_at":"0001-01-01T00:00:00Z","description":"","frontend_count":0,"id":"","instances":[],"ip":[],"name":"","organization_id":"","private_network_count":0,"project_id":"","region":"fr-par","route_count":0,"ssl_compatibility_level":"ssl_compatibility_level_unknown","status":"to_create","subscriber":null,"tags":[],"type":"","updated_at":"0001-01-01T00:00:00Z","zone":"fr-par-1"},"max_connections":null,"max_retries":3,"name":"tf-backend-datasource1","on_marked_down_action":"on_marked_down_action_none","pool":[],"proxy_protocol":"proxy_protocol_none","redispatch_attempt_count":null,"send_proxy_v2":false,"ssl_bridging":false,"sticky_sessions":"none","sticky_sessions_cookie_name":"","timeout_connect":5000,"timeout_queue":"0s","timeout_server":300000,"timeout_tunnel":900000,"updated_at":"2023-07-03T20:20:19.133479Z"}],"total_count":2}'
    headers:
      Content-Length:
      - "2507"
      Content-Security-Policy:
      - default-src 'none'; frame-ancestors 'none'
      Content-Type:
      - application/json
      Date:
      - Mon, 03 Jul 2023 20:20:20 GMT
      Server:
      - Scaleway API-Gateway
      Strict-Transport-Security:
      - max-age=63072000
      X-Content-Type-Options:
      - nosniff
      X-Frame-Options:
      - DENY
      X-Request-Id:
      - 87b6118a-df1b-4d84-a960-0de510ae228c
    status: 200 OK
    code: 200
- request:
    body: ""
    form: {}
    headers:
      User-Agent:
      - scaleway-sdk-go/v1.0.0-beta.7+dev (go1.20.4; darwin; amd64) terraform-provider/develop
        terraform/terraform-tests
    url: https://api.scaleway.com/lb/v1/zones/fr-par-1/lbs/fa21e7ee-8b10-4bbf-8fa7-a7b90c4083c0
    method: GET
  response:
    body: '{"backend_count":2,"created_at":"2023-07-03T20:19:45.604415Z","description":"","frontend_count":0,"id":"fa21e7ee-8b10-4bbf-8fa7-a7b90c4083c0","instances":[{"created_at":"2023-07-03T20:18:34.660790Z","id":"e8a2e103-7300-4792-bde4-4e241dc7a003","ip_address":"10.64.146.23","region":"fr-par","status":"ready","updated_at":"2023-07-03T20:20:19.425592Z","zone":"fr-par-1"}],"ip":[{"id":"86df9ff8-7a77-492d-9b03-4f6205127499","ip_address":"195.154.197.174","lb_id":"fa21e7ee-8b10-4bbf-8fa7-a7b90c4083c0","organization_id":"564aa517-68b0-4fd7-8c8c-d21c4bcdcbd5","project_id":"564aa517-68b0-4fd7-8c8c-d21c4bcdcbd5","region":"fr-par","reverse":"195-154-197-174.lb.fr-par.scw.cloud","zone":"fr-par-1"}],"name":"test-lb","organization_id":"564aa517-68b0-4fd7-8c8c-d21c4bcdcbd5","private_network_count":0,"project_id":"564aa517-68b0-4fd7-8c8c-d21c4bcdcbd5","region":"fr-par","route_count":0,"ssl_compatibility_level":"ssl_compatibility_level_intermediate","status":"ready","subscriber":null,"tags":[],"type":"lb-s","updated_at":"2023-07-03T20:19:48.205428Z","zone":"fr-par-1"}'
    headers:
      Content-Length:
      - "1064"
      Content-Security-Policy:
      - default-src 'none'; frame-ancestors 'none'
      Content-Type:
      - application/json
      Date:
      - Mon, 03 Jul 2023 20:20:21 GMT
      Server:
      - Scaleway API-Gateway
      Strict-Transport-Security:
      - max-age=63072000
      X-Content-Type-Options:
      - nosniff
      X-Frame-Options:
      - DENY
      X-Request-Id:
      - 91ec15d0-bb3d-4171-9a3d-adb033cf2af1
    status: 200 OK
    code: 200
- request:
    body: ""
    form: {}
    headers:
      User-Agent:
      - scaleway-sdk-go/v1.0.0-beta.7+dev (go1.20.4; darwin; amd64) terraform-provider/develop
        terraform/terraform-tests
    url: https://api.scaleway.com/lb/v1/zones/fr-par-1/lbs/fa21e7ee-8b10-4bbf-8fa7-a7b90c4083c0
    method: GET
  response:
    body: '{"backend_count":2,"created_at":"2023-07-03T20:19:45.604415Z","description":"","frontend_count":0,"id":"fa21e7ee-8b10-4bbf-8fa7-a7b90c4083c0","instances":[{"created_at":"2023-07-03T20:18:34.660790Z","id":"e8a2e103-7300-4792-bde4-4e241dc7a003","ip_address":"10.64.146.23","region":"fr-par","status":"ready","updated_at":"2023-07-03T20:20:19.425592Z","zone":"fr-par-1"}],"ip":[{"id":"86df9ff8-7a77-492d-9b03-4f6205127499","ip_address":"195.154.197.174","lb_id":"fa21e7ee-8b10-4bbf-8fa7-a7b90c4083c0","organization_id":"564aa517-68b0-4fd7-8c8c-d21c4bcdcbd5","project_id":"564aa517-68b0-4fd7-8c8c-d21c4bcdcbd5","region":"fr-par","reverse":"195-154-197-174.lb.fr-par.scw.cloud","zone":"fr-par-1"}],"name":"test-lb","organization_id":"564aa517-68b0-4fd7-8c8c-d21c4bcdcbd5","private_network_count":0,"project_id":"564aa517-68b0-4fd7-8c8c-d21c4bcdcbd5","region":"fr-par","route_count":0,"ssl_compatibility_level":"ssl_compatibility_level_intermediate","status":"ready","subscriber":null,"tags":[],"type":"lb-s","updated_at":"2023-07-03T20:19:48.205428Z","zone":"fr-par-1"}'
    headers:
      Content-Length:
      - "1064"
      Content-Security-Policy:
      - default-src 'none'; frame-ancestors 'none'
      Content-Type:
      - application/json
      Date:
      - Mon, 03 Jul 2023 20:20:21 GMT
      Server:
      - Scaleway API-Gateway
      Strict-Transport-Security:
      - max-age=63072000
      X-Content-Type-Options:
      - nosniff
      X-Frame-Options:
      - DENY
      X-Request-Id:
      - 4b1a9f50-19e5-4779-a2c0-4480353fcfe3
    status: 200 OK
    code: 200
- request:
    body: ""
    form: {}
    headers:
      User-Agent:
      - scaleway-sdk-go/v1.0.0-beta.7+dev (go1.20.4; darwin; amd64) terraform-provider/develop
        terraform/terraform-tests
    url: https://api.scaleway.com/lb/v1/zones/fr-par-1/backends/4e46a39a-c11d-4b38-b8db-867ddd9fea86
    method: DELETE
  response:
    body: ""
    headers:
      Content-Security-Policy:
      - default-src 'none'; frame-ancestors 'none'
      Content-Type:
      - application/json
      Date:
      - Mon, 03 Jul 2023 20:20:21 GMT
      Server:
      - Scaleway API-Gateway
      Strict-Transport-Security:
      - max-age=63072000
      X-Content-Type-Options:
      - nosniff
      X-Frame-Options:
      - DENY
      X-Request-Id:
      - ae773185-d9a6-48c1-8ed9-f1392e6bf3c6
    status: 204 No Content
    code: 204
- request:
    body: ""
    form: {}
    headers:
      User-Agent:
      - scaleway-sdk-go/v1.0.0-beta.7+dev (go1.20.4; darwin; amd64) terraform-provider/develop
        terraform/terraform-tests
    url: https://api.scaleway.com/lb/v1/zones/fr-par-1/backends/a50c2f67-f87c-4b55-884c-eb7ce720fe31
    method: DELETE
  response:
    body: ""
    headers:
      Content-Security-Policy:
      - default-src 'none'; frame-ancestors 'none'
      Content-Type:
      - application/json
      Date:
      - Mon, 03 Jul 2023 20:20:21 GMT
      Server:
      - Scaleway API-Gateway
      Strict-Transport-Security:
      - max-age=63072000
      X-Content-Type-Options:
      - nosniff
      X-Frame-Options:
      - DENY
      X-Request-Id:
      - 64dae13d-69e5-4250-a934-8002fe7352b8
    status: 204 No Content
    code: 204
- request:
    body: ""
    form: {}
    headers:
      User-Agent:
      - scaleway-sdk-go/v1.0.0-beta.7+dev (go1.20.4; darwin; amd64) terraform-provider/develop
        terraform/terraform-tests
    url: https://api.scaleway.com/lb/v1/zones/fr-par-1/lbs/fa21e7ee-8b10-4bbf-8fa7-a7b90c4083c0
    method: GET
  response:
    body: '{"backend_count":0,"created_at":"2023-07-03T20:19:45.604415Z","description":"","frontend_count":0,"id":"fa21e7ee-8b10-4bbf-8fa7-a7b90c4083c0","instances":[{"created_at":"2023-07-03T20:18:34.660790Z","id":"e8a2e103-7300-4792-bde4-4e241dc7a003","ip_address":"10.64.146.23","region":"fr-par","status":"pending","updated_at":"2023-07-03T20:20:21.443081Z","zone":"fr-par-1"}],"ip":[{"id":"86df9ff8-7a77-492d-9b03-4f6205127499","ip_address":"195.154.197.174","lb_id":"fa21e7ee-8b10-4bbf-8fa7-a7b90c4083c0","organization_id":"564aa517-68b0-4fd7-8c8c-d21c4bcdcbd5","project_id":"564aa517-68b0-4fd7-8c8c-d21c4bcdcbd5","region":"fr-par","reverse":"195-154-197-174.lb.fr-par.scw.cloud","zone":"fr-par-1"}],"name":"test-lb","organization_id":"564aa517-68b0-4fd7-8c8c-d21c4bcdcbd5","private_network_count":0,"project_id":"564aa517-68b0-4fd7-8c8c-d21c4bcdcbd5","region":"fr-par","route_count":0,"ssl_compatibility_level":"ssl_compatibility_level_intermediate","status":"ready","subscriber":null,"tags":[],"type":"lb-s","updated_at":"2023-07-03T20:19:48.205428Z","zone":"fr-par-1"}'
    headers:
      Content-Length:
      - "1066"
      Content-Security-Policy:
      - default-src 'none'; frame-ancestors 'none'
      Content-Type:
      - application/json
      Date:
      - Mon, 03 Jul 2023 20:20:21 GMT
      Server:
      - Scaleway API-Gateway
      Strict-Transport-Security:
      - max-age=63072000
      X-Content-Type-Options:
      - nosniff
      X-Frame-Options:
      - DENY
      X-Request-Id:
      - b18a2ca3-c011-4239-b094-276741de3293
    status: 200 OK
    code: 200
- request:
    body: ""
    form: {}
    headers:
      User-Agent:
      - scaleway-sdk-go/v1.0.0-beta.7+dev (go1.20.4; darwin; amd64) terraform-provider/develop
        terraform/terraform-tests
    url: https://api.scaleway.com/lb/v1/zones/fr-par-1/lbs/fa21e7ee-8b10-4bbf-8fa7-a7b90c4083c0
    method: GET
  response:
    body: '{"backend_count":0,"created_at":"2023-07-03T20:19:45.604415Z","description":"","frontend_count":0,"id":"fa21e7ee-8b10-4bbf-8fa7-a7b90c4083c0","instances":[{"created_at":"2023-07-03T20:18:34.660790Z","id":"e8a2e103-7300-4792-bde4-4e241dc7a003","ip_address":"10.64.146.23","region":"fr-par","status":"pending","updated_at":"2023-07-03T20:20:21.443081Z","zone":"fr-par-1"}],"ip":[{"id":"86df9ff8-7a77-492d-9b03-4f6205127499","ip_address":"195.154.197.174","lb_id":"fa21e7ee-8b10-4bbf-8fa7-a7b90c4083c0","organization_id":"564aa517-68b0-4fd7-8c8c-d21c4bcdcbd5","project_id":"564aa517-68b0-4fd7-8c8c-d21c4bcdcbd5","region":"fr-par","reverse":"195-154-197-174.lb.fr-par.scw.cloud","zone":"fr-par-1"}],"name":"test-lb","organization_id":"564aa517-68b0-4fd7-8c8c-d21c4bcdcbd5","private_network_count":0,"project_id":"564aa517-68b0-4fd7-8c8c-d21c4bcdcbd5","region":"fr-par","route_count":0,"ssl_compatibility_level":"ssl_compatibility_level_intermediate","status":"ready","subscriber":null,"tags":[],"type":"lb-s","updated_at":"2023-07-03T20:19:48.205428Z","zone":"fr-par-1"}'
    headers:
      Content-Length:
      - "1066"
      Content-Security-Policy:
      - default-src 'none'; frame-ancestors 'none'
      Content-Type:
      - application/json
      Date:
      - Mon, 03 Jul 2023 20:20:21 GMT
      Server:
      - Scaleway API-Gateway
      Strict-Transport-Security:
      - max-age=63072000
      X-Content-Type-Options:
      - nosniff
      X-Frame-Options:
      - DENY
      X-Request-Id:
      - 9ec8f922-42b4-4b28-860c-5f825e54e381
    status: 200 OK
    code: 200
- request:
    body: ""
    form: {}
    headers:
      User-Agent:
      - scaleway-sdk-go/v1.0.0-beta.7+dev (go1.20.4; darwin; amd64) terraform-provider/develop
        terraform/terraform-tests
    url: https://api.scaleway.com/lb/v1/zones/fr-par-1/lbs/fa21e7ee-8b10-4bbf-8fa7-a7b90c4083c0
    method: GET
  response:
    body: '{"backend_count":0,"created_at":"2023-07-03T20:19:45.604415Z","description":"","frontend_count":0,"id":"fa21e7ee-8b10-4bbf-8fa7-a7b90c4083c0","instances":[{"created_at":"2023-07-03T20:18:34.660790Z","id":"e8a2e103-7300-4792-bde4-4e241dc7a003","ip_address":"10.64.146.23","region":"fr-par","status":"ready","updated_at":"2023-07-03T20:20:21.743184Z","zone":"fr-par-1"}],"ip":[{"id":"86df9ff8-7a77-492d-9b03-4f6205127499","ip_address":"195.154.197.174","lb_id":"fa21e7ee-8b10-4bbf-8fa7-a7b90c4083c0","organization_id":"564aa517-68b0-4fd7-8c8c-d21c4bcdcbd5","project_id":"564aa517-68b0-4fd7-8c8c-d21c4bcdcbd5","region":"fr-par","reverse":"195-154-197-174.lb.fr-par.scw.cloud","zone":"fr-par-1"}],"name":"test-lb","organization_id":"564aa517-68b0-4fd7-8c8c-d21c4bcdcbd5","private_network_count":0,"project_id":"564aa517-68b0-4fd7-8c8c-d21c4bcdcbd5","region":"fr-par","route_count":0,"ssl_compatibility_level":"ssl_compatibility_level_intermediate","status":"ready","subscriber":null,"tags":[],"type":"lb-s","updated_at":"2023-07-03T20:19:48.205428Z","zone":"fr-par-1"}'
    headers:
      Content-Length:
      - "1064"
      Content-Security-Policy:
      - default-src 'none'; frame-ancestors 'none'
      Content-Type:
      - application/json
      Date:
      - Mon, 03 Jul 2023 20:20:21 GMT
      Server:
      - Scaleway API-Gateway
      Strict-Transport-Security:
      - max-age=63072000
      X-Content-Type-Options:
      - nosniff
      X-Frame-Options:
      - DENY
      X-Request-Id:
      - 622af12a-f6a2-47e2-aba4-543e4bc3cfc9
    status: 200 OK
    code: 200
- request:
    body: ""
    form: {}
    headers:
      User-Agent:
      - scaleway-sdk-go/v1.0.0-beta.7+dev (go1.20.4; darwin; amd64) terraform-provider/develop
        terraform/terraform-tests
    url: https://api.scaleway.com/lb/v1/zones/fr-par-1/lbs/fa21e7ee-8b10-4bbf-8fa7-a7b90c4083c0?release_ip=false
    method: DELETE
  response:
    body: ""
    headers:
      Content-Security-Policy:
      - default-src 'none'; frame-ancestors 'none'
      Content-Type:
      - application/json
      Date:
      - Mon, 03 Jul 2023 20:20:22 GMT
      Server:
      - Scaleway API-Gateway
      Strict-Transport-Security:
      - max-age=63072000
      X-Content-Type-Options:
      - nosniff
      X-Frame-Options:
      - DENY
      X-Request-Id:
      - 8badf954-f0f6-4367-8d34-97af364e5659
    status: 204 No Content
    code: 204
- request:
    body: ""
    form: {}
    headers:
      User-Agent:
      - scaleway-sdk-go/v1.0.0-beta.7+dev (go1.20.4; darwin; amd64) terraform-provider/develop
        terraform/terraform-tests
    url: https://api.scaleway.com/lb/v1/zones/fr-par-1/lbs/fa21e7ee-8b10-4bbf-8fa7-a7b90c4083c0
    method: GET
  response:
    body: '{"backend_count":0,"created_at":"2023-07-03T20:19:45.604415Z","description":"","frontend_count":0,"id":"fa21e7ee-8b10-4bbf-8fa7-a7b90c4083c0","instances":[{"created_at":"2023-07-03T20:18:34.660790Z","id":"e8a2e103-7300-4792-bde4-4e241dc7a003","ip_address":"10.64.146.23","region":"fr-par","status":"ready","updated_at":"2023-07-03T20:20:21.743184Z","zone":"fr-par-1"}],"ip":[{"id":"86df9ff8-7a77-492d-9b03-4f6205127499","ip_address":"195.154.197.174","lb_id":"fa21e7ee-8b10-4bbf-8fa7-a7b90c4083c0","organization_id":"564aa517-68b0-4fd7-8c8c-d21c4bcdcbd5","project_id":"564aa517-68b0-4fd7-8c8c-d21c4bcdcbd5","region":"fr-par","reverse":"195-154-197-174.lb.fr-par.scw.cloud","zone":"fr-par-1"}],"name":"test-lb","organization_id":"564aa517-68b0-4fd7-8c8c-d21c4bcdcbd5","private_network_count":0,"project_id":"564aa517-68b0-4fd7-8c8c-d21c4bcdcbd5","region":"fr-par","route_count":0,"ssl_compatibility_level":"ssl_compatibility_level_intermediate","status":"to_delete","subscriber":null,"tags":[],"type":"lb-s","updated_at":"2023-07-03T20:20:21.948651Z","zone":"fr-par-1"}'
    headers:
      Content-Length:
      - "1068"
      Content-Security-Policy:
      - default-src 'none'; frame-ancestors 'none'
      Content-Type:
      - application/json
      Date:
      - Mon, 03 Jul 2023 20:20:22 GMT
      Server:
      - Scaleway API-Gateway
      Strict-Transport-Security:
      - max-age=63072000
      X-Content-Type-Options:
      - nosniff
      X-Frame-Options:
      - DENY
      X-Request-Id:
      - ec3d00ec-b735-4f9b-b337-b433fc45bebe
    status: 200 OK
    code: 200
- request:
    body: ""
    form: {}
    headers:
      User-Agent:
      - scaleway-sdk-go/v1.0.0-beta.7+dev (go1.20.4; darwin; amd64) terraform-provider/develop
        terraform/terraform-tests
    url: https://api.scaleway.com/lb/v1/zones/fr-par-1/lbs/fa21e7ee-8b10-4bbf-8fa7-a7b90c4083c0
    method: GET
  response:
    body: '{"message":"lbs not Found"}'
    headers:
      Content-Length:
      - "27"
      Content-Security-Policy:
      - default-src 'none'; frame-ancestors 'none'
      Content-Type:
      - application/json
      Date:
      - Mon, 03 Jul 2023 20:20:52 GMT
      Server:
      - Scaleway API-Gateway
      Strict-Transport-Security:
      - max-age=63072000
      X-Content-Type-Options:
      - nosniff
      X-Frame-Options:
      - DENY
      X-Request-Id:
      - c23668ea-d6ff-45e5-a0f9-b6c988524d3f
    status: 404 Not Found
    code: 404
- request:
    body: ""
    form: {}
    headers:
      User-Agent:
      - scaleway-sdk-go/v1.0.0-beta.7+dev (go1.20.4; darwin; amd64) terraform-provider/develop
        terraform/terraform-tests
    url: https://api.scaleway.com/lb/v1/zones/fr-par-1/lbs/fa21e7ee-8b10-4bbf-8fa7-a7b90c4083c0
    method: GET
  response:
    body: '{"message":"lbs not Found"}'
    headers:
      Content-Length:
      - "27"
      Content-Security-Policy:
      - default-src 'none'; frame-ancestors 'none'
      Content-Type:
      - application/json
      Date:
      - Mon, 03 Jul 2023 20:20:52 GMT
      Server:
      - Scaleway API-Gateway
      Strict-Transport-Security:
      - max-age=63072000
      X-Content-Type-Options:
      - nosniff
      X-Frame-Options:
      - DENY
      X-Request-Id:
      - d41d9d89-bfc2-4d08-812b-4cce25322146
    status: 404 Not Found
    code: 404
- request:
    body: ""
    form: {}
    headers:
      User-Agent:
      - scaleway-sdk-go/v1.0.0-beta.7+dev (go1.20.4; darwin; amd64) terraform-provider/develop
        terraform/terraform-tests
    url: https://api.scaleway.com/lb/v1/zones/fr-par-1/ips/86df9ff8-7a77-492d-9b03-4f6205127499
    method: GET
  response:
    body: '{"id":"86df9ff8-7a77-492d-9b03-4f6205127499","ip_address":"195.154.197.174","lb_id":null,"organization_id":"564aa517-68b0-4fd7-8c8c-d21c4bcdcbd5","project_id":"564aa517-68b0-4fd7-8c8c-d21c4bcdcbd5","region":"fr-par","reverse":"195-154-197-174.lb.fr-par.scw.cloud","zone":"fr-par-1"}'
    headers:
      Content-Length:
      - "282"
      Content-Security-Policy:
      - default-src 'none'; frame-ancestors 'none'
      Content-Type:
      - application/json
      Date:
      - Mon, 03 Jul 2023 20:20:52 GMT
      Server:
      - Scaleway API-Gateway
      Strict-Transport-Security:
      - max-age=63072000
      X-Content-Type-Options:
      - nosniff
      X-Frame-Options:
      - DENY
      X-Request-Id:
      - 2cd19d71-55b7-45a6-afd7-413c32119384
    status: 200 OK
    code: 200
- request:
    body: ""
    form: {}
    headers:
      User-Agent:
      - scaleway-sdk-go/v1.0.0-beta.7+dev (go1.20.4; darwin; amd64) terraform-provider/develop
        terraform/terraform-tests
    url: https://api.scaleway.com/lb/v1/zones/fr-par-1/ips/86df9ff8-7a77-492d-9b03-4f6205127499
    method: DELETE
  response:
    body: ""
    headers:
      Content-Security-Policy:
      - default-src 'none'; frame-ancestors 'none'
      Content-Type:
      - application/json
      Date:
      - Mon, 03 Jul 2023 20:20:52 GMT
      Server:
      - Scaleway API-Gateway
      Strict-Transport-Security:
      - max-age=63072000
      X-Content-Type-Options:
      - nosniff
      X-Frame-Options:
      - DENY
      X-Request-Id:
      - 6b08a6c3-f290-4cf5-87fe-2101437883aa
    status: 204 No Content
    code: 204
- request:
    body: ""
    form: {}
    headers:
      User-Agent:
      - scaleway-sdk-go/v1.0.0-beta.7+dev (go1.20.4; darwin; amd64) terraform-provider/develop
        terraform/terraform-tests
    url: https://api.scaleway.com/lb/v1/zones/fr-par-1/lbs/fa21e7ee-8b10-4bbf-8fa7-a7b90c4083c0
    method: GET
  response:
    body: '{"message":"lbs not Found"}'
    headers:
      Content-Length:
      - "27"
      Content-Security-Policy:
      - default-src 'none'; frame-ancestors 'none'
      Content-Type:
      - application/json
      Date:
      - Mon, 03 Jul 2023 20:20:52 GMT
      Server:
      - Scaleway API-Gateway
      Strict-Transport-Security:
      - max-age=63072000
      X-Content-Type-Options:
      - nosniff
      X-Frame-Options:
      - DENY
      X-Request-Id:
      - 034e37d6-bf00-48f0-be34-eb386e7986b3
    status: 404 Not Found
    code: 404
