---
version: 2
interactions:
- request:
    body: '{"project_id":"564aa517-68b0-4fd7-8c8c-d21c4bcdcbd5","reverse":null}'
    form: {}
    headers:
      Content-Type:
      - application/json
      User-Agent:
      - scaleway-sdk-go/v1.0.0-beta.7+dev (go1.21.0; darwin; amd64) terraform-provider/develop
        terraform/terraform-tests
    url: https://api.scaleway.com/lb/v1/zones/fr-par-1/ips
    method: POST
  response:
    body: '{"id":"f13ffae4-4963-4f0e-95ef-3c939c988f7e","ip_address":"51.159.8.92","lb_id":null,"organization_id":"564aa517-68b0-4fd7-8c8c-d21c4bcdcbd5","project_id":"564aa517-68b0-4fd7-8c8c-d21c4bcdcbd5","region":"fr-par","reverse":"51-159-8-92.lb.fr-par.scw.cloud","zone":"fr-par-1"}'
    headers:
      Content-Length:
      - "274"
      Content-Security-Policy:
      - default-src 'none'; frame-ancestors 'none'
      Content-Type:
      - application/json
      Date:
      - Tue, 19 Sep 2023 14:41:19 GMT
      Server:
      - Scaleway API-Gateway
      Strict-Transport-Security:
      - max-age=63072000
      X-Content-Type-Options:
      - nosniff
      X-Frame-Options:
      - DENY
      X-Request-Id:
      - 1337bf92-551f-4e7a-86e6-99676dcec972
    status: 200 OK
    code: 200
- request:
    body: ""
    form: {}
    headers:
      User-Agent:
      - scaleway-sdk-go/v1.0.0-beta.7+dev (go1.21.0; darwin; amd64) terraform-provider/develop
        terraform/terraform-tests
    url: https://api.scaleway.com/lb/v1/zones/fr-par-1/ips/f13ffae4-4963-4f0e-95ef-3c939c988f7e
    method: GET
  response:
    body: '{"id":"f13ffae4-4963-4f0e-95ef-3c939c988f7e","ip_address":"51.159.8.92","lb_id":null,"organization_id":"564aa517-68b0-4fd7-8c8c-d21c4bcdcbd5","project_id":"564aa517-68b0-4fd7-8c8c-d21c4bcdcbd5","region":"fr-par","reverse":"51-159-8-92.lb.fr-par.scw.cloud","zone":"fr-par-1"}'
    headers:
      Content-Length:
      - "274"
      Content-Security-Policy:
      - default-src 'none'; frame-ancestors 'none'
      Content-Type:
      - application/json
      Date:
      - Tue, 19 Sep 2023 14:41:19 GMT
      Server:
      - Scaleway API-Gateway
      Strict-Transport-Security:
      - max-age=63072000
      X-Content-Type-Options:
      - nosniff
      X-Frame-Options:
      - DENY
      X-Request-Id:
      - c097e99a-3f19-4e9b-8a01-3298958ee7b2
    status: 200 OK
    code: 200
- request:
    body: '{"project_id":"564aa517-68b0-4fd7-8c8c-d21c4bcdcbd5","name":"test-lb-migration","description":"","ip_id":"f13ffae4-4963-4f0e-95ef-3c939c988f7e","assign_flexible_ip":null,"tags":["basic","tag2"],"type":"LB-S","ssl_compatibility_level":"ssl_compatibility_level_intermediate"}'
    form: {}
    headers:
      Content-Type:
      - application/json
      User-Agent:
      - scaleway-sdk-go/v1.0.0-beta.7+dev (go1.21.0; darwin; amd64) terraform-provider/develop
        terraform/terraform-tests
    url: https://api.scaleway.com/lb/v1/zones/fr-par-1/lbs
    method: POST
  response:
    body: '{"backend_count":0,"created_at":"2023-09-19T14:41:19.161590177Z","description":"","frontend_count":0,"id":"b3aa26af-f531-4260-bba9-2a2bdd3a6d24","instances":[],"ip":[{"id":"f13ffae4-4963-4f0e-95ef-3c939c988f7e","ip_address":"51.159.8.92","lb_id":"b3aa26af-f531-4260-bba9-2a2bdd3a6d24","organization_id":"564aa517-68b0-4fd7-8c8c-d21c4bcdcbd5","project_id":"564aa517-68b0-4fd7-8c8c-d21c4bcdcbd5","region":"fr-par","reverse":"51-159-8-92.lb.fr-par.scw.cloud","zone":"fr-par-1"}],"name":"test-lb-migration","organization_id":"564aa517-68b0-4fd7-8c8c-d21c4bcdcbd5","private_network_count":0,"project_id":"564aa517-68b0-4fd7-8c8c-d21c4bcdcbd5","region":"fr-par","route_count":0,"ssl_compatibility_level":"ssl_compatibility_level_intermediate","status":"to_create","subscriber":null,"tags":["basic","tag2"],"type":"lb-s","updated_at":"2023-09-19T14:41:19.161590177Z","zone":"fr-par-1"}'
    headers:
      Content-Length:
      - "878"
      Content-Security-Policy:
      - default-src 'none'; frame-ancestors 'none'
      Content-Type:
      - application/json
      Date:
      - Tue, 19 Sep 2023 14:41:19 GMT
      Server:
      - Scaleway API-Gateway
      Strict-Transport-Security:
      - max-age=63072000
      X-Content-Type-Options:
      - nosniff
      X-Frame-Options:
      - DENY
      X-Request-Id:
      - c610d7eb-62aa-49ed-9fa9-bb9415cdad16
    status: 200 OK
    code: 200
- request:
    body: ""
    form: {}
    headers:
      User-Agent:
      - scaleway-sdk-go/v1.0.0-beta.7+dev (go1.21.0; darwin; amd64) terraform-provider/develop
        terraform/terraform-tests
    url: https://api.scaleway.com/lb/v1/zones/fr-par-1/lbs/b3aa26af-f531-4260-bba9-2a2bdd3a6d24
    method: GET
  response:
    body: '{"backend_count":0,"created_at":"2023-09-19T14:41:19.161590Z","description":"","frontend_count":0,"id":"b3aa26af-f531-4260-bba9-2a2bdd3a6d24","instances":[],"ip":[{"id":"f13ffae4-4963-4f0e-95ef-3c939c988f7e","ip_address":"51.159.8.92","lb_id":"b3aa26af-f531-4260-bba9-2a2bdd3a6d24","organization_id":"564aa517-68b0-4fd7-8c8c-d21c4bcdcbd5","project_id":"564aa517-68b0-4fd7-8c8c-d21c4bcdcbd5","region":"fr-par","reverse":"51-159-8-92.lb.fr-par.scw.cloud","zone":"fr-par-1"}],"name":"test-lb-migration","organization_id":"564aa517-68b0-4fd7-8c8c-d21c4bcdcbd5","private_network_count":0,"project_id":"564aa517-68b0-4fd7-8c8c-d21c4bcdcbd5","region":"fr-par","route_count":0,"ssl_compatibility_level":"ssl_compatibility_level_intermediate","status":"to_create","subscriber":null,"tags":["basic","tag2"],"type":"lb-s","updated_at":"2023-09-19T14:41:19.161590Z","zone":"fr-par-1"}'
    headers:
      Content-Length:
      - "872"
      Content-Security-Policy:
      - default-src 'none'; frame-ancestors 'none'
      Content-Type:
      - application/json
      Date:
      - Tue, 19 Sep 2023 14:41:19 GMT
      Server:
      - Scaleway API-Gateway
      Strict-Transport-Security:
      - max-age=63072000
      X-Content-Type-Options:
      - nosniff
      X-Frame-Options:
      - DENY
      X-Request-Id:
      - c28fb0bf-4360-47e7-80a5-a4431a241cb4
    status: 200 OK
    code: 200
- request:
    body: ""
    form: {}
    headers:
      User-Agent:
      - scaleway-sdk-go/v1.0.0-beta.7+dev (go1.21.0; darwin; amd64) terraform-provider/develop
        terraform/terraform-tests
    url: https://api.scaleway.com/lb/v1/zones/fr-par-1/lbs/b3aa26af-f531-4260-bba9-2a2bdd3a6d24
    method: GET
  response:
    body: '{"backend_count":0,"created_at":"2023-09-19T14:41:19.161590Z","description":"","frontend_count":0,"id":"b3aa26af-f531-4260-bba9-2a2bdd3a6d24","instances":[{"created_at":"2023-09-19T14:22:17.370379Z","id":"5c65d408-27b9-47e8-81f9-19c37c13cd4d","ip_address":"","region":"fr-par","status":"ready","updated_at":"2023-09-19T14:41:23.457738Z","zone":"fr-par-1"}],"ip":[{"id":"f13ffae4-4963-4f0e-95ef-3c939c988f7e","ip_address":"51.159.8.92","lb_id":"b3aa26af-f531-4260-bba9-2a2bdd3a6d24","organization_id":"564aa517-68b0-4fd7-8c8c-d21c4bcdcbd5","project_id":"564aa517-68b0-4fd7-8c8c-d21c4bcdcbd5","region":"fr-par","reverse":"51-159-8-92.lb.fr-par.scw.cloud","zone":"fr-par-1"}],"name":"test-lb-migration","organization_id":"564aa517-68b0-4fd7-8c8c-d21c4bcdcbd5","private_network_count":0,"project_id":"564aa517-68b0-4fd7-8c8c-d21c4bcdcbd5","region":"fr-par","route_count":0,"ssl_compatibility_level":"ssl_compatibility_level_intermediate","status":"ready","subscriber":null,"tags":["basic","tag2"],"type":"lb-s","updated_at":"2023-09-19T14:41:24.644315Z","zone":"fr-par-1"}'
    headers:
      Content-Length:
      - "1068"
      Content-Security-Policy:
      - default-src 'none'; frame-ancestors 'none'
      Content-Type:
      - application/json
      Date:
      - Tue, 19 Sep 2023 14:41:49 GMT
      Server:
      - Scaleway API-Gateway
      Strict-Transport-Security:
      - max-age=63072000
      X-Content-Type-Options:
      - nosniff
      X-Frame-Options:
      - DENY
      X-Request-Id:
      - 5ae7d729-6f34-460c-8912-f43b21fce622
    status: 200 OK
    code: 200
- request:
    body: ""
    form: {}
    headers:
      User-Agent:
      - scaleway-sdk-go/v1.0.0-beta.7+dev (go1.21.0; darwin; amd64) terraform-provider/develop
        terraform/terraform-tests
    url: https://api.scaleway.com/lb/v1/zones/fr-par-1/lbs/b3aa26af-f531-4260-bba9-2a2bdd3a6d24
    method: GET
  response:
    body: '{"backend_count":0,"created_at":"2023-09-19T14:41:19.161590Z","description":"","frontend_count":0,"id":"b3aa26af-f531-4260-bba9-2a2bdd3a6d24","instances":[{"created_at":"2023-09-19T14:22:17.370379Z","id":"5c65d408-27b9-47e8-81f9-19c37c13cd4d","ip_address":"","region":"fr-par","status":"ready","updated_at":"2023-09-19T14:41:23.457738Z","zone":"fr-par-1"}],"ip":[{"id":"f13ffae4-4963-4f0e-95ef-3c939c988f7e","ip_address":"51.159.8.92","lb_id":"b3aa26af-f531-4260-bba9-2a2bdd3a6d24","organization_id":"564aa517-68b0-4fd7-8c8c-d21c4bcdcbd5","project_id":"564aa517-68b0-4fd7-8c8c-d21c4bcdcbd5","region":"fr-par","reverse":"51-159-8-92.lb.fr-par.scw.cloud","zone":"fr-par-1"}],"name":"test-lb-migration","organization_id":"564aa517-68b0-4fd7-8c8c-d21c4bcdcbd5","private_network_count":0,"project_id":"564aa517-68b0-4fd7-8c8c-d21c4bcdcbd5","region":"fr-par","route_count":0,"ssl_compatibility_level":"ssl_compatibility_level_intermediate","status":"ready","subscriber":null,"tags":["basic","tag2"],"type":"lb-s","updated_at":"2023-09-19T14:41:24.644315Z","zone":"fr-par-1"}'
    headers:
      Content-Length:
      - "1068"
      Content-Security-Policy:
      - default-src 'none'; frame-ancestors 'none'
      Content-Type:
      - application/json
      Date:
      - Tue, 19 Sep 2023 14:41:49 GMT
      Server:
      - Scaleway API-Gateway
      Strict-Transport-Security:
      - max-age=63072000
      X-Content-Type-Options:
      - nosniff
      X-Frame-Options:
      - DENY
      X-Request-Id:
      - 1573cf61-e5e1-4ec4-9b3c-8b1f9bc4036e
    status: 200 OK
    code: 200
- request:
    body: ""
    form: {}
    headers:
      User-Agent:
      - scaleway-sdk-go/v1.0.0-beta.7+dev (go1.21.0; darwin; amd64) terraform-provider/develop
        terraform/terraform-tests
    url: https://api.scaleway.com/lb/v1/zones/fr-par-1/lbs/b3aa26af-f531-4260-bba9-2a2bdd3a6d24/private-networks?order_by=created_at_asc
    method: GET
  response:
    body: '{"private_network":[],"total_count":0}'
    headers:
      Content-Length:
      - "38"
      Content-Security-Policy:
      - default-src 'none'; frame-ancestors 'none'
      Content-Type:
      - application/json
      Date:
      - Tue, 19 Sep 2023 14:41:49 GMT
      Server:
      - Scaleway API-Gateway
      Strict-Transport-Security:
      - max-age=63072000
      X-Content-Type-Options:
      - nosniff
      X-Frame-Options:
      - DENY
      X-Request-Id:
      - 5d877fab-eaee-4280-8148-213e7a77a67b
    status: 200 OK
    code: 200
- request:
    body: ""
    form: {}
    headers:
      User-Agent:
      - scaleway-sdk-go/v1.0.0-beta.7+dev (go1.21.0; darwin; amd64) terraform-provider/develop
        terraform/terraform-tests
    url: https://api.scaleway.com/lb/v1/zones/fr-par-1/lbs/b3aa26af-f531-4260-bba9-2a2bdd3a6d24
    method: GET
  response:
    body: '{"backend_count":0,"created_at":"2023-09-19T14:41:19.161590Z","description":"","frontend_count":0,"id":"b3aa26af-f531-4260-bba9-2a2bdd3a6d24","instances":[{"created_at":"2023-09-19T14:22:17.370379Z","id":"5c65d408-27b9-47e8-81f9-19c37c13cd4d","ip_address":"","region":"fr-par","status":"ready","updated_at":"2023-09-19T14:41:23.457738Z","zone":"fr-par-1"}],"ip":[{"id":"f13ffae4-4963-4f0e-95ef-3c939c988f7e","ip_address":"51.159.8.92","lb_id":"b3aa26af-f531-4260-bba9-2a2bdd3a6d24","organization_id":"564aa517-68b0-4fd7-8c8c-d21c4bcdcbd5","project_id":"564aa517-68b0-4fd7-8c8c-d21c4bcdcbd5","region":"fr-par","reverse":"51-159-8-92.lb.fr-par.scw.cloud","zone":"fr-par-1"}],"name":"test-lb-migration","organization_id":"564aa517-68b0-4fd7-8c8c-d21c4bcdcbd5","private_network_count":0,"project_id":"564aa517-68b0-4fd7-8c8c-d21c4bcdcbd5","region":"fr-par","route_count":0,"ssl_compatibility_level":"ssl_compatibility_level_intermediate","status":"ready","subscriber":null,"tags":["basic","tag2"],"type":"lb-s","updated_at":"2023-09-19T14:41:24.644315Z","zone":"fr-par-1"}'
    headers:
      Content-Length:
      - "1068"
      Content-Security-Policy:
      - default-src 'none'; frame-ancestors 'none'
      Content-Type:
      - application/json
      Date:
      - Tue, 19 Sep 2023 14:41:49 GMT
      Server:
      - Scaleway API-Gateway
      Strict-Transport-Security:
      - max-age=63072000
      X-Content-Type-Options:
      - nosniff
      X-Frame-Options:
      - DENY
      X-Request-Id:
      - 78f66dbf-2eca-4816-b5d9-20d52ef1e2c5
    status: 200 OK
    code: 200
- request:
    body: ""
    form: {}
    headers:
      User-Agent:
      - scaleway-sdk-go/v1.0.0-beta.7+dev (go1.21.0; darwin; amd64) terraform-provider/develop
        terraform/terraform-tests
    url: https://api.scaleway.com/lb/v1/zones/fr-par-1/ips/f13ffae4-4963-4f0e-95ef-3c939c988f7e
    method: GET
  response:
    body: '{"id":"f13ffae4-4963-4f0e-95ef-3c939c988f7e","ip_address":"51.159.8.92","lb_id":"b3aa26af-f531-4260-bba9-2a2bdd3a6d24","organization_id":"564aa517-68b0-4fd7-8c8c-d21c4bcdcbd5","project_id":"564aa517-68b0-4fd7-8c8c-d21c4bcdcbd5","region":"fr-par","reverse":"51-159-8-92.lb.fr-par.scw.cloud","zone":"fr-par-1"}'
    headers:
      Content-Length:
      - "308"
      Content-Security-Policy:
      - default-src 'none'; frame-ancestors 'none'
      Content-Type:
      - application/json
      Date:
      - Tue, 19 Sep 2023 14:41:50 GMT
      Server:
      - Scaleway API-Gateway
      Strict-Transport-Security:
      - max-age=63072000
      X-Content-Type-Options:
      - nosniff
      X-Frame-Options:
      - DENY
      X-Request-Id:
      - 1f4ce9ec-987b-4fcb-9456-76319edc412d
    status: 200 OK
    code: 200
- request:
    body: ""
    form: {}
    headers:
      User-Agent:
      - scaleway-sdk-go/v1.0.0-beta.7+dev (go1.21.0; darwin; amd64) terraform-provider/develop
        terraform/terraform-tests
    url: https://api.scaleway.com/lb/v1/zones/fr-par-1/lbs/b3aa26af-f531-4260-bba9-2a2bdd3a6d24
    method: GET
  response:
    body: '{"backend_count":0,"created_at":"2023-09-19T14:41:19.161590Z","description":"","frontend_count":0,"id":"b3aa26af-f531-4260-bba9-2a2bdd3a6d24","instances":[{"created_at":"2023-09-19T14:22:17.370379Z","id":"5c65d408-27b9-47e8-81f9-19c37c13cd4d","ip_address":"","region":"fr-par","status":"ready","updated_at":"2023-09-19T14:41:23.457738Z","zone":"fr-par-1"}],"ip":[{"id":"f13ffae4-4963-4f0e-95ef-3c939c988f7e","ip_address":"51.159.8.92","lb_id":"b3aa26af-f531-4260-bba9-2a2bdd3a6d24","organization_id":"564aa517-68b0-4fd7-8c8c-d21c4bcdcbd5","project_id":"564aa517-68b0-4fd7-8c8c-d21c4bcdcbd5","region":"fr-par","reverse":"51-159-8-92.lb.fr-par.scw.cloud","zone":"fr-par-1"}],"name":"test-lb-migration","organization_id":"564aa517-68b0-4fd7-8c8c-d21c4bcdcbd5","private_network_count":0,"project_id":"564aa517-68b0-4fd7-8c8c-d21c4bcdcbd5","region":"fr-par","route_count":0,"ssl_compatibility_level":"ssl_compatibility_level_intermediate","status":"ready","subscriber":null,"tags":["basic","tag2"],"type":"lb-s","updated_at":"2023-09-19T14:41:24.644315Z","zone":"fr-par-1"}'
    headers:
      Content-Length:
      - "1068"
      Content-Security-Policy:
      - default-src 'none'; frame-ancestors 'none'
      Content-Type:
      - application/json
      Date:
      - Tue, 19 Sep 2023 14:41:50 GMT
      Server:
      - Scaleway API-Gateway
      Strict-Transport-Security:
      - max-age=63072000
      X-Content-Type-Options:
      - nosniff
      X-Frame-Options:
      - DENY
      X-Request-Id:
      - c11da4f4-8221-4ca6-9b1e-feaff41c0d17
    status: 200 OK
    code: 200
- request:
    body: ""
    form: {}
    headers:
      User-Agent:
      - scaleway-sdk-go/v1.0.0-beta.7+dev (go1.21.0; darwin; amd64) terraform-provider/develop
        terraform/terraform-tests
    url: https://api.scaleway.com/lb/v1/zones/fr-par-1/lbs/b3aa26af-f531-4260-bba9-2a2bdd3a6d24
    method: GET
  response:
    body: '{"backend_count":0,"created_at":"2023-09-19T14:41:19.161590Z","description":"","frontend_count":0,"id":"b3aa26af-f531-4260-bba9-2a2bdd3a6d24","instances":[{"created_at":"2023-09-19T14:22:17.370379Z","id":"5c65d408-27b9-47e8-81f9-19c37c13cd4d","ip_address":"","region":"fr-par","status":"ready","updated_at":"2023-09-19T14:41:23.457738Z","zone":"fr-par-1"}],"ip":[{"id":"f13ffae4-4963-4f0e-95ef-3c939c988f7e","ip_address":"51.159.8.92","lb_id":"b3aa26af-f531-4260-bba9-2a2bdd3a6d24","organization_id":"564aa517-68b0-4fd7-8c8c-d21c4bcdcbd5","project_id":"564aa517-68b0-4fd7-8c8c-d21c4bcdcbd5","region":"fr-par","reverse":"51-159-8-92.lb.fr-par.scw.cloud","zone":"fr-par-1"}],"name":"test-lb-migration","organization_id":"564aa517-68b0-4fd7-8c8c-d21c4bcdcbd5","private_network_count":0,"project_id":"564aa517-68b0-4fd7-8c8c-d21c4bcdcbd5","region":"fr-par","route_count":0,"ssl_compatibility_level":"ssl_compatibility_level_intermediate","status":"ready","subscriber":null,"tags":["basic","tag2"],"type":"lb-s","updated_at":"2023-09-19T14:41:24.644315Z","zone":"fr-par-1"}'
    headers:
      Content-Length:
      - "1068"
      Content-Security-Policy:
      - default-src 'none'; frame-ancestors 'none'
      Content-Type:
      - application/json
      Date:
      - Tue, 19 Sep 2023 14:41:50 GMT
      Server:
      - Scaleway API-Gateway
      Strict-Transport-Security:
      - max-age=63072000
      X-Content-Type-Options:
      - nosniff
      X-Frame-Options:
      - DENY
      X-Request-Id:
      - dc68afc6-1169-416a-b2f1-f1ce98e9f97d
    status: 200 OK
    code: 200
- request:
    body: ""
    form: {}
    headers:
      User-Agent:
      - scaleway-sdk-go/v1.0.0-beta.7+dev (go1.21.0; darwin; amd64) terraform-provider/develop
        terraform/terraform-tests
    url: https://api.scaleway.com/lb/v1/zones/fr-par-1/lbs/b3aa26af-f531-4260-bba9-2a2bdd3a6d24/private-networks?order_by=created_at_asc
    method: GET
  response:
    body: '{"private_network":[],"total_count":0}'
    headers:
      Content-Length:
      - "38"
      Content-Security-Policy:
      - default-src 'none'; frame-ancestors 'none'
      Content-Type:
      - application/json
      Date:
      - Tue, 19 Sep 2023 14:41:50 GMT
      Server:
      - Scaleway API-Gateway
      Strict-Transport-Security:
      - max-age=63072000
      X-Content-Type-Options:
      - nosniff
      X-Frame-Options:
      - DENY
      X-Request-Id:
      - dac832fa-3ee1-4d47-a683-fd54da94bebc
    status: 200 OK
    code: 200
- request:
    body: ""
    form: {}
    headers:
      User-Agent:
      - scaleway-sdk-go/v1.0.0-beta.7+dev (go1.21.0; darwin; amd64) terraform-provider/develop
        terraform/terraform-tests
    url: https://api.scaleway.com/lb/v1/zones/fr-par-1/ips/f13ffae4-4963-4f0e-95ef-3c939c988f7e
    method: GET
  response:
    body: '{"id":"f13ffae4-4963-4f0e-95ef-3c939c988f7e","ip_address":"51.159.8.92","lb_id":"b3aa26af-f531-4260-bba9-2a2bdd3a6d24","organization_id":"564aa517-68b0-4fd7-8c8c-d21c4bcdcbd5","project_id":"564aa517-68b0-4fd7-8c8c-d21c4bcdcbd5","region":"fr-par","reverse":"51-159-8-92.lb.fr-par.scw.cloud","zone":"fr-par-1"}'
    headers:
      Content-Length:
      - "308"
      Content-Security-Policy:
      - default-src 'none'; frame-ancestors 'none'
      Content-Type:
      - application/json
      Date:
      - Tue, 19 Sep 2023 14:41:50 GMT
      Server:
      - Scaleway API-Gateway
      Strict-Transport-Security:
      - max-age=63072000
      X-Content-Type-Options:
      - nosniff
      X-Frame-Options:
      - DENY
      X-Request-Id:
      - 65e2fd5f-8fa1-4140-815b-5ce7b94c2a38
    status: 200 OK
    code: 200
- request:
    body: ""
    form: {}
    headers:
      User-Agent:
      - scaleway-sdk-go/v1.0.0-beta.7+dev (go1.21.0; darwin; amd64) terraform-provider/develop
        terraform/terraform-tests
    url: https://api.scaleway.com/lb/v1/zones/fr-par-1/lbs/b3aa26af-f531-4260-bba9-2a2bdd3a6d24
    method: GET
  response:
    body: '{"backend_count":0,"created_at":"2023-09-19T14:41:19.161590Z","description":"","frontend_count":0,"id":"b3aa26af-f531-4260-bba9-2a2bdd3a6d24","instances":[{"created_at":"2023-09-19T14:22:17.370379Z","id":"5c65d408-27b9-47e8-81f9-19c37c13cd4d","ip_address":"","region":"fr-par","status":"ready","updated_at":"2023-09-19T14:41:23.457738Z","zone":"fr-par-1"}],"ip":[{"id":"f13ffae4-4963-4f0e-95ef-3c939c988f7e","ip_address":"51.159.8.92","lb_id":"b3aa26af-f531-4260-bba9-2a2bdd3a6d24","organization_id":"564aa517-68b0-4fd7-8c8c-d21c4bcdcbd5","project_id":"564aa517-68b0-4fd7-8c8c-d21c4bcdcbd5","region":"fr-par","reverse":"51-159-8-92.lb.fr-par.scw.cloud","zone":"fr-par-1"}],"name":"test-lb-migration","organization_id":"564aa517-68b0-4fd7-8c8c-d21c4bcdcbd5","private_network_count":0,"project_id":"564aa517-68b0-4fd7-8c8c-d21c4bcdcbd5","region":"fr-par","route_count":0,"ssl_compatibility_level":"ssl_compatibility_level_intermediate","status":"ready","subscriber":null,"tags":["basic","tag2"],"type":"lb-s","updated_at":"2023-09-19T14:41:24.644315Z","zone":"fr-par-1"}'
    headers:
      Content-Length:
      - "1068"
      Content-Security-Policy:
      - default-src 'none'; frame-ancestors 'none'
      Content-Type:
      - application/json
      Date:
      - Tue, 19 Sep 2023 14:41:50 GMT
      Server:
      - Scaleway API-Gateway
      Strict-Transport-Security:
      - max-age=63072000
      X-Content-Type-Options:
      - nosniff
      X-Frame-Options:
      - DENY
      X-Request-Id:
      - c2dc58d7-9b87-4529-aaab-39dafde5dc74
    status: 200 OK
    code: 200
- request:
    body: ""
    form: {}
    headers:
      User-Agent:
      - scaleway-sdk-go/v1.0.0-beta.7+dev (go1.21.0; darwin; amd64) terraform-provider/develop
        terraform/terraform-tests
    url: https://api.scaleway.com/lb/v1/zones/fr-par-1/lbs/b3aa26af-f531-4260-bba9-2a2bdd3a6d24
    method: GET
  response:
    body: '{"backend_count":0,"created_at":"2023-09-19T14:41:19.161590Z","description":"","frontend_count":0,"id":"b3aa26af-f531-4260-bba9-2a2bdd3a6d24","instances":[{"created_at":"2023-09-19T14:22:17.370379Z","id":"5c65d408-27b9-47e8-81f9-19c37c13cd4d","ip_address":"","region":"fr-par","status":"ready","updated_at":"2023-09-19T14:41:23.457738Z","zone":"fr-par-1"}],"ip":[{"id":"f13ffae4-4963-4f0e-95ef-3c939c988f7e","ip_address":"51.159.8.92","lb_id":"b3aa26af-f531-4260-bba9-2a2bdd3a6d24","organization_id":"564aa517-68b0-4fd7-8c8c-d21c4bcdcbd5","project_id":"564aa517-68b0-4fd7-8c8c-d21c4bcdcbd5","region":"fr-par","reverse":"51-159-8-92.lb.fr-par.scw.cloud","zone":"fr-par-1"}],"name":"test-lb-migration","organization_id":"564aa517-68b0-4fd7-8c8c-d21c4bcdcbd5","private_network_count":0,"project_id":"564aa517-68b0-4fd7-8c8c-d21c4bcdcbd5","region":"fr-par","route_count":0,"ssl_compatibility_level":"ssl_compatibility_level_intermediate","status":"ready","subscriber":null,"tags":["basic","tag2"],"type":"lb-s","updated_at":"2023-09-19T14:41:24.644315Z","zone":"fr-par-1"}'
    headers:
      Content-Length:
      - "1068"
      Content-Security-Policy:
      - default-src 'none'; frame-ancestors 'none'
      Content-Type:
      - application/json
      Date:
      - Tue, 19 Sep 2023 14:41:50 GMT
      Server:
      - Scaleway API-Gateway
      Strict-Transport-Security:
      - max-age=63072000
      X-Content-Type-Options:
      - nosniff
      X-Frame-Options:
      - DENY
      X-Request-Id:
      - b677185f-4824-4f44-9ee5-bb803b8ce374
    status: 200 OK
    code: 200
- request:
    body: ""
    form: {}
    headers:
      User-Agent:
      - scaleway-sdk-go/v1.0.0-beta.7+dev (go1.21.0; darwin; amd64) terraform-provider/develop
        terraform/terraform-tests
    url: https://api.scaleway.com/lb/v1/zones/fr-par-1/lbs/b3aa26af-f531-4260-bba9-2a2bdd3a6d24/private-networks?order_by=created_at_asc
    method: GET
  response:
    body: '{"private_network":[],"total_count":0}'
    headers:
      Content-Length:
      - "38"
      Content-Security-Policy:
      - default-src 'none'; frame-ancestors 'none'
      Content-Type:
      - application/json
      Date:
      - Tue, 19 Sep 2023 14:41:50 GMT
      Server:
      - Scaleway API-Gateway
      Strict-Transport-Security:
      - max-age=63072000
      X-Content-Type-Options:
      - nosniff
      X-Frame-Options:
      - DENY
      X-Request-Id:
      - 8195d581-8cef-4aae-b7b1-9ad8f0c75f1e
    status: 200 OK
    code: 200
- request:
    body: '{"name":"test-lb-migrate-lb-gp-m","description":"","tags":["migration"],"ssl_compatibility_level":"ssl_compatibility_level_intermediate"}'
    form: {}
    headers:
      Content-Type:
      - application/json
      User-Agent:
      - scaleway-sdk-go/v1.0.0-beta.7+dev (go1.21.0; darwin; amd64) terraform-provider/develop
        terraform/terraform-tests
    url: https://api.scaleway.com/lb/v1/zones/fr-par-1/lbs/b3aa26af-f531-4260-bba9-2a2bdd3a6d24
    method: PUT
  response:
    body: '{"backend_count":0,"created_at":"2023-09-19T14:41:19.161590Z","description":"","frontend_count":0,"id":"b3aa26af-f531-4260-bba9-2a2bdd3a6d24","instances":[{"created_at":"2023-09-19T14:22:17.370379Z","id":"5c65d408-27b9-47e8-81f9-19c37c13cd4d","ip_address":"","region":"fr-par","status":"ready","updated_at":"2023-09-19T14:41:23.457738Z","zone":"fr-par-1"}],"ip":[{"id":"f13ffae4-4963-4f0e-95ef-3c939c988f7e","ip_address":"51.159.8.92","lb_id":"b3aa26af-f531-4260-bba9-2a2bdd3a6d24","organization_id":"564aa517-68b0-4fd7-8c8c-d21c4bcdcbd5","project_id":"564aa517-68b0-4fd7-8c8c-d21c4bcdcbd5","region":"fr-par","reverse":"51-159-8-92.lb.fr-par.scw.cloud","zone":"fr-par-1"}],"name":"test-lb-migrate-lb-gp-m","organization_id":"564aa517-68b0-4fd7-8c8c-d21c4bcdcbd5","private_network_count":0,"project_id":"564aa517-68b0-4fd7-8c8c-d21c4bcdcbd5","region":"fr-par","route_count":0,"ssl_compatibility_level":"ssl_compatibility_level_intermediate","status":"ready","subscriber":null,"tags":["migration"],"type":"lb-s","updated_at":"2023-09-19T14:41:51.458334662Z","zone":"fr-par-1"}'
    headers:
      Content-Length:
      - "1074"
      Content-Security-Policy:
      - default-src 'none'; frame-ancestors 'none'
      Content-Type:
      - application/json
      Date:
      - Tue, 19 Sep 2023 14:41:51 GMT
      Server:
      - Scaleway API-Gateway
      Strict-Transport-Security:
      - max-age=63072000
      X-Content-Type-Options:
      - nosniff
      X-Frame-Options:
      - DENY
      X-Request-Id:
      - 7f65fc50-f8f3-41ee-97ca-4bcacb01b260
    status: 200 OK
    code: 200
- request:
    body: ""
    form: {}
    headers:
      User-Agent:
      - scaleway-sdk-go/v1.0.0-beta.7+dev (go1.21.0; darwin; amd64) terraform-provider/develop
        terraform/terraform-tests
    url: https://api.scaleway.com/lb/v1/zones/fr-par-1/lbs/b3aa26af-f531-4260-bba9-2a2bdd3a6d24
    method: GET
  response:
    body: '{"backend_count":0,"created_at":"2023-09-19T14:41:19.161590Z","description":"","frontend_count":0,"id":"b3aa26af-f531-4260-bba9-2a2bdd3a6d24","instances":[{"created_at":"2023-09-19T14:22:17.370379Z","id":"5c65d408-27b9-47e8-81f9-19c37c13cd4d","ip_address":"","region":"fr-par","status":"ready","updated_at":"2023-09-19T14:41:23.457738Z","zone":"fr-par-1"}],"ip":[{"id":"f13ffae4-4963-4f0e-95ef-3c939c988f7e","ip_address":"51.159.8.92","lb_id":"b3aa26af-f531-4260-bba9-2a2bdd3a6d24","organization_id":"564aa517-68b0-4fd7-8c8c-d21c4bcdcbd5","project_id":"564aa517-68b0-4fd7-8c8c-d21c4bcdcbd5","region":"fr-par","reverse":"51-159-8-92.lb.fr-par.scw.cloud","zone":"fr-par-1"}],"name":"test-lb-migrate-lb-gp-m","organization_id":"564aa517-68b0-4fd7-8c8c-d21c4bcdcbd5","private_network_count":0,"project_id":"564aa517-68b0-4fd7-8c8c-d21c4bcdcbd5","region":"fr-par","route_count":0,"ssl_compatibility_level":"ssl_compatibility_level_intermediate","status":"ready","subscriber":null,"tags":["migration"],"type":"lb-s","updated_at":"2023-09-19T14:41:51.458335Z","zone":"fr-par-1"}'
    headers:
      Content-Length:
      - "1071"
      Content-Security-Policy:
      - default-src 'none'; frame-ancestors 'none'
      Content-Type:
      - application/json
      Date:
      - Tue, 19 Sep 2023 14:41:51 GMT
      Server:
      - Scaleway API-Gateway
      Strict-Transport-Security:
      - max-age=63072000
      X-Content-Type-Options:
      - nosniff
      X-Frame-Options:
      - DENY
      X-Request-Id:
      - 83afb564-7f8f-4ea4-b0bc-d30b115e5b67
    status: 200 OK
    code: 200
- request:
    body: '{"type":"LB-GP-M"}'
    form: {}
    headers:
      Content-Type:
      - application/json
      User-Agent:
      - scaleway-sdk-go/v1.0.0-beta.7+dev (go1.21.0; darwin; amd64) terraform-provider/develop
        terraform/terraform-tests
    url: https://api.scaleway.com/lb/v1/zones/fr-par-1/lbs/b3aa26af-f531-4260-bba9-2a2bdd3a6d24/migrate
    method: POST
  response:
    body: '{"backend_count":0,"created_at":"2023-09-19T14:41:19.161590Z","description":"","frontend_count":0,"id":"b3aa26af-f531-4260-bba9-2a2bdd3a6d24","instances":[{"created_at":"2023-09-19T14:22:17.370379Z","id":"5c65d408-27b9-47e8-81f9-19c37c13cd4d","ip_address":"","region":"fr-par","status":"ready","updated_at":"2023-09-19T14:41:23.457738Z","zone":"fr-par-1"}],"ip":[{"id":"f13ffae4-4963-4f0e-95ef-3c939c988f7e","ip_address":"51.159.8.92","lb_id":"b3aa26af-f531-4260-bba9-2a2bdd3a6d24","organization_id":"564aa517-68b0-4fd7-8c8c-d21c4bcdcbd5","project_id":"564aa517-68b0-4fd7-8c8c-d21c4bcdcbd5","region":"fr-par","reverse":"51-159-8-92.lb.fr-par.scw.cloud","zone":"fr-par-1"}],"name":"test-lb-migrate-lb-gp-m","organization_id":"564aa517-68b0-4fd7-8c8c-d21c4bcdcbd5","private_network_count":0,"project_id":"564aa517-68b0-4fd7-8c8c-d21c4bcdcbd5","region":"fr-par","route_count":0,"ssl_compatibility_level":"ssl_compatibility_level_intermediate","status":"migrating","subscriber":null,"tags":["migration"],"type":"lb-s","updated_at":"2023-09-19T14:41:51.637341950Z","zone":"fr-par-1"}'
    headers:
      Content-Length:
      - "1078"
      Content-Security-Policy:
      - default-src 'none'; frame-ancestors 'none'
      Content-Type:
      - application/json
      Date:
      - Tue, 19 Sep 2023 14:41:51 GMT
      Server:
      - Scaleway API-Gateway
      Strict-Transport-Security:
      - max-age=63072000
      X-Content-Type-Options:
      - nosniff
      X-Frame-Options:
      - DENY
      X-Request-Id:
      - 6dd06f7d-1f69-4de5-b1fb-753b50840361
    status: 200 OK
    code: 200
- request:
    body: ""
    form: {}
    headers:
      User-Agent:
      - scaleway-sdk-go/v1.0.0-beta.7+dev (go1.21.0; darwin; amd64) terraform-provider/develop
        terraform/terraform-tests
    url: https://api.scaleway.com/lb/v1/zones/fr-par-1/lbs/b3aa26af-f531-4260-bba9-2a2bdd3a6d24
    method: GET
  response:
    body: '{"backend_count":0,"created_at":"2023-09-19T14:41:19.161590Z","description":"","frontend_count":0,"id":"b3aa26af-f531-4260-bba9-2a2bdd3a6d24","instances":[{"created_at":"2023-09-19T14:22:17.370379Z","id":"5c65d408-27b9-47e8-81f9-19c37c13cd4d","ip_address":"","region":"fr-par","status":"ready","updated_at":"2023-09-19T14:41:23.457738Z","zone":"fr-par-1"}],"ip":[{"id":"f13ffae4-4963-4f0e-95ef-3c939c988f7e","ip_address":"51.159.8.92","lb_id":"b3aa26af-f531-4260-bba9-2a2bdd3a6d24","organization_id":"564aa517-68b0-4fd7-8c8c-d21c4bcdcbd5","project_id":"564aa517-68b0-4fd7-8c8c-d21c4bcdcbd5","region":"fr-par","reverse":"51-159-8-92.lb.fr-par.scw.cloud","zone":"fr-par-1"}],"name":"test-lb-migrate-lb-gp-m","organization_id":"564aa517-68b0-4fd7-8c8c-d21c4bcdcbd5","private_network_count":0,"project_id":"564aa517-68b0-4fd7-8c8c-d21c4bcdcbd5","region":"fr-par","route_count":0,"ssl_compatibility_level":"ssl_compatibility_level_intermediate","status":"migrating","subscriber":null,"tags":["migration"],"type":"lb-s","updated_at":"2023-09-19T14:41:51.637342Z","zone":"fr-par-1"}'
    headers:
      Content-Length:
      - "1075"
      Content-Security-Policy:
      - default-src 'none'; frame-ancestors 'none'
      Content-Type:
      - application/json
      Date:
      - Tue, 19 Sep 2023 14:41:51 GMT
      Server:
      - Scaleway API-Gateway
      Strict-Transport-Security:
      - max-age=63072000
      X-Content-Type-Options:
      - nosniff
      X-Frame-Options:
      - DENY
      X-Request-Id:
      - 3db2b2d7-c3c9-4e18-813a-3913a3bad44c
    status: 200 OK
    code: 200
- request:
    body: ""
    form: {}
    headers:
      User-Agent:
      - scaleway-sdk-go/v1.0.0-beta.7+dev (go1.21.0; darwin; amd64) terraform-provider/develop
        terraform/terraform-tests
    url: https://api.scaleway.com/lb/v1/zones/fr-par-1/lbs/b3aa26af-f531-4260-bba9-2a2bdd3a6d24
    method: GET
  response:
    body: '{"backend_count":0,"created_at":"2023-09-19T14:41:19.161590Z","description":"","frontend_count":0,"id":"b3aa26af-f531-4260-bba9-2a2bdd3a6d24","instances":[{"created_at":"2023-09-19T13:39:47.031405Z","id":"38af9706-bc70-4e32-ac89-ffe47b47fed0","ip_address":"","region":"fr-par","status":"ready","updated_at":"2023-09-19T14:41:56.026581Z","zone":"fr-par-1"}],"ip":[{"id":"f13ffae4-4963-4f0e-95ef-3c939c988f7e","ip_address":"51.159.8.92","lb_id":"b3aa26af-f531-4260-bba9-2a2bdd3a6d24","organization_id":"564aa517-68b0-4fd7-8c8c-d21c4bcdcbd5","project_id":"564aa517-68b0-4fd7-8c8c-d21c4bcdcbd5","region":"fr-par","reverse":"51-159-8-92.lb.fr-par.scw.cloud","zone":"fr-par-1"}],"name":"test-lb-migrate-lb-gp-m","organization_id":"564aa517-68b0-4fd7-8c8c-d21c4bcdcbd5","private_network_count":0,"project_id":"564aa517-68b0-4fd7-8c8c-d21c4bcdcbd5","region":"fr-par","route_count":0,"ssl_compatibility_level":"ssl_compatibility_level_intermediate","status":"ready","subscriber":null,"tags":["migration"],"type":"lb-gp-m","updated_at":"2023-09-19T14:41:56.412437Z","zone":"fr-par-1"}'
    headers:
      Content-Length:
      - "1074"
      Content-Security-Policy:
      - default-src 'none'; frame-ancestors 'none'
      Content-Type:
      - application/json
      Date:
      - Tue, 19 Sep 2023 14:42:21 GMT
      Server:
      - Scaleway API-Gateway
      Strict-Transport-Security:
      - max-age=63072000
      X-Content-Type-Options:
      - nosniff
      X-Frame-Options:
      - DENY
      X-Request-Id:
      - f3099da2-7979-4eb7-b228-9b16342dd7da
    status: 200 OK
    code: 200
- request:
    body: ""
    form: {}
    headers:
      User-Agent:
      - scaleway-sdk-go/v1.0.0-beta.7+dev (go1.21.0; darwin; amd64) terraform-provider/develop
        terraform/terraform-tests
    url: https://api.scaleway.com/lb/v1/zones/fr-par-1/lbs/b3aa26af-f531-4260-bba9-2a2bdd3a6d24
    method: GET
  response:
    body: '{"backend_count":0,"created_at":"2023-09-19T14:41:19.161590Z","description":"","frontend_count":0,"id":"b3aa26af-f531-4260-bba9-2a2bdd3a6d24","instances":[{"created_at":"2023-09-19T13:39:47.031405Z","id":"38af9706-bc70-4e32-ac89-ffe47b47fed0","ip_address":"","region":"fr-par","status":"ready","updated_at":"2023-09-19T14:41:56.026581Z","zone":"fr-par-1"}],"ip":[{"id":"f13ffae4-4963-4f0e-95ef-3c939c988f7e","ip_address":"51.159.8.92","lb_id":"b3aa26af-f531-4260-bba9-2a2bdd3a6d24","organization_id":"564aa517-68b0-4fd7-8c8c-d21c4bcdcbd5","project_id":"564aa517-68b0-4fd7-8c8c-d21c4bcdcbd5","region":"fr-par","reverse":"51-159-8-92.lb.fr-par.scw.cloud","zone":"fr-par-1"}],"name":"test-lb-migrate-lb-gp-m","organization_id":"564aa517-68b0-4fd7-8c8c-d21c4bcdcbd5","private_network_count":0,"project_id":"564aa517-68b0-4fd7-8c8c-d21c4bcdcbd5","region":"fr-par","route_count":0,"ssl_compatibility_level":"ssl_compatibility_level_intermediate","status":"ready","subscriber":null,"tags":["migration"],"type":"lb-gp-m","updated_at":"2023-09-19T14:41:56.412437Z","zone":"fr-par-1"}'
    headers:
      Content-Length:
      - "1074"
      Content-Security-Policy:
      - default-src 'none'; frame-ancestors 'none'
      Content-Type:
      - application/json
      Date:
      - Tue, 19 Sep 2023 14:42:22 GMT
      Server:
      - Scaleway API-Gateway
      Strict-Transport-Security:
      - max-age=63072000
      X-Content-Type-Options:
      - nosniff
      X-Frame-Options:
      - DENY
      X-Request-Id:
      - 70537b6d-b835-4038-a2c6-c0f1259ad2ba
    status: 200 OK
    code: 200
- request:
    body: ""
    form: {}
    headers:
      User-Agent:
      - scaleway-sdk-go/v1.0.0-beta.7+dev (go1.21.0; darwin; amd64) terraform-provider/develop
        terraform/terraform-tests
    url: https://api.scaleway.com/lb/v1/zones/fr-par-1/lbs/b3aa26af-f531-4260-bba9-2a2bdd3a6d24/private-networks?order_by=created_at_asc
    method: GET
  response:
    body: '{"private_network":[],"total_count":0}'
    headers:
      Content-Length:
      - "38"
      Content-Security-Policy:
      - default-src 'none'; frame-ancestors 'none'
      Content-Type:
      - application/json
      Date:
      - Tue, 19 Sep 2023 14:42:22 GMT
      Server:
      - Scaleway API-Gateway
      Strict-Transport-Security:
      - max-age=63072000
      X-Content-Type-Options:
      - nosniff
      X-Frame-Options:
      - DENY
      X-Request-Id:
      - 84ed8c1f-8ac8-4fdc-9452-ff05dee91e4c
    status: 200 OK
    code: 200
- request:
    body: ""
    form: {}
    headers:
      User-Agent:
      - scaleway-sdk-go/v1.0.0-beta.7+dev (go1.21.0; darwin; amd64) terraform-provider/develop
        terraform/terraform-tests
    url: https://api.scaleway.com/lb/v1/zones/fr-par-1/lbs/b3aa26af-f531-4260-bba9-2a2bdd3a6d24
    method: GET
  response:
    body: '{"backend_count":0,"created_at":"2023-09-19T14:41:19.161590Z","description":"","frontend_count":0,"id":"b3aa26af-f531-4260-bba9-2a2bdd3a6d24","instances":[{"created_at":"2023-09-19T13:39:47.031405Z","id":"38af9706-bc70-4e32-ac89-ffe47b47fed0","ip_address":"","region":"fr-par","status":"ready","updated_at":"2023-09-19T14:41:56.026581Z","zone":"fr-par-1"}],"ip":[{"id":"f13ffae4-4963-4f0e-95ef-3c939c988f7e","ip_address":"51.159.8.92","lb_id":"b3aa26af-f531-4260-bba9-2a2bdd3a6d24","organization_id":"564aa517-68b0-4fd7-8c8c-d21c4bcdcbd5","project_id":"564aa517-68b0-4fd7-8c8c-d21c4bcdcbd5","region":"fr-par","reverse":"51-159-8-92.lb.fr-par.scw.cloud","zone":"fr-par-1"}],"name":"test-lb-migrate-lb-gp-m","organization_id":"564aa517-68b0-4fd7-8c8c-d21c4bcdcbd5","private_network_count":0,"project_id":"564aa517-68b0-4fd7-8c8c-d21c4bcdcbd5","region":"fr-par","route_count":0,"ssl_compatibility_level":"ssl_compatibility_level_intermediate","status":"ready","subscriber":null,"tags":["migration"],"type":"lb-gp-m","updated_at":"2023-09-19T14:41:56.412437Z","zone":"fr-par-1"}'
    headers:
      Content-Length:
      - "1074"
      Content-Security-Policy:
      - default-src 'none'; frame-ancestors 'none'
      Content-Type:
      - application/json
      Date:
      - Tue, 19 Sep 2023 14:42:22 GMT
      Server:
      - Scaleway API-Gateway
      Strict-Transport-Security:
      - max-age=63072000
      X-Content-Type-Options:
      - nosniff
      X-Frame-Options:
      - DENY
      X-Request-Id:
      - 6526092c-743d-4d54-95a0-26428871bc7e
    status: 200 OK
    code: 200
- request:
    body: ""
    form: {}
    headers:
      User-Agent:
      - scaleway-sdk-go/v1.0.0-beta.7+dev (go1.21.0; darwin; amd64) terraform-provider/develop
        terraform/terraform-tests
    url: https://api.scaleway.com/lb/v1/zones/fr-par-1/ips/f13ffae4-4963-4f0e-95ef-3c939c988f7e
    method: GET
  response:
    body: '{"id":"f13ffae4-4963-4f0e-95ef-3c939c988f7e","ip_address":"51.159.8.92","lb_id":"b3aa26af-f531-4260-bba9-2a2bdd3a6d24","organization_id":"564aa517-68b0-4fd7-8c8c-d21c4bcdcbd5","project_id":"564aa517-68b0-4fd7-8c8c-d21c4bcdcbd5","region":"fr-par","reverse":"51-159-8-92.lb.fr-par.scw.cloud","zone":"fr-par-1"}'
    headers:
      Content-Length:
      - "308"
      Content-Security-Policy:
      - default-src 'none'; frame-ancestors 'none'
      Content-Type:
      - application/json
      Date:
      - Tue, 19 Sep 2023 14:42:22 GMT
      Server:
      - Scaleway API-Gateway
      Strict-Transport-Security:
      - max-age=63072000
      X-Content-Type-Options:
      - nosniff
      X-Frame-Options:
      - DENY
      X-Request-Id:
      - a91ea471-e535-426e-ab15-962f97890b85
    status: 200 OK
    code: 200
- request:
    body: ""
    form: {}
    headers:
      User-Agent:
      - scaleway-sdk-go/v1.0.0-beta.7+dev (go1.21.0; darwin; amd64) terraform-provider/develop
        terraform/terraform-tests
    url: https://api.scaleway.com/lb/v1/zones/fr-par-1/lbs/b3aa26af-f531-4260-bba9-2a2bdd3a6d24
    method: GET
  response:
    body: '{"backend_count":0,"created_at":"2023-09-19T14:41:19.161590Z","description":"","frontend_count":0,"id":"b3aa26af-f531-4260-bba9-2a2bdd3a6d24","instances":[{"created_at":"2023-09-19T13:39:47.031405Z","id":"38af9706-bc70-4e32-ac89-ffe47b47fed0","ip_address":"","region":"fr-par","status":"ready","updated_at":"2023-09-19T14:41:56.026581Z","zone":"fr-par-1"}],"ip":[{"id":"f13ffae4-4963-4f0e-95ef-3c939c988f7e","ip_address":"51.159.8.92","lb_id":"b3aa26af-f531-4260-bba9-2a2bdd3a6d24","organization_id":"564aa517-68b0-4fd7-8c8c-d21c4bcdcbd5","project_id":"564aa517-68b0-4fd7-8c8c-d21c4bcdcbd5","region":"fr-par","reverse":"51-159-8-92.lb.fr-par.scw.cloud","zone":"fr-par-1"}],"name":"test-lb-migrate-lb-gp-m","organization_id":"564aa517-68b0-4fd7-8c8c-d21c4bcdcbd5","private_network_count":0,"project_id":"564aa517-68b0-4fd7-8c8c-d21c4bcdcbd5","region":"fr-par","route_count":0,"ssl_compatibility_level":"ssl_compatibility_level_intermediate","status":"ready","subscriber":null,"tags":["migration"],"type":"lb-gp-m","updated_at":"2023-09-19T14:41:56.412437Z","zone":"fr-par-1"}'
    headers:
      Content-Length:
      - "1074"
      Content-Security-Policy:
      - default-src 'none'; frame-ancestors 'none'
      Content-Type:
      - application/json
      Date:
      - Tue, 19 Sep 2023 14:42:22 GMT
      Server:
      - Scaleway API-Gateway
      Strict-Transport-Security:
      - max-age=63072000
      X-Content-Type-Options:
      - nosniff
      X-Frame-Options:
      - DENY
      X-Request-Id:
      - ed097c7c-8a5b-4d52-b8e7-799eede5d2cb
    status: 200 OK
    code: 200
- request:
    body: ""
    form: {}
    headers:
      User-Agent:
      - scaleway-sdk-go/v1.0.0-beta.7+dev (go1.21.0; darwin; amd64) terraform-provider/develop
        terraform/terraform-tests
    url: https://api.scaleway.com/lb/v1/zones/fr-par-1/lbs/b3aa26af-f531-4260-bba9-2a2bdd3a6d24
    method: GET
  response:
    body: '{"backend_count":0,"created_at":"2023-09-19T14:41:19.161590Z","description":"","frontend_count":0,"id":"b3aa26af-f531-4260-bba9-2a2bdd3a6d24","instances":[{"created_at":"2023-09-19T13:39:47.031405Z","id":"38af9706-bc70-4e32-ac89-ffe47b47fed0","ip_address":"","region":"fr-par","status":"ready","updated_at":"2023-09-19T14:41:56.026581Z","zone":"fr-par-1"}],"ip":[{"id":"f13ffae4-4963-4f0e-95ef-3c939c988f7e","ip_address":"51.159.8.92","lb_id":"b3aa26af-f531-4260-bba9-2a2bdd3a6d24","organization_id":"564aa517-68b0-4fd7-8c8c-d21c4bcdcbd5","project_id":"564aa517-68b0-4fd7-8c8c-d21c4bcdcbd5","region":"fr-par","reverse":"51-159-8-92.lb.fr-par.scw.cloud","zone":"fr-par-1"}],"name":"test-lb-migrate-lb-gp-m","organization_id":"564aa517-68b0-4fd7-8c8c-d21c4bcdcbd5","private_network_count":0,"project_id":"564aa517-68b0-4fd7-8c8c-d21c4bcdcbd5","region":"fr-par","route_count":0,"ssl_compatibility_level":"ssl_compatibility_level_intermediate","status":"ready","subscriber":null,"tags":["migration"],"type":"lb-gp-m","updated_at":"2023-09-19T14:41:56.412437Z","zone":"fr-par-1"}'
    headers:
      Content-Length:
      - "1074"
      Content-Security-Policy:
      - default-src 'none'; frame-ancestors 'none'
      Content-Type:
      - application/json
      Date:
      - Tue, 19 Sep 2023 14:42:22 GMT
      Server:
      - Scaleway API-Gateway
      Strict-Transport-Security:
      - max-age=63072000
      X-Content-Type-Options:
      - nosniff
      X-Frame-Options:
      - DENY
      X-Request-Id:
      - ac711be4-e06e-43b5-8726-7b16e44de3ab
    status: 200 OK
    code: 200
- request:
    body: ""
    form: {}
    headers:
      User-Agent:
      - scaleway-sdk-go/v1.0.0-beta.7+dev (go1.21.0; darwin; amd64) terraform-provider/develop
        terraform/terraform-tests
    url: https://api.scaleway.com/lb/v1/zones/fr-par-1/lbs/b3aa26af-f531-4260-bba9-2a2bdd3a6d24/private-networks?order_by=created_at_asc
    method: GET
  response:
    body: '{"private_network":[],"total_count":0}'
    headers:
      Content-Length:
      - "38"
      Content-Security-Policy:
      - default-src 'none'; frame-ancestors 'none'
      Content-Type:
      - application/json
      Date:
      - Tue, 19 Sep 2023 14:42:22 GMT
      Server:
      - Scaleway API-Gateway
      Strict-Transport-Security:
      - max-age=63072000
      X-Content-Type-Options:
      - nosniff
      X-Frame-Options:
      - DENY
      X-Request-Id:
      - d6984ebd-23d5-470e-ab9a-adf802b18b0c
    status: 200 OK
    code: 200
- request:
    body: ""
    form: {}
    headers:
      User-Agent:
      - scaleway-sdk-go/v1.0.0-beta.7+dev (go1.21.0; darwin; amd64) terraform-provider/develop
        terraform/terraform-tests
    url: https://api.scaleway.com/lb/v1/zones/fr-par-1/ips/f13ffae4-4963-4f0e-95ef-3c939c988f7e
    method: GET
  response:
    body: '{"id":"f13ffae4-4963-4f0e-95ef-3c939c988f7e","ip_address":"51.159.8.92","lb_id":"b3aa26af-f531-4260-bba9-2a2bdd3a6d24","organization_id":"564aa517-68b0-4fd7-8c8c-d21c4bcdcbd5","project_id":"564aa517-68b0-4fd7-8c8c-d21c4bcdcbd5","region":"fr-par","reverse":"51-159-8-92.lb.fr-par.scw.cloud","zone":"fr-par-1"}'
    headers:
      Content-Length:
      - "308"
      Content-Security-Policy:
      - default-src 'none'; frame-ancestors 'none'
      Content-Type:
      - application/json
      Date:
      - Tue, 19 Sep 2023 14:42:23 GMT
      Server:
      - Scaleway API-Gateway
      Strict-Transport-Security:
      - max-age=63072000
      X-Content-Type-Options:
      - nosniff
      X-Frame-Options:
      - DENY
      X-Request-Id:
      - afd2f50f-3ee1-4071-a8b2-be90a02cd2e3
    status: 200 OK
    code: 200
- request:
    body: ""
    form: {}
    headers:
      User-Agent:
      - scaleway-sdk-go/v1.0.0-beta.7+dev (go1.21.0; darwin; amd64) terraform-provider/develop
        terraform/terraform-tests
    url: https://api.scaleway.com/lb/v1/zones/fr-par-1/lbs/b3aa26af-f531-4260-bba9-2a2bdd3a6d24
    method: GET
  response:
    body: '{"backend_count":0,"created_at":"2023-09-19T14:41:19.161590Z","description":"","frontend_count":0,"id":"b3aa26af-f531-4260-bba9-2a2bdd3a6d24","instances":[{"created_at":"2023-09-19T13:39:47.031405Z","id":"38af9706-bc70-4e32-ac89-ffe47b47fed0","ip_address":"","region":"fr-par","status":"ready","updated_at":"2023-09-19T14:41:56.026581Z","zone":"fr-par-1"}],"ip":[{"id":"f13ffae4-4963-4f0e-95ef-3c939c988f7e","ip_address":"51.159.8.92","lb_id":"b3aa26af-f531-4260-bba9-2a2bdd3a6d24","organization_id":"564aa517-68b0-4fd7-8c8c-d21c4bcdcbd5","project_id":"564aa517-68b0-4fd7-8c8c-d21c4bcdcbd5","region":"fr-par","reverse":"51-159-8-92.lb.fr-par.scw.cloud","zone":"fr-par-1"}],"name":"test-lb-migrate-lb-gp-m","organization_id":"564aa517-68b0-4fd7-8c8c-d21c4bcdcbd5","private_network_count":0,"project_id":"564aa517-68b0-4fd7-8c8c-d21c4bcdcbd5","region":"fr-par","route_count":0,"ssl_compatibility_level":"ssl_compatibility_level_intermediate","status":"ready","subscriber":null,"tags":["migration"],"type":"lb-gp-m","updated_at":"2023-09-19T14:41:56.412437Z","zone":"fr-par-1"}'
    headers:
      Content-Length:
      - "1074"
      Content-Security-Policy:
      - default-src 'none'; frame-ancestors 'none'
      Content-Type:
      - application/json
      Date:
      - Tue, 19 Sep 2023 14:42:23 GMT
      Server:
      - Scaleway API-Gateway
      Strict-Transport-Security:
      - max-age=63072000
      X-Content-Type-Options:
      - nosniff
      X-Frame-Options:
      - DENY
      X-Request-Id:
      - e1a927bb-2bb8-4c88-9659-2f4649628913
    status: 200 OK
    code: 200
- request:
    body: ""
    form: {}
    headers:
      User-Agent:
      - scaleway-sdk-go/v1.0.0-beta.7+dev (go1.21.0; darwin; amd64) terraform-provider/develop
        terraform/terraform-tests
    url: https://api.scaleway.com/lb/v1/zones/fr-par-1/lbs/b3aa26af-f531-4260-bba9-2a2bdd3a6d24
    method: GET
  response:
    body: '{"backend_count":0,"created_at":"2023-09-19T14:41:19.161590Z","description":"","frontend_count":0,"id":"b3aa26af-f531-4260-bba9-2a2bdd3a6d24","instances":[{"created_at":"2023-09-19T13:39:47.031405Z","id":"38af9706-bc70-4e32-ac89-ffe47b47fed0","ip_address":"","region":"fr-par","status":"ready","updated_at":"2023-09-19T14:41:56.026581Z","zone":"fr-par-1"}],"ip":[{"id":"f13ffae4-4963-4f0e-95ef-3c939c988f7e","ip_address":"51.159.8.92","lb_id":"b3aa26af-f531-4260-bba9-2a2bdd3a6d24","organization_id":"564aa517-68b0-4fd7-8c8c-d21c4bcdcbd5","project_id":"564aa517-68b0-4fd7-8c8c-d21c4bcdcbd5","region":"fr-par","reverse":"51-159-8-92.lb.fr-par.scw.cloud","zone":"fr-par-1"}],"name":"test-lb-migrate-lb-gp-m","organization_id":"564aa517-68b0-4fd7-8c8c-d21c4bcdcbd5","private_network_count":0,"project_id":"564aa517-68b0-4fd7-8c8c-d21c4bcdcbd5","region":"fr-par","route_count":0,"ssl_compatibility_level":"ssl_compatibility_level_intermediate","status":"ready","subscriber":null,"tags":["migration"],"type":"lb-gp-m","updated_at":"2023-09-19T14:41:56.412437Z","zone":"fr-par-1"}'
    headers:
      Content-Length:
      - "1074"
      Content-Security-Policy:
      - default-src 'none'; frame-ancestors 'none'
      Content-Type:
      - application/json
      Date:
      - Tue, 19 Sep 2023 14:42:23 GMT
      Server:
      - Scaleway API-Gateway
      Strict-Transport-Security:
      - max-age=63072000
      X-Content-Type-Options:
      - nosniff
      X-Frame-Options:
      - DENY
      X-Request-Id:
      - f577b624-96e3-447f-8da0-133a9f484616
    status: 200 OK
    code: 200
- request:
    body: ""
    form: {}
    headers:
      User-Agent:
      - scaleway-sdk-go/v1.0.0-beta.7+dev (go1.21.0; darwin; amd64) terraform-provider/develop
        terraform/terraform-tests
    url: https://api.scaleway.com/lb/v1/zones/fr-par-1/lbs/b3aa26af-f531-4260-bba9-2a2bdd3a6d24/private-networks?order_by=created_at_asc
    method: GET
  response:
    body: '{"private_network":[],"total_count":0}'
    headers:
      Content-Length:
      - "38"
      Content-Security-Policy:
      - default-src 'none'; frame-ancestors 'none'
      Content-Type:
      - application/json
      Date:
      - Tue, 19 Sep 2023 14:42:23 GMT
      Server:
      - Scaleway API-Gateway
      Strict-Transport-Security:
      - max-age=63072000
      X-Content-Type-Options:
      - nosniff
      X-Frame-Options:
      - DENY
      X-Request-Id:
      - f1fc84ba-4e57-4c09-a671-725586df10ad
    status: 200 OK
    code: 200
- request:
    body: '{"name":"test-lb-migrate-lb-gp-m","description":"","tags":null,"ssl_compatibility_level":"ssl_compatibility_level_intermediate"}'
    form: {}
    headers:
      Content-Type:
      - application/json
      User-Agent:
      - scaleway-sdk-go/v1.0.0-beta.7+dev (go1.21.0; darwin; amd64) terraform-provider/develop
        terraform/terraform-tests
    url: https://api.scaleway.com/lb/v1/zones/fr-par-1/lbs/b3aa26af-f531-4260-bba9-2a2bdd3a6d24
    method: PUT
  response:
    body: '{"backend_count":0,"created_at":"2023-09-19T14:41:19.161590Z","description":"","frontend_count":0,"id":"b3aa26af-f531-4260-bba9-2a2bdd3a6d24","instances":[{"created_at":"2023-09-19T13:39:47.031405Z","id":"38af9706-bc70-4e32-ac89-ffe47b47fed0","ip_address":"","region":"fr-par","status":"ready","updated_at":"2023-09-19T14:41:56.026581Z","zone":"fr-par-1"}],"ip":[{"id":"f13ffae4-4963-4f0e-95ef-3c939c988f7e","ip_address":"51.159.8.92","lb_id":"b3aa26af-f531-4260-bba9-2a2bdd3a6d24","organization_id":"564aa517-68b0-4fd7-8c8c-d21c4bcdcbd5","project_id":"564aa517-68b0-4fd7-8c8c-d21c4bcdcbd5","region":"fr-par","reverse":"51-159-8-92.lb.fr-par.scw.cloud","zone":"fr-par-1"}],"name":"test-lb-migrate-lb-gp-m","organization_id":"564aa517-68b0-4fd7-8c8c-d21c4bcdcbd5","private_network_count":0,"project_id":"564aa517-68b0-4fd7-8c8c-d21c4bcdcbd5","region":"fr-par","route_count":0,"ssl_compatibility_level":"ssl_compatibility_level_intermediate","status":"ready","subscriber":null,"tags":[],"type":"lb-gp-m","updated_at":"2023-09-19T14:42:23.924819470Z","zone":"fr-par-1"}'
    headers:
      Content-Length:
      - "1066"
      Content-Security-Policy:
      - default-src 'none'; frame-ancestors 'none'
      Content-Type:
      - application/json
      Date:
      - Tue, 19 Sep 2023 14:42:23 GMT
      Server:
      - Scaleway API-Gateway
      Strict-Transport-Security:
      - max-age=63072000
      X-Content-Type-Options:
      - nosniff
      X-Frame-Options:
      - DENY
      X-Request-Id:
      - d82d95bd-df52-4739-a037-04296e2f2bd4
    status: 200 OK
    code: 200
- request:
    body: ""
    form: {}
    headers:
      User-Agent:
      - scaleway-sdk-go/v1.0.0-beta.7+dev (go1.21.0; darwin; amd64) terraform-provider/develop
        terraform/terraform-tests
    url: https://api.scaleway.com/lb/v1/zones/fr-par-1/lbs/b3aa26af-f531-4260-bba9-2a2bdd3a6d24
    method: GET
  response:
    body: '{"backend_count":0,"created_at":"2023-09-19T14:41:19.161590Z","description":"","frontend_count":0,"id":"b3aa26af-f531-4260-bba9-2a2bdd3a6d24","instances":[{"created_at":"2023-09-19T13:39:47.031405Z","id":"38af9706-bc70-4e32-ac89-ffe47b47fed0","ip_address":"","region":"fr-par","status":"ready","updated_at":"2023-09-19T14:41:56.026581Z","zone":"fr-par-1"}],"ip":[{"id":"f13ffae4-4963-4f0e-95ef-3c939c988f7e","ip_address":"51.159.8.92","lb_id":"b3aa26af-f531-4260-bba9-2a2bdd3a6d24","organization_id":"564aa517-68b0-4fd7-8c8c-d21c4bcdcbd5","project_id":"564aa517-68b0-4fd7-8c8c-d21c4bcdcbd5","region":"fr-par","reverse":"51-159-8-92.lb.fr-par.scw.cloud","zone":"fr-par-1"}],"name":"test-lb-migrate-lb-gp-m","organization_id":"564aa517-68b0-4fd7-8c8c-d21c4bcdcbd5","private_network_count":0,"project_id":"564aa517-68b0-4fd7-8c8c-d21c4bcdcbd5","region":"fr-par","route_count":0,"ssl_compatibility_level":"ssl_compatibility_level_intermediate","status":"ready","subscriber":null,"tags":[],"type":"lb-gp-m","updated_at":"2023-09-19T14:42:23.924819Z","zone":"fr-par-1"}'
    headers:
      Content-Length:
      - "1063"
      Content-Security-Policy:
      - default-src 'none'; frame-ancestors 'none'
      Content-Type:
      - application/json
      Date:
      - Tue, 19 Sep 2023 14:42:24 GMT
      Server:
      - Scaleway API-Gateway
      Strict-Transport-Security:
      - max-age=63072000
      X-Content-Type-Options:
      - nosniff
      X-Frame-Options:
      - DENY
      X-Request-Id:
      - 111986cf-78a9-4719-b144-5b30020d1b2a
    status: 200 OK
    code: 200
- request:
    body: ""
    form: {}
    headers:
      User-Agent:
      - scaleway-sdk-go/v1.0.0-beta.7+dev (go1.21.0; darwin; amd64) terraform-provider/develop
        terraform/terraform-tests
    url: https://api.scaleway.com/lb/v1/zones/fr-par-1/lbs/b3aa26af-f531-4260-bba9-2a2bdd3a6d24
    method: GET
  response:
    body: '{"backend_count":0,"created_at":"2023-09-19T14:41:19.161590Z","description":"","frontend_count":0,"id":"b3aa26af-f531-4260-bba9-2a2bdd3a6d24","instances":[{"created_at":"2023-09-19T13:39:47.031405Z","id":"38af9706-bc70-4e32-ac89-ffe47b47fed0","ip_address":"","region":"fr-par","status":"ready","updated_at":"2023-09-19T14:41:56.026581Z","zone":"fr-par-1"}],"ip":[{"id":"f13ffae4-4963-4f0e-95ef-3c939c988f7e","ip_address":"51.159.8.92","lb_id":"b3aa26af-f531-4260-bba9-2a2bdd3a6d24","organization_id":"564aa517-68b0-4fd7-8c8c-d21c4bcdcbd5","project_id":"564aa517-68b0-4fd7-8c8c-d21c4bcdcbd5","region":"fr-par","reverse":"51-159-8-92.lb.fr-par.scw.cloud","zone":"fr-par-1"}],"name":"test-lb-migrate-lb-gp-m","organization_id":"564aa517-68b0-4fd7-8c8c-d21c4bcdcbd5","private_network_count":0,"project_id":"564aa517-68b0-4fd7-8c8c-d21c4bcdcbd5","region":"fr-par","route_count":0,"ssl_compatibility_level":"ssl_compatibility_level_intermediate","status":"ready","subscriber":null,"tags":[],"type":"lb-gp-m","updated_at":"2023-09-19T14:42:23.924819Z","zone":"fr-par-1"}'
    headers:
      Content-Length:
      - "1063"
      Content-Security-Policy:
      - default-src 'none'; frame-ancestors 'none'
      Content-Type:
      - application/json
      Date:
      - Tue, 19 Sep 2023 14:42:24 GMT
      Server:
      - Scaleway API-Gateway
      Strict-Transport-Security:
      - max-age=63072000
      X-Content-Type-Options:
      - nosniff
      X-Frame-Options:
      - DENY
      X-Request-Id:
      - 55b3acae-b8f6-4f20-83e9-ddced4e3b81f
    status: 200 OK
    code: 200
- request:
    body: ""
    form: {}
    headers:
      User-Agent:
      - scaleway-sdk-go/v1.0.0-beta.7+dev (go1.21.0; darwin; amd64) terraform-provider/develop
        terraform/terraform-tests
    url: https://api.scaleway.com/lb/v1/zones/fr-par-1/lbs/b3aa26af-f531-4260-bba9-2a2bdd3a6d24/private-networks?order_by=created_at_asc
    method: GET
  response:
    body: '{"private_network":[],"total_count":0}'
    headers:
      Content-Length:
      - "38"
      Content-Security-Policy:
      - default-src 'none'; frame-ancestors 'none'
      Content-Type:
      - application/json
      Date:
      - Tue, 19 Sep 2023 14:42:24 GMT
      Server:
      - Scaleway API-Gateway
      Strict-Transport-Security:
      - max-age=63072000
      X-Content-Type-Options:
      - nosniff
      X-Frame-Options:
      - DENY
      X-Request-Id:
      - 6c549fca-b444-4024-b60b-a0c72812ca91
    status: 200 OK
    code: 200
- request:
    body: ""
    form: {}
    headers:
      User-Agent:
      - scaleway-sdk-go/v1.0.0-beta.7+dev (go1.21.0; darwin; amd64) terraform-provider/develop
        terraform/terraform-tests
    url: https://api.scaleway.com/lb/v1/zones/fr-par-1/lbs/b3aa26af-f531-4260-bba9-2a2bdd3a6d24
    method: GET
  response:
    body: '{"backend_count":0,"created_at":"2023-09-19T14:41:19.161590Z","description":"","frontend_count":0,"id":"b3aa26af-f531-4260-bba9-2a2bdd3a6d24","instances":[{"created_at":"2023-09-19T13:39:47.031405Z","id":"38af9706-bc70-4e32-ac89-ffe47b47fed0","ip_address":"","region":"fr-par","status":"ready","updated_at":"2023-09-19T14:41:56.026581Z","zone":"fr-par-1"}],"ip":[{"id":"f13ffae4-4963-4f0e-95ef-3c939c988f7e","ip_address":"51.159.8.92","lb_id":"b3aa26af-f531-4260-bba9-2a2bdd3a6d24","organization_id":"564aa517-68b0-4fd7-8c8c-d21c4bcdcbd5","project_id":"564aa517-68b0-4fd7-8c8c-d21c4bcdcbd5","region":"fr-par","reverse":"51-159-8-92.lb.fr-par.scw.cloud","zone":"fr-par-1"}],"name":"test-lb-migrate-lb-gp-m","organization_id":"564aa517-68b0-4fd7-8c8c-d21c4bcdcbd5","private_network_count":0,"project_id":"564aa517-68b0-4fd7-8c8c-d21c4bcdcbd5","region":"fr-par","route_count":0,"ssl_compatibility_level":"ssl_compatibility_level_intermediate","status":"ready","subscriber":null,"tags":[],"type":"lb-gp-m","updated_at":"2023-09-19T14:42:23.924819Z","zone":"fr-par-1"}'
    headers:
      Content-Length:
      - "1063"
      Content-Security-Policy:
      - default-src 'none'; frame-ancestors 'none'
      Content-Type:
      - application/json
      Date:
      - Tue, 19 Sep 2023 14:42:24 GMT
      Server:
      - Scaleway API-Gateway
      Strict-Transport-Security:
      - max-age=63072000
      X-Content-Type-Options:
      - nosniff
      X-Frame-Options:
      - DENY
      X-Request-Id:
      - f3ab3f55-38a1-40eb-bab9-6c5be79920a0
    status: 200 OK
    code: 200
- request:
    body: ""
    form: {}
    headers:
      User-Agent:
      - scaleway-sdk-go/v1.0.0-beta.7+dev (go1.21.0; darwin; amd64) terraform-provider/develop
        terraform/terraform-tests
    url: https://api.scaleway.com/lb/v1/zones/fr-par-1/ips/f13ffae4-4963-4f0e-95ef-3c939c988f7e
    method: GET
  response:
    body: '{"id":"f13ffae4-4963-4f0e-95ef-3c939c988f7e","ip_address":"51.159.8.92","lb_id":"b3aa26af-f531-4260-bba9-2a2bdd3a6d24","organization_id":"564aa517-68b0-4fd7-8c8c-d21c4bcdcbd5","project_id":"564aa517-68b0-4fd7-8c8c-d21c4bcdcbd5","region":"fr-par","reverse":"51-159-8-92.lb.fr-par.scw.cloud","zone":"fr-par-1"}'
    headers:
      Content-Length:
      - "308"
      Content-Security-Policy:
      - default-src 'none'; frame-ancestors 'none'
      Content-Type:
      - application/json
      Date:
      - Tue, 19 Sep 2023 14:42:24 GMT
      Server:
      - Scaleway API-Gateway
      Strict-Transport-Security:
      - max-age=63072000
      X-Content-Type-Options:
      - nosniff
      X-Frame-Options:
      - DENY
      X-Request-Id:
      - 55cdc30e-22bc-4da1-8f91-0950135dfe40
    status: 200 OK
    code: 200
- request:
    body: ""
    form: {}
    headers:
      User-Agent:
      - scaleway-sdk-go/v1.0.0-beta.7+dev (go1.21.0; darwin; amd64) terraform-provider/develop
        terraform/terraform-tests
    url: https://api.scaleway.com/lb/v1/zones/fr-par-1/lbs/b3aa26af-f531-4260-bba9-2a2bdd3a6d24
    method: GET
  response:
    body: '{"backend_count":0,"created_at":"2023-09-19T14:41:19.161590Z","description":"","frontend_count":0,"id":"b3aa26af-f531-4260-bba9-2a2bdd3a6d24","instances":[{"created_at":"2023-09-19T13:39:47.031405Z","id":"38af9706-bc70-4e32-ac89-ffe47b47fed0","ip_address":"","region":"fr-par","status":"ready","updated_at":"2023-09-19T14:41:56.026581Z","zone":"fr-par-1"}],"ip":[{"id":"f13ffae4-4963-4f0e-95ef-3c939c988f7e","ip_address":"51.159.8.92","lb_id":"b3aa26af-f531-4260-bba9-2a2bdd3a6d24","organization_id":"564aa517-68b0-4fd7-8c8c-d21c4bcdcbd5","project_id":"564aa517-68b0-4fd7-8c8c-d21c4bcdcbd5","region":"fr-par","reverse":"51-159-8-92.lb.fr-par.scw.cloud","zone":"fr-par-1"}],"name":"test-lb-migrate-lb-gp-m","organization_id":"564aa517-68b0-4fd7-8c8c-d21c4bcdcbd5","private_network_count":0,"project_id":"564aa517-68b0-4fd7-8c8c-d21c4bcdcbd5","region":"fr-par","route_count":0,"ssl_compatibility_level":"ssl_compatibility_level_intermediate","status":"ready","subscriber":null,"tags":[],"type":"lb-gp-m","updated_at":"2023-09-19T14:42:23.924819Z","zone":"fr-par-1"}'
    headers:
      Content-Length:
      - "1063"
      Content-Security-Policy:
      - default-src 'none'; frame-ancestors 'none'
      Content-Type:
      - application/json
      Date:
      - Tue, 19 Sep 2023 14:42:24 GMT
      Server:
      - Scaleway API-Gateway
      Strict-Transport-Security:
      - max-age=63072000
      X-Content-Type-Options:
      - nosniff
      X-Frame-Options:
      - DENY
      X-Request-Id:
      - 3a0748a3-5acd-4565-8ba9-2e000c08e427
    status: 200 OK
    code: 200
- request:
    body: ""
    form: {}
    headers:
      User-Agent:
      - scaleway-sdk-go/v1.0.0-beta.7+dev (go1.21.0; darwin; amd64) terraform-provider/develop
        terraform/terraform-tests
    url: https://api.scaleway.com/lb/v1/zones/fr-par-1/lbs/b3aa26af-f531-4260-bba9-2a2bdd3a6d24
    method: GET
  response:
    body: '{"backend_count":0,"created_at":"2023-09-19T14:41:19.161590Z","description":"","frontend_count":0,"id":"b3aa26af-f531-4260-bba9-2a2bdd3a6d24","instances":[{"created_at":"2023-09-19T13:39:47.031405Z","id":"38af9706-bc70-4e32-ac89-ffe47b47fed0","ip_address":"","region":"fr-par","status":"ready","updated_at":"2023-09-19T14:41:56.026581Z","zone":"fr-par-1"}],"ip":[{"id":"f13ffae4-4963-4f0e-95ef-3c939c988f7e","ip_address":"51.159.8.92","lb_id":"b3aa26af-f531-4260-bba9-2a2bdd3a6d24","organization_id":"564aa517-68b0-4fd7-8c8c-d21c4bcdcbd5","project_id":"564aa517-68b0-4fd7-8c8c-d21c4bcdcbd5","region":"fr-par","reverse":"51-159-8-92.lb.fr-par.scw.cloud","zone":"fr-par-1"}],"name":"test-lb-migrate-lb-gp-m","organization_id":"564aa517-68b0-4fd7-8c8c-d21c4bcdcbd5","private_network_count":0,"project_id":"564aa517-68b0-4fd7-8c8c-d21c4bcdcbd5","region":"fr-par","route_count":0,"ssl_compatibility_level":"ssl_compatibility_level_intermediate","status":"ready","subscriber":null,"tags":[],"type":"lb-gp-m","updated_at":"2023-09-19T14:42:23.924819Z","zone":"fr-par-1"}'
    headers:
      Content-Length:
      - "1063"
      Content-Security-Policy:
      - default-src 'none'; frame-ancestors 'none'
      Content-Type:
      - application/json
      Date:
      - Tue, 19 Sep 2023 14:42:24 GMT
      Server:
      - Scaleway API-Gateway
      Strict-Transport-Security:
      - max-age=63072000
      X-Content-Type-Options:
      - nosniff
      X-Frame-Options:
      - DENY
      X-Request-Id:
      - 712e9560-1880-4b2b-832c-c416648b863c
    status: 200 OK
    code: 200
- request:
    body: ""
    form: {}
    headers:
      User-Agent:
      - scaleway-sdk-go/v1.0.0-beta.7+dev (go1.21.0; darwin; amd64) terraform-provider/develop
        terraform/terraform-tests
    url: https://api.scaleway.com/lb/v1/zones/fr-par-1/lbs/b3aa26af-f531-4260-bba9-2a2bdd3a6d24/private-networks?order_by=created_at_asc
    method: GET
  response:
    body: '{"private_network":[],"total_count":0}'
    headers:
      Content-Length:
      - "38"
      Content-Security-Policy:
      - default-src 'none'; frame-ancestors 'none'
      Content-Type:
      - application/json
      Date:
      - Tue, 19 Sep 2023 14:42:24 GMT
      Server:
      - Scaleway API-Gateway
      Strict-Transport-Security:
      - max-age=63072000
      X-Content-Type-Options:
      - nosniff
      X-Frame-Options:
      - DENY
      X-Request-Id:
      - b3aa4fe4-1a95-4a7a-ad0c-dcbef76e446d
    status: 200 OK
    code: 200
- request:
    body: ""
    form: {}
    headers:
      User-Agent:
      - scaleway-sdk-go/v1.0.0-beta.7+dev (go1.21.0; darwin; amd64) terraform-provider/develop
        terraform/terraform-tests
    url: https://api.scaleway.com/lb/v1/zones/fr-par-1/ips/f13ffae4-4963-4f0e-95ef-3c939c988f7e
    method: GET
  response:
    body: '{"id":"f13ffae4-4963-4f0e-95ef-3c939c988f7e","ip_address":"51.159.8.92","lb_id":"b3aa26af-f531-4260-bba9-2a2bdd3a6d24","organization_id":"564aa517-68b0-4fd7-8c8c-d21c4bcdcbd5","project_id":"564aa517-68b0-4fd7-8c8c-d21c4bcdcbd5","region":"fr-par","reverse":"51-159-8-92.lb.fr-par.scw.cloud","zone":"fr-par-1"}'
    headers:
      Content-Length:
      - "308"
      Content-Security-Policy:
      - default-src 'none'; frame-ancestors 'none'
      Content-Type:
      - application/json
      Date:
      - Tue, 19 Sep 2023 14:42:25 GMT
      Server:
      - Scaleway API-Gateway
      Strict-Transport-Security:
      - max-age=63072000
      X-Content-Type-Options:
      - nosniff
      X-Frame-Options:
      - DENY
      X-Request-Id:
      - 9d999425-4fdf-4a7b-933c-feeba26083f6
    status: 200 OK
    code: 200
- request:
    body: ""
    form: {}
    headers:
      User-Agent:
      - scaleway-sdk-go/v1.0.0-beta.7+dev (go1.21.0; darwin; amd64) terraform-provider/develop
        terraform/terraform-tests
    url: https://api.scaleway.com/lb/v1/zones/fr-par-1/lbs/b3aa26af-f531-4260-bba9-2a2bdd3a6d24
    method: GET
  response:
    body: '{"backend_count":0,"created_at":"2023-09-19T14:41:19.161590Z","description":"","frontend_count":0,"id":"b3aa26af-f531-4260-bba9-2a2bdd3a6d24","instances":[{"created_at":"2023-09-19T13:39:47.031405Z","id":"38af9706-bc70-4e32-ac89-ffe47b47fed0","ip_address":"","region":"fr-par","status":"ready","updated_at":"2023-09-19T14:41:56.026581Z","zone":"fr-par-1"}],"ip":[{"id":"f13ffae4-4963-4f0e-95ef-3c939c988f7e","ip_address":"51.159.8.92","lb_id":"b3aa26af-f531-4260-bba9-2a2bdd3a6d24","organization_id":"564aa517-68b0-4fd7-8c8c-d21c4bcdcbd5","project_id":"564aa517-68b0-4fd7-8c8c-d21c4bcdcbd5","region":"fr-par","reverse":"51-159-8-92.lb.fr-par.scw.cloud","zone":"fr-par-1"}],"name":"test-lb-migrate-lb-gp-m","organization_id":"564aa517-68b0-4fd7-8c8c-d21c4bcdcbd5","private_network_count":0,"project_id":"564aa517-68b0-4fd7-8c8c-d21c4bcdcbd5","region":"fr-par","route_count":0,"ssl_compatibility_level":"ssl_compatibility_level_intermediate","status":"ready","subscriber":null,"tags":[],"type":"lb-gp-m","updated_at":"2023-09-19T14:42:23.924819Z","zone":"fr-par-1"}'
    headers:
      Content-Length:
      - "1063"
      Content-Security-Policy:
      - default-src 'none'; frame-ancestors 'none'
      Content-Type:
      - application/json
      Date:
      - Tue, 19 Sep 2023 14:42:25 GMT
      Server:
      - Scaleway API-Gateway
      Strict-Transport-Security:
      - max-age=63072000
      X-Content-Type-Options:
      - nosniff
      X-Frame-Options:
      - DENY
      X-Request-Id:
      - 209ace3b-5883-441e-9cc3-ec26f3db1c64
    status: 200 OK
    code: 200
- request:
    body: ""
    form: {}
    headers:
      User-Agent:
      - scaleway-sdk-go/v1.0.0-beta.7+dev (go1.21.0; darwin; amd64) terraform-provider/develop
        terraform/terraform-tests
    url: https://api.scaleway.com/lb/v1/zones/fr-par-1/lbs/b3aa26af-f531-4260-bba9-2a2bdd3a6d24
    method: GET
  response:
    body: '{"backend_count":0,"created_at":"2023-09-19T14:41:19.161590Z","description":"","frontend_count":0,"id":"b3aa26af-f531-4260-bba9-2a2bdd3a6d24","instances":[{"created_at":"2023-09-19T13:39:47.031405Z","id":"38af9706-bc70-4e32-ac89-ffe47b47fed0","ip_address":"","region":"fr-par","status":"ready","updated_at":"2023-09-19T14:41:56.026581Z","zone":"fr-par-1"}],"ip":[{"id":"f13ffae4-4963-4f0e-95ef-3c939c988f7e","ip_address":"51.159.8.92","lb_id":"b3aa26af-f531-4260-bba9-2a2bdd3a6d24","organization_id":"564aa517-68b0-4fd7-8c8c-d21c4bcdcbd5","project_id":"564aa517-68b0-4fd7-8c8c-d21c4bcdcbd5","region":"fr-par","reverse":"51-159-8-92.lb.fr-par.scw.cloud","zone":"fr-par-1"}],"name":"test-lb-migrate-lb-gp-m","organization_id":"564aa517-68b0-4fd7-8c8c-d21c4bcdcbd5","private_network_count":0,"project_id":"564aa517-68b0-4fd7-8c8c-d21c4bcdcbd5","region":"fr-par","route_count":0,"ssl_compatibility_level":"ssl_compatibility_level_intermediate","status":"ready","subscriber":null,"tags":[],"type":"lb-gp-m","updated_at":"2023-09-19T14:42:23.924819Z","zone":"fr-par-1"}'
    headers:
      Content-Length:
      - "1063"
      Content-Security-Policy:
      - default-src 'none'; frame-ancestors 'none'
      Content-Type:
      - application/json
      Date:
      - Tue, 19 Sep 2023 14:42:25 GMT
      Server:
      - Scaleway API-Gateway
      Strict-Transport-Security:
      - max-age=63072000
      X-Content-Type-Options:
      - nosniff
      X-Frame-Options:
      - DENY
      X-Request-Id:
      - 8b75c3da-4a05-4657-a04f-b4ac1373fe23
    status: 200 OK
    code: 200
- request:
    body: ""
    form: {}
    headers:
      User-Agent:
      - scaleway-sdk-go/v1.0.0-beta.7+dev (go1.21.0; darwin; amd64) terraform-provider/develop
        terraform/terraform-tests
    url: https://api.scaleway.com/lb/v1/zones/fr-par-1/lbs/b3aa26af-f531-4260-bba9-2a2bdd3a6d24/private-networks?order_by=created_at_asc
    method: GET
  response:
    body: '{"private_network":[],"total_count":0}'
    headers:
      Content-Length:
      - "38"
      Content-Security-Policy:
      - default-src 'none'; frame-ancestors 'none'
      Content-Type:
      - application/json
      Date:
      - Tue, 19 Sep 2023 14:42:25 GMT
      Server:
      - Scaleway API-Gateway
      Strict-Transport-Security:
      - max-age=63072000
      X-Content-Type-Options:
      - nosniff
      X-Frame-Options:
      - DENY
      X-Request-Id:
      - b445610b-a60a-4ff6-81f0-56272e0597c2
    status: 200 OK
    code: 200
- request:
    body: '{"name":"test-lb-migrate-down","description":"","tags":null,"ssl_compatibility_level":"ssl_compatibility_level_intermediate"}'
    form: {}
    headers:
      Content-Type:
      - application/json
      User-Agent:
      - scaleway-sdk-go/v1.0.0-beta.7+dev (go1.21.0; darwin; amd64) terraform-provider/develop
        terraform/terraform-tests
    url: https://api.scaleway.com/lb/v1/zones/fr-par-1/lbs/b3aa26af-f531-4260-bba9-2a2bdd3a6d24
    method: PUT
  response:
    body: '{"backend_count":0,"created_at":"2023-09-19T14:41:19.161590Z","description":"","frontend_count":0,"id":"b3aa26af-f531-4260-bba9-2a2bdd3a6d24","instances":[{"created_at":"2023-09-19T13:39:47.031405Z","id":"38af9706-bc70-4e32-ac89-ffe47b47fed0","ip_address":"","region":"fr-par","status":"ready","updated_at":"2023-09-19T14:41:56.026581Z","zone":"fr-par-1"}],"ip":[{"id":"f13ffae4-4963-4f0e-95ef-3c939c988f7e","ip_address":"51.159.8.92","lb_id":"b3aa26af-f531-4260-bba9-2a2bdd3a6d24","organization_id":"564aa517-68b0-4fd7-8c8c-d21c4bcdcbd5","project_id":"564aa517-68b0-4fd7-8c8c-d21c4bcdcbd5","region":"fr-par","reverse":"51-159-8-92.lb.fr-par.scw.cloud","zone":"fr-par-1"}],"name":"test-lb-migrate-down","organization_id":"564aa517-68b0-4fd7-8c8c-d21c4bcdcbd5","private_network_count":0,"project_id":"564aa517-68b0-4fd7-8c8c-d21c4bcdcbd5","region":"fr-par","route_count":0,"ssl_compatibility_level":"ssl_compatibility_level_intermediate","status":"ready","subscriber":null,"tags":[],"type":"lb-gp-m","updated_at":"2023-09-19T14:42:26.030222823Z","zone":"fr-par-1"}'
    headers:
      Content-Length:
      - "1063"
      Content-Security-Policy:
      - default-src 'none'; frame-ancestors 'none'
      Content-Type:
      - application/json
      Date:
      - Tue, 19 Sep 2023 14:42:26 GMT
      Server:
      - Scaleway API-Gateway
      Strict-Transport-Security:
      - max-age=63072000
      X-Content-Type-Options:
      - nosniff
      X-Frame-Options:
      - DENY
      X-Request-Id:
      - 07976f7a-c9b7-4173-b786-915403bdd2d8
    status: 200 OK
    code: 200
- request:
    body: ""
    form: {}
    headers:
      User-Agent:
      - scaleway-sdk-go/v1.0.0-beta.7+dev (go1.21.0; darwin; amd64) terraform-provider/develop
        terraform/terraform-tests
    url: https://api.scaleway.com/lb/v1/zones/fr-par-1/lbs/b3aa26af-f531-4260-bba9-2a2bdd3a6d24
    method: GET
  response:
    body: '{"backend_count":0,"created_at":"2023-09-19T14:41:19.161590Z","description":"","frontend_count":0,"id":"b3aa26af-f531-4260-bba9-2a2bdd3a6d24","instances":[{"created_at":"2023-09-19T13:39:47.031405Z","id":"38af9706-bc70-4e32-ac89-ffe47b47fed0","ip_address":"","region":"fr-par","status":"ready","updated_at":"2023-09-19T14:41:56.026581Z","zone":"fr-par-1"}],"ip":[{"id":"f13ffae4-4963-4f0e-95ef-3c939c988f7e","ip_address":"51.159.8.92","lb_id":"b3aa26af-f531-4260-bba9-2a2bdd3a6d24","organization_id":"564aa517-68b0-4fd7-8c8c-d21c4bcdcbd5","project_id":"564aa517-68b0-4fd7-8c8c-d21c4bcdcbd5","region":"fr-par","reverse":"51-159-8-92.lb.fr-par.scw.cloud","zone":"fr-par-1"}],"name":"test-lb-migrate-down","organization_id":"564aa517-68b0-4fd7-8c8c-d21c4bcdcbd5","private_network_count":0,"project_id":"564aa517-68b0-4fd7-8c8c-d21c4bcdcbd5","region":"fr-par","route_count":0,"ssl_compatibility_level":"ssl_compatibility_level_intermediate","status":"ready","subscriber":null,"tags":[],"type":"lb-gp-m","updated_at":"2023-09-19T14:42:26.030223Z","zone":"fr-par-1"}'
    headers:
      Content-Length:
      - "1060"
      Content-Security-Policy:
      - default-src 'none'; frame-ancestors 'none'
      Content-Type:
      - application/json
      Date:
      - Tue, 19 Sep 2023 14:42:26 GMT
      Server:
      - Scaleway API-Gateway
      Strict-Transport-Security:
      - max-age=63072000
      X-Content-Type-Options:
      - nosniff
      X-Frame-Options:
      - DENY
      X-Request-Id:
      - 5449761b-6022-45ea-b5a1-de445e06ad3a
    status: 200 OK
    code: 200
- request:
    body: '{"type":"LB-S"}'
    form: {}
    headers:
      Content-Type:
      - application/json
      User-Agent:
      - scaleway-sdk-go/v1.0.0-beta.7+dev (go1.21.0; darwin; amd64) terraform-provider/develop
        terraform/terraform-tests
    url: https://api.scaleway.com/lb/v1/zones/fr-par-1/lbs/b3aa26af-f531-4260-bba9-2a2bdd3a6d24/migrate
    method: POST
  response:
    body: '{"backend_count":0,"created_at":"2023-09-19T14:41:19.161590Z","description":"","frontend_count":0,"id":"b3aa26af-f531-4260-bba9-2a2bdd3a6d24","instances":[{"created_at":"2023-09-19T13:39:47.031405Z","id":"38af9706-bc70-4e32-ac89-ffe47b47fed0","ip_address":"","region":"fr-par","status":"ready","updated_at":"2023-09-19T14:41:56.026581Z","zone":"fr-par-1"}],"ip":[{"id":"f13ffae4-4963-4f0e-95ef-3c939c988f7e","ip_address":"51.159.8.92","lb_id":"b3aa26af-f531-4260-bba9-2a2bdd3a6d24","organization_id":"564aa517-68b0-4fd7-8c8c-d21c4bcdcbd5","project_id":"564aa517-68b0-4fd7-8c8c-d21c4bcdcbd5","region":"fr-par","reverse":"51-159-8-92.lb.fr-par.scw.cloud","zone":"fr-par-1"}],"name":"test-lb-migrate-down","organization_id":"564aa517-68b0-4fd7-8c8c-d21c4bcdcbd5","private_network_count":0,"project_id":"564aa517-68b0-4fd7-8c8c-d21c4bcdcbd5","region":"fr-par","route_count":0,"ssl_compatibility_level":"ssl_compatibility_level_intermediate","status":"migrating","subscriber":null,"tags":[],"type":"lb-gp-m","updated_at":"2023-09-19T14:42:26.195986297Z","zone":"fr-par-1"}'
    headers:
      Content-Length:
      - "1067"
      Content-Security-Policy:
      - default-src 'none'; frame-ancestors 'none'
      Content-Type:
      - application/json
      Date:
      - Tue, 19 Sep 2023 14:42:26 GMT
      Server:
      - Scaleway API-Gateway
      Strict-Transport-Security:
      - max-age=63072000
      X-Content-Type-Options:
      - nosniff
      X-Frame-Options:
      - DENY
      X-Request-Id:
      - 06e8a477-9ef3-4cf0-93eb-1401ee211010
    status: 200 OK
    code: 200
- request:
    body: ""
    form: {}
    headers:
      User-Agent:
      - scaleway-sdk-go/v1.0.0-beta.7+dev (go1.21.0; darwin; amd64) terraform-provider/develop
        terraform/terraform-tests
    url: https://api.scaleway.com/lb/v1/zones/fr-par-1/lbs/b3aa26af-f531-4260-bba9-2a2bdd3a6d24
    method: GET
  response:
    body: '{"backend_count":0,"created_at":"2023-09-19T14:41:19.161590Z","description":"","frontend_count":0,"id":"b3aa26af-f531-4260-bba9-2a2bdd3a6d24","instances":[{"created_at":"2023-09-19T13:39:47.031405Z","id":"38af9706-bc70-4e32-ac89-ffe47b47fed0","ip_address":"","region":"fr-par","status":"ready","updated_at":"2023-09-19T14:41:56.026581Z","zone":"fr-par-1"}],"ip":[{"id":"f13ffae4-4963-4f0e-95ef-3c939c988f7e","ip_address":"51.159.8.92","lb_id":"b3aa26af-f531-4260-bba9-2a2bdd3a6d24","organization_id":"564aa517-68b0-4fd7-8c8c-d21c4bcdcbd5","project_id":"564aa517-68b0-4fd7-8c8c-d21c4bcdcbd5","region":"fr-par","reverse":"51-159-8-92.lb.fr-par.scw.cloud","zone":"fr-par-1"}],"name":"test-lb-migrate-down","organization_id":"564aa517-68b0-4fd7-8c8c-d21c4bcdcbd5","private_network_count":0,"project_id":"564aa517-68b0-4fd7-8c8c-d21c4bcdcbd5","region":"fr-par","route_count":0,"ssl_compatibility_level":"ssl_compatibility_level_intermediate","status":"migrating","subscriber":null,"tags":[],"type":"lb-gp-m","updated_at":"2023-09-19T14:42:26.195986Z","zone":"fr-par-1"}'
    headers:
      Content-Length:
      - "1064"
      Content-Security-Policy:
      - default-src 'none'; frame-ancestors 'none'
      Content-Type:
      - application/json
      Date:
      - Tue, 19 Sep 2023 14:42:26 GMT
      Server:
      - Scaleway API-Gateway
      Strict-Transport-Security:
      - max-age=63072000
      X-Content-Type-Options:
      - nosniff
      X-Frame-Options:
      - DENY
      X-Request-Id:
      - f7ac0a60-6227-486a-a165-c336a7ad5639
    status: 200 OK
    code: 200
- request:
    body: ""
    form: {}
    headers:
      User-Agent:
      - scaleway-sdk-go/v1.0.0-beta.7+dev (go1.21.0; darwin; amd64) terraform-provider/develop
        terraform/terraform-tests
    url: https://api.scaleway.com/lb/v1/zones/fr-par-1/lbs/b3aa26af-f531-4260-bba9-2a2bdd3a6d24
    method: GET
  response:
    body: '{"backend_count":0,"created_at":"2023-09-19T14:41:19.161590Z","description":"","frontend_count":0,"id":"b3aa26af-f531-4260-bba9-2a2bdd3a6d24","instances":[{"created_at":"2023-09-19T14:12:37.351842Z","id":"c99ec02a-8cb4-43ff-9525-4f61b70c147f","ip_address":"","region":"fr-par","status":"ready","updated_at":"2023-09-19T14:42:29.920479Z","zone":"fr-par-1"}],"ip":[{"id":"f13ffae4-4963-4f0e-95ef-3c939c988f7e","ip_address":"51.159.8.92","lb_id":"b3aa26af-f531-4260-bba9-2a2bdd3a6d24","organization_id":"564aa517-68b0-4fd7-8c8c-d21c4bcdcbd5","project_id":"564aa517-68b0-4fd7-8c8c-d21c4bcdcbd5","region":"fr-par","reverse":"51-159-8-92.lb.fr-par.scw.cloud","zone":"fr-par-1"}],"name":"test-lb-migrate-down","organization_id":"564aa517-68b0-4fd7-8c8c-d21c4bcdcbd5","private_network_count":0,"project_id":"564aa517-68b0-4fd7-8c8c-d21c4bcdcbd5","region":"fr-par","route_count":0,"ssl_compatibility_level":"ssl_compatibility_level_intermediate","status":"ready","subscriber":null,"tags":[],"type":"lb-s","updated_at":"2023-09-19T14:42:30.239065Z","zone":"fr-par-1"}'
    headers:
      Content-Length:
      - "1057"
      Content-Security-Policy:
      - default-src 'none'; frame-ancestors 'none'
      Content-Type:
      - application/json
      Date:
      - Tue, 19 Sep 2023 14:42:56 GMT
      Server:
      - Scaleway API-Gateway
      Strict-Transport-Security:
      - max-age=63072000
      X-Content-Type-Options:
      - nosniff
      X-Frame-Options:
      - DENY
      X-Request-Id:
      - 4b95a789-956d-499e-93eb-a7be37a3cf48
    status: 200 OK
    code: 200
- request:
    body: ""
    form: {}
    headers:
      User-Agent:
      - scaleway-sdk-go/v1.0.0-beta.7+dev (go1.21.0; darwin; amd64) terraform-provider/develop
        terraform/terraform-tests
    url: https://api.scaleway.com/lb/v1/zones/fr-par-1/lbs/b3aa26af-f531-4260-bba9-2a2bdd3a6d24
    method: GET
  response:
    body: '{"backend_count":0,"created_at":"2023-09-19T14:41:19.161590Z","description":"","frontend_count":0,"id":"b3aa26af-f531-4260-bba9-2a2bdd3a6d24","instances":[{"created_at":"2023-09-19T14:12:37.351842Z","id":"c99ec02a-8cb4-43ff-9525-4f61b70c147f","ip_address":"","region":"fr-par","status":"ready","updated_at":"2023-09-19T14:42:29.920479Z","zone":"fr-par-1"}],"ip":[{"id":"f13ffae4-4963-4f0e-95ef-3c939c988f7e","ip_address":"51.159.8.92","lb_id":"b3aa26af-f531-4260-bba9-2a2bdd3a6d24","organization_id":"564aa517-68b0-4fd7-8c8c-d21c4bcdcbd5","project_id":"564aa517-68b0-4fd7-8c8c-d21c4bcdcbd5","region":"fr-par","reverse":"51-159-8-92.lb.fr-par.scw.cloud","zone":"fr-par-1"}],"name":"test-lb-migrate-down","organization_id":"564aa517-68b0-4fd7-8c8c-d21c4bcdcbd5","private_network_count":0,"project_id":"564aa517-68b0-4fd7-8c8c-d21c4bcdcbd5","region":"fr-par","route_count":0,"ssl_compatibility_level":"ssl_compatibility_level_intermediate","status":"ready","subscriber":null,"tags":[],"type":"lb-s","updated_at":"2023-09-19T14:42:30.239065Z","zone":"fr-par-1"}'
    headers:
      Content-Length:
      - "1057"
      Content-Security-Policy:
      - default-src 'none'; frame-ancestors 'none'
      Content-Type:
      - application/json
      Date:
      - Tue, 19 Sep 2023 14:42:56 GMT
      Server:
      - Scaleway API-Gateway
      Strict-Transport-Security:
      - max-age=63072000
      X-Content-Type-Options:
      - nosniff
      X-Frame-Options:
      - DENY
      X-Request-Id:
      - 332a98fa-73b1-4ff5-8542-5ae79c603f49
    status: 200 OK
    code: 200
- request:
    body: ""
    form: {}
    headers:
      User-Agent:
      - scaleway-sdk-go/v1.0.0-beta.7+dev (go1.21.0; darwin; amd64) terraform-provider/develop
        terraform/terraform-tests
    url: https://api.scaleway.com/lb/v1/zones/fr-par-1/lbs/b3aa26af-f531-4260-bba9-2a2bdd3a6d24/private-networks?order_by=created_at_asc
    method: GET
  response:
    body: '{"private_network":[],"total_count":0}'
    headers:
      Content-Length:
      - "38"
      Content-Security-Policy:
      - default-src 'none'; frame-ancestors 'none'
      Content-Type:
      - application/json
      Date:
      - Tue, 19 Sep 2023 14:42:56 GMT
      Server:
      - Scaleway API-Gateway
      Strict-Transport-Security:
      - max-age=63072000
      X-Content-Type-Options:
      - nosniff
      X-Frame-Options:
      - DENY
      X-Request-Id:
      - d99fca4e-f9c2-4b1c-9547-0bb3f44b2c41
    status: 200 OK
    code: 200
- request:
    body: ""
    form: {}
    headers:
      User-Agent:
      - scaleway-sdk-go/v1.0.0-beta.7+dev (go1.21.0; darwin; amd64) terraform-provider/develop
        terraform/terraform-tests
    url: https://api.scaleway.com/lb/v1/zones/fr-par-1/lbs/b3aa26af-f531-4260-bba9-2a2bdd3a6d24
    method: GET
  response:
    body: '{"backend_count":0,"created_at":"2023-09-19T14:41:19.161590Z","description":"","frontend_count":0,"id":"b3aa26af-f531-4260-bba9-2a2bdd3a6d24","instances":[{"created_at":"2023-09-19T14:12:37.351842Z","id":"c99ec02a-8cb4-43ff-9525-4f61b70c147f","ip_address":"","region":"fr-par","status":"ready","updated_at":"2023-09-19T14:42:29.920479Z","zone":"fr-par-1"}],"ip":[{"id":"f13ffae4-4963-4f0e-95ef-3c939c988f7e","ip_address":"51.159.8.92","lb_id":"b3aa26af-f531-4260-bba9-2a2bdd3a6d24","organization_id":"564aa517-68b0-4fd7-8c8c-d21c4bcdcbd5","project_id":"564aa517-68b0-4fd7-8c8c-d21c4bcdcbd5","region":"fr-par","reverse":"51-159-8-92.lb.fr-par.scw.cloud","zone":"fr-par-1"}],"name":"test-lb-migrate-down","organization_id":"564aa517-68b0-4fd7-8c8c-d21c4bcdcbd5","private_network_count":0,"project_id":"564aa517-68b0-4fd7-8c8c-d21c4bcdcbd5","region":"fr-par","route_count":0,"ssl_compatibility_level":"ssl_compatibility_level_intermediate","status":"ready","subscriber":null,"tags":[],"type":"lb-s","updated_at":"2023-09-19T14:42:30.239065Z","zone":"fr-par-1"}'
    headers:
      Content-Length:
      - "1057"
      Content-Security-Policy:
      - default-src 'none'; frame-ancestors 'none'
      Content-Type:
      - application/json
      Date:
      - Tue, 19 Sep 2023 14:42:56 GMT
      Server:
      - Scaleway API-Gateway
      Strict-Transport-Security:
      - max-age=63072000
      X-Content-Type-Options:
      - nosniff
      X-Frame-Options:
      - DENY
      X-Request-Id:
      - 4a1bce90-c9e9-494d-b425-9204543d9cc5
    status: 200 OK
    code: 200
- request:
    body: ""
    form: {}
    headers:
      User-Agent:
      - scaleway-sdk-go/v1.0.0-beta.7+dev (go1.21.0; darwin; amd64) terraform-provider/develop
        terraform/terraform-tests
    url: https://api.scaleway.com/lb/v1/zones/fr-par-1/ips/f13ffae4-4963-4f0e-95ef-3c939c988f7e
    method: GET
  response:
    body: '{"id":"f13ffae4-4963-4f0e-95ef-3c939c988f7e","ip_address":"51.159.8.92","lb_id":"b3aa26af-f531-4260-bba9-2a2bdd3a6d24","organization_id":"564aa517-68b0-4fd7-8c8c-d21c4bcdcbd5","project_id":"564aa517-68b0-4fd7-8c8c-d21c4bcdcbd5","region":"fr-par","reverse":"51-159-8-92.lb.fr-par.scw.cloud","zone":"fr-par-1"}'
    headers:
      Content-Length:
      - "308"
      Content-Security-Policy:
      - default-src 'none'; frame-ancestors 'none'
      Content-Type:
      - application/json
      Date:
      - Tue, 19 Sep 2023 14:42:57 GMT
      Server:
      - Scaleway API-Gateway
      Strict-Transport-Security:
      - max-age=63072000
      X-Content-Type-Options:
      - nosniff
      X-Frame-Options:
      - DENY
      X-Request-Id:
      - e2567651-e6e0-4cf1-ab3d-27caccc71634
    status: 200 OK
    code: 200
- request:
    body: ""
    form: {}
    headers:
      User-Agent:
      - scaleway-sdk-go/v1.0.0-beta.7+dev (go1.21.0; darwin; amd64) terraform-provider/develop
        terraform/terraform-tests
    url: https://api.scaleway.com/lb/v1/zones/fr-par-1/lbs/b3aa26af-f531-4260-bba9-2a2bdd3a6d24
    method: GET
  response:
    body: '{"backend_count":0,"created_at":"2023-09-19T14:41:19.161590Z","description":"","frontend_count":0,"id":"b3aa26af-f531-4260-bba9-2a2bdd3a6d24","instances":[{"created_at":"2023-09-19T14:12:37.351842Z","id":"c99ec02a-8cb4-43ff-9525-4f61b70c147f","ip_address":"","region":"fr-par","status":"ready","updated_at":"2023-09-19T14:42:29.920479Z","zone":"fr-par-1"}],"ip":[{"id":"f13ffae4-4963-4f0e-95ef-3c939c988f7e","ip_address":"51.159.8.92","lb_id":"b3aa26af-f531-4260-bba9-2a2bdd3a6d24","organization_id":"564aa517-68b0-4fd7-8c8c-d21c4bcdcbd5","project_id":"564aa517-68b0-4fd7-8c8c-d21c4bcdcbd5","region":"fr-par","reverse":"51-159-8-92.lb.fr-par.scw.cloud","zone":"fr-par-1"}],"name":"test-lb-migrate-down","organization_id":"564aa517-68b0-4fd7-8c8c-d21c4bcdcbd5","private_network_count":0,"project_id":"564aa517-68b0-4fd7-8c8c-d21c4bcdcbd5","region":"fr-par","route_count":0,"ssl_compatibility_level":"ssl_compatibility_level_intermediate","status":"ready","subscriber":null,"tags":[],"type":"lb-s","updated_at":"2023-09-19T14:42:30.239065Z","zone":"fr-par-1"}'
    headers:
      Content-Length:
      - "1057"
      Content-Security-Policy:
      - default-src 'none'; frame-ancestors 'none'
      Content-Type:
      - application/json
      Date:
      - Tue, 19 Sep 2023 14:42:57 GMT
      Server:
      - Scaleway API-Gateway
      Strict-Transport-Security:
      - max-age=63072000
      X-Content-Type-Options:
      - nosniff
      X-Frame-Options:
      - DENY
      X-Request-Id:
      - 654b0f5f-ecc2-4622-9839-ed5964fdbf9c
    status: 200 OK
    code: 200
- request:
    body: ""
    form: {}
    headers:
      User-Agent:
      - scaleway-sdk-go/v1.0.0-beta.7+dev (go1.21.0; darwin; amd64) terraform-provider/develop
        terraform/terraform-tests
    url: https://api.scaleway.com/lb/v1/zones/fr-par-1/lbs/b3aa26af-f531-4260-bba9-2a2bdd3a6d24
    method: GET
  response:
    body: '{"backend_count":0,"created_at":"2023-09-19T14:41:19.161590Z","description":"","frontend_count":0,"id":"b3aa26af-f531-4260-bba9-2a2bdd3a6d24","instances":[{"created_at":"2023-09-19T14:12:37.351842Z","id":"c99ec02a-8cb4-43ff-9525-4f61b70c147f","ip_address":"","region":"fr-par","status":"ready","updated_at":"2023-09-19T14:42:29.920479Z","zone":"fr-par-1"}],"ip":[{"id":"f13ffae4-4963-4f0e-95ef-3c939c988f7e","ip_address":"51.159.8.92","lb_id":"b3aa26af-f531-4260-bba9-2a2bdd3a6d24","organization_id":"564aa517-68b0-4fd7-8c8c-d21c4bcdcbd5","project_id":"564aa517-68b0-4fd7-8c8c-d21c4bcdcbd5","region":"fr-par","reverse":"51-159-8-92.lb.fr-par.scw.cloud","zone":"fr-par-1"}],"name":"test-lb-migrate-down","organization_id":"564aa517-68b0-4fd7-8c8c-d21c4bcdcbd5","private_network_count":0,"project_id":"564aa517-68b0-4fd7-8c8c-d21c4bcdcbd5","region":"fr-par","route_count":0,"ssl_compatibility_level":"ssl_compatibility_level_intermediate","status":"ready","subscriber":null,"tags":[],"type":"lb-s","updated_at":"2023-09-19T14:42:30.239065Z","zone":"fr-par-1"}'
    headers:
      Content-Length:
      - "1057"
      Content-Security-Policy:
      - default-src 'none'; frame-ancestors 'none'
      Content-Type:
      - application/json
      Date:
      - Tue, 19 Sep 2023 14:42:57 GMT
      Server:
      - Scaleway API-Gateway
      Strict-Transport-Security:
      - max-age=63072000
      X-Content-Type-Options:
      - nosniff
      X-Frame-Options:
      - DENY
      X-Request-Id:
      - ad47a58c-799a-4dd8-ad3d-8e077eb3ac82
    status: 200 OK
    code: 200
- request:
    body: ""
    form: {}
    headers:
      User-Agent:
      - scaleway-sdk-go/v1.0.0-beta.7+dev (go1.21.0; darwin; amd64) terraform-provider/develop
        terraform/terraform-tests
    url: https://api.scaleway.com/lb/v1/zones/fr-par-1/lbs/b3aa26af-f531-4260-bba9-2a2bdd3a6d24/private-networks?order_by=created_at_asc
    method: GET
  response:
    body: '{"private_network":[],"total_count":0}'
    headers:
      Content-Length:
      - "38"
      Content-Security-Policy:
      - default-src 'none'; frame-ancestors 'none'
      Content-Type:
      - application/json
      Date:
      - Tue, 19 Sep 2023 14:42:57 GMT
      Server:
      - Scaleway API-Gateway
      Strict-Transport-Security:
      - max-age=63072000
      X-Content-Type-Options:
      - nosniff
      X-Frame-Options:
      - DENY
      X-Request-Id:
      - 807ca2ce-31ea-40a1-9925-f69980351b7f
    status: 200 OK
    code: 200
- request:
    body: ""
    form: {}
    headers:
      User-Agent:
      - scaleway-sdk-go/v1.0.0-beta.7+dev (go1.21.0; darwin; amd64) terraform-provider/develop
        terraform/terraform-tests
    url: https://api.scaleway.com/lb/v1/zones/fr-par-1/lbs/b3aa26af-f531-4260-bba9-2a2bdd3a6d24
    method: GET
  response:
    body: '{"backend_count":0,"created_at":"2023-09-19T14:41:19.161590Z","description":"","frontend_count":0,"id":"b3aa26af-f531-4260-bba9-2a2bdd3a6d24","instances":[{"created_at":"2023-09-19T14:12:37.351842Z","id":"c99ec02a-8cb4-43ff-9525-4f61b70c147f","ip_address":"","region":"fr-par","status":"ready","updated_at":"2023-09-19T14:42:29.920479Z","zone":"fr-par-1"}],"ip":[{"id":"f13ffae4-4963-4f0e-95ef-3c939c988f7e","ip_address":"51.159.8.92","lb_id":"b3aa26af-f531-4260-bba9-2a2bdd3a6d24","organization_id":"564aa517-68b0-4fd7-8c8c-d21c4bcdcbd5","project_id":"564aa517-68b0-4fd7-8c8c-d21c4bcdcbd5","region":"fr-par","reverse":"51-159-8-92.lb.fr-par.scw.cloud","zone":"fr-par-1"}],"name":"test-lb-migrate-down","organization_id":"564aa517-68b0-4fd7-8c8c-d21c4bcdcbd5","private_network_count":0,"project_id":"564aa517-68b0-4fd7-8c8c-d21c4bcdcbd5","region":"fr-par","route_count":0,"ssl_compatibility_level":"ssl_compatibility_level_intermediate","status":"ready","subscriber":null,"tags":[],"type":"lb-s","updated_at":"2023-09-19T14:42:30.239065Z","zone":"fr-par-1"}'
    headers:
      Content-Length:
      - "1057"
      Content-Security-Policy:
      - default-src 'none'; frame-ancestors 'none'
      Content-Type:
      - application/json
      Date:
      - Tue, 19 Sep 2023 14:42:57 GMT
      Server:
      - Scaleway API-Gateway
      Strict-Transport-Security:
      - max-age=63072000
      X-Content-Type-Options:
      - nosniff
      X-Frame-Options:
      - DENY
      X-Request-Id:
      - 8098852b-60ab-40ae-b097-055489611bce
    status: 200 OK
    code: 200
- request:
    body: ""
    form: {}
    headers:
      User-Agent:
      - scaleway-sdk-go/v1.0.0-beta.7+dev (go1.21.0; darwin; amd64) terraform-provider/develop
        terraform/terraform-tests
    url: https://api.scaleway.com/lb/v1/zones/fr-par-1/lbs/b3aa26af-f531-4260-bba9-2a2bdd3a6d24?release_ip=false
    method: DELETE
  response:
    body: ""
    headers:
      Content-Security-Policy:
      - default-src 'none'; frame-ancestors 'none'
      Content-Type:
      - application/json
      Date:
      - Tue, 19 Sep 2023 14:42:58 GMT
      Server:
      - Scaleway API-Gateway
      Strict-Transport-Security:
      - max-age=63072000
      X-Content-Type-Options:
      - nosniff
      X-Frame-Options:
      - DENY
      X-Request-Id:
      - 6a403563-6c61-4e99-843a-23304cf63055
    status: 204 No Content
    code: 204
- request:
    body: ""
    form: {}
    headers:
      User-Agent:
      - scaleway-sdk-go/v1.0.0-beta.7+dev (go1.21.0; darwin; amd64) terraform-provider/develop
        terraform/terraform-tests
    url: https://api.scaleway.com/lb/v1/zones/fr-par-1/lbs/b3aa26af-f531-4260-bba9-2a2bdd3a6d24
    method: GET
  response:
    body: '{"backend_count":0,"created_at":"2023-09-19T14:41:19.161590Z","description":"","frontend_count":0,"id":"b3aa26af-f531-4260-bba9-2a2bdd3a6d24","instances":[{"created_at":"2023-09-19T14:12:37.351842Z","id":"c99ec02a-8cb4-43ff-9525-4f61b70c147f","ip_address":"","region":"fr-par","status":"ready","updated_at":"2023-09-19T14:42:29.920479Z","zone":"fr-par-1"}],"ip":[{"id":"f13ffae4-4963-4f0e-95ef-3c939c988f7e","ip_address":"51.159.8.92","lb_id":"b3aa26af-f531-4260-bba9-2a2bdd3a6d24","organization_id":"564aa517-68b0-4fd7-8c8c-d21c4bcdcbd5","project_id":"564aa517-68b0-4fd7-8c8c-d21c4bcdcbd5","region":"fr-par","reverse":"51-159-8-92.lb.fr-par.scw.cloud","zone":"fr-par-1"}],"name":"test-lb-migrate-down","organization_id":"564aa517-68b0-4fd7-8c8c-d21c4bcdcbd5","private_network_count":0,"project_id":"564aa517-68b0-4fd7-8c8c-d21c4bcdcbd5","region":"fr-par","route_count":0,"ssl_compatibility_level":"ssl_compatibility_level_intermediate","status":"to_delete","subscriber":null,"tags":[],"type":"lb-s","updated_at":"2023-09-19T14:42:58.058307Z","zone":"fr-par-1"}'
    headers:
      Content-Length:
      - "1061"
      Content-Security-Policy:
      - default-src 'none'; frame-ancestors 'none'
      Content-Type:
      - application/json
      Date:
      - Tue, 19 Sep 2023 14:42:58 GMT
      Server:
      - Scaleway API-Gateway
      Strict-Transport-Security:
      - max-age=63072000
      X-Content-Type-Options:
      - nosniff
      X-Frame-Options:
      - DENY
      X-Request-Id:
      - a468e404-f5f3-447f-aafc-cad863a56b16
    status: 200 OK
    code: 200
- request:
    body: ""
    form: {}
    headers:
      User-Agent:
      - scaleway-sdk-go/v1.0.0-beta.7+dev (go1.21.0; darwin; amd64) terraform-provider/develop
        terraform/terraform-tests
    url: https://api.scaleway.com/lb/v1/zones/fr-par-1/lbs/b3aa26af-f531-4260-bba9-2a2bdd3a6d24
    method: GET
  response:
    body: '{"message":"lbs not Found"}'
    headers:
      Content-Length:
      - "27"
      Content-Security-Policy:
      - default-src 'none'; frame-ancestors 'none'
      Content-Type:
      - application/json
      Date:
      - Tue, 19 Sep 2023 14:43:28 GMT
      Server:
      - Scaleway API-Gateway
      Strict-Transport-Security:
      - max-age=63072000
      X-Content-Type-Options:
      - nosniff
      X-Frame-Options:
      - DENY
      X-Request-Id:
      - 55dcef82-b23d-4b33-a7ed-aec83da65364
    status: 404 Not Found
    code: 404
- request:
    body: ""
    form: {}
    headers:
      User-Agent:
      - scaleway-sdk-go/v1.0.0-beta.7+dev (go1.21.0; darwin; amd64) terraform-provider/develop
        terraform/terraform-tests
    url: https://api.scaleway.com/lb/v1/zones/fr-par-1/lbs/b3aa26af-f531-4260-bba9-2a2bdd3a6d24
    method: GET
  response:
    body: '{"message":"lbs not Found"}'
    headers:
      Content-Length:
      - "27"
      Content-Security-Policy:
      - default-src 'none'; frame-ancestors 'none'
      Content-Type:
      - application/json
      Date:
      - Tue, 19 Sep 2023 14:43:28 GMT
      Server:
      - Scaleway API-Gateway
      Strict-Transport-Security:
      - max-age=63072000
      X-Content-Type-Options:
      - nosniff
      X-Frame-Options:
      - DENY
      X-Request-Id:
      - c2654c45-b91a-4fa2-8614-2fc61d6df0d2
    status: 404 Not Found
    code: 404
- request:
    body: ""
    form: {}
    headers:
      User-Agent:
      - scaleway-sdk-go/v1.0.0-beta.7+dev (go1.21.0; darwin; amd64) terraform-provider/develop
        terraform/terraform-tests
    url: https://api.scaleway.com/lb/v1/zones/fr-par-1/ips/f13ffae4-4963-4f0e-95ef-3c939c988f7e
    method: GET
  response:
    body: '{"id":"f13ffae4-4963-4f0e-95ef-3c939c988f7e","ip_address":"51.159.8.92","lb_id":null,"organization_id":"564aa517-68b0-4fd7-8c8c-d21c4bcdcbd5","project_id":"564aa517-68b0-4fd7-8c8c-d21c4bcdcbd5","region":"fr-par","reverse":"51-159-8-92.lb.fr-par.scw.cloud","zone":"fr-par-1"}'
    headers:
      Content-Length:
      - "274"
      Content-Security-Policy:
      - default-src 'none'; frame-ancestors 'none'
      Content-Type:
      - application/json
      Date:
      - Tue, 19 Sep 2023 14:43:28 GMT
      Server:
      - Scaleway API-Gateway
      Strict-Transport-Security:
      - max-age=63072000
      X-Content-Type-Options:
      - nosniff
      X-Frame-Options:
      - DENY
      X-Request-Id:
      - 03a935b0-169a-4dd4-8395-90864eb76cbc
    status: 200 OK
    code: 200
- request:
    body: ""
    form: {}
    headers:
      User-Agent:
      - scaleway-sdk-go/v1.0.0-beta.7+dev (go1.21.0; darwin; amd64) terraform-provider/develop
        terraform/terraform-tests
    url: https://api.scaleway.com/lb/v1/zones/fr-par-1/ips/f13ffae4-4963-4f0e-95ef-3c939c988f7e
    method: DELETE
  response:
    body: ""
    headers:
      Content-Security-Policy:
      - default-src 'none'; frame-ancestors 'none'
      Content-Type:
      - application/json
      Date:
      - Tue, 19 Sep 2023 14:43:28 GMT
      Server:
      - Scaleway API-Gateway
      Strict-Transport-Security:
      - max-age=63072000
      X-Content-Type-Options:
      - nosniff
      X-Frame-Options:
      - DENY
      X-Request-Id:
      - b5ebffa0-1118-44b6-ba49-4d2ad990127d
    status: 204 No Content
    code: 204
- request:
    body: ""
    form: {}
    headers:
      User-Agent:
      - scaleway-sdk-go/v1.0.0-beta.7+dev (go1.21.0; darwin; amd64) terraform-provider/develop
        terraform/terraform-tests
    url: https://api.scaleway.com/lb/v1/zones/fr-par-1/lbs/b3aa26af-f531-4260-bba9-2a2bdd3a6d24
    method: GET
  response:
    body: '{"message":"lbs not Found"}'
    headers:
      Content-Length:
      - "27"
      Content-Security-Policy:
      - default-src 'none'; frame-ancestors 'none'
      Content-Type:
      - application/json
      Date:
      - Tue, 19 Sep 2023 14:43:28 GMT
      Server:
      - Scaleway API-Gateway
      Strict-Transport-Security:
      - max-age=63072000
      X-Content-Type-Options:
      - nosniff
      X-Frame-Options:
      - DENY
      X-Request-Id:
      - d318c6b7-86b0-4888-bfd4-e1d0c5e4216d
    status: 404 Not Found
    code: 404
